{"utc": "2026-10-05T22:21:23Z", "idle_cores": 24.17519171476006, "workers": 1, "load": [45.56884765625, 45.9296875, 43.81591796875], "MemAvailable_GiB": 714.4823875427246, "disk_free_GiB": 2228.7458419799805, "declared_peak_GiB": 8}
OpenROAD 26Q3-1510-g6cb3f2b704 
Features included (+) or not (-): +GPU +GUI +Python
This program is licensed under the BSD-3 license. See the LICENSE file for details.
Components of this program may be licensed under more restrictive licenses which must be honored.
[INFO ODB-0303] The initial 4999 rows (124890017 sites) were cut with 16 shapes for a total of 18565 rows (22783257 sites).
[INFO TAP-0004] Inserted 23570 endcaps.
[INFO TAP-0005] Inserted 19827 tapcells.
[WARNING PDN-0007] VSS on M6 is partially blocked (2.2%) by obstructions on M7 for g_g\[0\].u_g
[WARNING PDN-0007] VDD on M6 is partially blocked (2.2%) by obstructions on M7 for g_g\[0\].u_g
[WARNING PDN-0007] VSS on M6 is partially blocked (2.2%) by obstructions on M7 for g_g\[10\].u_g
[WARNING PDN-0007] VDD on M6 is partially blocked (2.2%) by obstructions on M7 for g_g\[10\].u_g
[WARNING PDN-0007] VSS on M6 is partially blocked (2.2%) by obstructions on M7 for g_g\[11\].u_g
[WARNING PDN-0007] VDD on M6 is partially blocked (2.2%) by obstructions on M7 for g_g\[11\].u_g
[WARNING PDN-0007] VSS on M6 is partially blocked (2.2%) by obstructions on M7 for g_g\[12\].u_g
[WARNING PDN-0007] VDD on M6 is partially blocked (2.2%) by obstructions on M7 for g_g\[12\].u_g
[WARNING PDN-0007] VSS on M6 is partially blocked (2.2%) by obstructions on M7 for g_g\[13\].u_g
[WARNING PDN-0007] VDD on M6 is partially blocked (2.2%) by obstructions on M7 for g_g\[13\].u_g
[WARNING PDN-0007] VSS on M6 is partially blocked (2.2%) by obstructions on M7 for g_g\[14\].u_g
[WARNING PDN-0007] VDD on M6 is partially blocked (2.2%) by obstructions on M7 for g_g\[14\].u_g
[WARNING PDN-0007] VSS on M6 is partially blocked (2.2%) by obstructions on M7 for g_g\[15\].u_g
[WARNING PDN-0007] VDD on M6 is partially blocked (2.2%) by obstructions on M7 for g_g\[15\].u_g
[WARNING PDN-0007] VSS on M6 is partially blocked (2.2%) by obstructions on M7 for g_g\[1\].u_g
[WARNING PDN-0007] VDD on M6 is partially blocked (2.2%) by obstructions on M7 for g_g\[1\].u_g
[WARNING PDN-0007] VSS on M6 is partially blocked (2.2%) by obstructions on M7 for g_g\[2\].u_g
[WARNING PDN-0007] VDD on M6 is partially blocked (2.2%) by obstructions on M7 for g_g\[2\].u_g
[WARNING PDN-0007] VSS on M6 is partially blocked (2.2%) by obstructions on M7 for g_g\[3\].u_g
[WARNING PDN-0007] VDD on M6 is partially blocked (2.2%) by obstructions on M7 for g_g\[3\].u_g
[WARNING PDN-0007] VSS on M6 is partially blocked (2.2%) by obstructions on M7 for g_g\[4\].u_g
[WARNING PDN-0007] VDD on M6 is partially blocked (2.2%) by obstructions on M7 for g_g\[4\].u_g
[WARNING PDN-0007] VSS on M6 is partially blocked (2.2%) by obstructions on M7 for g_g\[5\].u_g
[WARNING PDN-0007] VDD on M6 is partially blocked (2.2%) by obstructions on M7 for g_g\[5\].u_g
[WARNING PDN-0007] VSS on M6 is partially blocked (2.2%) by obstructions on M7 for g_g\[6\].u_g
[WARNING PDN-0007] VDD on M6 is partially blocked (2.2%) by obstructions on M7 for g_g\[6\].u_g
[WARNING PDN-0007] VSS on M6 is partially blocked (2.2%) by obstructions on M7 for g_g\[7\].u_g
[WARNING PDN-0007] VDD on M6 is partially blocked (2.2%) by obstructions on M7 for g_g\[7\].u_g
[WARNING PDN-0007] VSS on M6 is partially blocked (2.2%) by obstructions on M7 for g_g\[8\].u_g
[WARNING PDN-0007] VDD on M6 is partially blocked (2.2%) by obstructions on M7 for g_g\[8\].u_g
[WARNING PDN-0007] VSS on M6 is partially blocked (2.2%) by obstructions on M7 for g_g\[9\].u_g
[WARNING PDN-0007] VDD on M6 is partially blocked (2.2%) by obstructions on M7 for g_g\[9\].u_g
[INFO PDN-0001] Inserting grid: top
[INFO PDN-0001] Inserting grid: attn_heads - g_g\[0\].u_g
[INFO PDN-0001] Inserting grid: attn_heads - g_g\[10\].u_g
[INFO PDN-0001] Inserting grid: attn_heads - g_g\[11\].u_g
[INFO PDN-0001] Inserting grid: attn_heads - g_g\[12\].u_g
[INFO PDN-0001] Inserting grid: attn_heads - g_g\[13\].u_g
[INFO PDN-0001] Inserting grid: attn_heads - g_g\[14\].u_g
[INFO PDN-0001] Inserting grid: attn_heads - g_g\[15\].u_g
[INFO PDN-0001] Inserting grid: attn_heads - g_g\[1\].u_g
[INFO PDN-0001] Inserting grid: attn_heads - g_g\[2\].u_g
[INFO PDN-0001] Inserting grid: attn_heads - g_g\[3\].u_g
[INFO PDN-0001] Inserting grid: attn_heads - g_g\[4\].u_g
[INFO PDN-0001] Inserting grid: attn_heads - g_g\[5\].u_g
[INFO PDN-0001] Inserting grid: attn_heads - g_g\[6\].u_g
[INFO PDN-0001] Inserting grid: attn_heads - g_g\[7\].u_g
[INFO PDN-0001] Inserting grid: attn_heads - g_g\[8\].u_g
[INFO PDN-0001] Inserting grid: attn_heads - g_g\[9\].u_g
[WARNING PDN-0195] Removing 1198 via(s) between M1 and M2 at (326.4030 um, 0.0010 um) for VSS
[WARNING PDN-0195] Removing 1198 via(s) between M1 and M2 at (674.3790 um, 0.0010 um) for VSS
[WARNING PDN-0195] Removing 1198 via(s) between M1 and M2 at (1022.3550 um, 0.0010 um) for VSS
[WARNING PDN-0195] Removing 9 via(s) between M1 and M2 at (1348.9200 um, 0.0010 um) for VSS
[WARNING PDN-0195] Removing 7 via(s) between M2 and M5 at (59.7000 um, 652.8640 um) for VSS
[WARNING PDN-0195] Removing 7 via(s) between M2 and M5 at (92.2920 um, 304.8330 um) for VDD
[WARNING PDN-0195] Removing 7 via(s) between M2 and M5 at (97.6920 um, 304.8330 um) for VDD
[WARNING PDN-0195] Removing 7 via(s) between M2 and M5 at (113.7000 um, 652.8640 um) for VSS
[WARNING PDN-0195] Removing 7 via(s) between M2 and M5 at (292.0920 um, 304.8330 um) for VDD
[WARNING PDN-0195] Removing 7 via(s) between M2 and M5 at (297.4920 um, 304.8330 um) for VDD
[WARNING PDN-0195] Removing 7 via(s) between M2 and M5 at (308.1000 um, 0.0010 um) for VSS
[WARNING PDN-0195] Removing 7 via(s) between M2 and M5 at (313.5000 um, 0.0010 um) for VSS
[WARNING PDN-0195] Removing 7 via(s) between M2 and M5 at (318.9000 um, 0.0010 um) for VSS
[WARNING PDN-0195] Removing 7 via(s) between M2 and M5 at (324.3000 um, 0.0010 um) for VSS
[WARNING PDN-0195] Removing 7 via(s) between M2 and M5 at (329.7000 um, 0.0010 um) for VSS
[WARNING PDN-0195] Removing 7 via(s) between M2 and M5 at (335.1000 um, 0.0010 um) for VSS
[WARNING PDN-0195] Removing 7 via(s) between M2 and M5 at (340.5000 um, 0.0010 um) for VSS
[WARNING PDN-0195] Removing 7 via(s) between M2 and M5 at (345.9000 um, 0.0010 um) for VSS
[WARNING PDN-0195] Removing 7 via(s) between M2 and M5 at (378.3000 um, 652.8640 um) for VSS
[WARNING PDN-0195] Removing 7 via(s) between M2 and M5 at (389.1000 um, 652.8640 um) for VSS
[WARNING PDN-0195] Removing 7 via(s) between M2 and M5 at (405.3000 um, 652.8640 um) for VSS
[WARNING PDN-0195] Removing 7 via(s) between M2 and M5 at (410.7000 um, 652.8640 um) for VSS
[WARNING PDN-0195] Removing 7 via(s) between M2 and M5 at (432.3000 um, 652.8640 um) for VSS
[WARNING PDN-0195] Removing 7 via(s) between M2 and M5 at (443.1000 um, 652.8640 um) for VSS
[WARNING PDN-0195] Removing 7 via(s) between M2 and M5 at (643.0920 um, 304.8330 um) for VDD
[WARNING PDN-0195] Removing 7 via(s) between M2 and M5 at (648.4920 um, 304.8330 um) for VDD
[WARNING PDN-0195] Removing 7 via(s) between M2 and M5 at (653.7000 um, 0.0010 um) for VSS
[WARNING PDN-0195] Removing 7 via(s) between M2 and M5 at (659.1000 um, 0.0010 um) for VSS
[WARNING PDN-0195] Removing 7 via(s) between M2 and M5 at (664.5000 um, 0.0010 um) for VSS
[WARNING PDN-0195] Removing 7 via(s) between M2 and M5 at (669.9000 um, 0.0010 um) for VSS
[WARNING PDN-0195] Removing 7 via(s) between M2 and M5 at (675.3000 um, 0.0010 um) for VSS
[WARNING PDN-0195] Removing 7 via(s) between M2 and M5 at (680.7000 um, 0.0010 um) for VSS
[WARNING PDN-0195] Removing 7 via(s) between M2 and M5 at (686.1000 um, 0.0010 um) for VSS
[WARNING PDN-0195] Removing 7 via(s) between M2 and M5 at (691.5000 um, 0.0010 um) for VSS
[WARNING PDN-0195] Removing 7 via(s) between M2 and M5 at (723.9000 um, 652.8640 um) for VSS
[WARNING PDN-0195] Removing 7 via(s) between M2 and M5 at (750.9000 um, 652.8640 um) for VSS
[WARNING PDN-0195] Removing 7 via(s) between M2 and M5 at (788.8920 um, 304.8330 um) for VDD
[WARNING PDN-0195] Removing 7 via(s) between M2 and M5 at (794.2920 um, 304.8330 um) for VDD
[WARNING PDN-0195] Removing 7 via(s) between M2 and M5 at (810.3000 um, 652.8640 um) for VSS
[WARNING PDN-0195] Removing 7 via(s) between M2 and M5 at (988.6920 um, 304.8330 um) for VDD
[WARNING PDN-0195] Removing 7 via(s) between M2 and M5 at (994.0920 um, 304.8330 um) for VDD
[WARNING PDN-0195] Removing 7 via(s) between M2 and M5 at (1004.7000 um, 0.0010 um) for VSS
[WARNING PDN-0195] Removing 7 via(s) between M2 and M5 at (1010.1000 um, 0.0010 um) for VSS
[WARNING PDN-0195] Removing 7 via(s) between M2 and M5 at (1015.5000 um, 0.0010 um) for VSS
[WARNING PDN-0195] Removing 7 via(s) between M2 and M5 at (1020.9000 um, 0.0010 um) for VSS
[WARNING PDN-0195] Removing 7 via(s) between M2 and M5 at (1026.3000 um, 0.0010 um) for VSS
[WARNING PDN-0195] Removing 7 via(s) between M2 and M5 at (1031.7000 um, 0.0010 um) for VSS
[WARNING PDN-0195] Removing 7 via(s) between M2 and M5 at (1037.1000 um, 0.0010 um) for VSS
[WARNING PDN-0195] Removing 7 via(s) between M2 and M5 at (1042.5000 um, 0.0010 um) for VSS
[WARNING PDN-0195] Removing 7 via(s) between M2 and M5 at (1085.7000 um, 652.8640 um) for VSS
[WARNING PDN-0195] Removing 7 via(s) between M2 and M5 at (1101.9000 um, 652.8640 um) for VSS
[WARNING PDN-0195] Removing 7 via(s) between M2 and M5 at (1134.4920 um, 304.8330 um) for VDD
[WARNING PDN-0195] Removing 7 via(s) between M2 and M5 at (1139.8920 um, 304.8330 um) for VDD
[WARNING PDN-0195] Removing 7 via(s) between M2 and M5 at (1339.6920 um, 304.8330 um) for VDD
[WARNING PDN-0195] Removing 7 via(s) between M2 and M5 at (1345.0920 um, 304.8330 um) for VDD
[WARNING PDN-0195] Removing 3 via(s) between M2 and M5 at (1348.9560 um, 0.0010 um) for VSS
[WARNING PDN-0110] No via inserted between M5 and M8 at (1348.8960, 3.9640) - (1348.9200, 4.4360) on VDD
[WARNING PDN-0110] No via inserted between M5 and M8 at (1348.8960, 9.3640) - (1348.9200, 9.8360) on VDD
[WARNING PDN-0110] No via inserted between M5 and M8 at (1348.8960, 14.7640) - (1348.9200, 15.2360) on VDD
[WARNING PDN-0110] No via inserted between M5 and M8 at (1348.8960, 20.1640) - (1348.9200, 20.6360) on VDD
[WARNING PDN-0110] No via inserted between M5 and M8 at (1348.8960, 25.5640) - (1348.9200, 26.0360) on VDD
[WARNING PDN-0110] No via inserted between M5 and M8 at (1348.8960, 30.9640) - (1348.9200, 31.4360) on VDD
[WARNING PDN-0110] No via inserted between M5 and M8 at (1348.8960, 36.3640) - (1348.9200, 36.8360) on VDD
[WARNING PDN-0110] No via inserted between M5 and M8 at (1348.8960, 41.7640) - (1348.9200, 42.2360) on VDD
[WARNING PDN-0110] No via inserted between M5 and M8 at (1348.8960, 47.1640) - (1348.9200, 47.6360) on VDD
[WARNING PDN-0110] No via inserted between M5 and M8 at (1348.8960, 52.5640) - (1348.9200, 53.0360) on VDD
[WARNING PDN-0110] No via inserted between M5 and M8 at (1348.8960, 57.9640) - (1348.9200, 58.4360) on VDD
[WARNING PDN-0110] No via inserted between M5 and M8 at (1348.8960, 63.3640) - (1348.9200, 63.8360) on VDD
[WARNING PDN-0110] No via inserted between M5 and M8 at (1348.8960, 68.7640) - (1348.9200, 69.2360) on VDD
[WARNING PDN-0110] No via inserted between M5 and M8 at (1348.8960, 74.1640) - (1348.9200, 74.6360) on VDD
[WARNING PDN-0110] No via inserted between M5 and M8 at (1348.8960, 79.5640) - (1348.9200, 80.0360) on VDD
[WARNING PDN-0110] No via inserted between M5 and M8 at (1348.8960, 84.9640) - (1348.9200, 85.4360) on VDD
[WARNING PDN-0110] No via inserted between M5 and M8 at (1348.8960, 90.3640) - (1348.9200, 90.8360) on VDD
[WARNING PDN-0110] No via inserted between M5 and M8 at (1348.8960, 95.7640) - (1348.9200, 96.2360) on VDD
[WARNING PDN-0110] No via inserted between M5 and M8 at (1348.8960, 101.1640) - (1348.9200, 101.6360) on VDD
[WARNING PDN-0110] No via inserted between M5 and M8 at (1348.8960, 106.5640) - (1348.9200, 107.0360) on VDD
[WARNING PDN-0110] No via inserted between M5 and M8 at (1348.8960, 111.9640) - (1348.9200, 112.4360) on VDD
[WARNING PDN-0110] No via inserted between M5 and M8 at (1348.8960, 117.3640) - (1348.9200, 117.8360) on VDD
[WARNING PDN-0110] No via inserted between M5 and M8 at (1348.8960, 122.7640) - (1348.9200, 123.2360) on VDD
[WARNING PDN-0110] No via inserted between M5 and M8 at (1348.8960, 128.1640) - (1348.9200, 128.6360) on VDD
[WARNING PDN-0110] No via inserted between M5 and M8 at (1348.8960, 133.5640) - (1348.9200, 134.0360) on VDD
[WARNING PDN-0110] No via inserted between M5 and M8 at (1348.8960, 138.9640) - (1348.9200, 139.4360) on VDD
[WARNING PDN-0110] No via inserted between M5 and M8 at (1348.8960, 144.3640) - (1348.9200, 144.8360) on VDD
[WARNING PDN-0110] No via inserted between M5 and M8 at (1348.8960, 149.7640) - (1348.9200, 150.2360) on VDD
[WARNING PDN-0110] No via inserted between M5 and M8 at (1348.8960, 155.1640) - (1348.9200, 155.6360) on VDD
[WARNING PDN-0110] No via inserted between M5 and M8 at (1348.8960, 160.5640) - (1348.9200, 161.0360) on VDD
[WARNING PDN-0110] No via inserted between M5 and M8 at (1348.8960, 165.9640) - (1348.9200, 166.4360) on VDD
[WARNING PDN-0110] No via inserted between M5 and M8 at (1348.8960, 171.3640) - (1348.9200, 171.8360) on VDD
[WARNING PDN-0110] No via inserted between M5 and M8 at (1348.8960, 176.7640) - (1348.9200, 177.2360) on VDD
[WARNING PDN-0110] No via inserted between M5 and M8 at (1348.8960, 182.1640) - (1348.9200, 182.6360) on VDD
[WARNING PDN-0110] No via inserted between M5 and M8 at (1348.8960, 187.5640) - (1348.9200, 188.0360) on VDD
[WARNING PDN-0110] No via inserted between M5 and M8 at (1348.8960, 192.9640) - (1348.9200, 193.4360) on VDD
[WARNING PDN-0110] No via inserted between M5 and M8 at (1348.8960, 198.3640) - (1348.9200, 198.8360) on VDD
[WARNING PDN-0110] No via inserted between M5 and M8 at (1348.8960, 203.7640) - (1348.9200, 204.2360) on VDD
[WARNING PDN-0110] No via inserted between M5 and M8 at (1348.8960, 209.1640) - (1348.9200, 209.6360) on VDD
[WARNING PDN-0110] No via inserted between M5 and M8 at (1348.8960, 214.5640) - (1348.9200, 215.0360) on VDD
[WARNING PDN-0110] No via inserted between M5 and M8 at (1348.8960, 219.9640) - (1348.9200, 220.4360) on VDD
[WARNING PDN-0110] No via inserted between M5 and M8 at (1348.8960, 225.3640) - (1348.9200, 225.8360) on VDD
[WARNING PDN-0110] No via inserted between M5 and M8 at (1348.8960, 230.7640) - (1348.9200, 231.2360) on VDD
[WARNING PDN-0110] No via inserted between M5 and M8 at (1348.8960, 236.1640) - (1348.9200, 236.6360) on VDD
[WARNING PDN-0110] No via inserted between M5 and M8 at (1348.8960, 241.5640) - (1348.9200, 242.0360) on VDD
[WARNING PDN-0110] No via inserted between M5 and M8 at (1348.8960, 246.9640) - (1348.9200, 247.4360) on VDD
[WARNING PDN-0110] No via inserted between M5 and M8 at (1348.8960, 252.3640) - (1348.9200, 252.8360) on VDD
[WARNING PDN-0110] No via inserted between M5 and M8 at (1348.8960, 257.7640) - (1348.9200, 258.2360) on VDD
[WARNING PDN-0110] No via inserted between M5 and M8 at (1348.8960, 263.1640) - (1348.9200, 263.6360) on VDD
[WARNING PDN-0110] No via inserted between M5 and M8 at (1348.8960, 268.5640) - (1348.9200, 269.0360) on VDD
[WARNING PDN-0110] No via inserted between M5 and M8 at (1348.8960, 273.9640) - (1348.9200, 274.4360) on VDD
[WARNING PDN-0110] No via inserted between M5 and M8 at (1348.8960, 279.3640) - (1348.9200, 279.8360) on VDD
[WARNING PDN-0110] No via inserted between M5 and M8 at (1348.8960, 284.7640) - (1348.9200, 285.2360) on VDD
[WARNING PDN-0110] No via inserted between M5 and M8 at (1348.8960, 290.1640) - (1348.9200, 290.6360) on VDD
[WARNING PDN-0110] No via inserted between M5 and M8 at (1348.8960, 295.5640) - (1348.9200, 296.0360) on VDD
[WARNING PDN-0110] No via inserted between M5 and M8 at (1348.8960, 300.9640) - (1348.9200, 301.4360) on VDD
[WARNING PDN-0110] No via inserted between M5 and M8 at (1348.8960, 349.5640) - (1348.9200, 350.0360) on VDD
[WARNING PDN-0110] No via inserted between M5 and M8 at (1348.8960, 354.9640) - (1348.9200, 355.4360) on VDD
[WARNING PDN-0110] No via inserted between M5 and M8 at (1348.8960, 360.3640) - (1348.9200, 360.8360) on VDD
[WARNING PDN-0110] No via inserted between M5 and M8 at (1348.8960, 365.7640) - (1348.9200, 366.2360) on VDD
[WARNING PDN-0110] No via inserted between M5 and M8 at (1348.8960, 371.1640) - (1348.9200, 371.6360) on VDD
[WARNING PDN-0110] No via inserted between M5 and M8 at (1348.8960, 376.5640) - (1348.9200, 377.0360) on VDD
[WARNING PDN-0110] No via inserted between M5 and M8 at (1348.8960, 381.9640) - (1348.9200, 382.4360) on VDD
[WARNING PDN-0110] No via inserted between M5 and M8 at (1348.8960, 387.3640) - (1348.9200, 387.8360) on VDD
[WARNING PDN-0110] No via inserted between M5 and M8 at (1348.8960, 392.7640) - (1348.9200, 393.2360) on VDD
[WARNING PDN-0110] No via inserted between M5 and M8 at (1348.8960, 398.1640) - (1348.9200, 398.6360) on VDD
[WARNING PDN-0110] No via inserted between M5 and M8 at (1348.8960, 403.5640) - (1348.9200, 404.0360) on VDD
[WARNING PDN-0110] No via inserted between M5 and M8 at (1348.8960, 408.9640) - (1348.9200, 409.4360) on VDD
[WARNING PDN-0110] No via inserted between M5 and M8 at (1348.8960, 414.3640) - (1348.9200, 414.8360) on VDD
[WARNING PDN-0110] No via inserted between M5 and M8 at (1348.8960, 419.7640) - (1348.9200, 420.2360) on VDD
[WARNING PDN-0110] No via inserted between M5 and M8 at (1348.8960, 425.1640) - (1348.9200, 425.6360) on VDD
[WARNING PDN-0110] No via inserted between M5 and M8 at (1348.8960, 430.5640) - (1348.9200, 431.0360) on VDD
[WARNING PDN-0110] No via inserted between M5 and M8 at (1348.8960, 435.9640) - (1348.9200, 436.4360) on VDD
[WARNING PDN-0110] No via inserted between M5 and M8 at (1348.8960, 441.3640) - (1348.9200, 441.8360) on VDD
[WARNING PDN-0110] No via inserted between M5 and M8 at (1348.8960, 446.7640) - (1348.9200, 447.2360) on VDD
[WARNING PDN-0110] No via inserted between M5 and M8 at (1348.8960, 452.1640) - (1348.9200, 452.6360) on VDD
[WARNING PDN-0110] No via inserted between M5 and M8 at (1348.8960, 457.5640) - (1348.9200, 458.0360) on VDD
[WARNING PDN-0110] No via inserted between M5 and M8 at (1348.8960, 462.9640) - (1348.9200, 463.4360) on VDD
[WARNING PDN-0110] No via inserted between M5 and M8 at (1348.8960, 468.3640) - (1348.9200, 468.8360) on VDD
[WARNING PDN-0110] No via inserted between M5 and M8 at (1348.8960, 473.7640) - (1348.9200, 474.2360) on VDD
[WARNING PDN-0110] No via inserted between M5 and M8 at (1348.8960, 479.1640) - (1348.9200, 479.6360) on VDD
[WARNING PDN-0110] No via inserted between M5 and M8 at (1348.8960, 484.5640) - (1348.9200, 485.0360) on VDD
[WARNING PDN-0110] No via inserted between M5 and M8 at (1348.8960, 489.9640) - (1348.9200, 490.4360) on VDD
[WARNING PDN-0110] No via inserted between M5 and M8 at (1348.8960, 495.3640) - (1348.9200, 495.8360) on VDD
[WARNING PDN-0110] No via inserted between M5 and M8 at (1348.8960, 500.7640) - (1348.9200, 501.2360) on VDD
[WARNING PDN-0110] No via inserted between M5 and M8 at (1348.8960, 506.1640) - (1348.9200, 506.6360) on VDD
[WARNING PDN-0110] No via inserted between M5 and M8 at (1348.8960, 511.5640) - (1348.9200, 512.0360) on VDD
[WARNING PDN-0110] No via inserted between M5 and M8 at (1348.8960, 516.9640) - (1348.9200, 517.4360) on VDD
[WARNING PDN-0110] No via inserted between M5 and M8 at (1348.8960, 522.3640) - (1348.9200, 522.8360) on VDD
[WARNING PDN-0110] No via inserted between M5 and M8 at (1348.8960, 527.7640) - (1348.9200, 528.2360) on VDD
[WARNING PDN-0110] No via inserted between M5 and M8 at (1348.8960, 533.1640) - (1348.9200, 533.6360) on VDD
[WARNING PDN-0110] No via inserted between M5 and M8 at (1348.8960, 538.5640) - (1348.9200, 539.0360) on VDD
[WARNING PDN-0110] No via inserted between M5 and M8 at (1348.8960, 543.9640) - (1348.9200, 544.4360) on VDD
[WARNING PDN-0110] No via inserted between M5 and M8 at (1348.8960, 549.3640) - (1348.9200, 549.8360) on VDD
[WARNING PDN-0110] No via inserted between M5 and M8 at (1348.8960, 554.7640) - (1348.9200, 555.2360) on VDD
[WARNING PDN-0110] No via inserted between M5 and M8 at (1348.8960, 560.1640) - (1348.9200, 560.6360) on VDD
[WARNING PDN-0110] No via inserted between M5 and M8 at (1348.8960, 565.5640) - (1348.9200, 566.0360) on VDD
[WARNING PDN-0110] No via inserted between M5 and M8 at (1348.8960, 570.9640) - (1348.9200, 571.4360) on VDD
[WARNING PDN-0110] No via inserted between M5 and M8 at (1348.8960, 576.3640) - (1348.9200, 576.8360) on VDD
[WARNING PDN-0110] No via inserted between M5 and M8 at (1348.8960, 581.7640) - (1348.9200, 582.2360) on VDD
[WARNING PDN-0110] No via inserted between M5 and M8 at (1348.8960, 587.1640) - (1348.9200, 587.6360) on VDD
[WARNING PDN-0110] No via inserted between M5 and M8 at (1348.8960, 592.5640) - (1348.9200, 593.0360) on VDD
[WARNING PDN-0110] No via inserted between M5 and M8 at (1348.8960, 597.9640) - (1348.9200, 598.4360) on VDD
[WARNING PDN-0110] No via inserted between M5 and M8 at (1348.8960, 603.3640) - (1348.9200, 603.8360) on VDD
[WARNING PDN-0110] No via inserted between M5 and M8 at (1348.8960, 608.7640) - (1348.9200, 609.2360) on VDD
[WARNING PDN-0110] No via inserted between M5 and M8 at (1348.8960, 614.1640) - (1348.9200, 614.6360) on VDD
[WARNING PDN-0110] No via inserted between M5 and M8 at (1348.8960, 619.5640) - (1348.9200, 620.0360) on VDD
[WARNING PDN-0110] No via inserted between M5 and M8 at (1348.8960, 624.9640) - (1348.9200, 625.4360) on VDD
[WARNING PDN-0110] No via inserted between M5 and M8 at (1348.8960, 630.3640) - (1348.9200, 630.8360) on VDD
[WARNING PDN-0110] No via inserted between M5 and M8 at (1348.8960, 635.7640) - (1348.9200, 636.2360) on VDD
[WARNING PDN-0110] No via inserted between M5 and M8 at (1348.8960, 641.1640) - (1348.9200, 641.6360) on VDD
[WARNING PDN-0110] No via inserted between M5 and M8 at (1348.8960, 646.5640) - (1348.9200, 647.0360) on VDD
[WARNING PDN-0110] No via inserted between M5 and M8 at (1348.8960, 651.9640) - (1348.9200, 652.4360) on VDD
[WARNING PDN-0110] No via inserted between M5 and M8 at (1348.8960, 695.5120) - (1348.9200, 695.6360) on VDD
[WARNING PDN-0110] No via inserted between M5 and M8 at (1348.8960, 700.5640) - (1348.9200, 701.0360) on VDD
[WARNING PDN-0110] No via inserted between M5 and M8 at (1348.8960, 705.9640) - (1348.9200, 706.4360) on VDD
[WARNING PDN-0110] No via inserted between M5 and M8 at (1348.8960, 711.3640) - (1348.9200, 711.8360) on VDD
[WARNING PDN-0110] No via inserted between M5 and M8 at (1348.8960, 716.7640) - (1348.9200, 717.2360) on VDD
[WARNING PDN-0110] No via inserted between M5 and M8 at (1348.8960, 722.1640) - (1348.9200, 722.6360) on VDD
[WARNING PDN-0110] No via inserted between M5 and M8 at (1348.8960, 727.5640) - (1348.9200, 728.0360) on VDD
[WARNING PDN-0110] No via inserted between M5 and M8 at (1348.8960, 732.9640) - (1348.9200, 733.4360) on VDD
[WARNING PDN-0110] No via inserted between M5 and M8 at (1348.8960, 738.3640) - (1348.9200, 738.8360) on VDD
[WARNING PDN-0110] No via inserted between M5 and M8 at (1348.8960, 743.7640) - (1348.9200, 744.2360) on VDD
[WARNING PDN-0110] No via inserted between M5 and M8 at (1348.8960, 749.1640) - (1348.9200, 749.6360) on VDD
[WARNING PDN-0110] No via inserted between M5 and M8 at (1348.8960, 754.5640) - (1348.9200, 755.0360) on VDD
[WARNING PDN-0110] No via inserted between M5 and M8 at (1348.8960, 759.9640) - (1348.9200, 760.4360) on VDD
[WARNING PDN-0110] No via inserted between M5 and M8 at (1348.8960, 765.3640) - (1348.9200, 765.8360) on VDD
[WARNING PDN-0110] No via inserted between M5 and M8 at (1348.8960, 770.7640) - (1348.9200, 771.2360) on VDD
[WARNING PDN-0110] No via inserted between M5 and M8 at (1348.8960, 776.1640) - (1348.9200, 776.6360) on VDD
[WARNING PDN-0110] No via inserted between M5 and M8 at (1348.8960, 781.5640) - (1348.9200, 782.0360) on VDD
[WARNING PDN-0110] No via inserted between M5 and M8 at (1348.8960, 786.9640) - (1348.9200, 787.4360) on VDD
[WARNING PDN-0110] No via inserted between M5 and M8 at (1348.8960, 792.3640) - (1348.9200, 792.8360) on VDD
[WARNING PDN-0110] No via inserted between M5 and M8 at (1348.8960, 797.7640) - (1348.9200, 798.2360) on VDD
[WARNING PDN-0110] No via inserted between M5 and M8 at (1348.8960, 803.1640) - (1348.9200, 803.6360) on VDD
[WARNING PDN-0110] No via inserted between M5 and M8 at (1348.8960, 808.5640) - (1348.9200, 809.0360) on VDD
[WARNING PDN-0110] No via inserted between M5 and M8 at (1348.8960, 813.9640) - (1348.9200, 814.4360) on VDD
[WARNING PDN-0110] No via inserted between M5 and M8 at (1348.8960, 819.3640) - (1348.9200, 819.8360) on VDD
[WARNING PDN-0110] No via inserted between M5 and M8 at (1348.8960, 824.7640) - (1348.9200, 825.2360) on VDD
[WARNING PDN-0110] No via inserted between M5 and M8 at (1348.8960, 830.1640) - (1348.9200, 830.6360) on VDD
[WARNING PDN-0110] No via inserted between M5 and M8 at (1348.8960, 835.5640) - (1348.9200, 836.0360) on VDD
[WARNING PDN-0110] No via inserted between M5 and M8 at (1348.8960, 840.9640) - (1348.9200, 841.4360) on VDD
[WARNING PDN-0110] No via inserted between M5 and M8 at (1348.8960, 846.3640) - (1348.9200, 846.8360) on VDD
[WARNING PDN-0110] No via inserted between M5 and M8 at (1348.8960, 851.7640) - (1348.9200, 852.2360) on VDD
[WARNING PDN-0110] No via inserted between M5 and M8 at (1348.8960, 857.1640) - (1348.9200, 857.6360) on VDD
[WARNING PDN-0110] No via inserted between M5 and M8 at (1348.8960, 862.5640) - (1348.9200, 863.0360) on VDD
[WARNING PDN-0110] No via inserted between M5 and M8 at (1348.8960, 867.9640) - (1348.9200, 868.4360) on VDD
[WARNING PDN-0110] No via inserted between M5 and M8 at (1348.8960, 873.3640) - (1348.9200, 873.8360) on VDD
[WARNING PDN-0110] No via inserted between M5 and M8 at (1348.8960, 878.7640) - (1348.9200, 879.2360) on VDD
[WARNING PDN-0110] No via inserted between M5 and M8 at (1348.8960, 884.1640) - (1348.9200, 884.6360) on VDD
[WARNING PDN-0110] No via inserted between M5 and M8 at (1348.8960, 889.5640) - (1348.9200, 890.0360) on VDD
[WARNING PDN-0110] No via inserted between M5 and M8 at (1348.8960, 894.9640) - (1348.9200, 895.4360) on VDD
[WARNING PDN-0110] No via inserted between M5 and M8 at (1348.8960, 900.3640) - (1348.9200, 900.8360) on VDD
[WARNING PDN-0110] No via inserted between M5 and M8 at (1348.8960, 905.7640) - (1348.9200, 906.2360) on VDD
[WARNING PDN-0110] No via inserted between M5 and M8 at (1348.8960, 911.1640) - (1348.9200, 911.6360) on VDD
[WARNING PDN-0110] No via inserted between M5 and M8 at (1348.8960, 916.5640) - (1348.9200, 917.0360) on VDD
[WARNING PDN-0110] No via inserted between M5 and M8 at (1348.8960, 921.9640) - (1348.9200, 922.4360) on VDD
[WARNING PDN-0110] No via inserted between M5 and M8 at (1348.8960, 927.3640) - (1348.9200, 927.8360) on VDD
[WARNING PDN-0110] No via inserted between M5 and M8 at (1348.8960, 932.7640) - (1348.9200, 933.2360) on VDD
[WARNING PDN-0110] No via inserted between M5 and M8 at (1348.8960, 938.1640) - (1348.9200, 938.6360) on VDD
[WARNING PDN-0110] No via inserted between M5 and M8 at (1348.8960, 943.5640) - (1348.9200, 944.0360) on VDD
[WARNING PDN-0110] No via inserted between M5 and M8 at (1348.8960, 948.9640) - (1348.9200, 949.4360) on VDD
[WARNING PDN-0110] No via inserted between M5 and M8 at (1348.8960, 954.3640) - (1348.9200, 954.8360) on VDD
[WARNING PDN-0110] No via inserted between M5 and M8 at (1348.8960, 959.7640) - (1348.9200, 960.2360) on VDD
[WARNING PDN-0110] No via inserted between M5 and M8 at (1348.8960, 965.1640) - (1348.9200, 965.6360) on VDD
[WARNING PDN-0110] No via inserted between M5 and M8 at (1348.8960, 970.5640) - (1348.9200, 971.0360) on VDD
[WARNING PDN-0110] No via inserted between M5 and M8 at (1348.8960, 975.9640) - (1348.9200, 976.4360) on VDD
[WARNING PDN-0110] No via inserted between M5 and M8 at (1348.8960, 981.3640) - (1348.9200, 981.8360) on VDD
[WARNING PDN-0110] No via inserted between M5 and M8 at (1348.8960, 986.7640) - (1348.9200, 987.2360) on VDD
[WARNING PDN-0110] No via inserted between M5 and M8 at (1348.8960, 992.1640) - (1348.9200, 992.6360) on VDD
[WARNING PDN-0110] No via inserted between M5 and M8 at (1348.8960, 997.5640) - (1348.9200, 998.0360) on VDD
[WARNING PDN-0110] No via inserted between M5 and M8 at (1348.8960, 1046.1640) - (1348.9200, 1046.6360) on VDD
[WARNING PDN-0110] No via inserted between M5 and M8 at (1348.8960, 1051.5640) - (1348.9200, 1052.0360) on VDD
[WARNING PDN-0110] No via inserted between M5 and M8 at (1348.8960, 1056.9640) - (1348.9200, 1057.4360) on VDD
[WARNING PDN-0110] No via inserted between M5 and M8 at (1348.8960, 1062.3640) - (1348.9200, 1062.8360) on VDD
[WARNING PDN-0110] No via inserted between M5 and M8 at (1348.8960, 1067.7640) - (1348.9200, 1068.2360) on VDD
[WARNING PDN-0110] No via inserted between M5 and M8 at (1348.8960, 1073.1640) - (1348.9200, 1073.6360) on VDD
[WARNING PDN-0110] No via inserted between M5 and M8 at (1348.8960, 1078.5640) - (1348.9200, 1079.0360) on VDD
[WARNING PDN-0110] No via inserted between M5 and M8 at (1348.8960, 1083.9640) - (1348.9200, 1084.4360) on VDD
[WARNING PDN-0110] No via inserted between M5 and M8 at (1348.8960, 1089.3640) - (1348.9200, 1089.8360) on VDD
[WARNING PDN-0110] No via inserted between M5 and M8 at (1348.8960, 1094.7640) - (1348.9200, 1095.2360) on VDD
[WARNING PDN-0110] No via inserted between M5 and M8 at (1348.8960, 1100.1640) - (1348.9200, 1100.6360) on VDD
[WARNING PDN-0110] No via inserted between M5 and M8 at (1348.8960, 1105.5640) - (1348.9200, 1106.0360) on VDD
[WARNING PDN-0110] No via inserted between M5 and M8 at (1348.8960, 1110.9640) - (1348.9200, 1111.4360) on VDD
[WARNING PDN-0110] No via inserted between M5 and M8 at (1348.8960, 1116.3640) - (1348.9200, 1116.8360) on VDD
[WARNING PDN-0110] No via inserted between M5 and M8 at (1348.8960, 1121.7640) - (1348.9200, 1122.2360) on VDD
[WARNING PDN-0110] No via inserted between M5 and M8 at (1348.8960, 1127.1640) - (1348.9200, 1127.6360) on VDD
[WARNING PDN-0110] No via inserted between M5 and M8 at (1348.8960, 1132.5640) - (1348.9200, 1133.0360) on VDD
[WARNING PDN-0110] No via inserted between M5 and M8 at (1348.8960, 1137.9640) - (1348.9200, 1138.4360) on VDD
[WARNING PDN-0110] No via inserted between M5 and M8 at (1348.8960, 1143.3640) - (1348.9200, 1143.8360) on VDD
[WARNING PDN-0110] No via inserted between M5 and M8 at (1348.8960, 1148.7640) - (1348.9200, 1149.2360) on VDD
[WARNING PDN-0110] No via inserted between M5 and M8 at (1348.8960, 1154.1640) - (1348.9200, 1154.6360) on VDD
[WARNING PDN-0110] No via inserted between M5 and M8 at (1348.8960, 1159.5640) - (1348.9200, 1160.0360) on VDD
[WARNING PDN-0110] No via inserted between M5 and M8 at (1348.8960, 1164.9640) - (1348.9200, 1165.4360) on VDD
[WARNING PDN-0110] No via inserted between M5 and M8 at (1348.8960, 1170.3640) - (1348.9200, 1170.8360) on VDD
[WARNING PDN-0110] No via inserted between M5 and M8 at (1348.8960, 1175.7640) - (1348.9200, 1176.2360) on VDD
[WARNING PDN-0110] No via inserted between M5 and M8 at (1348.8960, 1181.1640) - (1348.9200, 1181.6360) on VDD
[WARNING PDN-0110] No via inserted between M5 and M8 at (1348.8960, 1186.5640) - (1348.9200, 1187.0360) on VDD
[WARNING PDN-0110] No via inserted between M5 and M8 at (1348.8960, 1191.9640) - (1348.9200, 1192.4360) on VDD
[WARNING PDN-0110] No via inserted between M5 and M8 at (1348.8960, 1197.3640) - (1348.9200, 1197.8360) on VDD
[WARNING PDN-0110] No via inserted between M5 and M8 at (1348.8960, 1202.7640) - (1348.9200, 1203.2360) on VDD
[WARNING PDN-0110] No via inserted between M5 and M8 at (1348.8960, 1208.1640) - (1348.9200, 1208.6360) on VDD
[WARNING PDN-0110] No via inserted between M5 and M8 at (1348.8960, 1213.5640) - (1348.9200, 1214.0360) on VDD
[WARNING PDN-0110] No via inserted between M5 and M8 at (1348.8960, 1218.9640) - (1348.9200, 1219.4360) on VDD
[WARNING PDN-0110] No via inserted between M5 and M8 at (1348.8960, 1224.3640) - (1348.9200, 1224.8360) on VDD
[WARNING PDN-0110] No via inserted between M5 and M8 at (1348.8960, 1229.7640) - (1348.9200, 1230.2360) on VDD
[WARNING PDN-0110] No via inserted between M5 and M8 at (1348.8960, 1235.1640) - (1348.9200, 1235.6360) on VDD
[WARNING PDN-0110] No via inserted between M5 and M8 at (1348.8960, 1240.5640) - (1348.9200, 1241.0360) on VDD
[WARNING PDN-0110] No via inserted between M5 and M8 at (1348.8960, 1245.9640) - (1348.9200, 1246.4360) on VDD
[WARNING PDN-0110] No via inserted between M5 and M8 at (1348.8960, 1251.3640) - (1348.9200, 1251.8360) on VDD
[WARNING PDN-0110] No via inserted between M5 and M8 at (1348.8960, 1256.7640) - (1348.9200, 1257.2360) on VDD
[WARNING PDN-0110] No via inserted between M5 and M8 at (1348.8960, 1262.1640) - (1348.9200, 1262.6360) on VDD
[WARNING PDN-0110] No via inserted between M5 and M8 at (1348.8960, 1267.5640) - (1348.9200, 1268.0360) on VDD
[WARNING PDN-0110] No via inserted between M5 and M8 at (1348.8960, 1272.9640) - (1348.9200, 1273.4360) on VDD
[WARNING PDN-0110] No via inserted between M5 and M8 at (1348.8960, 1278.3640) - (1348.9200, 1278.8360) on VDD
[WARNING PDN-0110] No via inserted between M5 and M8 at (1348.8960, 1283.7640) - (1348.9200, 1284.2360) on VDD
[WARNING PDN-0110] No via inserted between M5 and M8 at (1348.8960, 1289.1640) - (1348.9200, 1289.6360) on VDD
[WARNING PDN-0110] No via inserted between M5 and M8 at (1348.8960, 1294.5640) - (1348.9200, 1295.0360) on VDD
[WARNING PDN-0110] No via inserted between M5 and M8 at (1348.8960, 1299.9640) - (1348.9200, 1300.4360) on VDD
[WARNING PDN-0110] No via inserted between M5 and M8 at (1348.8960, 1305.3640) - (1348.9200, 1305.8360) on VDD
[WARNING PDN-0110] No via inserted between M5 and M8 at (1348.8960, 1310.7640) - (1348.9200, 1311.2360) on VDD
[WARNING PDN-0110] No via inserted between M5 and M8 at (1348.8960, 1316.1640) - (1348.9200, 1316.6360) on VDD
[WARNING PDN-0110] No via inserted between M5 and M8 at (1348.8960, 1321.5640) - (1348.9200, 1322.0360) on VDD
[WARNING PDN-0110] No via inserted between M5 and M8 at (1348.8960, 1326.9640) - (1348.9200, 1327.4360) on VDD
[WARNING PDN-0110] No via inserted between M5 and M8 at (1348.8960, 1332.3640) - (1348.9200, 1332.8360) on VDD
[WARNING PDN-0110] No via inserted between M5 and M8 at (1348.8960, 1337.7640) - (1348.9200, 1338.2360) on VDD
[WARNING PDN-0110] No via inserted between M5 and M8 at (1348.8960, 1343.1640) - (1348.9200, 1343.6360) on VDD
[WARNING PDN-0110] No via inserted between M5 and M8 at (1348.8960, 1348.5640) - (1348.9200, 1349.0360) on VDD
[WARNING PDN-0110] No via inserted between M5 and M8 at (1348.9440, 1.2640) - (1348.9680, 1.7360) on VSS
[WARNING PDN-0110] No via inserted between M5 and M8 at (1348.9440, 6.6640) - (1348.9680, 7.1360) on VSS
[WARNING PDN-0110] No via inserted between M5 and M8 at (1348.9440, 12.0640) - (1348.9680, 12.5360) on VSS
[WARNING PDN-0110] No via inserted between M5 and M8 at (1348.9440, 17.4640) - (1348.9680, 17.9360) on VSS
[WARNING PDN-0110] No via inserted between M5 and M8 at (1348.9440, 22.8640) - (1348.9680, 23.3360) on VSS
[WARNING PDN-0110] No via inserted between M5 and M8 at (1348.9440, 28.2640) - (1348.9680, 28.7360) on VSS
[WARNING PDN-0110] No via inserted between M5 and M8 at (1348.9440, 33.6640) - (1348.9680, 34.1360) on VSS
[WARNING PDN-0110] No via inserted between M5 and M8 at (1348.9440, 39.0640) - (1348.9680, 39.5360) on VSS
[WARNING PDN-0110] No via inserted between M5 and M8 at (1348.9440, 44.4640) - (1348.9680, 44.9360) on VSS
[WARNING PDN-0110] No via inserted between M5 and M8 at (1348.9440, 49.8640) - (1348.9680, 50.3360) on VSS
[WARNING PDN-0110] No via inserted between M5 and M8 at (1348.9440, 55.2640) - (1348.9680, 55.7360) on VSS
[WARNING PDN-0110] No via inserted between M5 and M8 at (1348.9440, 60.6640) - (1348.9680, 61.1360) on VSS
[WARNING PDN-0110] No via inserted between M5 and M8 at (1348.9440, 66.0640) - (1348.9680, 66.5360) on VSS
[WARNING PDN-0110] No via inserted between M5 and M8 at (1348.9440, 71.4640) - (1348.9680, 71.9360) on VSS
[WARNING PDN-0110] No via inserted between M5 and M8 at (1348.9440, 76.8640) - (1348.9680, 77.3360) on VSS
[WARNING PDN-0110] No via inserted between M5 and M8 at (1348.9440, 82.2640) - (1348.9680, 82.7360) on VSS
[WARNING PDN-0110] No via inserted between M5 and M8 at (1348.9440, 87.6640) - (1348.9680, 88.1360) on VSS
[WARNING PDN-0110] No via inserted between M5 and M8 at (1348.9440, 93.0640) - (1348.9680, 93.5360) on VSS
[WARNING PDN-0110] No via inserted between M5 and M8 at (1348.9440, 98.4640) - (1348.9680, 98.9360) on VSS
[WARNING PDN-0110] No via inserted between M5 and M8 at (1348.9440, 103.8640) - (1348.9680, 104.3360) on VSS
[WARNING PDN-0110] No via inserted between M5 and M8 at (1348.9440, 109.2640) - (1348.9680, 109.7360) on VSS
[WARNING PDN-0110] No via inserted between M5 and M8 at (1348.9440, 114.6640) - (1348.9680, 115.1360) on VSS
[WARNING PDN-0110] No via inserted between M5 and M8 at (1348.9440, 120.0640) - (1348.9680, 120.5360) on VSS
[WARNING PDN-0110] No via inserted between M5 and M8 at (1348.9440, 125.4640) - (1348.9680, 125.9360) on VSS
[WARNING PDN-0110] No via inserted between M5 and M8 at (1348.9440, 130.8640) - (1348.9680, 131.3360) on VSS
[WARNING PDN-0110] No via inserted between M5 and M8 at (1348.9440, 136.2640) - (1348.9680, 136.7360) on VSS
[WARNING PDN-0110] No via inserted between M5 and M8 at (1348.9440, 141.6640) - (1348.9680, 142.1360) on VSS
[WARNING PDN-0110] No via inserted between M5 and M8 at (1348.9440, 147.0640) - (1348.9680, 147.5360) on VSS
[WARNING PDN-0110] No via inserted between M5 and M8 at (1348.9440, 152.4640) - (1348.9680, 152.9360) on VSS
[WARNING PDN-0110] No via inserted between M5 and M8 at (1348.9440, 157.8640) - (1348.9680, 158.3360) on VSS
[WARNING PDN-0110] No via inserted between M5 and M8 at (1348.9440, 163.2640) - (1348.9680, 163.7360) on VSS
[WARNING PDN-0110] No via inserted between M5 and M8 at (1348.9440, 168.6640) - (1348.9680, 169.1360) on VSS
[WARNING PDN-0110] No via inserted between M5 and M8 at (1348.9440, 174.0640) - (1348.9680, 174.5360) on VSS
[WARNING PDN-0110] No via inserted between M5 and M8 at (1348.9440, 179.4640) - (1348.9680, 179.9360) on VSS
[WARNING PDN-0110] No via inserted between M5 and M8 at (1348.9440, 184.8640) - (1348.9680, 185.3360) on VSS
[WARNING PDN-0110] No via inserted between M5 and M8 at (1348.9440, 190.2640) - (1348.9680, 190.7360) on VSS
[WARNING PDN-0110] No via inserted between M5 and M8 at (1348.9440, 195.6640) - (1348.9680, 196.1360) on VSS
[WARNING PDN-0110] No via inserted between M5 and M8 at (1348.9440, 201.0640) - (1348.9680, 201.5360) on VSS
[WARNING PDN-0110] No via inserted between M5 and M8 at (1348.9440, 206.4640) - (1348.9680, 206.9360) on VSS
[WARNING PDN-0110] No via inserted between M5 and M8 at (1348.9440, 211.8640) - (1348.9680, 212.3360) on VSS
[WARNING PDN-0110] No via inserted between M5 and M8 at (1348.9440, 217.2640) - (1348.9680, 217.7360) on VSS
[WARNING PDN-0110] No via inserted between M5 and M8 at (1348.9440, 222.6640) - (1348.9680, 223.1360) on VSS
[WARNING PDN-0110] No via inserted between M5 and M8 at (1348.9440, 228.0640) - (1348.9680, 228.5360) on VSS
[WARNING PDN-0110] No via inserted between M5 and M8 at (1348.9440, 233.4640) - (1348.9680, 233.9360) on VSS
[WARNING PDN-0110] No via inserted between M5 and M8 at (1348.9440, 238.8640) - (1348.9680, 239.3360) on VSS
[WARNING PDN-0110] No via inserted between M5 and M8 at (1348.9440, 244.2640) - (1348.9680, 244.7360) on VSS
[WARNING PDN-0110] No via inserted between M5 and M8 at (1348.9440, 249.6640) - (1348.9680, 250.1360) on VSS
[WARNING PDN-0110] No via inserted between M5 and M8 at (1348.9440, 255.0640) - (1348.9680, 255.5360) on VSS
[WARNING PDN-0110] No via inserted between M5 and M8 at (1348.9440, 260.4640) - (1348.9680, 260.9360) on VSS
[WARNING PDN-0110] No via inserted between M5 and M8 at (1348.9440, 265.8640) - (1348.9680, 266.3360) on VSS
[WARNING PDN-0110] No via inserted between M5 and M8 at (1348.9440, 271.2640) - (1348.9680, 271.7360) on VSS
[WARNING PDN-0110] No via inserted between M5 and M8 at (1348.9440, 276.6640) - (1348.9680, 277.1360) on VSS
[WARNING PDN-0110] No via inserted between M5 and M8 at (1348.9440, 282.0640) - (1348.9680, 282.5360) on VSS
[WARNING PDN-0110] No via inserted between M5 and M8 at (1348.9440, 287.4640) - (1348.9680, 287.9360) on VSS
[WARNING PDN-0110] No via inserted between M5 and M8 at (1348.9440, 292.8640) - (1348.9680, 293.3360) on VSS
[WARNING PDN-0110] No via inserted between M5 and M8 at (1348.9440, 298.2640) - (1348.9680, 298.7360) on VSS
[WARNING PDN-0110] No via inserted between M5 and M8 at (1348.9440, 303.6640) - (1348.9680, 304.1360) on VSS
[WARNING PDN-0110] No via inserted between M5 and M8 at (1348.9440, 352.2640) - (1348.9680, 352.7360) on VSS
[WARNING PDN-0110] No via inserted between M5 and M8 at (1348.9440, 357.6640) - (1348.9680, 358.1360) on VSS
[WARNING PDN-0110] No via inserted between M5 and M8 at (1348.9440, 363.0640) - (1348.9680, 363.5360) on VSS
[WARNING PDN-0110] No via inserted between M5 and M8 at (1348.9440, 368.4640) - (1348.9680, 368.9360) on VSS
[WARNING PDN-0110] No via inserted between M5 and M8 at (1348.9440, 373.8640) - (1348.9680, 374.3360) on VSS
[WARNING PDN-0110] No via inserted between M5 and M8 at (1348.9440, 379.2640) - (1348.9680, 379.7360) on VSS
[WARNING PDN-0110] No via inserted between M5 and M8 at (1348.9440, 384.6640) - (1348.9680, 385.1360) on VSS
[WARNING PDN-0110] No via inserted between M5 and M8 at (1348.9440, 390.0640) - (1348.9680, 390.5360) on VSS
[WARNING PDN-0110] No via inserted between M5 and M8 at (1348.9440, 395.4640) - (1348.9680, 395.9360) on VSS
[WARNING PDN-0110] No via inserted between M5 and M8 at (1348.9440, 400.8640) - (1348.9680, 401.3360) on VSS
[WARNING PDN-0110] No via inserted between M5 and M8 at (1348.9440, 406.2640) - (1348.9680, 406.7360) on VSS
[WARNING PDN-0110] No via inserted between M5 and M8 at (1348.9440, 411.6640) - (1348.9680, 412.1360) on VSS
[WARNING PDN-0110] No via inserted between M5 and M8 at (1348.9440, 417.0640) - (1348.9680, 417.5360) on VSS
[WARNING PDN-0110] No via inserted between M5 and M8 at (1348.9440, 422.4640) - (1348.9680, 422.9360) on VSS
[WARNING PDN-0110] No via inserted between M5 and M8 at (1348.9440, 427.8640) - (1348.9680, 428.3360) on VSS
[WARNING PDN-0110] No via inserted between M5 and M8 at (1348.9440, 433.2640) - (1348.9680, 433.7360) on VSS
[WARNING PDN-0110] No via inserted between M5 and M8 at (1348.9440, 438.6640) - (1348.9680, 439.1360) on VSS
[WARNING PDN-0110] No via inserted between M5 and M8 at (1348.9440, 444.0640) - (1348.9680, 444.5360) on VSS
[WARNING PDN-0110] No via inserted between M5 and M8 at (1348.9440, 449.4640) - (1348.9680, 449.9360) on VSS
[WARNING PDN-0110] No via inserted between M5 and M8 at (1348.9440, 454.8640) - (1348.9680, 455.3360) on VSS
[WARNING PDN-0110] No via inserted between M5 and M8 at (1348.9440, 460.2640) - (1348.9680, 460.7360) on VSS
[WARNING PDN-0110] No via inserted between M5 and M8 at (1348.9440, 465.6640) - (1348.9680, 466.1360) on VSS
[WARNING PDN-0110] No via inserted between M5 and M8 at (1348.9440, 471.0640) - (1348.9680, 471.5360) on VSS
[WARNING PDN-0110] No via inserted between M5 and M8 at (1348.9440, 476.4640) - (1348.9680, 476.9360) on VSS
[WARNING PDN-0110] No via inserted between M5 and M8 at (1348.9440, 481.8640) - (1348.9680, 482.3360) on VSS
[WARNING PDN-0110] No via inserted between M5 and M8 at (1348.9440, 487.2640) - (1348.9680, 487.7360) on VSS
[WARNING PDN-0110] No via inserted between M5 and M8 at (1348.9440, 492.6640) - (1348.9680, 493.1360) on VSS
[WARNING PDN-0110] No via inserted between M5 and M8 at (1348.9440, 498.0640) - (1348.9680, 498.5360) on VSS
[WARNING PDN-0110] No via inserted between M5 and M8 at (1348.9440, 503.4640) - (1348.9680, 503.9360) on VSS
[WARNING PDN-0110] No via inserted between M5 and M8 at (1348.9440, 508.8640) - (1348.9680, 509.3360) on VSS
[WARNING PDN-0110] No via inserted between M5 and M8 at (1348.9440, 514.2640) - (1348.9680, 514.7360) on VSS
[WARNING PDN-0110] No via inserted between M5 and M8 at (1348.9440, 519.6640) - (1348.9680, 520.1360) on VSS
[WARNING PDN-0110] No via inserted between M5 and M8 at (1348.9440, 525.0640) - (1348.9680, 525.5360) on VSS
[WARNING PDN-0110] No via inserted between M5 and M8 at (1348.9440, 530.4640) - (1348.9680, 530.9360) on VSS
[WARNING PDN-0110] No via inserted between M5 and M8 at (1348.9440, 535.8640) - (1348.9680, 536.3360) on VSS
[WARNING PDN-0110] No via inserted between M5 and M8 at (1348.9440, 541.2640) - (1348.9680, 541.7360) on VSS
[WARNING PDN-0110] No via inserted between M5 and M8 at (1348.9440, 546.6640) - (1348.9680, 547.1360) on VSS
[WARNING PDN-0110] No via inserted between M5 and M8 at (1348.9440, 552.0640) - (1348.9680, 552.5360) on VSS
[WARNING PDN-0110] No via inserted between M5 and M8 at (1348.9440, 557.4640) - (1348.9680, 557.9360) on VSS
[WARNING PDN-0110] No via inserted between M5 and M8 at (1348.9440, 562.8640) - (1348.9680, 563.3360) on VSS
[WARNING PDN-0110] No via inserted between M5 and M8 at (1348.9440, 568.2640) - (1348.9680, 568.7360) on VSS
[WARNING PDN-0110] No via inserted between M5 and M8 at (1348.9440, 573.6640) - (1348.9680, 574.1360) on VSS
[WARNING PDN-0110] No via inserted between M5 and M8 at (1348.9440, 579.0640) - (1348.9680, 579.5360) on VSS
[WARNING PDN-0110] No via inserted between M5 and M8 at (1348.9440, 584.4640) - (1348.9680, 584.9360) on VSS
[WARNING PDN-0110] No via inserted between M5 and M8 at (1348.9440, 589.8640) - (1348.9680, 590.3360) on VSS
[WARNING PDN-0110] No via inserted between M5 and M8 at (1348.9440, 595.2640) - (1348.9680, 595.7360) on VSS
[WARNING PDN-0110] No via inserted between M5 and M8 at (1348.9440, 600.6640) - (1348.9680, 601.1360) on VSS
[WARNING PDN-0110] No via inserted between M5 and M8 at (1348.9440, 606.0640) - (1348.9680, 606.5360) on VSS
[WARNING PDN-0110] No via inserted between M5 and M8 at (1348.9440, 611.4640) - (1348.9680, 611.9360) on VSS
[WARNING PDN-0110] No via inserted between M5 and M8 at (1348.9440, 616.8640) - (1348.9680, 617.3360) on VSS
[WARNING PDN-0110] No via inserted between M5 and M8 at (1348.9440, 622.2640) - (1348.9680, 622.7360) on VSS
[WARNING PDN-0110] No via inserted between M5 and M8 at (1348.9440, 627.6640) - (1348.9680, 628.1360) on VSS
[WARNING PDN-0110] No via inserted between M5 and M8 at (1348.9440, 633.0640) - (1348.9680, 633.5360) on VSS
[WARNING PDN-0110] No via inserted between M5 and M8 at (1348.9440, 638.4640) - (1348.9680, 638.9360) on VSS
[WARNING PDN-0110] No via inserted between M5 and M8 at (1348.9440, 643.8640) - (1348.9680, 644.3360) on VSS
[WARNING PDN-0110] No via inserted between M5 and M8 at (1348.9440, 649.2640) - (1348.9680, 649.7360) on VSS
[WARNING PDN-0110] No via inserted between M5 and M8 at (1348.9440, 697.8640) - (1348.9680, 698.3360) on VSS
[WARNING PDN-0110] No via inserted between M5 and M8 at (1348.9440, 703.2640) - (1348.9680, 703.7360) on VSS
[WARNING PDN-0110] No via inserted between M5 and M8 at (1348.9440, 708.6640) - (1348.9680, 709.1360) on VSS
[WARNING PDN-0110] No via inserted between M5 and M8 at (1348.9440, 714.0640) - (1348.9680, 714.5360) on VSS
[WARNING PDN-0110] No via inserted between M5 and M8 at (1348.9440, 719.4640) - (1348.9680, 719.9360) on VSS
[WARNING PDN-0110] No via inserted between M5 and M8 at (1348.9440, 724.8640) - (1348.9680, 725.3360) on VSS
[WARNING PDN-0110] No via inserted between M5 and M8 at (1348.9440, 730.2640) - (1348.9680, 730.7360) on VSS
[WARNING PDN-0110] No via inserted between M5 and M8 at (1348.9440, 735.6640) - (1348.9680, 736.1360) on VSS
[WARNING PDN-0110] No via inserted between M5 and M8 at (1348.9440, 741.0640) - (1348.9680, 741.5360) on VSS
[WARNING PDN-0110] No via inserted between M5 and M8 at (1348.9440, 746.4640) - (1348.9680, 746.9360) on VSS
[WARNING PDN-0110] No via inserted between M5 and M8 at (1348.9440, 751.8640) - (1348.9680, 752.3360) on VSS
[WARNING PDN-0110] No via inserted between M5 and M8 at (1348.9440, 757.2640) - (1348.9680, 757.7360) on VSS
[WARNING PDN-0110] No via inserted between M5 and M8 at (1348.9440, 762.6640) - (1348.9680, 763.1360) on VSS
[WARNING PDN-0110] No via inserted between M5 and M8 at (1348.9440, 768.0640) - (1348.9680, 768.5360) on VSS
[WARNING PDN-0110] No via inserted between M5 and M8 at (1348.9440, 773.4640) - (1348.9680, 773.9360) on VSS
[WARNING PDN-0110] No via inserted between M5 and M8 at (1348.9440, 778.8640) - (1348.9680, 779.3360) on VSS
[WARNING PDN-0110] No via inserted between M5 and M8 at (1348.9440, 784.2640) - (1348.9680, 784.7360) on VSS
[WARNING PDN-0110] No via inserted between M5 and M8 at (1348.9440, 789.6640) - (1348.9680, 790.1360) on VSS
[WARNING PDN-0110] No via inserted between M5 and M8 at (1348.9440, 795.0640) - (1348.9680, 795.5360) on VSS
[WARNING PDN-0110] No via inserted between M5 and M8 at (1348.9440, 800.4640) - (1348.9680, 800.9360) on VSS
[WARNING PDN-0110] No via inserted between M5 and M8 at (1348.9440, 805.8640) - (1348.9680, 806.3360) on VSS
[WARNING PDN-0110] No via inserted between M5 and M8 at (1348.9440, 811.2640) - (1348.9680, 811.7360) on VSS
[WARNING PDN-0110] No via inserted between M5 and M8 at (1348.9440, 816.6640) - (1348.9680, 817.1360) on VSS
[WARNING PDN-0110] No via inserted between M5 and M8 at (1348.9440, 822.0640) - (1348.9680, 822.5360) on VSS
[WARNING PDN-0110] No via inserted between M5 and M8 at (1348.9440, 827.4640) - (1348.9680, 827.9360) on VSS
[WARNING PDN-0110] No via inserted between M5 and M8 at (1348.9440, 832.8640) - (1348.9680, 833.3360) on VSS
[WARNING PDN-0110] No via inserted between M5 and M8 at (1348.9440, 838.2640) - (1348.9680, 838.7360) on VSS
[WARNING PDN-0110] No via inserted between M5 and M8 at (1348.9440, 843.6640) - (1348.9680, 844.1360) on VSS
[WARNING PDN-0110] No via inserted between M5 and M8 at (1348.9440, 849.0640) - (1348.9680, 849.5360) on VSS
[WARNING PDN-0110] No via inserted between M5 and M8 at (1348.9440, 854.4640) - (1348.9680, 854.9360) on VSS
[WARNING PDN-0110] No via inserted between M5 and M8 at (1348.9440, 859.8640) - (1348.9680, 860.3360) on VSS
[WARNING PDN-0110] No via inserted between M5 and M8 at (1348.9440, 865.2640) - (1348.9680, 865.7360) on VSS
[WARNING PDN-0110] No via inserted between M5 and M8 at (1348.9440, 870.6640) - (1348.9680, 871.1360) on VSS
[WARNING PDN-0110] No via inserted between M5 and M8 at (1348.9440, 876.0640) - (1348.9680, 876.5360) on VSS
[WARNING PDN-0110] No via inserted between M5 and M8 at (1348.9440, 881.4640) - (1348.9680, 881.9360) on VSS
[WARNING PDN-0110] No via inserted between M5 and M8 at (1348.9440, 886.8640) - (1348.9680, 887.3360) on VSS
[WARNING PDN-0110] No via inserted between M5 and M8 at (1348.9440, 892.2640) - (1348.9680, 892.7360) on VSS
[WARNING PDN-0110] No via inserted between M5 and M8 at (1348.9440, 897.6640) - (1348.9680, 898.1360) on VSS
[WARNING PDN-0110] No via inserted between M5 and M8 at (1348.9440, 903.0640) - (1348.9680, 903.5360) on VSS
[WARNING PDN-0110] No via inserted between M5 and M8 at (1348.9440, 908.4640) - (1348.9680, 908.9360) on VSS
[WARNING PDN-0110] No via inserted between M5 and M8 at (1348.9440, 913.8640) - (1348.9680, 914.3360) on VSS
[WARNING PDN-0110] No via inserted between M5 and M8 at (1348.9440, 919.2640) - (1348.9680, 919.7360) on VSS
[WARNING PDN-0110] No via inserted between M5 and M8 at (1348.9440, 924.6640) - (1348.9680, 925.1360) on VSS
[WARNING PDN-0110] No via inserted between M5 and M8 at (1348.9440, 930.0640) - (1348.9680, 930.5360) on VSS
[WARNING PDN-0110] No via inserted between M5 and M8 at (1348.9440, 935.4640) - (1348.9680, 935.9360) on VSS
[WARNING PDN-0110] No via inserted between M5 and M8 at (1348.9440, 940.8640) - (1348.9680, 941.3360) on VSS
[WARNING PDN-0110] No via inserted between M5 and M8 at (1348.9440, 946.2640) - (1348.9680, 946.7360) on VSS
[WARNING PDN-0110] No via inserted between M5 and M8 at (1348.9440, 951.6640) - (1348.9680, 952.1360) on VSS
[WARNING PDN-0110] No via inserted between M5 and M8 at (1348.9440, 957.0640) - (1348.9680, 957.5360) on VSS
[WARNING PDN-0110] No via inserted between M5 and M8 at (1348.9440, 962.4640) - (1348.9680, 962.9360) on VSS
[WARNING PDN-0110] No via inserted between M5 and M8 at (1348.9440, 967.8640) - (1348.9680, 968.3360) on VSS
[WARNING PDN-0110] No via inserted between M5 and M8 at (1348.9440, 973.2640) - (1348.9680, 973.7360) on VSS
[WARNING PDN-0110] No via inserted between M5 and M8 at (1348.9440, 978.6640) - (1348.9680, 979.1360) on VSS
[WARNING PDN-0110] No via inserted between M5 and M8 at (1348.9440, 984.0640) - (1348.9680, 984.5360) on VSS
[WARNING PDN-0110] No via inserted between M5 and M8 at (1348.9440, 989.4640) - (1348.9680, 989.9360) on VSS
[WARNING PDN-0110] No via inserted between M5 and M8 at (1348.9440, 994.8640) - (1348.9680, 995.3360) on VSS
[WARNING PDN-0110] No via inserted between M5 and M8 at (1348.9440, 1000.2640) - (1348.9680, 1000.7360) on VSS
[WARNING PDN-0110] No via inserted between M5 and M8 at (1348.9440, 1043.5420) - (1348.9680, 1043.9360) on VSS
[WARNING PDN-0110] No via inserted between M5 and M8 at (1348.9440, 1048.8640) - (1348.9680, 1049.3360) on VSS
[WARNING PDN-0110] No via inserted between M5 and M8 at (1348.9440, 1054.2640) - (1348.9680, 1054.7360) on VSS
[WARNING PDN-0110] No via inserted between M5 and M8 at (1348.9440, 1059.6640) - (1348.9680, 1060.1360) on VSS
[WARNING PDN-0110] No via inserted between M5 and M8 at (1348.9440, 1065.0640) - (1348.9680, 1065.5360) on VSS
[WARNING PDN-0110] No via inserted between M5 and M8 at (1348.9440, 1070.4640) - (1348.9680, 1070.9360) on VSS
[WARNING PDN-0110] No via inserted between M5 and M8 at (1348.9440, 1075.8640) - (1348.9680, 1076.3360) on VSS
[WARNING PDN-0110] No via inserted between M5 and M8 at (1348.9440, 1081.2640) - (1348.9680, 1081.7360) on VSS
[WARNING PDN-0110] No via inserted between M5 and M8 at (1348.9440, 1086.6640) - (1348.9680, 1087.1360) on VSS
[WARNING PDN-0110] No via inserted between M5 and M8 at (1348.9440, 1092.0640) - (1348.9680, 1092.5360) on VSS
[WARNING PDN-0110] No via inserted between M5 and M8 at (1348.9440, 1097.4640) - (1348.9680, 1097.9360) on VSS
[WARNING PDN-0110] No via inserted between M5 and M8 at (1348.9440, 1102.8640) - (1348.9680, 1103.3360) on VSS
[WARNING PDN-0110] No via inserted between M5 and M8 at (1348.9440, 1108.2640) - (1348.9680, 1108.7360) on VSS
[WARNING PDN-0110] No via inserted between M5 and M8 at (1348.9440, 1113.6640) - (1348.9680, 1114.1360) on VSS
[WARNING PDN-0110] No via inserted between M5 and M8 at (1348.9440, 1119.0640) - (1348.9680, 1119.5360) on VSS
[WARNING PDN-0110] No via inserted between M5 and M8 at (1348.9440, 1124.4640) - (1348.9680, 1124.9360) on VSS
[WARNING PDN-0110] No via inserted between M5 and M8 at (1348.9440, 1129.8640) - (1348.9680, 1130.3360) on VSS
[WARNING PDN-0110] No via inserted between M5 and M8 at (1348.9440, 1135.2640) - (1348.9680, 1135.7360) on VSS
[WARNING PDN-0110] No via inserted between M5 and M8 at (1348.9440, 1140.6640) - (1348.9680, 1141.1360) on VSS
[WARNING PDN-0110] No via inserted between M5 and M8 at (1348.9440, 1146.0640) - (1348.9680, 1146.5360) on VSS
[WARNING PDN-0110] No via inserted between M5 and M8 at (1348.9440, 1151.4640) - (1348.9680, 1151.9360) on VSS
[WARNING PDN-0110] No via inserted between M5 and M8 at (1348.9440, 1156.8640) - (1348.9680, 1157.3360) on VSS
[WARNING PDN-0110] No via inserted between M5 and M8 at (1348.9440, 1162.2640) - (1348.9680, 1162.7360) on VSS
[WARNING PDN-0110] No via inserted between M5 and M8 at (1348.9440, 1167.6640) - (1348.9680, 1168.1360) on VSS
[WARNING PDN-0110] No via inserted between M5 and M8 at (1348.9440, 1173.0640) - (1348.9680, 1173.5360) on VSS
[WARNING PDN-0110] No via inserted between M5 and M8 at (1348.9440, 1178.4640) - (1348.9680, 1178.9360) on VSS
[WARNING PDN-0110] No via inserted between M5 and M8 at (1348.9440, 1183.8640) - (1348.9680, 1184.3360) on VSS
[WARNING PDN-0110] No via inserted between M5 and M8 at (1348.9440, 1189.2640) - (1348.9680, 1189.7360) on VSS
[WARNING PDN-0110] No via inserted between M5 and M8 at (1348.9440, 1194.6640) - (1348.9680, 1195.1360) on VSS
[WARNING PDN-0110] No via inserted between M5 and M8 at (1348.9440, 1200.0640) - (1348.9680, 1200.5360) on VSS
[WARNING PDN-0110] No via inserted between M5 and M8 at (1348.9440, 1205.4640) - (1348.9680, 1205.9360) on VSS
[WARNING PDN-0110] No via inserted between M5 and M8 at (1348.9440, 1210.8640) - (1348.9680, 1211.3360) on VSS
[WARNING PDN-0110] No via inserted between M5 and M8 at (1348.9440, 1216.2640) - (1348.9680, 1216.7360) on VSS
[WARNING PDN-0110] No via inserted between M5 and M8 at (1348.9440, 1221.6640) - (1348.9680, 1222.1360) on VSS
[WARNING PDN-0110] No via inserted between M5 and M8 at (1348.9440, 1227.0640) - (1348.9680, 1227.5360) on VSS
[WARNING PDN-0110] No via inserted between M5 and M8 at (1348.9440, 1232.4640) - (1348.9680, 1232.9360) on VSS
[WARNING PDN-0110] No via inserted between M5 and M8 at (1348.9440, 1237.8640) - (1348.9680, 1238.3360) on VSS
[WARNING PDN-0110] No via inserted between M5 and M8 at (1348.9440, 1243.2640) - (1348.9680, 1243.7360) on VSS
[WARNING PDN-0110] No via inserted between M5 and M8 at (1348.9440, 1248.6640) - (1348.9680, 1249.1360) on VSS
[WARNING PDN-0110] No via inserted between M5 and M8 at (1348.9440, 1254.0640) - (1348.9680, 1254.5360) on VSS
[WARNING PDN-0110] No via inserted between M5 and M8 at (1348.9440, 1259.4640) - (1348.9680, 1259.9360) on VSS
[WARNING PDN-0110] No via inserted between M5 and M8 at (1348.9440, 1264.8640) - (1348.9680, 1265.3360) on VSS
[WARNING PDN-0110] No via inserted between M5 and M8 at (1348.9440, 1270.2640) - (1348.9680, 1270.7360) on VSS
[WARNING PDN-0110] No via inserted between M5 and M8 at (1348.9440, 1275.6640) - (1348.9680, 1276.1360) on VSS
[WARNING PDN-0110] No via inserted between M5 and M8 at (1348.9440, 1281.0640) - (1348.9680, 1281.5360) on VSS
[WARNING PDN-0110] No via inserted between M5 and M8 at (1348.9440, 1286.4640) - (1348.9680, 1286.9360) on VSS
[WARNING PDN-0110] No via inserted between M5 and M8 at (1348.9440, 1291.8640) - (1348.9680, 1292.3360) on VSS
[WARNING PDN-0110] No via inserted between M5 and M8 at (1348.9440, 1297.2640) - (1348.9680, 1297.7360) on VSS
[WARNING PDN-0110] No via inserted between M5 and M8 at (1348.9440, 1302.6640) - (1348.9680, 1303.1360) on VSS
[WARNING PDN-0110] No via inserted between M5 and M8 at (1348.9440, 1308.0640) - (1348.9680, 1308.5360) on VSS
[WARNING PDN-0110] No via inserted between M5 and M8 at (1348.9440, 1313.4640) - (1348.9680, 1313.9360) on VSS
[WARNING PDN-0110] No via inserted between M5 and M8 at (1348.9440, 1318.8640) - (1348.9680, 1319.3360) on VSS
[WARNING PDN-0110] No via inserted between M5 and M8 at (1348.9440, 1324.2640) - (1348.9680, 1324.7360) on VSS
[WARNING PDN-0110] No via inserted between M5 and M8 at (1348.9440, 1329.6640) - (1348.9680, 1330.1360) on VSS
[WARNING PDN-0110] No via inserted between M5 and M8 at (1348.9440, 1335.0640) - (1348.9680, 1335.5360) on VSS
[WARNING PDN-0110] No via inserted between M5 and M8 at (1348.9440, 1340.4640) - (1348.9680, 1340.9360) on VSS
[WARNING PDN-0110] No via inserted between M5 and M8 at (1348.9440, 1345.8640) - (1348.9680, 1346.3360) on VSS
[INFO PDN-0500] Runtime: 24.06s
PASS_SELECTED_M6_TO_M9_POWER_AND_5UM_ROW_HALO
