HA2PHY phy_l=130 phy_g=138 js=3
HA2CFG seed=6 N=96 GS=16 NG=6 NC=8 NOG=8 E=1024 LANES=16 ONESHOT=0 BF16=1 INJ=2 DEL=4 HUBW=35 WSTG=14 BITS_X100=21165 PWB=551 PHY_L=130 PHY_G=138 JS=3 T_CORE=0.833333 T_PHY=1.000000 TOT=256
HA2DIE die=0 issue_ns=400.596 done_ns=1011.084 lat_ns=611.068
HA2DIE die=1 issue_ns=400.662 done_ns=1011.150 lat_ns=611.134
HA2DIE die=2 issue_ns=400.502 done_ns=1010.990 lat_ns=610.974
HA2DIE die=3 issue_ns=400.353 done_ns=1010.841 lat_ns=610.825
HA2DIE die=4 issue_ns=400.616 done_ns=1011.104 lat_ns=611.088
HA2DIE die=5 issue_ns=400.517 done_ns=1010.171 lat_ns=610.155
HA2DIE die=6 issue_ns=400.540 done_ns=1011.028 lat_ns=611.012
HA2DIE die=7 issue_ns=400.109 done_ns=1010.597 lat_ns=610.581
HA2DIE die=8 issue_ns=400.557 done_ns=1011.045 lat_ns=611.029
HA2DIE die=9 issue_ns=400.016 done_ns=1010.504 lat_ns=610.488
HA2DIE die=10 issue_ns=400.067 done_ns=1010.555 lat_ns=610.539
HA2DIE die=11 issue_ns=400.805 done_ns=1011.293 lat_ns=611.277
HA2DIE die=12 issue_ns=400.677 done_ns=1010.331 lat_ns=610.315
HA2DIE die=13 issue_ns=400.119 done_ns=1011.441 lat_ns=611.425
HA2DIE die=14 issue_ns=400.341 done_ns=1011.663 lat_ns=611.647
HA2DIE die=15 issue_ns=400.488 done_ns=1010.142 lat_ns=610.126
HA2DIE die=16 issue_ns=400.037 done_ns=1013.027 lat_ns=613.011
HA2DIE die=17 issue_ns=400.614 done_ns=1011.936 lat_ns=611.920
HA2DIE die=18 issue_ns=400.490 done_ns=1012.646 lat_ns=612.630
HA2DIE die=19 issue_ns=400.606 done_ns=1011.094 lat_ns=611.078
HA2DIE die=20 issue_ns=400.301 done_ns=1013.291 lat_ns=613.275
HA2DIE die=21 issue_ns=400.564 done_ns=1011.886 lat_ns=611.870
HA2DIE die=22 issue_ns=400.609 done_ns=1011.931 lat_ns=611.915
HA2DIE die=23 issue_ns=400.336 done_ns=1011.658 lat_ns=611.642
HA2DIE die=24 issue_ns=400.052 done_ns=1012.208 lat_ns=612.192
HA2DIE die=25 issue_ns=400.158 done_ns=1012.314 lat_ns=612.298
HA2DIE die=26 issue_ns=400.612 done_ns=1011.934 lat_ns=611.918
HA2DIE die=27 issue_ns=400.172 done_ns=1013.162 lat_ns=613.146
HA2DIE die=28 issue_ns=400.086 done_ns=1012.242 lat_ns=612.226
HA2DIE die=29 issue_ns=400.770 done_ns=1012.926 lat_ns=612.910
HA2DIE die=30 issue_ns=400.672 done_ns=1011.160 lat_ns=611.144
HA2DIE die=31 issue_ns=400.372 done_ns=1011.694 lat_ns=611.678
HA2DIE die=32 issue_ns=400.440 done_ns=1011.762 lat_ns=611.746
HA2DIE die=33 issue_ns=400.640 done_ns=1011.128 lat_ns=611.112
HA2DIE die=34 issue_ns=400.728 done_ns=1011.216 lat_ns=611.200
HA2DIE die=35 issue_ns=400.532 done_ns=1011.020 lat_ns=611.004
HA2DIE die=36 issue_ns=400.066 done_ns=1012.222 lat_ns=612.206
HA2DIE die=37 issue_ns=400.558 done_ns=1011.880 lat_ns=611.864
HA2DIE die=38 issue_ns=400.723 done_ns=1011.211 lat_ns=611.195
HA2DIE die=39 issue_ns=400.222 done_ns=1011.544 lat_ns=611.528
HA2DIE die=40 issue_ns=400.318 done_ns=1010.806 lat_ns=610.790
HA2DIE die=41 issue_ns=400.793 done_ns=1011.281 lat_ns=611.265
HA2DIE die=42 issue_ns=400.418 done_ns=1011.740 lat_ns=611.724
HA2DIE die=43 issue_ns=400.079 done_ns=1011.401 lat_ns=611.385
HA2DIE die=44 issue_ns=400.206 done_ns=1011.528 lat_ns=611.512
HA2DIE die=45 issue_ns=400.167 done_ns=1010.655 lat_ns=610.639
HA2DIE die=46 issue_ns=400.106 done_ns=1012.262 lat_ns=612.246
HA2DIE die=47 issue_ns=400.758 done_ns=1011.246 lat_ns=611.230
HA2DIE die=48 issue_ns=400.676 done_ns=1011.998 lat_ns=611.982
HA2DIE die=49 issue_ns=400.751 done_ns=1012.073 lat_ns=612.057
HA2DIE die=50 issue_ns=400.232 done_ns=1011.554 lat_ns=611.538
HA2DIE die=51 issue_ns=400.373 done_ns=1011.695 lat_ns=611.679
HA2DIE die=52 issue_ns=400.431 done_ns=1010.919 lat_ns=610.903
HA2DIE die=53 issue_ns=400.780 done_ns=1012.102 lat_ns=612.086
HA2DIE die=54 issue_ns=400.541 done_ns=1011.029 lat_ns=611.013
HA2DIE die=55 issue_ns=400.742 done_ns=1012.064 lat_ns=612.048
HA2DIE die=56 issue_ns=400.344 done_ns=1011.666 lat_ns=611.650
HA2DIE die=57 issue_ns=400.367 done_ns=1011.689 lat_ns=611.673
HA2DIE die=58 issue_ns=400.025 done_ns=1011.347 lat_ns=611.331
HA2DIE die=59 issue_ns=400.205 done_ns=1011.527 lat_ns=611.511
HA2DIE die=60 issue_ns=400.433 done_ns=1011.755 lat_ns=611.739
HA2DIE die=61 issue_ns=400.785 done_ns=1012.107 lat_ns=612.091
HA2DIE die=62 issue_ns=400.676 done_ns=1011.998 lat_ns=611.982
HA2DIE die=63 issue_ns=400.371 done_ns=1010.859 lat_ns=610.843
HA2DIE die=64 issue_ns=400.537 done_ns=1024.369 lat_ns=624.353
HA2DIE die=65 issue_ns=400.443 done_ns=1025.109 lat_ns=625.093
HA2DIE die=66 issue_ns=400.565 done_ns=1023.563 lat_ns=623.547
HA2DIE die=67 issue_ns=400.358 done_ns=1024.190 lat_ns=624.174
HA2DIE die=68 issue_ns=400.442 done_ns=1023.440 lat_ns=623.424
HA2DIE die=69 issue_ns=400.688 done_ns=1023.686 lat_ns=623.670
HA2DIE die=70 issue_ns=400.057 done_ns=1023.889 lat_ns=623.873
HA2DIE die=71 issue_ns=400.143 done_ns=1023.975 lat_ns=623.959
HA2DIE die=72 issue_ns=400.574 done_ns=1024.406 lat_ns=624.390
HA2DIE die=73 issue_ns=400.706 done_ns=1023.704 lat_ns=623.688
HA2DIE die=74 issue_ns=400.526 done_ns=1023.524 lat_ns=623.508
HA2DIE die=75 issue_ns=400.160 done_ns=1023.158 lat_ns=623.142
HA2DIE die=76 issue_ns=400.433 done_ns=1023.431 lat_ns=623.415
HA2DIE die=77 issue_ns=400.073 done_ns=1023.071 lat_ns=623.055
HA2DIE die=78 issue_ns=400.018 done_ns=1023.850 lat_ns=623.834
HA2DIE die=79 issue_ns=400.243 done_ns=1024.075 lat_ns=624.059
HA2DIE die=80 issue_ns=400.468 done_ns=1024.300 lat_ns=624.284
HA2DIE die=81 issue_ns=400.758 done_ns=1023.756 lat_ns=623.740
HA2DIE die=82 issue_ns=400.068 done_ns=1023.900 lat_ns=623.884
HA2DIE die=83 issue_ns=400.418 done_ns=1023.416 lat_ns=623.400
HA2DIE die=84 issue_ns=400.520 done_ns=1024.352 lat_ns=624.336
HA2DIE die=85 issue_ns=400.284 done_ns=1024.116 lat_ns=624.100
HA2DIE die=86 issue_ns=400.391 done_ns=1024.223 lat_ns=624.207
HA2DIE die=87 issue_ns=400.085 done_ns=1023.917 lat_ns=623.901
HA2DIE die=88 issue_ns=400.648 done_ns=1022.812 lat_ns=622.796
HA2DIE die=89 issue_ns=400.651 done_ns=1024.483 lat_ns=624.467
HA2DIE die=90 issue_ns=400.575 done_ns=1023.573 lat_ns=623.557
HA2DIE die=91 issue_ns=400.345 done_ns=1023.343 lat_ns=623.327
HA2DIE die=92 issue_ns=400.626 done_ns=1023.624 lat_ns=623.608
HA2DIE die=93 issue_ns=400.438 done_ns=1024.270 lat_ns=624.254
HA2DIE die=94 issue_ns=400.493 done_ns=1023.491 lat_ns=623.475
HA2DIE die=95 issue_ns=400.487 done_ns=1023.485 lat_ns=623.469
HA2DONE seed=6 lat_ns=625.093 lat_cyc_1p2=750.1 worst_die=65 mismatches=0 faults=0 credit_stall_cycles=0
- src/rtl/hbm_accel/ha2_ar/tb_ha2_ar.sv:230: Verilog $finish
- S i m u l a t i o n   R e p o r t: Verilator 5.050 2026-07-01
- Verilator: $finish at 1us; walltime 1817.630 s; speed 586.548 ps/s
- Verilator: cpu 1817.542 s on 2017 threads; allocated 561 MB
