
==========================================================================
finish report_tns
--------------------------------------------------------------------------
tns max -13485.96

==========================================================================
finish report_wns
--------------------------------------------------------------------------
wns max -38.57

==========================================================================
finish report_worst_slack
--------------------------------------------------------------------------
worst slack max -38.57

==========================================================================
finish report_clock_min_period
--------------------------------------------------------------------------
core_clk period_min = 871.57 fmax = 1147.36

==========================================================================
finish report_clock_skew
--------------------------------------------------------------------------
Clock core_clk
 473.30 source latency u_rx.hold[760]$_DFF_P_/CLK ^
-422.80 target latency u_rx.g_lane[1].u_f.mem[9][195]$_DFFE_PP_/CLK ^
  60.00 clock uncertainty
  -7.63 CRPR
--------------
 102.87 setup skew


==========================================================================
finish report_checks -path_delay min
--------------------------------------------------------------------------
Startpoint: u_rx.hr[399]$_DFFE_PP_
            (rising edge-triggered flip-flop clocked by core_clk)
Endpoint: u_rx.wd[0][399]$_DFF_P_
          (rising edge-triggered flip-flop clocked by core_clk)
Path Group: core_clk
Path Type: min
Corner: BC

Fanout     Cap    Slew   Delay    Time   Description
-----------------------------------------------------------------------------
                          0.00    0.00   clock core_clk (rise edge)
                          0.00    0.00   clock source latency
     1   16.40    0.00    0.00    0.00 ^ clk (in)
                                         clk (net)
                 36.36   11.47   11.47 ^ wire48944/A (BUFx12f_ASAP7_75t_R)
     1   15.99   11.21   18.55   30.02 ^ wire48944/Y (BUFx12f_ASAP7_75t_R)
                                         net48943 (net)
                 47.12   14.55   44.57 ^ clkbuf_0_clk/A (BUFx24_ASAP7_75t_R)
     2   10.80   11.14   27.76   72.33 ^ clkbuf_0_clk/Y (BUFx24_ASAP7_75t_R)
                                         clknet_0_clk (net)
                 13.35    2.43   74.76 ^ clkbuf_1_0_0_clk/A (BUFx24_ASAP7_75t_R)
     2    7.40    8.48   19.00   93.76 ^ clkbuf_1_0_0_clk/Y (BUFx24_ASAP7_75t_R)
                                         clknet_1_0_0_clk (net)
                 12.83    3.27   97.03 ^ clkbuf_2_1_0_clk/A (BUFx24_ASAP7_75t_R)
     1    6.90    8.40   18.83  115.86 ^ clkbuf_2_1_0_clk/Y (BUFx24_ASAP7_75t_R)
                                         clknet_2_1_0_clk (net)
                 12.17    3.05  118.91 ^ clkbuf_2_1_1_clk/A (BUFx24_ASAP7_75t_R)
     2    7.54    8.75   18.80  137.71 ^ clkbuf_2_1_1_clk/Y (BUFx24_ASAP7_75t_R)
                                         clknet_2_1_1_clk (net)
                 11.14    2.38  140.09 ^ clkbuf_3_2_0_clk/A (BUFx24_ASAP7_75t_R)
     2   14.34   11.38   18.86  158.96 ^ clkbuf_3_2_0_clk/Y (BUFx24_ASAP7_75t_R)
                                         clknet_3_2_0_clk (net)
                 20.17    5.28  164.23 ^ clkbuf_4_5_0_clk/A (BUFx24_ASAP7_75t_R)
     4   17.34   13.54   22.39  186.62 ^ clkbuf_4_5_0_clk/Y (BUFx24_ASAP7_75t_R)
                                         clknet_4_5_0_clk (net)
                 16.42    3.18  189.80 ^ clkbuf_6_23_0_clk/A (BUFx24_ASAP7_75t_R)
     4   11.62   10.74   20.76  210.55 ^ clkbuf_6_23_0_clk/Y (BUFx24_ASAP7_75t_R)
                                         clknet_6_23_0_clk (net)
                 12.24    2.02  212.58 ^ clkbuf_8_95__f_clk/A (BUFx24_ASAP7_75t_R)
    11   23.45   16.42   20.81  233.39 ^ clkbuf_8_95__f_clk/Y (BUFx24_ASAP7_75t_R)
                                         clknet_8_95__leaf_clk (net)
                 18.38    2.89  236.28 ^ clkbuf_leaf_1607_clk/A (BUFx24_ASAP7_75t_R)
    16    7.73    9.07   20.89  257.17 ^ clkbuf_leaf_1607_clk/Y (BUFx24_ASAP7_75t_R)
                                         clknet_leaf_1607_clk (net)
                  9.20    0.61  257.77 ^ u_rx.hr[399]$_DFFE_PP_/CLK (DFFHQNx1_ASAP7_75t_R)
     1    0.51   11.24   34.13  291.91 ^ u_rx.hr[399]$_DFFE_PP_/QN (DFFHQNx1_ASAP7_75t_R)
                                         _028260_ (net)
                 11.24    0.00  291.91 ^ _197705_/A (INVx1_ASAP7_75t_R)
     2    1.19    8.89    7.44  299.34 v _197705_/Y (INVx1_ASAP7_75t_R)
                                         u_rx.hr[399] (net)
                  8.89    0.08  299.42 v u_rx.wd[0][399]$_DFF_P_/D (DFFHQNx1_ASAP7_75t_R)
                                299.42   data arrival time

                          0.00    0.00   clock core_clk (rise edge)
                          0.00    0.00   clock source latency
     1   16.98    0.00    0.00    0.00 ^ clk (in)
                                         clk (net)
                 38.71   12.21   12.21 ^ wire48944/A (BUFx12f_ASAP7_75t_R)
     1   16.58   11.24   18.97   31.18 ^ wire48944/Y (BUFx12f_ASAP7_75t_R)
                                         net48943 (net)
                 50.10   15.52   46.70 ^ clkbuf_0_clk/A (BUFx24_ASAP7_75t_R)
     2   11.98   11.59   28.38   75.08 ^ clkbuf_0_clk/Y (BUFx24_ASAP7_75t_R)
                                         clknet_0_clk (net)
                 14.43    2.78   77.86 ^ clkbuf_1_0_0_clk/A (BUFx24_ASAP7_75t_R)
     2    8.58    8.75   19.40   97.26 ^ clkbuf_1_0_0_clk/Y (BUFx24_ASAP7_75t_R)
                                         clknet_1_0_0_clk (net)
                 14.56    3.82  101.08 ^ clkbuf_2_1_0_clk/A (BUFx24_ASAP7_75t_R)
     1    7.49    8.55   19.38  120.46 ^ clkbuf_2_1_0_clk/Y (BUFx24_ASAP7_75t_R)
                                         clknet_2_1_0_clk (net)
                 13.12    3.38  123.84 ^ clkbuf_2_1_1_clk/A (BUFx24_ASAP7_75t_R)
     2    8.72    9.10   19.20  143.04 ^ clkbuf_2_1_1_clk/Y (BUFx24_ASAP7_75t_R)
                                         clknet_2_1_1_clk (net)
                 11.55    2.34  145.38 ^ clkbuf_3_3_0_clk/A (BUFx24_ASAP7_75t_R)
     2   15.17   11.74   19.00  164.38 ^ clkbuf_3_3_0_clk/Y (BUFx24_ASAP7_75t_R)
                                         clknet_3_3_0_clk (net)
                 21.41    5.66  170.04 ^ clkbuf_4_7_0_clk/A (BUFx24_ASAP7_75t_R)
     4   18.11   13.91   22.78  192.82 ^ clkbuf_4_7_0_clk/Y (BUFx24_ASAP7_75t_R)
                                         clknet_4_7_0_clk (net)
                 16.59    3.08  195.91 ^ clkbuf_6_29_0_clk/A (BUFx24_ASAP7_75t_R)
     4   14.95   12.38   21.17  217.08 ^ clkbuf_6_29_0_clk/Y (BUFx24_ASAP7_75t_R)
                                         clknet_6_29_0_clk (net)
                 14.73    2.77  219.85 ^ clkbuf_8_117__f_clk/A (BUFx24_ASAP7_75t_R)
    11   30.28   19.43   22.08  241.93 ^ clkbuf_8_117__f_clk/Y (BUFx24_ASAP7_75t_R)
                                         clknet_8_117__leaf_clk (net)
                 28.19    6.73  248.66 ^ clkbuf_leaf_1606_clk/A (BUFx24_ASAP7_75t_R)
    17   10.41   10.42   23.76  272.42 ^ clkbuf_leaf_1606_clk/Y (BUFx24_ASAP7_75t_R)
                                         clknet_leaf_1606_clk (net)
                 11.35    1.51  273.93 ^ u_rx.wd[0][399]$_DFF_P_/CLK (DFFHQNx1_ASAP7_75t_R)
                         25.00  298.93   clock uncertainty
                         -5.34  293.59   clock reconvergence pessimism
                         11.20  304.79   library hold time
                                304.79   data required time
-----------------------------------------------------------------------------
                                304.79   data required time
                               -299.42   data arrival time
-----------------------------------------------------------------------------
                                 -5.37   slack (VIOLATED)



==========================================================================
finish report_checks -path_delay max
--------------------------------------------------------------------------
Startpoint: u_tx.g_crc3.fda[506]$_SDFF_PP0_
            (rising edge-triggered flip-flop clocked by core_clk)
Endpoint: u_tx.g_crc3.u_crc.part[1][13]$_DFFE_PP_
          (rising edge-triggered flip-flop clocked by core_clk)
Path Group: core_clk
Path Type: max
Corner: WC

Fanout     Cap    Slew   Delay    Time   Description
-----------------------------------------------------------------------------
                          0.00    0.00   clock core_clk (rise edge)
                          0.00    0.00   clock source latency
     1   16.98    0.00    0.00    0.00 ^ clk (in)
                                         clk (net)
                 38.71   12.21   12.21 ^ wire48944/A (BUFx12f_ASAP7_75t_R)
     1   16.58   30.37   34.15   46.36 ^ wire48944/Y (BUFx12f_ASAP7_75t_R)
                                         net48943 (net)
                 58.85   16.56   62.92 ^ clkbuf_0_clk/A (BUFx24_ASAP7_75t_R)
     2   11.98   21.10   49.74  112.65 ^ clkbuf_0_clk/Y (BUFx24_ASAP7_75t_R)
                                         clknet_0_clk (net)
                 22.74    2.87  115.52 ^ clkbuf_1_0_0_clk/A (BUFx24_ASAP7_75t_R)
     2    8.58   16.98   35.83  151.35 ^ clkbuf_1_0_0_clk/Y (BUFx24_ASAP7_75t_R)
                                         clknet_1_0_0_clk (net)
                 20.98    4.13  155.49 ^ clkbuf_2_0_0_clk/A (BUFx24_ASAP7_75t_R)
     1    8.20   16.79   35.15  190.64 ^ clkbuf_2_0_0_clk/Y (BUFx24_ASAP7_75t_R)
                                         clknet_2_0_0_clk (net)
                 20.28    3.96  194.59 ^ clkbuf_2_0_1_clk/A (BUFx24_ASAP7_75t_R)
     2    8.68   17.15   35.04  229.63 ^ clkbuf_2_0_1_clk/Y (BUFx24_ASAP7_75t_R)
                                         clknet_2_0_1_clk (net)
                 20.04    3.45  233.09 ^ clkbuf_3_0_0_clk/A (BUFx24_ASAP7_75t_R)
     2   13.76   21.73   36.03  269.12 ^ clkbuf_3_0_0_clk/Y (BUFx24_ASAP7_75t_R)
                                         clknet_3_0_0_clk (net)
                 26.94    5.44  274.56 ^ clkbuf_4_0_0_clk/A (BUFx24_ASAP7_75t_R)
     4   18.28   25.56   40.39  314.96 ^ clkbuf_4_0_0_clk/Y (BUFx24_ASAP7_75t_R)
                                         clknet_4_0_0_clk (net)
                 27.87    3.94  318.90 ^ clkbuf_6_2_0_clk/A (BUFx24_ASAP7_75t_R)
     4   13.54   21.30   39.66  358.56 ^ clkbuf_6_2_0_clk/Y (BUFx24_ASAP7_75t_R)
                                         clknet_6_2_0_clk (net)
                 22.08    2.05  360.62 ^ clkbuf_8_11__f_clk/A (BUFx24_ASAP7_75t_R)
    12   39.02   42.65   45.16  405.78 ^ clkbuf_8_11__f_clk/Y (BUFx24_ASAP7_75t_R)
                                         clknet_8_11__leaf_clk (net)
                 44.56    4.84  410.61 ^ clkbuf_leaf_41_clk/A (BUFx24_ASAP7_75t_R)
    16    9.65   18.45   44.77  455.39 ^ clkbuf_leaf_41_clk/Y (BUFx24_ASAP7_75t_R)
                                         clknet_leaf_41_clk (net)
                 18.62    0.86  456.25 ^ u_tx.g_crc3.fda[506]$_SDFF_PP0_/CLK (DFFHQNx1_ASAP7_75t_R)
     1    1.52   40.01   82.16  538.41 ^ u_tx.g_crc3.fda[506]$_SDFF_PP0_/QN (DFFHQNx1_ASAP7_75t_R)
                                         _031249_ (net)
                 40.02    0.19  538.59 ^ place43639/A (BUFx6f_ASAP7_75t_R)
     3   25.04   66.77   37.14  575.73 ^ place43639/Y (BUFx6f_ASAP7_75t_R)
                                         net43638 (net)
                218.66   68.41  644.14 ^ _206508_/A (XNOR2x2_ASAP7_75t_R)
     2    4.95   43.49  101.86  746.00 v _206508_/Y (XNOR2x2_ASAP7_75t_R)
                                         _184727_ (net)
                 43.63    1.40  747.40 v _206509_/B (XNOR2x2_ASAP7_75t_R)
     4   10.02   86.12   79.66  827.07 ^ _206509_/Y (XNOR2x2_ASAP7_75t_R)
                                         _184728_ (net)
                 86.93    4.69  831.75 ^ _207266_/A (XNOR2x2_ASAP7_75t_R)
     2    3.54   30.99   79.40  911.16 v _207266_/Y (XNOR2x2_ASAP7_75t_R)
                                         _185475_ (net)
                 31.01    0.45  911.60 v _207466_/A (XNOR2x2_ASAP7_75t_R)
     1    1.06   16.94   48.45  960.05 ^ _207466_/Y (XNOR2x2_ASAP7_75t_R)
                                         _185671_ (net)
                 16.95    0.10  960.15 ^ _207467_/B (XNOR2x2_ASAP7_75t_R)
     1    1.58   19.55   55.49 1015.64 v _207467_/Y (XNOR2x2_ASAP7_75t_R)
                                         _185672_ (net)
                 19.57    0.27 1015.91 v _207485_/A (XNOR2x2_ASAP7_75t_R)
     1    3.52   34.89   54.13 1070.04 ^ _207485_/Y (XNOR2x2_ASAP7_75t_R)
                                         _185690_ (net)
                 35.11    1.52 1071.56 ^ _207486_/B (XNOR2x2_ASAP7_75t_R)
     1    0.97   16.19   58.19 1129.74 v _207486_/Y (XNOR2x2_ASAP7_75t_R)
                                         _185691_ (net)
                 16.19    0.08 1129.82 v _207490_/A (XNOR2x2_ASAP7_75t_R)
     1    4.74   44.65   56.88 1186.70 ^ _207490_/Y (XNOR2x2_ASAP7_75t_R)
                                         _185695_ (net)
                 45.16    2.65 1189.35 ^ _207492_/A2 (OA21x2_ASAP7_75t_R)
     1    0.58   16.40   38.55 1227.90 ^ _207492_/Y (OA21x2_ASAP7_75t_R)
                                         _037391_ (net)
                 16.40    0.04 1227.95 ^ u_tx.g_crc3.u_crc.part[1][13]$_DFFE_PP_/D (DFFHQNx1_ASAP7_75t_R)
                               1227.95   data arrival time

                        833.00  833.00   clock core_clk (rise edge)
                          0.00  833.00   clock source latency
     1   16.40    0.00    0.00  833.00 ^ clk (in)
                                         clk (net)
                 36.36   11.47  844.47 ^ wire48944/A (BUFx12f_ASAP7_75t_R)
     1   15.99   29.55   33.34  877.81 ^ wire48944/Y (BUFx12f_ASAP7_75t_R)
                                         net48943 (net)
                 55.72   15.52  893.33 ^ clkbuf_0_clk/A (BUFx24_ASAP7_75t_R)
     2   10.80   19.94   48.43  941.76 ^ clkbuf_0_clk/Y (BUFx24_ASAP7_75t_R)
                                         clknet_0_clk (net)
                 21.78    3.04  944.80 ^ clkbuf_1_1_0_clk/A (BUFx24_ASAP7_75t_R)
     2    7.33   16.32   35.23  980.03 ^ clkbuf_1_1_0_clk/Y (BUFx24_ASAP7_75t_R)
                                         clknet_1_1_0_clk (net)
                 18.66    3.17  983.19 ^ clkbuf_2_2_0_clk/A (BUFx24_ASAP7_75t_R)
     1    7.33   16.28   34.17 1017.36 ^ clkbuf_2_2_0_clk/Y (BUFx24_ASAP7_75t_R)
                                         clknet_2_2_0_clk (net)
                 18.59    3.27 1020.63 ^ clkbuf_2_2_1_clk/A (BUFx24_ASAP7_75t_R)
     2    7.45   16.33   34.24 1054.88 ^ clkbuf_2_2_1_clk/Y (BUFx24_ASAP7_75t_R)
                                         clknet_2_2_1_clk (net)
                 17.88    2.51 1057.38 ^ clkbuf_3_5_0_clk/A (BUFx24_ASAP7_75t_R)
     2   11.23   19.38   34.85 1092.23 ^ clkbuf_3_5_0_clk/Y (BUFx24_ASAP7_75t_R)
                                         clknet_3_5_0_clk (net)
                 23.10    4.29 1096.53 ^ clkbuf_4_10_0_clk/A (BUFx24_ASAP7_75t_R)
     4   15.86   23.40   38.33 1134.85 ^ clkbuf_4_10_0_clk/Y (BUFx24_ASAP7_75t_R)
                                         clknet_4_10_0_clk (net)
                 24.62    2.73 1137.58 ^ clkbuf_6_41_0_clk/A (BUFx24_ASAP7_75t_R)
     4   10.40   18.72   37.51 1175.09 ^ clkbuf_6_41_0_clk/Y (BUFx24_ASAP7_75t_R)
                                         clknet_6_41_0_clk (net)
                 19.62    2.04 1177.13 ^ clkbuf_8_165__f_clk/A (BUFx24_ASAP7_75t_R)
    10   21.31   27.75   38.85 1215.98 ^ clkbuf_8_165__f_clk/Y (BUFx24_ASAP7_75t_R)
                                         clknet_8_165__leaf_clk (net)
                 29.57    3.70 1219.68 ^ clkbuf_leaf_532_clk/A (BUFx24_ASAP7_75t_R)
    17    8.72   17.21   38.54 1258.22 ^ clkbuf_leaf_532_clk/Y (BUFx24_ASAP7_75t_R)
                                         clknet_leaf_532_clk (net)
                 19.25    2.74 1260.96 ^ u_tx.g_crc3.u_crc.part[1][13]$_DFFE_PP_/CLK (DFFHQNx1_ASAP7_75t_R)
                        -60.00 1200.96   clock uncertainty
                          3.89 1204.85   clock reconvergence pessimism
                        -15.47 1189.38   library setup time
                               1189.38   data required time
-----------------------------------------------------------------------------
                               1189.38   data required time
                               -1227.95   data arrival time
-----------------------------------------------------------------------------
                                -38.57   slack (VIOLATED)



==========================================================================
finish report_checks -unconstrained
--------------------------------------------------------------------------
Startpoint: u_tx.g_crc3.fda[506]$_SDFF_PP0_
            (rising edge-triggered flip-flop clocked by core_clk)
Endpoint: u_tx.g_crc3.u_crc.part[1][13]$_DFFE_PP_
          (rising edge-triggered flip-flop clocked by core_clk)
Path Group: core_clk
Path Type: max
Corner: WC

Fanout     Cap    Slew   Delay    Time   Description
-----------------------------------------------------------------------------
                          0.00    0.00   clock core_clk (rise edge)
                          0.00    0.00   clock source latency
     1   16.98    0.00    0.00    0.00 ^ clk (in)
                                         clk (net)
                 38.71   12.21   12.21 ^ wire48944/A (BUFx12f_ASAP7_75t_R)
     1   16.58   30.37   34.15   46.36 ^ wire48944/Y (BUFx12f_ASAP7_75t_R)
                                         net48943 (net)
                 58.85   16.56   62.92 ^ clkbuf_0_clk/A (BUFx24_ASAP7_75t_R)
     2   11.98   21.10   49.74  112.65 ^ clkbuf_0_clk/Y (BUFx24_ASAP7_75t_R)
                                         clknet_0_clk (net)
                 22.74    2.87  115.52 ^ clkbuf_1_0_0_clk/A (BUFx24_ASAP7_75t_R)
     2    8.58   16.98   35.83  151.35 ^ clkbuf_1_0_0_clk/Y (BUFx24_ASAP7_75t_R)
                                         clknet_1_0_0_clk (net)
                 20.98    4.13  155.49 ^ clkbuf_2_0_0_clk/A (BUFx24_ASAP7_75t_R)
     1    8.20   16.79   35.15  190.64 ^ clkbuf_2_0_0_clk/Y (BUFx24_ASAP7_75t_R)
                                         clknet_2_0_0_clk (net)
                 20.28    3.96  194.59 ^ clkbuf_2_0_1_clk/A (BUFx24_ASAP7_75t_R)
     2    8.68   17.15   35.04  229.63 ^ clkbuf_2_0_1_clk/Y (BUFx24_ASAP7_75t_R)
                                         clknet_2_0_1_clk (net)
                 20.04    3.45  233.09 ^ clkbuf_3_0_0_clk/A (BUFx24_ASAP7_75t_R)
     2   13.76   21.73   36.03  269.12 ^ clkbuf_3_0_0_clk/Y (BUFx24_ASAP7_75t_R)
                                         clknet_3_0_0_clk (net)
                 26.94    5.44  274.56 ^ clkbuf_4_0_0_clk/A (BUFx24_ASAP7_75t_R)
     4   18.28   25.56   40.39  314.96 ^ clkbuf_4_0_0_clk/Y (BUFx24_ASAP7_75t_R)
                                         clknet_4_0_0_clk (net)
                 27.87    3.94  318.90 ^ clkbuf_6_2_0_clk/A (BUFx24_ASAP7_75t_R)
     4   13.54   21.30   39.66  358.56 ^ clkbuf_6_2_0_clk/Y (BUFx24_ASAP7_75t_R)
                                         clknet_6_2_0_clk (net)
                 22.08    2.05  360.62 ^ clkbuf_8_11__f_clk/A (BUFx24_ASAP7_75t_R)
    12   39.02   42.65   45.16  405.78 ^ clkbuf_8_11__f_clk/Y (BUFx24_ASAP7_75t_R)
                                         clknet_8_11__leaf_clk (net)
                 44.56    4.84  410.61 ^ clkbuf_leaf_41_clk/A (BUFx24_ASAP7_75t_R)
    16    9.65   18.45   44.77  455.39 ^ clkbuf_leaf_41_clk/Y (BUFx24_ASAP7_75t_R)
                                         clknet_leaf_41_clk (net)
                 18.62    0.86  456.25 ^ u_tx.g_crc3.fda[506]$_SDFF_PP0_/CLK (DFFHQNx1_ASAP7_75t_R)
     1    1.52   40.01   82.16  538.41 ^ u_tx.g_crc3.fda[506]$_SDFF_PP0_/QN (DFFHQNx1_ASAP7_75t_R)
                                         _031249_ (net)
                 40.02    0.19  538.59 ^ place43639/A (BUFx6f_ASAP7_75t_R)
     3   25.04   66.77   37.14  575.73 ^ place43639/Y (BUFx6f_ASAP7_75t_R)
                                         net43638 (net)
                218.66   68.41  644.14 ^ _206508_/A (XNOR2x2_ASAP7_75t_R)
     2    4.95   43.49  101.86  746.00 v _206508_/Y (XNOR2x2_ASAP7_75t_R)
                                         _184727_ (net)
                 43.63    1.40  747.40 v _206509_/B (XNOR2x2_ASAP7_75t_R)
     4   10.02   86.12   79.66  827.07 ^ _206509_/Y (XNOR2x2_ASAP7_75t_R)
                                         _184728_ (net)
                 86.93    4.69  831.75 ^ _207266_/A (XNOR2x2_ASAP7_75t_R)
     2    3.54   30.99   79.40  911.16 v _207266_/Y (XNOR2x2_ASAP7_75t_R)
                                         _185475_ (net)
                 31.01    0.45  911.60 v _207466_/A (XNOR2x2_ASAP7_75t_R)
     1    1.06   16.94   48.45  960.05 ^ _207466_/Y (XNOR2x2_ASAP7_75t_R)
                                         _185671_ (net)
                 16.95    0.10  960.15 ^ _207467_/B (XNOR2x2_ASAP7_75t_R)
     1    1.58   19.55   55.49 1015.64 v _207467_/Y (XNOR2x2_ASAP7_75t_R)
                                         _185672_ (net)
                 19.57    0.27 1015.91 v _207485_/A (XNOR2x2_ASAP7_75t_R)
     1    3.52   34.89   54.13 1070.04 ^ _207485_/Y (XNOR2x2_ASAP7_75t_R)
                                         _185690_ (net)
                 35.11    1.52 1071.56 ^ _207486_/B (XNOR2x2_ASAP7_75t_R)
     1    0.97   16.19   58.19 1129.74 v _207486_/Y (XNOR2x2_ASAP7_75t_R)
                                         _185691_ (net)
                 16.19    0.08 1129.82 v _207490_/A (XNOR2x2_ASAP7_75t_R)
     1    4.74   44.65   56.88 1186.70 ^ _207490_/Y (XNOR2x2_ASAP7_75t_R)
                                         _185695_ (net)
                 45.16    2.65 1189.35 ^ _207492_/A2 (OA21x2_ASAP7_75t_R)
     1    0.58   16.40   38.55 1227.90 ^ _207492_/Y (OA21x2_ASAP7_75t_R)
                                         _037391_ (net)
                 16.40    0.04 1227.95 ^ u_tx.g_crc3.u_crc.part[1][13]$_DFFE_PP_/D (DFFHQNx1_ASAP7_75t_R)
                               1227.95   data arrival time

                        833.00  833.00   clock core_clk (rise edge)
                          0.00  833.00   clock source latency
     1   16.40    0.00    0.00  833.00 ^ clk (in)
                                         clk (net)
                 36.36   11.47  844.47 ^ wire48944/A (BUFx12f_ASAP7_75t_R)
     1   15.99   29.55   33.34  877.81 ^ wire48944/Y (BUFx12f_ASAP7_75t_R)
                                         net48943 (net)
                 55.72   15.52  893.33 ^ clkbuf_0_clk/A (BUFx24_ASAP7_75t_R)
     2   10.80   19.94   48.43  941.76 ^ clkbuf_0_clk/Y (BUFx24_ASAP7_75t_R)
                                         clknet_0_clk (net)
                 21.78    3.04  944.80 ^ clkbuf_1_1_0_clk/A (BUFx24_ASAP7_75t_R)
     2    7.33   16.32   35.23  980.03 ^ clkbuf_1_1_0_clk/Y (BUFx24_ASAP7_75t_R)
                                         clknet_1_1_0_clk (net)
                 18.66    3.17  983.19 ^ clkbuf_2_2_0_clk/A (BUFx24_ASAP7_75t_R)
     1    7.33   16.28   34.17 1017.36 ^ clkbuf_2_2_0_clk/Y (BUFx24_ASAP7_75t_R)
                                         clknet_2_2_0_clk (net)
                 18.59    3.27 1020.63 ^ clkbuf_2_2_1_clk/A (BUFx24_ASAP7_75t_R)
     2    7.45   16.33   34.24 1054.88 ^ clkbuf_2_2_1_clk/Y (BUFx24_ASAP7_75t_R)
                                         clknet_2_2_1_clk (net)
                 17.88    2.51 1057.38 ^ clkbuf_3_5_0_clk/A (BUFx24_ASAP7_75t_R)
     2   11.23   19.38   34.85 1092.23 ^ clkbuf_3_5_0_clk/Y (BUFx24_ASAP7_75t_R)
                                         clknet_3_5_0_clk (net)
                 23.10    4.29 1096.53 ^ clkbuf_4_10_0_clk/A (BUFx24_ASAP7_75t_R)
     4   15.86   23.40   38.33 1134.85 ^ clkbuf_4_10_0_clk/Y (BUFx24_ASAP7_75t_R)
                                         clknet_4_10_0_clk (net)
                 24.62    2.73 1137.58 ^ clkbuf_6_41_0_clk/A (BUFx24_ASAP7_75t_R)
     4   10.40   18.72   37.51 1175.09 ^ clkbuf_6_41_0_clk/Y (BUFx24_ASAP7_75t_R)
                                         clknet_6_41_0_clk (net)
                 19.62    2.04 1177.13 ^ clkbuf_8_165__f_clk/A (BUFx24_ASAP7_75t_R)
    10   21.31   27.75   38.85 1215.98 ^ clkbuf_8_165__f_clk/Y (BUFx24_ASAP7_75t_R)
                                         clknet_8_165__leaf_clk (net)
                 29.57    3.70 1219.68 ^ clkbuf_leaf_532_clk/A (BUFx24_ASAP7_75t_R)
    17    8.72   17.21   38.54 1258.22 ^ clkbuf_leaf_532_clk/Y (BUFx24_ASAP7_75t_R)
                                         clknet_leaf_532_clk (net)
                 19.25    2.74 1260.96 ^ u_tx.g_crc3.u_crc.part[1][13]$_DFFE_PP_/CLK (DFFHQNx1_ASAP7_75t_R)
                        -60.00 1200.96   clock uncertainty
                          3.89 1204.85   clock reconvergence pessimism
                        -15.47 1189.38   library setup time
                               1189.38   data required time
-----------------------------------------------------------------------------
                               1189.38   data required time
                               -1227.95   data arrival time
-----------------------------------------------------------------------------
                                -38.57   slack (VIOLATED)



==========================================================================
finish report_check_types -max_slew -max_cap -max_fanout -violators
--------------------------------------------------------------------------
max fanout

Pin                                   Limit Fanout  Slack
---------------------------------------------------------
clkbuf_8_213__f_clk/Y                    16     18     -2 (VIOLATED)
clkbuf_leaf_1000_clk/Y                   16     17        (VIOLATED)
clkbuf_leaf_1002_clk/Y                   16     17        (VIOLATED)
clkbuf_leaf_1003_clk/Y                   16     17        (VIOLATED)
clkbuf_leaf_1007_clk/Y                   16     17        (VIOLATED)
clkbuf_leaf_1015_clk/Y                   16     17        (VIOLATED)
clkbuf_leaf_1017_clk/Y                   16     17        (VIOLATED)
clkbuf_leaf_1018_clk/Y                   16     17        (VIOLATED)
clkbuf_leaf_1019_clk/Y                   16     17        (VIOLATED)
clkbuf_leaf_101_clk/Y                    16     17        (VIOLATED)
clkbuf_leaf_1026_clk/Y                   16     17        (VIOLATED)
clkbuf_leaf_1027_clk/Y                   16     17        (VIOLATED)
clkbuf_leaf_102_clk/Y                    16     17        (VIOLATED)
clkbuf_leaf_1031_clk/Y                   16     17        (VIOLATED)
clkbuf_leaf_1032_clk/Y                   16     17        (VIOLATED)
clkbuf_leaf_1034_clk/Y                   16     17        (VIOLATED)
clkbuf_leaf_1035_clk/Y                   16     17        (VIOLATED)
clkbuf_leaf_1036_clk/Y                   16     17        (VIOLATED)
clkbuf_leaf_1037_clk/Y                   16     17        (VIOLATED)
clkbuf_leaf_1038_clk/Y                   16     17        (VIOLATED)
clkbuf_leaf_1040_clk/Y                   16     17        (VIOLATED)
clkbuf_leaf_1041_clk/Y                   16     17        (VIOLATED)
clkbuf_leaf_1042_clk/Y                   16     17        (VIOLATED)
clkbuf_leaf_1043_clk/Y                   16     17        (VIOLATED)
clkbuf_leaf_1044_clk/Y                   16     17        (VIOLATED)
clkbuf_leaf_1046_clk/Y                   16     17        (VIOLATED)
clkbuf_leaf_1047_clk/Y                   16     17        (VIOLATED)
clkbuf_leaf_1053_clk/Y                   16     17        (VIOLATED)
clkbuf_leaf_1054_clk/Y                   16     17        (VIOLATED)
clkbuf_leaf_1056_clk/Y                   16     17        (VIOLATED)
clkbuf_leaf_1057_clk/Y                   16     17        (VIOLATED)
clkbuf_leaf_1058_clk/Y                   16     17        (VIOLATED)
clkbuf_leaf_1059_clk/Y                   16     17        (VIOLATED)
clkbuf_leaf_1060_clk/Y                   16     17        (VIOLATED)
clkbuf_leaf_1062_clk/Y                   16     17        (VIOLATED)
clkbuf_leaf_1065_clk/Y                   16     17        (VIOLATED)
clkbuf_leaf_1067_clk/Y                   16     17        (VIOLATED)
clkbuf_leaf_1068_clk/Y                   16     17        (VIOLATED)
clkbuf_leaf_1069_clk/Y                   16     17        (VIOLATED)
clkbuf_leaf_1070_clk/Y                   16     17        (VIOLATED)
clkbuf_leaf_1071_clk/Y                   16     17        (VIOLATED)
clkbuf_leaf_1073_clk/Y                   16     17        (VIOLATED)
clkbuf_leaf_1075_clk/Y                   16     17        (VIOLATED)
clkbuf_leaf_1076_clk/Y                   16     17        (VIOLATED)
clkbuf_leaf_1077_clk/Y                   16     17        (VIOLATED)
clkbuf_leaf_1078_clk/Y                   16     17        (VIOLATED)
clkbuf_leaf_1080_clk/Y                   16     17        (VIOLATED)
clkbuf_leaf_1082_clk/Y                   16     17        (VIOLATED)
clkbuf_leaf_1083_clk/Y                   16     17        (VIOLATED)
clkbuf_leaf_1084_clk/Y                   16     17        (VIOLATED)
clkbuf_leaf_1085_clk/Y                   16     17        (VIOLATED)
clkbuf_leaf_1086_clk/Y                   16     17        (VIOLATED)
clkbuf_leaf_1088_clk/Y                   16     17        (VIOLATED)
clkbuf_leaf_1089_clk/Y                   16     17        (VIOLATED)
clkbuf_leaf_1090_clk/Y                   16     17        (VIOLATED)
clkbuf_leaf_1091_clk/Y                   16     17        (VIOLATED)
clkbuf_leaf_1092_clk/Y                   16     17        (VIOLATED)
clkbuf_leaf_1093_clk/Y                   16     17        (VIOLATED)
clkbuf_leaf_1107_clk/Y                   16     17        (VIOLATED)
clkbuf_leaf_1108_clk/Y                   16     17        (VIOLATED)
clkbuf_leaf_1109_clk/Y                   16     17        (VIOLATED)
clkbuf_leaf_1111_clk/Y                   16     17        (VIOLATED)
clkbuf_leaf_1112_clk/Y                   16     17        (VIOLATED)
clkbuf_leaf_1113_clk/Y                   16     17        (VIOLATED)
clkbuf_leaf_1114_clk/Y                   16     17        (VIOLATED)
clkbuf_leaf_1115_clk/Y                   16     17        (VIOLATED)
clkbuf_leaf_1116_clk/Y                   16     17        (VIOLATED)
clkbuf_leaf_1117_clk/Y                   16     17        (VIOLATED)
clkbuf_leaf_1118_clk/Y                   16     17        (VIOLATED)
clkbuf_leaf_1119_clk/Y                   16     17        (VIOLATED)
clkbuf_leaf_111_clk/Y                    16     17        (VIOLATED)
clkbuf_leaf_1120_clk/Y                   16     17        (VIOLATED)
clkbuf_leaf_1121_clk/Y                   16     17        (VIOLATED)
clkbuf_leaf_1139_clk/Y                   16     17        (VIOLATED)
clkbuf_leaf_1140_clk/Y                   16     17        (VIOLATED)
clkbuf_leaf_1145_clk/Y                   16     17        (VIOLATED)
clkbuf_leaf_1146_clk/Y                   16     17        (VIOLATED)
clkbuf_leaf_1147_clk/Y                   16     17        (VIOLATED)
clkbuf_leaf_1148_clk/Y                   16     17        (VIOLATED)
clkbuf_leaf_1161_clk/Y                   16     17        (VIOLATED)
clkbuf_leaf_1162_clk/Y                   16     17        (VIOLATED)
clkbuf_leaf_1164_clk/Y                   16     17        (VIOLATED)
clkbuf_leaf_116_clk/Y                    16     17        (VIOLATED)
clkbuf_leaf_117_clk/Y                    16     17        (VIOLATED)
clkbuf_leaf_118_clk/Y                    16     17        (VIOLATED)
clkbuf_leaf_119_clk/Y                    16     17        (VIOLATED)
clkbuf_leaf_122_clk/Y                    16     17        (VIOLATED)
clkbuf_leaf_123_clk/Y                    16     17        (VIOLATED)
clkbuf_leaf_124_clk/Y                    16     17        (VIOLATED)
clkbuf_leaf_125_clk/Y                    16     17        (VIOLATED)
clkbuf_leaf_126_clk/Y                    16     17        (VIOLATED)
clkbuf_leaf_1284_clk/Y                   16     17        (VIOLATED)
clkbuf_leaf_1285_clk/Y                   16     17        (VIOLATED)
clkbuf_leaf_1286_clk/Y                   16     17        (VIOLATED)
clkbuf_leaf_1287_clk/Y                   16     17        (VIOLATED)
clkbuf_leaf_129_clk/Y                    16     17        (VIOLATED)
clkbuf_leaf_12_clk/Y                     16     17        (VIOLATED)
clkbuf_leaf_1318_clk/Y                   16     17        (VIOLATED)
clkbuf_leaf_1319_clk/Y                   16     17        (VIOLATED)
clkbuf_leaf_131_clk/Y                    16     17        (VIOLATED)
clkbuf_leaf_1320_clk/Y                   16     17        (VIOLATED)
clkbuf_leaf_1323_clk/Y                   16     17        (VIOLATED)
clkbuf_leaf_1324_clk/Y                   16     17        (VIOLATED)
clkbuf_leaf_1325_clk/Y                   16     17        (VIOLATED)
clkbuf_leaf_1326_clk/Y                   16     17        (VIOLATED)
clkbuf_leaf_1327_clk/Y                   16     17        (VIOLATED)
clkbuf_leaf_1329_clk/Y                   16     17        (VIOLATED)
clkbuf_leaf_1331_clk/Y                   16     17        (VIOLATED)
clkbuf_leaf_1332_clk/Y                   16     17        (VIOLATED)
clkbuf_leaf_1333_clk/Y                   16     17        (VIOLATED)
clkbuf_leaf_1334_clk/Y                   16     17        (VIOLATED)
clkbuf_leaf_1340_clk/Y                   16     17        (VIOLATED)
clkbuf_leaf_1341_clk/Y                   16     17        (VIOLATED)
clkbuf_leaf_1358_clk/Y                   16     17        (VIOLATED)
clkbuf_leaf_1360_clk/Y                   16     17        (VIOLATED)
clkbuf_leaf_1361_clk/Y                   16     17        (VIOLATED)
clkbuf_leaf_1362_clk/Y                   16     17        (VIOLATED)
clkbuf_leaf_1363_clk/Y                   16     17        (VIOLATED)
clkbuf_leaf_1365_clk/Y                   16     17        (VIOLATED)
clkbuf_leaf_1366_clk/Y                   16     17        (VIOLATED)
clkbuf_leaf_1367_clk/Y                   16     17        (VIOLATED)
clkbuf_leaf_1368_clk/Y                   16     17        (VIOLATED)
clkbuf_leaf_1369_clk/Y                   16     17        (VIOLATED)
clkbuf_leaf_1370_clk/Y                   16     17        (VIOLATED)
clkbuf_leaf_1371_clk/Y                   16     17        (VIOLATED)
clkbuf_leaf_1376_clk/Y                   16     17        (VIOLATED)
clkbuf_leaf_1377_clk/Y                   16     17        (VIOLATED)
clkbuf_leaf_1378_clk/Y                   16     17        (VIOLATED)
clkbuf_leaf_1380_clk/Y                   16     17        (VIOLATED)
clkbuf_leaf_1382_clk/Y                   16     17        (VIOLATED)
clkbuf_leaf_1383_clk/Y                   16     17        (VIOLATED)
clkbuf_leaf_1388_clk/Y                   16     17        (VIOLATED)
clkbuf_leaf_138_clk/Y                    16     17        (VIOLATED)
clkbuf_leaf_1393_clk/Y                   16     17        (VIOLATED)
clkbuf_leaf_1394_clk/Y                   16     17        (VIOLATED)
clkbuf_leaf_139_clk/Y                    16     17        (VIOLATED)
clkbuf_leaf_13_clk/Y                     16     17        (VIOLATED)
clkbuf_leaf_140_clk/Y                    16     17        (VIOLATED)
clkbuf_leaf_141_clk/Y                    16     17        (VIOLATED)
clkbuf_leaf_142_clk/Y                    16     17        (VIOLATED)
clkbuf_leaf_143_clk/Y                    16     17        (VIOLATED)
clkbuf_leaf_1442_clk/Y                   16     17        (VIOLATED)
clkbuf_leaf_1443_clk/Y                   16     17        (VIOLATED)
clkbuf_leaf_1445_clk/Y                   16     17        (VIOLATED)
clkbuf_leaf_1446_clk/Y                   16     17        (VIOLATED)
clkbuf_leaf_144_clk/Y                    16     17        (VIOLATED)
clkbuf_leaf_1458_clk/Y                   16     17        (VIOLATED)
clkbuf_leaf_1463_clk/Y                   16     17        (VIOLATED)
clkbuf_leaf_1464_clk/Y                   16     17        (VIOLATED)
clkbuf_leaf_1465_clk/Y                   16     17        (VIOLATED)
clkbuf_leaf_1468_clk/Y                   16     17        (VIOLATED)
clkbuf_leaf_1469_clk/Y                   16     17        (VIOLATED)
clkbuf_leaf_146_clk/Y                    16     17        (VIOLATED)
clkbuf_leaf_1470_clk/Y                   16     17        (VIOLATED)
clkbuf_leaf_1471_clk/Y                   16     17        (VIOLATED)
clkbuf_leaf_1472_clk/Y                   16     17        (VIOLATED)
clkbuf_leaf_1473_clk/Y                   16     17        (VIOLATED)
clkbuf_leaf_1474_clk/Y                   16     17        (VIOLATED)
clkbuf_leaf_1476_clk/Y                   16     17        (VIOLATED)
clkbuf_leaf_147_clk/Y                    16     17        (VIOLATED)
clkbuf_leaf_1483_clk/Y                   16     17        (VIOLATED)
clkbuf_leaf_148_clk/Y                    16     17        (VIOLATED)
clkbuf_leaf_149_clk/Y                    16     17        (VIOLATED)
clkbuf_leaf_1505_clk/Y                   16     17        (VIOLATED)
clkbuf_leaf_1506_clk/Y                   16     17        (VIOLATED)
clkbuf_leaf_1507_clk/Y                   16     17        (VIOLATED)
clkbuf_leaf_1508_clk/Y                   16     17        (VIOLATED)
clkbuf_leaf_150_clk/Y                    16     17        (VIOLATED)
clkbuf_leaf_1511_clk/Y                   16     17        (VIOLATED)
clkbuf_leaf_1512_clk/Y                   16     17        (VIOLATED)
clkbuf_leaf_1513_clk/Y                   16     17        (VIOLATED)
clkbuf_leaf_1514_clk/Y                   16     17        (VIOLATED)
clkbuf_leaf_151_clk/Y                    16     17        (VIOLATED)
clkbuf_leaf_1520_clk/Y                   16     17        (VIOLATED)
clkbuf_leaf_1521_clk/Y                   16     17        (VIOLATED)
clkbuf_leaf_1522_clk/Y                   16     17        (VIOLATED)
clkbuf_leaf_1524_clk/Y                   16     17        (VIOLATED)
clkbuf_leaf_1525_clk/Y                   16     17        (VIOLATED)
clkbuf_leaf_1526_clk/Y                   16     17        (VIOLATED)
clkbuf_leaf_1527_clk/Y                   16     17        (VIOLATED)
clkbuf_leaf_1528_clk/Y                   16     17        (VIOLATED)
clkbuf_leaf_1529_clk/Y                   16     17        (VIOLATED)
clkbuf_leaf_152_clk/Y                    16     17        (VIOLATED)
clkbuf_leaf_1530_clk/Y                   16     17        (VIOLATED)
clkbuf_leaf_1532_clk/Y                   16     17        (VIOLATED)
clkbuf_leaf_1539_clk/Y                   16     17        (VIOLATED)
clkbuf_leaf_1540_clk/Y                   16     17        (VIOLATED)
clkbuf_leaf_1541_clk/Y                   16     17        (VIOLATED)
clkbuf_leaf_1542_clk/Y                   16     17        (VIOLATED)
clkbuf_leaf_1543_clk/Y                   16     17        (VIOLATED)
clkbuf_leaf_1545_clk/Y                   16     17        (VIOLATED)
clkbuf_leaf_1546_clk/Y                   16     17        (VIOLATED)
clkbuf_leaf_1548_clk/Y                   16     17        (VIOLATED)
clkbuf_leaf_154_clk/Y                    16     17        (VIOLATED)
clkbuf_leaf_155_clk/Y                    16     17        (VIOLATED)
clkbuf_leaf_156_clk/Y                    16     17        (VIOLATED)
clkbuf_leaf_157_clk/Y                    16     17        (VIOLATED)
clkbuf_leaf_1586_clk/Y                   16     17        (VIOLATED)
clkbuf_leaf_1587_clk/Y                   16     17        (VIOLATED)
clkbuf_leaf_1588_clk/Y                   16     17        (VIOLATED)
clkbuf_leaf_1589_clk/Y                   16     17        (VIOLATED)
clkbuf_leaf_158_clk/Y                    16     17        (VIOLATED)
clkbuf_leaf_1590_clk/Y                   16     17        (VIOLATED)
clkbuf_leaf_1591_clk/Y                   16     17        (VIOLATED)
clkbuf_leaf_1593_clk/Y                   16     17        (VIOLATED)
clkbuf_leaf_1594_clk/Y                   16     17        (VIOLATED)
clkbuf_leaf_1595_clk/Y                   16     17        (VIOLATED)
clkbuf_leaf_159_clk/Y                    16     17        (VIOLATED)
clkbuf_leaf_1601_clk/Y                   16     17        (VIOLATED)
clkbuf_leaf_1602_clk/Y                   16     17        (VIOLATED)
clkbuf_leaf_1603_clk/Y                   16     17        (VIOLATED)
clkbuf_leaf_1604_clk/Y                   16     17        (VIOLATED)
clkbuf_leaf_1605_clk/Y                   16     17        (VIOLATED)
clkbuf_leaf_1606_clk/Y                   16     17        (VIOLATED)
clkbuf_leaf_160_clk/Y                    16     17        (VIOLATED)
clkbuf_leaf_1613_clk/Y                   16     17        (VIOLATED)
clkbuf_leaf_161_clk/Y                    16     17        (VIOLATED)
clkbuf_leaf_1620_clk/Y                   16     17        (VIOLATED)
clkbuf_leaf_1621_clk/Y                   16     17        (VIOLATED)
clkbuf_leaf_1622_clk/Y                   16     17        (VIOLATED)
clkbuf_leaf_1623_clk/Y                   16     17        (VIOLATED)
clkbuf_leaf_1625_clk/Y                   16     17        (VIOLATED)
clkbuf_leaf_1626_clk/Y                   16     17        (VIOLATED)
clkbuf_leaf_1627_clk/Y                   16     17        (VIOLATED)
clkbuf_leaf_1628_clk/Y                   16     17        (VIOLATED)
clkbuf_leaf_162_clk/Y                    16     17        (VIOLATED)
clkbuf_leaf_163_clk/Y                    16     17        (VIOLATED)
clkbuf_leaf_164_clk/Y                    16     17        (VIOLATED)
clkbuf_leaf_165_clk/Y                    16     17        (VIOLATED)
clkbuf_leaf_166_clk/Y                    16     17        (VIOLATED)
clkbuf_leaf_167_clk/Y                    16     17        (VIOLATED)
clkbuf_leaf_168_clk/Y                    16     17        (VIOLATED)
clkbuf_leaf_169_clk/Y                    16     17        (VIOLATED)
clkbuf_leaf_170_clk/Y                    16     17        (VIOLATED)
clkbuf_leaf_171_clk/Y                    16     17        (VIOLATED)
clkbuf_leaf_173_clk/Y                    16     17        (VIOLATED)
clkbuf_leaf_174_clk/Y                    16     17        (VIOLATED)
clkbuf_leaf_176_clk/Y                    16     17        (VIOLATED)
clkbuf_leaf_177_clk/Y                    16     17        (VIOLATED)
clkbuf_leaf_179_clk/Y                    16     17        (VIOLATED)
clkbuf_leaf_180_clk/Y                    16     17        (VIOLATED)
clkbuf_leaf_1855_clk/Y                   16     17        (VIOLATED)
clkbuf_leaf_1864_clk/Y                   16     17        (VIOLATED)
clkbuf_leaf_1865_clk/Y                   16     17        (VIOLATED)
clkbuf_leaf_1866_clk/Y                   16     17        (VIOLATED)
clkbuf_leaf_1869_clk/Y                   16     17        (VIOLATED)
clkbuf_leaf_1872_clk/Y                   16     17        (VIOLATED)
clkbuf_leaf_1873_clk/Y                   16     17        (VIOLATED)
clkbuf_leaf_1874_clk/Y                   16     17        (VIOLATED)
clkbuf_leaf_1876_clk/Y                   16     17        (VIOLATED)
clkbuf_leaf_1877_clk/Y                   16     17        (VIOLATED)
clkbuf_leaf_1878_clk/Y                   16     17        (VIOLATED)
clkbuf_leaf_1879_clk/Y                   16     17        (VIOLATED)
clkbuf_leaf_1880_clk/Y                   16     17        (VIOLATED)
clkbuf_leaf_1881_clk/Y                   16     17        (VIOLATED)
clkbuf_leaf_189_clk/Y                    16     17        (VIOLATED)
clkbuf_leaf_18_clk/Y                     16     17        (VIOLATED)
clkbuf_leaf_190_clk/Y                    16     17        (VIOLATED)
clkbuf_leaf_1922_clk/Y                   16     17        (VIOLATED)
clkbuf_leaf_1923_clk/Y                   16     17        (VIOLATED)
clkbuf_leaf_1924_clk/Y                   16     17        (VIOLATED)
clkbuf_leaf_1925_clk/Y                   16     17        (VIOLATED)
clkbuf_leaf_1927_clk/Y                   16     17        (VIOLATED)
clkbuf_leaf_1929_clk/Y                   16     17        (VIOLATED)
clkbuf_leaf_192_clk/Y                    16     17        (VIOLATED)
clkbuf_leaf_1930_clk/Y                   16     17        (VIOLATED)
clkbuf_leaf_1931_clk/Y                   16     17        (VIOLATED)
clkbuf_leaf_193_clk/Y                    16     17        (VIOLATED)
clkbuf_leaf_1949_clk/Y                   16     17        (VIOLATED)
clkbuf_leaf_1950_clk/Y                   16     17        (VIOLATED)
clkbuf_leaf_1951_clk/Y                   16     17        (VIOLATED)
clkbuf_leaf_1952_clk/Y                   16     17        (VIOLATED)
clkbuf_leaf_1953_clk/Y                   16     17        (VIOLATED)
clkbuf_leaf_1954_clk/Y                   16     17        (VIOLATED)
clkbuf_leaf_1955_clk/Y                   16     17        (VIOLATED)
clkbuf_leaf_1956_clk/Y                   16     17        (VIOLATED)
clkbuf_leaf_195_clk/Y                    16     17        (VIOLATED)
clkbuf_leaf_1960_clk/Y                   16     17        (VIOLATED)
clkbuf_leaf_1963_clk/Y                   16     17        (VIOLATED)
clkbuf_leaf_1964_clk/Y                   16     17        (VIOLATED)
clkbuf_leaf_1966_clk/Y                   16     17        (VIOLATED)
clkbuf_leaf_1968_clk/Y                   16     17        (VIOLATED)
clkbuf_leaf_196_clk/Y                    16     17        (VIOLATED)
clkbuf_leaf_1976_clk/Y                   16     17        (VIOLATED)
clkbuf_leaf_1977_clk/Y                   16     17        (VIOLATED)
clkbuf_leaf_1978_clk/Y                   16     17        (VIOLATED)
clkbuf_leaf_1979_clk/Y                   16     17        (VIOLATED)
clkbuf_leaf_197_clk/Y                    16     17        (VIOLATED)
clkbuf_leaf_198_clk/Y                    16     17        (VIOLATED)
clkbuf_leaf_1996_clk/Y                   16     17        (VIOLATED)
clkbuf_leaf_199_clk/Y                    16     17        (VIOLATED)
clkbuf_leaf_2002_clk/Y                   16     17        (VIOLATED)
clkbuf_leaf_2004_clk/Y                   16     17        (VIOLATED)
clkbuf_leaf_200_clk/Y                    16     17        (VIOLATED)
clkbuf_leaf_2013_clk/Y                   16     17        (VIOLATED)
clkbuf_leaf_2014_clk/Y                   16     17        (VIOLATED)
clkbuf_leaf_2015_clk/Y                   16     17        (VIOLATED)
clkbuf_leaf_201_clk/Y                    16     17        (VIOLATED)
clkbuf_leaf_202_clk/Y                    16     17        (VIOLATED)
clkbuf_leaf_2033_clk/Y                   16     17        (VIOLATED)
clkbuf_leaf_203_clk/Y                    16     17        (VIOLATED)
clkbuf_leaf_2054_clk/Y                   16     17        (VIOLATED)
clkbuf_leaf_2056_clk/Y                   16     17        (VIOLATED)
clkbuf_leaf_2057_clk/Y                   16     17        (VIOLATED)
clkbuf_leaf_2062_clk/Y                   16     17        (VIOLATED)
clkbuf_leaf_2063_clk/Y                   16     17        (VIOLATED)
clkbuf_leaf_2065_clk/Y                   16     17        (VIOLATED)
clkbuf_leaf_2066_clk/Y                   16     17        (VIOLATED)
clkbuf_leaf_2067_clk/Y                   16     17        (VIOLATED)
clkbuf_leaf_2069_clk/Y                   16     17        (VIOLATED)
clkbuf_leaf_206_clk/Y                    16     17        (VIOLATED)
clkbuf_leaf_2070_clk/Y                   16     17        (VIOLATED)
clkbuf_leaf_2071_clk/Y                   16     17        (VIOLATED)
clkbuf_leaf_2072_clk/Y                   16     17        (VIOLATED)
clkbuf_leaf_2073_clk/Y                   16     17        (VIOLATED)
clkbuf_leaf_2074_clk/Y                   16     17        (VIOLATED)
clkbuf_leaf_2076_clk/Y                   16     17        (VIOLATED)
clkbuf_leaf_2077_clk/Y                   16     17        (VIOLATED)
clkbuf_leaf_207_clk/Y                    16     17        (VIOLATED)
clkbuf_leaf_2080_clk/Y                   16     17        (VIOLATED)
clkbuf_leaf_2081_clk/Y                   16     17        (VIOLATED)
clkbuf_leaf_208_clk/Y                    16     17        (VIOLATED)
clkbuf_leaf_2091_clk/Y                   16     17        (VIOLATED)
clkbuf_leaf_2092_clk/Y                   16     17        (VIOLATED)
clkbuf_leaf_2093_clk/Y                   16     17        (VIOLATED)
clkbuf_leaf_2095_clk/Y                   16     17        (VIOLATED)
clkbuf_leaf_2096_clk/Y                   16     17        (VIOLATED)
clkbuf_leaf_2097_clk/Y                   16     17        (VIOLATED)
clkbuf_leaf_2098_clk/Y                   16     17        (VIOLATED)
clkbuf_leaf_209_clk/Y                    16     17        (VIOLATED)
clkbuf_leaf_2100_clk/Y                   16     17        (VIOLATED)
clkbuf_leaf_2101_clk/Y                   16     17        (VIOLATED)
clkbuf_leaf_2102_clk/Y                   16     17        (VIOLATED)
clkbuf_leaf_2103_clk/Y                   16     17        (VIOLATED)
clkbuf_leaf_2104_clk/Y                   16     17        (VIOLATED)
clkbuf_leaf_2106_clk/Y                   16     17        (VIOLATED)
clkbuf_leaf_2108_clk/Y                   16     17        (VIOLATED)
clkbuf_leaf_210_clk/Y                    16     17        (VIOLATED)
clkbuf_leaf_2111_clk/Y                   16     17        (VIOLATED)
clkbuf_leaf_2112_clk/Y                   16     17        (VIOLATED)
clkbuf_leaf_2113_clk/Y                   16     17        (VIOLATED)
clkbuf_leaf_2114_clk/Y                   16     17        (VIOLATED)
clkbuf_leaf_2117_clk/Y                   16     17        (VIOLATED)
clkbuf_leaf_2118_clk/Y                   16     17        (VIOLATED)
clkbuf_leaf_2119_clk/Y                   16     17        (VIOLATED)
clkbuf_leaf_211_clk/Y                    16     17        (VIOLATED)
clkbuf_leaf_2120_clk/Y                   16     17        (VIOLATED)
clkbuf_leaf_2121_clk/Y                   16     17        (VIOLATED)
clkbuf_leaf_2122_clk/Y                   16     17        (VIOLATED)
clkbuf_leaf_2123_clk/Y                   16     17        (VIOLATED)
clkbuf_leaf_212_clk/Y                    16     17        (VIOLATED)
clkbuf_leaf_2130_clk/Y                   16     17        (VIOLATED)
clkbuf_leaf_2133_clk/Y                   16     17        (VIOLATED)
clkbuf_leaf_2134_clk/Y                   16     17        (VIOLATED)
clkbuf_leaf_2135_clk/Y                   16     17        (VIOLATED)
clkbuf_leaf_2138_clk/Y                   16     17        (VIOLATED)
clkbuf_leaf_2139_clk/Y                   16     17        (VIOLATED)
clkbuf_leaf_2145_clk/Y                   16     17        (VIOLATED)
clkbuf_leaf_2146_clk/Y                   16     17        (VIOLATED)
clkbuf_leaf_2147_clk/Y                   16     17        (VIOLATED)
clkbuf_leaf_2148_clk/Y                   16     17        (VIOLATED)
clkbuf_leaf_214_clk/Y                    16     17        (VIOLATED)
clkbuf_leaf_2150_clk/Y                   16     17        (VIOLATED)
clkbuf_leaf_2153_clk/Y                   16     17        (VIOLATED)
clkbuf_leaf_2155_clk/Y                   16     17        (VIOLATED)
clkbuf_leaf_2156_clk/Y                   16     17        (VIOLATED)
clkbuf_leaf_2157_clk/Y                   16     17        (VIOLATED)
clkbuf_leaf_215_clk/Y                    16     17        (VIOLATED)
clkbuf_leaf_2165_clk/Y                   16     17        (VIOLATED)
clkbuf_leaf_2166_clk/Y                   16     17        (VIOLATED)
clkbuf_leaf_2167_clk/Y                   16     17        (VIOLATED)
clkbuf_leaf_2172_clk/Y                   16     17        (VIOLATED)
clkbuf_leaf_2173_clk/Y                   16     17        (VIOLATED)
clkbuf_leaf_2174_clk/Y                   16     17        (VIOLATED)
clkbuf_leaf_2175_clk/Y                   16     17        (VIOLATED)
clkbuf_leaf_2176_clk/Y                   16     17        (VIOLATED)
clkbuf_leaf_2180_clk/Y                   16     17        (VIOLATED)
clkbuf_leaf_2181_clk/Y                   16     17        (VIOLATED)
clkbuf_leaf_2182_clk/Y                   16     17        (VIOLATED)
clkbuf_leaf_219_clk/Y                    16     17        (VIOLATED)
clkbuf_leaf_2211_clk/Y                   16     17        (VIOLATED)
clkbuf_leaf_2212_clk/Y                   16     17        (VIOLATED)
clkbuf_leaf_2213_clk/Y                   16     17        (VIOLATED)
clkbuf_leaf_2214_clk/Y                   16     17        (VIOLATED)
clkbuf_leaf_2215_clk/Y                   16     17        (VIOLATED)
clkbuf_leaf_2217_clk/Y                   16     17        (VIOLATED)
clkbuf_leaf_2218_clk/Y                   16     17        (VIOLATED)
clkbuf_leaf_2219_clk/Y                   16     17        (VIOLATED)
clkbuf_leaf_2220_clk/Y                   16     17        (VIOLATED)
clkbuf_leaf_2221_clk/Y                   16     17        (VIOLATED)
clkbuf_leaf_2227_clk/Y                   16     17        (VIOLATED)
clkbuf_leaf_2228_clk/Y                   16     17        (VIOLATED)
clkbuf_leaf_2229_clk/Y                   16     17        (VIOLATED)
clkbuf_leaf_2231_clk/Y                   16     17        (VIOLATED)
clkbuf_leaf_2232_clk/Y                   16     17        (VIOLATED)
clkbuf_leaf_2233_clk/Y                   16     17        (VIOLATED)
clkbuf_leaf_2234_clk/Y                   16     17        (VIOLATED)
clkbuf_leaf_2235_clk/Y                   16     17        (VIOLATED)
clkbuf_leaf_2237_clk/Y                   16     17        (VIOLATED)
clkbuf_leaf_2238_clk/Y                   16     17        (VIOLATED)
clkbuf_leaf_223_clk/Y                    16     17        (VIOLATED)
clkbuf_leaf_2240_clk/Y                   16     17        (VIOLATED)
clkbuf_leaf_2241_clk/Y                   16     17        (VIOLATED)
clkbuf_leaf_2242_clk/Y                   16     17        (VIOLATED)
clkbuf_leaf_2244_clk/Y                   16     17        (VIOLATED)
clkbuf_leaf_2245_clk/Y                   16     17        (VIOLATED)
clkbuf_leaf_2248_clk/Y                   16     17        (VIOLATED)
clkbuf_leaf_224_clk/Y                    16     17        (VIOLATED)
clkbuf_leaf_2250_clk/Y                   16     17        (VIOLATED)
clkbuf_leaf_2251_clk/Y                   16     17        (VIOLATED)
clkbuf_leaf_2252_clk/Y                   16     17        (VIOLATED)
clkbuf_leaf_2254_clk/Y                   16     17        (VIOLATED)
clkbuf_leaf_2255_clk/Y                   16     17        (VIOLATED)
clkbuf_leaf_2256_clk/Y                   16     17        (VIOLATED)
clkbuf_leaf_2257_clk/Y                   16     17        (VIOLATED)
clkbuf_leaf_2258_clk/Y                   16     17        (VIOLATED)
clkbuf_leaf_2259_clk/Y                   16     17        (VIOLATED)
clkbuf_leaf_2261_clk/Y                   16     17        (VIOLATED)
clkbuf_leaf_2262_clk/Y                   16     17        (VIOLATED)
clkbuf_leaf_2263_clk/Y                   16     17        (VIOLATED)
clkbuf_leaf_2264_clk/Y                   16     17        (VIOLATED)
clkbuf_leaf_2265_clk/Y                   16     17        (VIOLATED)
clkbuf_leaf_2267_clk/Y                   16     17        (VIOLATED)
clkbuf_leaf_2268_clk/Y                   16     17        (VIOLATED)
clkbuf_leaf_2269_clk/Y                   16     17        (VIOLATED)
clkbuf_leaf_226_clk/Y                    16     17        (VIOLATED)
clkbuf_leaf_2270_clk/Y                   16     17        (VIOLATED)
clkbuf_leaf_2271_clk/Y                   16     17        (VIOLATED)
clkbuf_leaf_2272_clk/Y                   16     17        (VIOLATED)
clkbuf_leaf_2273_clk/Y                   16     17        (VIOLATED)
clkbuf_leaf_2274_clk/Y                   16     17        (VIOLATED)
clkbuf_leaf_2275_clk/Y                   16     17        (VIOLATED)
clkbuf_leaf_2276_clk/Y                   16     17        (VIOLATED)
clkbuf_leaf_2277_clk/Y                   16     17        (VIOLATED)
clkbuf_leaf_2278_clk/Y                   16     17        (VIOLATED)
clkbuf_leaf_227_clk/Y                    16     17        (VIOLATED)
clkbuf_leaf_2280_clk/Y                   16     17        (VIOLATED)
clkbuf_leaf_2284_clk/Y                   16     17        (VIOLATED)
clkbuf_leaf_2289_clk/Y                   16     17        (VIOLATED)
clkbuf_leaf_228_clk/Y                    16     17        (VIOLATED)
clkbuf_leaf_2290_clk/Y                   16     17        (VIOLATED)
clkbuf_leaf_2291_clk/Y                   16     17        (VIOLATED)
clkbuf_leaf_2315_clk/Y                   16     17        (VIOLATED)
clkbuf_leaf_2316_clk/Y                   16     17        (VIOLATED)
clkbuf_leaf_2317_clk/Y                   16     17        (VIOLATED)
clkbuf_leaf_2318_clk/Y                   16     17        (VIOLATED)
clkbuf_leaf_2319_clk/Y                   16     17        (VIOLATED)
clkbuf_leaf_231_clk/Y                    16     17        (VIOLATED)
clkbuf_leaf_2320_clk/Y                   16     17        (VIOLATED)
clkbuf_leaf_2321_clk/Y                   16     17        (VIOLATED)
clkbuf_leaf_2322_clk/Y                   16     17        (VIOLATED)
clkbuf_leaf_2323_clk/Y                   16     17        (VIOLATED)
clkbuf_leaf_2324_clk/Y                   16     17        (VIOLATED)
clkbuf_leaf_2326_clk/Y                   16     17        (VIOLATED)
clkbuf_leaf_2327_clk/Y                   16     17        (VIOLATED)
clkbuf_leaf_2328_clk/Y                   16     17        (VIOLATED)
clkbuf_leaf_232_clk/Y                    16     17        (VIOLATED)
clkbuf_leaf_2332_clk/Y                   16     17        (VIOLATED)
clkbuf_leaf_2335_clk/Y                   16     17        (VIOLATED)
clkbuf_leaf_307_clk/Y                    16     17        (VIOLATED)
clkbuf_leaf_311_clk/Y                    16     17        (VIOLATED)
clkbuf_leaf_313_clk/Y                    16     17        (VIOLATED)
clkbuf_leaf_316_clk/Y                    16     17        (VIOLATED)
clkbuf_leaf_317_clk/Y                    16     17        (VIOLATED)
clkbuf_leaf_318_clk/Y                    16     17        (VIOLATED)
clkbuf_leaf_319_clk/Y                    16     17        (VIOLATED)
clkbuf_leaf_323_clk/Y                    16     17        (VIOLATED)
clkbuf_leaf_324_clk/Y                    16     17        (VIOLATED)
clkbuf_leaf_327_clk/Y                    16     17        (VIOLATED)
clkbuf_leaf_329_clk/Y                    16     17        (VIOLATED)
clkbuf_leaf_330_clk/Y                    16     17        (VIOLATED)
clkbuf_leaf_33_clk/Y                     16     17        (VIOLATED)
clkbuf_leaf_34_clk/Y                     16     17        (VIOLATED)
clkbuf_leaf_35_clk/Y                     16     17        (VIOLATED)
clkbuf_leaf_368_clk/Y                    16     17        (VIOLATED)
clkbuf_leaf_36_clk/Y                     16     17        (VIOLATED)
clkbuf_leaf_375_clk/Y                    16     17        (VIOLATED)
clkbuf_leaf_376_clk/Y                    16     17        (VIOLATED)
clkbuf_leaf_377_clk/Y                    16     17        (VIOLATED)
clkbuf_leaf_378_clk/Y                    16     17        (VIOLATED)
clkbuf_leaf_379_clk/Y                    16     17        (VIOLATED)
clkbuf_leaf_37_clk/Y                     16     17        (VIOLATED)
clkbuf_leaf_380_clk/Y                    16     17        (VIOLATED)
clkbuf_leaf_381_clk/Y                    16     17        (VIOLATED)
clkbuf_leaf_382_clk/Y                    16     17        (VIOLATED)
clkbuf_leaf_383_clk/Y                    16     17        (VIOLATED)
clkbuf_leaf_384_clk/Y                    16     17        (VIOLATED)
clkbuf_leaf_385_clk/Y                    16     17        (VIOLATED)
clkbuf_leaf_386_clk/Y                    16     17        (VIOLATED)
clkbuf_leaf_387_clk/Y                    16     17        (VIOLATED)
clkbuf_leaf_388_clk/Y                    16     17        (VIOLATED)
clkbuf_leaf_389_clk/Y                    16     17        (VIOLATED)
clkbuf_leaf_38_clk/Y                     16     17        (VIOLATED)
clkbuf_leaf_390_clk/Y                    16     17        (VIOLATED)
clkbuf_leaf_391_clk/Y                    16     17        (VIOLATED)
clkbuf_leaf_392_clk/Y                    16     17        (VIOLATED)
clkbuf_leaf_393_clk/Y                    16     17        (VIOLATED)
clkbuf_leaf_395_clk/Y                    16     17        (VIOLATED)
clkbuf_leaf_396_clk/Y                    16     17        (VIOLATED)
clkbuf_leaf_397_clk/Y                    16     17        (VIOLATED)
clkbuf_leaf_398_clk/Y                    16     17        (VIOLATED)
clkbuf_leaf_400_clk/Y                    16     17        (VIOLATED)
clkbuf_leaf_402_clk/Y                    16     17        (VIOLATED)
clkbuf_leaf_405_clk/Y                    16     17        (VIOLATED)
clkbuf_leaf_406_clk/Y                    16     17        (VIOLATED)
clkbuf_leaf_407_clk/Y                    16     17        (VIOLATED)
clkbuf_leaf_408_clk/Y                    16     17        (VIOLATED)
clkbuf_leaf_410_clk/Y                    16     17        (VIOLATED)
clkbuf_leaf_411_clk/Y                    16     17        (VIOLATED)
clkbuf_leaf_412_clk/Y                    16     17        (VIOLATED)
clkbuf_leaf_413_clk/Y                    16     17        (VIOLATED)
clkbuf_leaf_414_clk/Y                    16     17        (VIOLATED)
clkbuf_leaf_418_clk/Y                    16     17        (VIOLATED)
clkbuf_leaf_419_clk/Y                    16     17        (VIOLATED)
clkbuf_leaf_420_clk/Y                    16     17        (VIOLATED)
clkbuf_leaf_421_clk/Y                    16     17        (VIOLATED)
clkbuf_leaf_422_clk/Y                    16     17        (VIOLATED)
clkbuf_leaf_424_clk/Y                    16     17        (VIOLATED)
clkbuf_leaf_426_clk/Y                    16     17        (VIOLATED)
clkbuf_leaf_427_clk/Y                    16     17        (VIOLATED)
clkbuf_leaf_428_clk/Y                    16     17        (VIOLATED)
clkbuf_leaf_430_clk/Y                    16     17        (VIOLATED)
clkbuf_leaf_431_clk/Y                    16     17        (VIOLATED)
clkbuf_leaf_432_clk/Y                    16     17        (VIOLATED)
clkbuf_leaf_435_clk/Y                    16     17        (VIOLATED)
clkbuf_leaf_436_clk/Y                    16     17        (VIOLATED)
clkbuf_leaf_439_clk/Y                    16     17        (VIOLATED)
clkbuf_leaf_440_clk/Y                    16     17        (VIOLATED)
clkbuf_leaf_441_clk/Y                    16     17        (VIOLATED)
clkbuf_leaf_442_clk/Y                    16     17        (VIOLATED)
clkbuf_leaf_444_clk/Y                    16     17        (VIOLATED)
clkbuf_leaf_446_clk/Y                    16     17        (VIOLATED)
clkbuf_leaf_447_clk/Y                    16     17        (VIOLATED)
clkbuf_leaf_450_clk/Y                    16     17        (VIOLATED)
clkbuf_leaf_452_clk/Y                    16     17        (VIOLATED)
clkbuf_leaf_453_clk/Y                    16     17        (VIOLATED)
clkbuf_leaf_454_clk/Y                    16     17        (VIOLATED)
clkbuf_leaf_456_clk/Y                    16     17        (VIOLATED)
clkbuf_leaf_457_clk/Y                    16     17        (VIOLATED)
clkbuf_leaf_458_clk/Y                    16     17        (VIOLATED)
clkbuf_leaf_459_clk/Y                    16     17        (VIOLATED)
clkbuf_leaf_460_clk/Y                    16     17        (VIOLATED)
clkbuf_leaf_461_clk/Y                    16     17        (VIOLATED)
clkbuf_leaf_462_clk/Y                    16     17        (VIOLATED)
clkbuf_leaf_464_clk/Y                    16     17        (VIOLATED)
clkbuf_leaf_465_clk/Y                    16     17        (VIOLATED)
clkbuf_leaf_470_clk/Y                    16     17        (VIOLATED)
clkbuf_leaf_472_clk/Y                    16     17        (VIOLATED)
clkbuf_leaf_473_clk/Y                    16     17        (VIOLATED)
clkbuf_leaf_474_clk/Y                    16     17        (VIOLATED)
clkbuf_leaf_493_clk/Y                    16     17        (VIOLATED)
clkbuf_leaf_507_clk/Y                    16     17        (VIOLATED)
clkbuf_leaf_508_clk/Y                    16     17        (VIOLATED)
clkbuf_leaf_509_clk/Y                    16     17        (VIOLATED)
clkbuf_leaf_510_clk/Y                    16     17        (VIOLATED)
clkbuf_leaf_511_clk/Y                    16     17        (VIOLATED)
clkbuf_leaf_514_clk/Y                    16     17        (VIOLATED)
clkbuf_leaf_515_clk/Y                    16     17        (VIOLATED)
clkbuf_leaf_516_clk/Y                    16     17        (VIOLATED)
clkbuf_leaf_519_clk/Y                    16     17        (VIOLATED)
clkbuf_leaf_520_clk/Y                    16     17        (VIOLATED)
clkbuf_leaf_521_clk/Y                    16     17        (VIOLATED)
clkbuf_leaf_523_clk/Y                    16     17        (VIOLATED)
clkbuf_leaf_525_clk/Y                    16     17        (VIOLATED)
clkbuf_leaf_528_clk/Y                    16     17        (VIOLATED)
clkbuf_leaf_529_clk/Y                    16     17        (VIOLATED)
clkbuf_leaf_530_clk/Y                    16     17        (VIOLATED)
clkbuf_leaf_531_clk/Y                    16     17        (VIOLATED)
clkbuf_leaf_532_clk/Y                    16     17        (VIOLATED)
clkbuf_leaf_533_clk/Y                    16     17        (VIOLATED)
clkbuf_leaf_534_clk/Y                    16     17        (VIOLATED)
clkbuf_leaf_535_clk/Y                    16     17        (VIOLATED)
clkbuf_leaf_536_clk/Y                    16     17        (VIOLATED)
clkbuf_leaf_537_clk/Y                    16     17        (VIOLATED)
clkbuf_leaf_539_clk/Y                    16     17        (VIOLATED)
clkbuf_leaf_540_clk/Y                    16     17        (VIOLATED)
clkbuf_leaf_541_clk/Y                    16     17        (VIOLATED)
clkbuf_leaf_542_clk/Y                    16     17        (VIOLATED)
clkbuf_leaf_543_clk/Y                    16     17        (VIOLATED)
clkbuf_leaf_544_clk/Y                    16     17        (VIOLATED)
clkbuf_leaf_545_clk/Y                    16     17        (VIOLATED)
clkbuf_leaf_549_clk/Y                    16     17        (VIOLATED)
clkbuf_leaf_553_clk/Y                    16     17        (VIOLATED)
clkbuf_leaf_554_clk/Y                    16     17        (VIOLATED)
clkbuf_leaf_556_clk/Y                    16     17        (VIOLATED)
clkbuf_leaf_560_clk/Y                    16     17        (VIOLATED)
clkbuf_leaf_561_clk/Y                    16     17        (VIOLATED)
clkbuf_leaf_562_clk/Y                    16     17        (VIOLATED)
clkbuf_leaf_563_clk/Y                    16     17        (VIOLATED)
clkbuf_leaf_564_clk/Y                    16     17        (VIOLATED)
clkbuf_leaf_566_clk/Y                    16     17        (VIOLATED)
clkbuf_leaf_567_clk/Y                    16     17        (VIOLATED)
clkbuf_leaf_568_clk/Y                    16     17        (VIOLATED)
clkbuf_leaf_569_clk/Y                    16     17        (VIOLATED)
clkbuf_leaf_56_clk/Y                     16     17        (VIOLATED)
clkbuf_leaf_571_clk/Y                    16     17        (VIOLATED)
clkbuf_leaf_572_clk/Y                    16     17        (VIOLATED)
clkbuf_leaf_573_clk/Y                    16     17        (VIOLATED)
clkbuf_leaf_574_clk/Y                    16     17        (VIOLATED)
clkbuf_leaf_57_clk/Y                     16     17        (VIOLATED)
clkbuf_leaf_590_clk/Y                    16     17        (VIOLATED)
clkbuf_leaf_591_clk/Y                    16     17        (VIOLATED)
clkbuf_leaf_592_clk/Y                    16     17        (VIOLATED)
clkbuf_leaf_596_clk/Y                    16     17        (VIOLATED)
clkbuf_leaf_607_clk/Y                    16     17        (VIOLATED)
clkbuf_leaf_608_clk/Y                    16     17        (VIOLATED)
clkbuf_leaf_609_clk/Y                    16     17        (VIOLATED)
clkbuf_leaf_611_clk/Y                    16     17        (VIOLATED)
clkbuf_leaf_612_clk/Y                    16     17        (VIOLATED)
clkbuf_leaf_613_clk/Y                    16     17        (VIOLATED)
clkbuf_leaf_617_clk/Y                    16     17        (VIOLATED)
clkbuf_leaf_618_clk/Y                    16     17        (VIOLATED)
clkbuf_leaf_619_clk/Y                    16     17        (VIOLATED)
clkbuf_leaf_620_clk/Y                    16     17        (VIOLATED)
clkbuf_leaf_621_clk/Y                    16     17        (VIOLATED)
clkbuf_leaf_625_clk/Y                    16     17        (VIOLATED)
clkbuf_leaf_626_clk/Y                    16     17        (VIOLATED)
clkbuf_leaf_627_clk/Y                    16     17        (VIOLATED)
clkbuf_leaf_629_clk/Y                    16     17        (VIOLATED)
clkbuf_leaf_630_clk/Y                    16     17        (VIOLATED)
clkbuf_leaf_632_clk/Y                    16     17        (VIOLATED)
clkbuf_leaf_634_clk/Y                    16     17        (VIOLATED)
clkbuf_leaf_637_clk/Y                    16     17        (VIOLATED)
clkbuf_leaf_638_clk/Y                    16     17        (VIOLATED)
clkbuf_leaf_639_clk/Y                    16     17        (VIOLATED)
clkbuf_leaf_640_clk/Y                    16     17        (VIOLATED)
clkbuf_leaf_641_clk/Y                    16     17        (VIOLATED)
clkbuf_leaf_642_clk/Y                    16     17        (VIOLATED)
clkbuf_leaf_643_clk/Y                    16     17        (VIOLATED)
clkbuf_leaf_644_clk/Y                    16     17        (VIOLATED)
clkbuf_leaf_645_clk/Y                    16     17        (VIOLATED)
clkbuf_leaf_658_clk/Y                    16     17        (VIOLATED)
clkbuf_leaf_659_clk/Y                    16     17        (VIOLATED)
clkbuf_leaf_660_clk/Y                    16     17        (VIOLATED)
clkbuf_leaf_661_clk/Y                    16     17        (VIOLATED)
clkbuf_leaf_662_clk/Y                    16     17        (VIOLATED)
clkbuf_leaf_663_clk/Y                    16     17        (VIOLATED)
clkbuf_leaf_664_clk/Y                    16     17        (VIOLATED)
clkbuf_leaf_665_clk/Y                    16     17        (VIOLATED)
clkbuf_leaf_666_clk/Y                    16     17        (VIOLATED)
clkbuf_leaf_669_clk/Y                    16     17        (VIOLATED)
clkbuf_leaf_670_clk/Y                    16     17        (VIOLATED)
clkbuf_leaf_672_clk/Y                    16     17        (VIOLATED)
clkbuf_leaf_673_clk/Y                    16     17        (VIOLATED)
clkbuf_leaf_680_clk/Y                    16     17        (VIOLATED)
clkbuf_leaf_681_clk/Y                    16     17        (VIOLATED)
clkbuf_leaf_684_clk/Y                    16     17        (VIOLATED)
clkbuf_leaf_685_clk/Y                    16     17        (VIOLATED)
clkbuf_leaf_686_clk/Y                    16     17        (VIOLATED)
clkbuf_leaf_688_clk/Y                    16     17        (VIOLATED)
clkbuf_leaf_693_clk/Y                    16     17        (VIOLATED)
clkbuf_leaf_694_clk/Y                    16     17        (VIOLATED)
clkbuf_leaf_695_clk/Y                    16     17        (VIOLATED)
clkbuf_leaf_696_clk/Y                    16     17        (VIOLATED)
clkbuf_leaf_697_clk/Y                    16     17        (VIOLATED)
clkbuf_leaf_698_clk/Y                    16     17        (VIOLATED)
clkbuf_leaf_699_clk/Y                    16     17        (VIOLATED)
clkbuf_leaf_69_clk/Y                     16     17        (VIOLATED)
clkbuf_leaf_700_clk/Y                    16     17        (VIOLATED)
clkbuf_leaf_702_clk/Y                    16     17        (VIOLATED)
clkbuf_leaf_703_clk/Y                    16     17        (VIOLATED)
clkbuf_leaf_704_clk/Y                    16     17        (VIOLATED)
clkbuf_leaf_705_clk/Y                    16     17        (VIOLATED)
clkbuf_leaf_706_clk/Y                    16     17        (VIOLATED)
clkbuf_leaf_70_clk/Y                     16     17        (VIOLATED)
clkbuf_leaf_71_clk/Y                     16     17        (VIOLATED)
clkbuf_leaf_72_clk/Y                     16     17        (VIOLATED)
clkbuf_leaf_730_clk/Y                    16     17        (VIOLATED)
clkbuf_leaf_732_clk/Y                    16     17        (VIOLATED)
clkbuf_leaf_733_clk/Y                    16     17        (VIOLATED)
clkbuf_leaf_734_clk/Y                    16     17        (VIOLATED)
clkbuf_leaf_735_clk/Y                    16     17        (VIOLATED)
clkbuf_leaf_736_clk/Y                    16     17        (VIOLATED)
clkbuf_leaf_737_clk/Y                    16     17        (VIOLATED)
clkbuf_leaf_738_clk/Y                    16     17        (VIOLATED)
clkbuf_leaf_739_clk/Y                    16     17        (VIOLATED)
clkbuf_leaf_740_clk/Y                    16     17        (VIOLATED)
clkbuf_leaf_741_clk/Y                    16     17        (VIOLATED)
clkbuf_leaf_742_clk/Y                    16     17        (VIOLATED)
clkbuf_leaf_74_clk/Y                     16     17        (VIOLATED)
clkbuf_leaf_76_clk/Y                     16     17        (VIOLATED)
clkbuf_leaf_77_clk/Y                     16     17        (VIOLATED)
clkbuf_leaf_78_clk/Y                     16     17        (VIOLATED)
clkbuf_leaf_804_clk/Y                    16     17        (VIOLATED)
clkbuf_leaf_805_clk/Y                    16     17        (VIOLATED)
clkbuf_leaf_806_clk/Y                    16     17        (VIOLATED)
clkbuf_leaf_807_clk/Y                    16     17        (VIOLATED)
clkbuf_leaf_808_clk/Y                    16     17        (VIOLATED)
clkbuf_leaf_809_clk/Y                    16     17        (VIOLATED)
clkbuf_leaf_810_clk/Y                    16     17        (VIOLATED)
clkbuf_leaf_812_clk/Y                    16     17        (VIOLATED)
clkbuf_leaf_813_clk/Y                    16     17        (VIOLATED)
clkbuf_leaf_814_clk/Y                    16     17        (VIOLATED)
clkbuf_leaf_817_clk/Y                    16     17        (VIOLATED)
clkbuf_leaf_81_clk/Y                     16     17        (VIOLATED)
clkbuf_leaf_821_clk/Y                    16     17        (VIOLATED)
clkbuf_leaf_822_clk/Y                    16     17        (VIOLATED)
clkbuf_leaf_824_clk/Y                    16     17        (VIOLATED)
clkbuf_leaf_828_clk/Y                    16     17        (VIOLATED)
clkbuf_leaf_82_clk/Y                     16     17        (VIOLATED)
clkbuf_leaf_830_clk/Y                    16     17        (VIOLATED)
clkbuf_leaf_831_clk/Y                    16     17        (VIOLATED)
clkbuf_leaf_832_clk/Y                    16     17        (VIOLATED)
clkbuf_leaf_835_clk/Y                    16     17        (VIOLATED)
clkbuf_leaf_836_clk/Y                    16     17        (VIOLATED)
clkbuf_leaf_837_clk/Y                    16     17        (VIOLATED)
clkbuf_leaf_838_clk/Y                    16     17        (VIOLATED)
clkbuf_leaf_840_clk/Y                    16     17        (VIOLATED)
clkbuf_leaf_841_clk/Y                    16     17        (VIOLATED)
clkbuf_leaf_842_clk/Y                    16     17        (VIOLATED)
clkbuf_leaf_845_clk/Y                    16     17        (VIOLATED)
clkbuf_leaf_846_clk/Y                    16     17        (VIOLATED)
clkbuf_leaf_847_clk/Y                    16     17        (VIOLATED)
clkbuf_leaf_848_clk/Y                    16     17        (VIOLATED)
clkbuf_leaf_850_clk/Y                    16     17        (VIOLATED)
clkbuf_leaf_851_clk/Y                    16     17        (VIOLATED)
clkbuf_leaf_852_clk/Y                    16     17        (VIOLATED)
clkbuf_leaf_854_clk/Y                    16     17        (VIOLATED)
clkbuf_leaf_855_clk/Y                    16     17        (VIOLATED)
clkbuf_leaf_856_clk/Y                    16     17        (VIOLATED)
clkbuf_leaf_857_clk/Y                    16     17        (VIOLATED)
clkbuf_leaf_858_clk/Y                    16     17        (VIOLATED)
clkbuf_leaf_859_clk/Y                    16     17        (VIOLATED)
clkbuf_leaf_85_clk/Y                     16     17        (VIOLATED)
clkbuf_leaf_860_clk/Y                    16     17        (VIOLATED)
clkbuf_leaf_863_clk/Y                    16     17        (VIOLATED)
clkbuf_leaf_864_clk/Y                    16     17        (VIOLATED)
clkbuf_leaf_865_clk/Y                    16     17        (VIOLATED)
clkbuf_leaf_867_clk/Y                    16     17        (VIOLATED)
clkbuf_leaf_868_clk/Y                    16     17        (VIOLATED)
clkbuf_leaf_86_clk/Y                     16     17        (VIOLATED)
clkbuf_leaf_877_clk/Y                    16     17        (VIOLATED)
clkbuf_leaf_880_clk/Y                    16     17        (VIOLATED)
clkbuf_leaf_881_clk/Y                    16     17        (VIOLATED)
clkbuf_leaf_883_clk/Y                    16     17        (VIOLATED)
clkbuf_leaf_884_clk/Y                    16     17        (VIOLATED)
clkbuf_leaf_885_clk/Y                    16     17        (VIOLATED)
clkbuf_leaf_886_clk/Y                    16     17        (VIOLATED)
clkbuf_leaf_887_clk/Y                    16     17        (VIOLATED)
clkbuf_leaf_888_clk/Y                    16     17        (VIOLATED)
clkbuf_leaf_889_clk/Y                    16     17        (VIOLATED)
clkbuf_leaf_890_clk/Y                    16     17        (VIOLATED)
clkbuf_leaf_93_clk/Y                     16     17        (VIOLATED)
clkbuf_leaf_94_clk/Y                     16     17        (VIOLATED)
clkbuf_leaf_95_clk/Y                     16     17        (VIOLATED)
clkbuf_leaf_960_clk/Y                    16     17        (VIOLATED)
clkbuf_leaf_965_clk/Y                    16     17        (VIOLATED)
clkbuf_leaf_966_clk/Y                    16     17        (VIOLATED)
clkbuf_leaf_968_clk/Y                    16     17        (VIOLATED)
clkbuf_leaf_969_clk/Y                    16     17        (VIOLATED)
clkbuf_leaf_970_clk/Y                    16     17        (VIOLATED)
clkbuf_leaf_971_clk/Y                    16     17        (VIOLATED)
clkbuf_leaf_972_clk/Y                    16     17        (VIOLATED)
clkbuf_leaf_973_clk/Y                    16     17        (VIOLATED)
clkbuf_leaf_974_clk/Y                    16     17        (VIOLATED)
clkbuf_leaf_975_clk/Y                    16     17        (VIOLATED)
clkbuf_leaf_976_clk/Y                    16     17        (VIOLATED)
clkbuf_leaf_977_clk/Y                    16     17        (VIOLATED)
clkbuf_leaf_979_clk/Y                    16     17        (VIOLATED)
clkbuf_leaf_97_clk/Y                     16     17        (VIOLATED)
clkbuf_leaf_980_clk/Y                    16     17        (VIOLATED)
clkbuf_leaf_981_clk/Y                    16     17        (VIOLATED)
clkbuf_leaf_982_clk/Y                    16     17        (VIOLATED)
clkbuf_leaf_984_clk/Y                    16     17        (VIOLATED)
clkbuf_leaf_985_clk/Y                    16     17        (VIOLATED)
clkbuf_leaf_986_clk/Y                    16     17        (VIOLATED)
clkbuf_leaf_987_clk/Y                    16     17        (VIOLATED)
clkbuf_leaf_988_clk/Y                    16     17        (VIOLATED)
clkbuf_leaf_98_clk/Y                     16     17        (VIOLATED)
clkbuf_leaf_990_clk/Y                    16     17        (VIOLATED)
clkbuf_leaf_991_clk/Y                    16     17        (VIOLATED)
clkbuf_leaf_992_clk/Y                    16     17        (VIOLATED)
clkbuf_leaf_993_clk/Y                    16     17        (VIOLATED)
clkbuf_leaf_995_clk/Y                    16     17        (VIOLATED)
clkbuf_leaf_996_clk/Y                    16     17        (VIOLATED)
clkbuf_leaf_997_clk/Y                    16     17        (VIOLATED)
clkbuf_leaf_998_clk/Y                    16     17        (VIOLATED)
clkbuf_leaf_999_clk/Y                    16     17        (VIOLATED)
clkbuf_leaf_99_clk/Y                     16     17        (VIOLATED)
fanout49281/Y                            16     17        (VIOLATED)
place33171/Y                             16     17        (VIOLATED)
place39401/Y                             16     17        (VIOLATED)


==========================================================================
finish max_slew_check_slack
--------------------------------------------------------------------------
62.50872039794922

==========================================================================
finish max_slew_check_limit
--------------------------------------------------------------------------
320.0

==========================================================================
finish max_slew_check_slack_limit
--------------------------------------------------------------------------
0.1953

==========================================================================
finish max_fanout_check_slack
--------------------------------------------------------------------------
-2.0

==========================================================================
finish max_fanout_check_limit
--------------------------------------------------------------------------
16.0

==========================================================================
finish max_fanout_check_slack_limit
--------------------------------------------------------------------------
-0.1250

==========================================================================
finish max_capacitance_check_slack
--------------------------------------------------------------------------
13.080077171325684

==========================================================================
finish max_capacitance_check_limit
--------------------------------------------------------------------------
23.040000915527344

==========================================================================
finish max_capacitance_check_slack_limit
--------------------------------------------------------------------------
0.5677

==========================================================================
finish max_slew_violation_count
--------------------------------------------------------------------------
max slew violation count 0

==========================================================================
finish max_fanout_violation_count
--------------------------------------------------------------------------
max fanout violation count 782

==========================================================================
finish max_cap_violation_count
--------------------------------------------------------------------------
max cap violation count 0

==========================================================================
finish setup_violation_count
--------------------------------------------------------------------------
setup violation count 1899

==========================================================================
finish hold_violation_count
--------------------------------------------------------------------------
hold violation count 18

==========================================================================
finish report_checks -path_delay max reg to reg
--------------------------------------------------------------------------
Startpoint: u_tx.g_crc3.fda[506]$_SDFF_PP0_
            (rising edge-triggered flip-flop clocked by core_clk)
Endpoint: u_tx.g_crc3.u_crc.part[1][13]$_DFFE_PP_
          (rising edge-triggered flip-flop clocked by core_clk)
Path Group: core_clk
Path Type: max
Corner: WC

  Delay    Time   Description
---------------------------------------------------------
   0.00    0.00   clock core_clk (rise edge)
   0.00    0.00   clock source latency
   0.00    0.00 ^ clk (in)
  46.36   46.36 ^ wire48944/Y (BUFx12f_ASAP7_75t_R)
  66.29  112.65 ^ clkbuf_0_clk/Y (BUFx24_ASAP7_75t_R)
  38.70  151.35 ^ clkbuf_1_0_0_clk/Y (BUFx24_ASAP7_75t_R)
  39.28  190.64 ^ clkbuf_2_0_0_clk/Y (BUFx24_ASAP7_75t_R)
  39.00  229.63 ^ clkbuf_2_0_1_clk/Y (BUFx24_ASAP7_75t_R)
  39.49  269.12 ^ clkbuf_3_0_0_clk/Y (BUFx24_ASAP7_75t_R)
  45.83  314.96 ^ clkbuf_4_0_0_clk/Y (BUFx24_ASAP7_75t_R)
  43.61  358.56 ^ clkbuf_6_2_0_clk/Y (BUFx24_ASAP7_75t_R)
  47.21  405.78 ^ clkbuf_8_11__f_clk/Y (BUFx24_ASAP7_75t_R)
  49.61  455.39 ^ clkbuf_leaf_41_clk/Y (BUFx24_ASAP7_75t_R)
   0.86  456.25 ^ u_tx.g_crc3.fda[506]$_SDFF_PP0_/CLK (DFFHQNx1_ASAP7_75t_R)
  82.16  538.41 ^ u_tx.g_crc3.fda[506]$_SDFF_PP0_/QN (DFFHQNx1_ASAP7_75t_R)
  37.33  575.73 ^ place43639/Y (BUFx6f_ASAP7_75t_R)
 170.27  746.00 v _206508_/Y (XNOR2x2_ASAP7_75t_R)
  81.06  827.07 ^ _206509_/Y (XNOR2x2_ASAP7_75t_R)
  84.09  911.16 v _207266_/Y (XNOR2x2_ASAP7_75t_R)
  48.90  960.05 ^ _207466_/Y (XNOR2x2_ASAP7_75t_R)
  55.59 1015.64 v _207467_/Y (XNOR2x2_ASAP7_75t_R)
  54.39 1070.04 ^ _207485_/Y (XNOR2x2_ASAP7_75t_R)
  59.70 1129.74 v _207486_/Y (XNOR2x2_ASAP7_75t_R)
  56.96 1186.70 ^ _207490_/Y (XNOR2x2_ASAP7_75t_R)
  41.20 1227.90 ^ _207492_/Y (OA21x2_ASAP7_75t_R)
   0.04 1227.95 ^ u_tx.g_crc3.u_crc.part[1][13]$_DFFE_PP_/D (DFFHQNx1_ASAP7_75t_R)
        1227.95   data arrival time

 833.00  833.00   clock core_clk (rise edge)
   0.00  833.00   clock source latency
   0.00  833.00 ^ clk (in)
  44.81  877.81 ^ wire48944/Y (BUFx12f_ASAP7_75t_R)
  63.95  941.76 ^ clkbuf_0_clk/Y (BUFx24_ASAP7_75t_R)
  38.27  980.03 ^ clkbuf_1_1_0_clk/Y (BUFx24_ASAP7_75t_R)
  37.33 1017.36 ^ clkbuf_2_2_0_clk/Y (BUFx24_ASAP7_75t_R)
  37.51 1054.88 ^ clkbuf_2_2_1_clk/Y (BUFx24_ASAP7_75t_R)
  37.36 1092.23 ^ clkbuf_3_5_0_clk/Y (BUFx24_ASAP7_75t_R)
  42.62 1134.85 ^ clkbuf_4_10_0_clk/Y (BUFx24_ASAP7_75t_R)
  40.24 1175.09 ^ clkbuf_6_41_0_clk/Y (BUFx24_ASAP7_75t_R)
  40.89 1215.98 ^ clkbuf_8_165__f_clk/Y (BUFx24_ASAP7_75t_R)
  42.24 1258.22 ^ clkbuf_leaf_532_clk/Y (BUFx24_ASAP7_75t_R)
   2.74 1260.96 ^ u_tx.g_crc3.u_crc.part[1][13]$_DFFE_PP_/CLK (DFFHQNx1_ASAP7_75t_R)
 -60.00 1200.96   clock uncertainty
   3.89 1204.85   clock reconvergence pessimism
 -15.47 1189.38   library setup time
        1189.38   data required time
---------------------------------------------------------
        1189.38   data required time
        -1227.95   data arrival time
---------------------------------------------------------
         -38.57   slack (VIOLATED)



==========================================================================
finish report_checks -path_delay min reg to reg
--------------------------------------------------------------------------
Startpoint: u_rx.hr[399]$_DFFE_PP_
            (rising edge-triggered flip-flop clocked by core_clk)
Endpoint: u_rx.wd[0][399]$_DFF_P_
          (rising edge-triggered flip-flop clocked by core_clk)
Path Group: core_clk
Path Type: min
Corner: BC

  Delay    Time   Description
---------------------------------------------------------
   0.00    0.00   clock core_clk (rise edge)
   0.00    0.00   clock source latency
   0.00    0.00 ^ clk (in)
  30.02   30.02 ^ wire48944/Y (BUFx12f_ASAP7_75t_R)
  42.31   72.33 ^ clkbuf_0_clk/Y (BUFx24_ASAP7_75t_R)
  21.43   93.76 ^ clkbuf_1_0_0_clk/Y (BUFx24_ASAP7_75t_R)
  22.10  115.86 ^ clkbuf_2_1_0_clk/Y (BUFx24_ASAP7_75t_R)
  21.85  137.71 ^ clkbuf_2_1_1_clk/Y (BUFx24_ASAP7_75t_R)
  21.25  158.96 ^ clkbuf_3_2_0_clk/Y (BUFx24_ASAP7_75t_R)
  27.66  186.62 ^ clkbuf_4_5_0_clk/Y (BUFx24_ASAP7_75t_R)
  23.93  210.55 ^ clkbuf_6_23_0_clk/Y (BUFx24_ASAP7_75t_R)
  22.83  233.39 ^ clkbuf_8_95__f_clk/Y (BUFx24_ASAP7_75t_R)
  23.78  257.17 ^ clkbuf_leaf_1607_clk/Y (BUFx24_ASAP7_75t_R)
   0.61  257.77 ^ u_rx.hr[399]$_DFFE_PP_/CLK (DFFHQNx1_ASAP7_75t_R)
  34.13  291.91 ^ u_rx.hr[399]$_DFFE_PP_/QN (DFFHQNx1_ASAP7_75t_R)
   7.44  299.34 v _197705_/Y (INVx1_ASAP7_75t_R)
   0.08  299.42 v u_rx.wd[0][399]$_DFF_P_/D (DFFHQNx1_ASAP7_75t_R)
         299.42   data arrival time

   0.00    0.00   clock core_clk (rise edge)
   0.00    0.00   clock source latency
   0.00    0.00 ^ clk (in)
  31.18   31.18 ^ wire48944/Y (BUFx12f_ASAP7_75t_R)
  43.90   75.08 ^ clkbuf_0_clk/Y (BUFx24_ASAP7_75t_R)
  22.18   97.26 ^ clkbuf_1_0_0_clk/Y (BUFx24_ASAP7_75t_R)
  23.20  120.46 ^ clkbuf_2_1_0_clk/Y (BUFx24_ASAP7_75t_R)
  22.58  143.04 ^ clkbuf_2_1_1_clk/Y (BUFx24_ASAP7_75t_R)
  21.34  164.38 ^ clkbuf_3_3_0_clk/Y (BUFx24_ASAP7_75t_R)
  28.44  192.82 ^ clkbuf_4_7_0_clk/Y (BUFx24_ASAP7_75t_R)
  24.26  217.08 ^ clkbuf_6_29_0_clk/Y (BUFx24_ASAP7_75t_R)
  24.85  241.93 ^ clkbuf_8_117__f_clk/Y (BUFx24_ASAP7_75t_R)
  30.49  272.42 ^ clkbuf_leaf_1606_clk/Y (BUFx24_ASAP7_75t_R)
   1.51  273.93 ^ u_rx.wd[0][399]$_DFF_P_/CLK (DFFHQNx1_ASAP7_75t_R)
  25.00  298.93   clock uncertainty
  -5.34  293.59   clock reconvergence pessimism
  11.20  304.79   library hold time
         304.79   data required time
---------------------------------------------------------
         304.79   data required time
        -299.42   data arrival time
---------------------------------------------------------
          -5.37   slack (VIOLATED)



==========================================================================
finish critical path target clock latency max path
--------------------------------------------------------------------------
0

==========================================================================
finish critical path target clock latency min path
--------------------------------------------------------------------------
0

==========================================================================
finish critical path source clock latency min path
--------------------------------------------------------------------------
0

==========================================================================
finish critical path delay
--------------------------------------------------------------------------
1227.9473

==========================================================================
finish critical path slack
--------------------------------------------------------------------------
-38.5683

==========================================================================
finish slack div critical path delay
--------------------------------------------------------------------------
-3.140876

==========================================================================
finish report_power
--------------------------------------------------------------------------
Corner: WC
Group                  Internal  Switching    Leakage      Total
                          Power      Power      Power      Power (Watts)
----------------------------------------------------------------
Sequential             5.67e-02   6.78e-03   1.21e-04   6.36e-02  23.9%
Combinational          8.92e-02   7.03e-02   2.30e-04   1.60e-01  60.1%
Clock                  2.71e-02   1.53e-02   2.87e-05   4.24e-02  16.0%
Macro                  0.00e+00   0.00e+00   0.00e+00   0.00e+00   0.0%
Pad                    0.00e+00   0.00e+00   0.00e+00   0.00e+00   0.0%
----------------------------------------------------------------
Total                  1.73e-01   9.24e-02   3.80e-04   2.66e-01 100.0%
                          65.1%      34.8%       0.1%
Corner: BC
Group                  Internal  Switching    Leakage      Total
                          Power      Power      Power      Power (Watts)
----------------------------------------------------------------
Sequential             9.16e-02   1.05e-02   5.06e-06   1.02e-01  23.3%
Combinational          1.61e-01   1.07e-01   1.42e-05   2.68e-01  61.1%
Clock                  4.57e-02   2.29e-02   1.32e-06   6.86e-02  15.7%
Macro                  0.00e+00   0.00e+00   0.00e+00   0.00e+00   0.0%
Pad                    0.00e+00   0.00e+00   0.00e+00   0.00e+00   0.0%
----------------------------------------------------------------
Total                  2.98e-01   1.40e-01   2.06e-05   4.38e-01 100.0%
                          68.0%      32.0%       0.0%
