OpenROAD 26Q3-1510-g6cb3f2b704 
Features included (+) or not (-): +GPU +GUI +Python
This program is licensed under the BSD-3 license. See the LICENSE file for details.
Components of this program may be licensed under more restrictive licenses which must be honored.
[INFO ORD-0030] Using 16 thread(s).
source /OpenROAD-flow-scripts/flow/platforms/asap7/liberty_suppressions.tcl
read_liberty -corner WC /OpenROAD-flow-scripts/flow/platforms/asap7/lib/NLDM/asap7sc7p5t_AO_RVT_SS_nldm_211120.lib.gz
read_liberty -corner WC /OpenROAD-flow-scripts/flow/platforms/asap7/lib/NLDM/asap7sc7p5t_INVBUF_RVT_SS_nldm_220122.lib.gz
read_liberty -corner WC /OpenROAD-flow-scripts/flow/platforms/asap7/lib/NLDM/asap7sc7p5t_OA_RVT_SS_nldm_211120.lib.gz
read_liberty -corner WC /OpenROAD-flow-scripts/flow/platforms/asap7/lib/NLDM/asap7sc7p5t_SEQ_RVT_SS_nldm_220123.lib
read_liberty -corner WC /OpenROAD-flow-scripts/flow/platforms/asap7/lib/NLDM/asap7sc7p5t_SIMPLE_RVT_SS_nldm_211120.lib.gz
read_liberty -corner BC /OpenROAD-flow-scripts/flow/platforms/asap7/lib/NLDM/asap7sc7p5t_AO_RVT_FF_nldm_211120.lib.gz
read_liberty -corner BC /OpenROAD-flow-scripts/flow/platforms/asap7/lib/NLDM/asap7sc7p5t_INVBUF_RVT_FF_nldm_220122.lib.gz
read_liberty -corner BC /OpenROAD-flow-scripts/flow/platforms/asap7/lib/NLDM/asap7sc7p5t_OA_RVT_FF_nldm_211120.lib.gz
read_liberty -corner BC /OpenROAD-flow-scripts/flow/platforms/asap7/lib/NLDM/asap7sc7p5t_SIMPLE_RVT_FF_nldm_211120.lib.gz
read_liberty -corner BC /OpenROAD-flow-scripts/flow/platforms/asap7/lib/NLDM/asap7sc7p5t_SEQ_RVT_FF_nldm_220123.lib
read_db /work/results/asap7/opentallas_ot_hbm_integrated_su_cp_context_asap7_harvey_cp_phase_parallel_context_r1/base/3_2_place_iop.odb
read_sdc /work/results/asap7/opentallas_ot_hbm_integrated_su_cp_context_asap7_harvey_cp_phase_parallel_context_r1/base/2_floorplan.sdc
source /OpenROAD-flow-scripts/flow/platforms/asap7/setRC.tcl
source /work/hooks/pre_global_place_fast_frontier_unique_regions.tcl
OT_FAST_UNIQUE_REGIONS boxes=4 body_cells=5836 union_um2=2235.75552
[INFO RSZ-0026] Removed 482 buffers.
Perform port buffering...
[INFO RSZ-0027] Inserted 117 BUFx2_ASAP7_75t_R input buffers.
[INFO RSZ-0028] Inserted 118 BUFx2_ASAP7_75t_R output buffers.
OT_CP_POST_INSERTION_MEMBERSHIP clock=0 repair=235 shared=1
OT_FAST_FINITE_AREA region=cp_body actual=785.1621599999789 cap=1117.87776
OT_FAST_FINITE_AREA region=cp_association actual=2.9597400000000005 cap=11.19744
global_placement -density 0.55 -pad_left 0 -pad_right 0 -routability_driven -random_seed 1 -timing_driven -force_center_initial_place -min_phi_coef 0.95 -max_phi_coef 1.01
[INFO GPL-0001] ---- Initialize GPL Main Data Structures
[INFO GPL-0002] DBU: 1000
[INFO GPL-0003] SiteSize: (  0.054  0.270 ) um
[INFO GPL-0004] CoreBBox: ( 17.280 17.280 ) ( 64.800 64.800 ) um
[INFO GPL-0016] Core area:                    2258.150 um^2
[INFO GPL-0036] Movable instances area:        788.122 um^2
[INFO GPL-0037] Total instances area:          800.981 um^2
[INFO GPL-0035] Pin density area adjust:        15.391 um^2
[INFO GPL-0032] ---- Initialize Region: Top-level
[INFO GPL-0006] Number of instances:               706
[INFO GPL-0007] Movable instances:                   0
[INFO GPL-0008] Fixed instances:                   441
[INFO GPL-0009] Dummy instances:                   265
[INFO GPL-0010] Number of nets:                   5720
[INFO GPL-0011] Number of pins:                  17074
[INFO GPL-0012] Die BBox:       (  0.000  0.000 ) ( 82.080 82.080 ) um
[INFO GPL-0013] Placement BBox: ( 17.280 17.280 ) ( 64.800 64.800 ) um
[INFO GPL-0014] Region name: top-level.
[INFO GPL-0015] Region area:                  2258.150 um^2
[INFO GPL-0017] Fixed instances area:         2258.150 um^2
[INFO GPL-0018] Movable instances area:          0.000 um^2
[INFO GPL-0019] Utilization:                -nan       %
[INFO GPL-0020] Standard cells area:             0.000 um^2
[INFO GPL-0021] Large instances area:            0.000 um^2
[INFO GPL-0032] ---- Initialize Region: cp_body
[INFO GPL-0006] Number of instances:              6027
[INFO GPL-0007] Movable instances:                5586
[INFO GPL-0008] Fixed instances:                   425
[INFO GPL-0009] Dummy instances:                    16
[INFO GPL-0010] Number of nets:                   5720
[INFO GPL-0011] Number of pins:                  17074
[INFO GPL-0012] Die BBox:       (  0.000  0.000 ) ( 82.080 82.080 ) um
[INFO GPL-0013] Placement BBox: ( 17.280 17.280 ) ( 64.800 64.800 ) um
[INFO GPL-0014] Region name: cp_body.
[INFO GPL-0015] Region area:                  2258.150 um^2
[INFO GPL-0017] Fixed instances area:           34.788 um^2
[INFO GPL-0018] Movable instances area:        800.658 um^2
[INFO GPL-0019] Utilization:                    36.011 %
[INFO GPL-0020] Standard cells area:           800.658 um^2
[INFO GPL-0021] Large instances area:            0.000 um^2
[INFO GPL-0032] ---- Initialize Region: cp_association
[INFO GPL-0006] Number of instances:                32
[INFO GPL-0007] Movable instances:                  16
[INFO GPL-0008] Fixed instances:                    16
[INFO GPL-0009] Dummy instances:                     0
[INFO GPL-0010] Number of nets:                   5720
[INFO GPL-0011] Number of pins:                  17074
[INFO GPL-0012] Die BBox:       (  0.000  0.000 ) ( 82.080 82.080 ) um
[INFO GPL-0013] Placement BBox: ( 17.280 56.160 ) ( 22.464 60.480 ) um
[INFO GPL-0014] Region name: cp_association.
[INFO GPL-0015] Region area:                    22.395 um^2
[INFO GPL-0017] Fixed instances area:            0.467 um^2
[INFO GPL-0018] Movable instances area:          2.855 um^2
[INFO GPL-0019] Utilization:                    13.021 %
[INFO GPL-0020] Standard cells area:             2.855 um^2
[INFO GPL-0021] Large instances area:            0.000 um^2
[WARNING GPL-0123] No placeable instances in the top-level region. Removing it.
[INFO GPL-0005] ---- Execute Conjugate Gradient Initial Placement.
[INFO GPL-0051] Source of initial instance position counters:
	Odb location = 0	Core center = 0	Region center = 5602
[InitialPlace]  Iter: 1 conjugate gradient residual: 0.00229192 HPWL: 24163034
[InitialPlace]  Iter: 2 conjugate gradient residual: 0.00000141 HPWL: 8721788
[InitialPlace]  Iter: 3 conjugate gradient residual: 0.00000096 HPWL: 8789873
[InitialPlace]  Iter: 4 conjugate gradient residual: 0.00000082 HPWL: 8828345
[InitialPlace]  Iter: 5 conjugate gradient residual: 0.00000182 HPWL: 8824272
[INFO GPL-0033] ---- Initialize Nesterov Region: cp_body
[INFO GPL-0023] Placement target density:       0.5500
[INFO GPL-0024] Movable insts average area:      0.143 um^2
[INFO GPL-0025] Ideal bin area:                  0.261 um^2
[INFO GPL-0026] Ideal bin count:                  8665
[INFO GPL-0027] Total bin area:               2258.150 um^2
[INFO GPL-0028] Bin count (X, Y):          64 ,     64
[INFO GPL-0029] Bin size (W * H):       0.743 *  0.743 um
[INFO GPL-0030] Number of bins:                   4096
[INFO GPL-0033] ---- Initialize Nesterov Region: cp_association
[INFO GPL-0023] Placement target density:       0.5500
[INFO GPL-0024] Movable insts average area:      0.178 um^2
[INFO GPL-0025] Ideal bin area:                  0.324 um^2
[INFO GPL-0026] Ideal bin count:                    69
[INFO GPL-0027] Total bin area:                 22.395 um^2
[INFO GPL-0028] Bin count (X, Y):           8 ,      8
[INFO GPL-0029] Bin size (W * H):       0.648 *  0.540 um
[INFO GPL-0030] Number of bins:                     64
[INFO GPL-0084] ---- Execute Nesterov Global Placement.
        0 |   0.9856 |  3.751161e+03 |   +0.00% |  6.26e-14 |  (cp_body)
        0 |   0.7505 |  3.751161e+03 |   +0.00% |  7.27e-11 |  (cp_association)
       10 |   0.9792 |  3.462315e+03 |   -7.70% |  6.91e-14 |  (cp_body)
       10 |   0.7505 |  3.462315e+03 |   -7.70% |  8.03e-11 |  (cp_association)
       20 |   0.9746 |  3.423928e+03 |   -1.11% |  7.63e-14 |  (cp_body)
       20 |   0.7505 |  3.423928e+03 |   -1.11% |  8.88e-11 |  (cp_association)
       30 |   0.9714 |  3.409839e+03 |   -0.41% |  8.43e-14 |  (cp_body)
       30 |   0.7505 |  3.409839e+03 |   -0.41% |  9.80e-11 |  (cp_association)
       40 |   0.9707 |  3.387120e+03 |   -0.67% |  9.31e-14 |  (cp_body)
       40 |   0.7505 |  3.387120e+03 |   -0.67% |  1.08e-10 |  (cp_association)
       50 |   0.9700 |  3.376993e+03 |   -0.30% |  1.03e-13 |  (cp_body)
       50 |   0.7505 |  3.376993e+03 |   -0.30% |  1.20e-10 |  (cp_association)
       60 |   0.9697 |  3.372087e+03 |   -0.15% |  1.14e-13 |  (cp_body)
       60 |   0.7505 |  3.372087e+03 |   -0.15% |  1.32e-10 |  (cp_association)
       70 |   0.9696 |  3.371836e+03 |   -0.01% |  1.26e-13 |  (cp_body)
       70 |   0.7505 |  3.371836e+03 |   -0.01% |  1.46e-10 |  (cp_association)
       80 |   0.9698 |  3.369024e+03 |   -0.08% |  1.39e-13 |  (cp_body)
       80 |   0.7505 |  3.369024e+03 |   -0.08% |  1.61e-10 |  (cp_association)
       90 |   0.9701 |  3.360622e+03 |   -0.25% |  1.53e-13 |  (cp_body)
       90 |   0.7505 |  3.360622e+03 |   -0.25% |  1.78e-10 |  (cp_association)
      100 |   0.9705 |  3.353287e+03 |   -0.22% |  1.69e-13 |  (cp_body)
      100 |   0.7505 |  3.353287e+03 |   -0.22% |  1.97e-10 |  (cp_association)
      110 |   0.9705 |  3.351799e+03 |   -0.04% |  1.87e-13 |  (cp_body)
      110 |   0.7505 |  3.351799e+03 |   -0.04% |  2.17e-10 |  (cp_association)
      120 |   0.9703 |  3.355919e+03 |   +0.12% |  2.06e-13 |  (cp_body)
      120 |   0.7505 |  3.355919e+03 |   +0.12% |  2.40e-10 |  (cp_association)
      130 |   0.9701 |  3.359512e+03 |   +0.11% |  2.28e-13 |  (cp_body)
      130 |   0.7505 |  3.359512e+03 |   +0.11% |  2.65e-10 |  (cp_association)
      140 |   0.9699 |  3.360138e+03 |   +0.02% |  2.52e-13 |  (cp_body)
      140 |   0.7505 |  3.360138e+03 |   +0.02% |  2.93e-10 |  (cp_association)
      150 |   0.9698 |  3.359301e+03 |   -0.02% |  2.78e-13 |  (cp_body)
      150 |   0.7505 |  3.359301e+03 |   -0.02% |  3.24e-10 |  (cp_association)
      160 |   0.9699 |  3.358217e+03 |   -0.03% |  3.07e-13 |  (cp_body)
      160 |   0.7505 |  3.358217e+03 |   -0.03% |  3.57e-10 |  (cp_association)
      170 |   0.9699 |  3.355623e+03 |   -0.08% |  3.40e-13 |  (cp_body)
      170 |   0.7505 |  3.355623e+03 |   -0.08% |  3.95e-10 |  (cp_association)
      180 |   0.9702 |  3.351954e+03 |   -0.11% |  3.75e-13 |  (cp_body)
      180 |   0.7505 |  3.351954e+03 |   -0.11% |  4.36e-10 |  (cp_association)
      190 |   0.9702 |  3.349493e+03 |   -0.07% |  4.14e-13 |  (cp_body)
      190 |   0.7505 |  3.349493e+03 |   -0.07% |  4.82e-10 |  (cp_association)
      200 |   0.9702 |  3.349355e+03 |   -0.00% |  4.58e-13 |  (cp_body)
      200 |   0.7505 |  3.349355e+03 |   -0.00% |  5.32e-10 |  (cp_association)
      210 |   0.9702 |  3.350736e+03 |   +0.04% |  5.06e-13 |  (cp_body)
      210 |   0.7505 |  3.350736e+03 |   +0.04% |  5.88e-10 |  (cp_association)
      220 |   0.9701 |  3.351759e+03 |   +0.03% |  5.58e-13 |  (cp_body)
      220 |   0.7505 |  3.351759e+03 |   +0.03% |  6.49e-10 |  (cp_association)
      230 |   0.9699 |  3.352185e+03 |   +0.01% |  6.17e-13 |  (cp_body)
      230 |   0.7505 |  3.352185e+03 |   +0.01% |  7.17e-10 |  (cp_association)
      240 |   0.9699 |  3.352946e+03 |   +0.02% |  6.81e-13 |  (cp_body)
      240 |   0.7505 |  3.352946e+03 |   +0.02% |  7.92e-10 |  (cp_association)
      250 |   0.9699 |  3.353236e+03 |   +0.01% |  7.53e-13 |  (cp_body)
      250 |   0.7505 |  3.353236e+03 |   +0.01% |  8.75e-10 |  (cp_association)
      260 |   0.9700 |  3.352965e+03 |   -0.01% |  8.32e-13 |  (cp_body)
      260 |   0.7505 |  3.352965e+03 |   -0.01% |  9.67e-10 |  (cp_association)
      270 |   0.9701 |  3.352354e+03 |   -0.02% |  9.19e-13 |  (cp_body)
      270 |   0.7505 |  3.352354e+03 |   -0.02% |  1.07e-09 |  (cp_association)
      280 |   0.9701 |  3.352460e+03 |   +0.00% |  1.01e-12 |  (cp_body)
      280 |   0.7505 |  3.352460e+03 |   +0.00% |  1.18e-09 |  (cp_association)
      290 |   0.9701 |  3.353225e+03 |   +0.02% |  1.12e-12 |  (cp_body)
      290 |   0.7505 |  3.353225e+03 |   +0.02% |  1.30e-09 |  (cp_association)
      300 |   0.9700 |  3.354132e+03 |   +0.03% |  1.24e-12 |  (cp_body)
      300 |   0.7505 |  3.354132e+03 |   +0.03% |  1.44e-09 |  (cp_association)
      310 |   0.9699 |  3.354765e+03 |   +0.02% |  1.37e-12 |  (cp_body)
      310 |   0.7505 |  3.354765e+03 |   +0.02% |  1.59e-09 |  (cp_association)
      320 |   0.9698 |  3.355029e+03 |   +0.01% |  1.51e-12 |  (cp_body)
      320 |   0.7505 |  3.355029e+03 |   +0.01% |  1.76e-09 |  (cp_association)
      330 |   0.9698 |  3.355101e+03 |   +0.00% |  1.67e-12 |  (cp_body)
      330 |   0.7505 |  3.355101e+03 |   +0.00% |  1.94e-09 |  (cp_association)
      340 |   0.9699 |  3.354880e+03 |   -0.01% |  1.84e-12 |  (cp_body)
      340 |   0.7505 |  3.354880e+03 |   -0.01% |  2.14e-09 |  (cp_association)
      350 |   0.9699 |  3.354662e+03 |   -0.01% |  2.04e-12 |  (cp_body)
      350 |   0.7505 |  3.354662e+03 |   -0.01% |  2.37e-09 |  (cp_association)
      360 |   0.9700 |  3.354731e+03 |   +0.00% |  2.25e-12 |  (cp_body)
      360 |   0.7505 |  3.354731e+03 |   +0.00% |  2.61e-09 |  (cp_association)
      370 |   0.9700 |  3.355064e+03 |   +0.01% |  2.48e-12 |  (cp_body)
      370 |   0.7505 |  3.355064e+03 |   +0.01% |  2.89e-09 |  (cp_association)
      380 |   0.9699 |  3.355761e+03 |   +0.02% |  2.74e-12 |  (cp_body)
      380 |   0.7505 |  3.355761e+03 |   +0.02% |  3.19e-09 |  (cp_association)
      390 |   0.9699 |  3.356658e+03 |   +0.03% |  3.03e-12 |  (cp_body)
      390 |   0.7505 |  3.356658e+03 |   +0.03% |  3.52e-09 |  (cp_association)
      400 |   0.9698 |  3.357677e+03 |   +0.03% |  3.35e-12 |  (cp_body)
      400 |   0.7505 |  3.357677e+03 |   +0.03% |  3.89e-09 |  (cp_association)
      410 |   0.9698 |  3.358523e+03 |   +0.03% |  3.70e-12 |  (cp_body)
      410 |   0.7505 |  3.358523e+03 |   +0.03% |  4.30e-09 |  (cp_association)
      420 |   0.9698 |  3.359597e+03 |   +0.03% |  4.09e-12 |  (cp_body)
      420 |   0.7505 |  3.359597e+03 |   +0.03% |  4.75e-09 |  (cp_association)
      430 |   0.9697 |  3.360572e+03 |   +0.03% |  4.51e-12 |  (cp_body)
      430 |   0.7505 |  3.360572e+03 |   +0.03% |  5.25e-09 |  (cp_association)
      440 |   0.9697 |  3.361484e+03 |   +0.03% |  4.99e-12 |  (cp_body)
      440 |   0.7505 |  3.361484e+03 |   +0.03% |  5.80e-09 |  (cp_association)
      450 |   0.9697 |  3.362717e+03 |   +0.04% |  5.51e-12 |  (cp_body)
      450 |   0.7505 |  3.362717e+03 |   +0.04% |  6.40e-09 |  (cp_association)
      460 |   0.9696 |  3.364179e+03 |   +0.04% |  6.08e-12 |  (cp_body)
      460 |   0.7505 |  3.364179e+03 |   +0.04% |  7.07e-09 |  (cp_association)
      470 |   0.9696 |  3.365615e+03 |   +0.04% |  6.72e-12 |  (cp_body)
      470 |   0.7505 |  3.365615e+03 |   +0.04% |  7.81e-09 |  (cp_association)
      480 |   0.9695 |  3.367216e+03 |   +0.05% |  7.42e-12 |  (cp_body)
      480 |   0.7505 |  3.367216e+03 |   +0.05% |  8.63e-09 |  (cp_association)
      490 |   0.9695 |  3.368723e+03 |   +0.04% |  8.20e-12 |  (cp_body)
      490 |   0.7505 |  3.368723e+03 |   +0.04% |  9.53e-09 |  (cp_association)
      500 |   0.9694 |  3.370476e+03 |   +0.05% |  9.06e-12 |  (cp_body)
      500 |   0.7505 |  3.370476e+03 |   +0.05% |  1.05e-08 |  (cp_association)
      510 |   0.9694 |  3.372181e+03 |   +0.05% |  1.00e-11 |  (cp_body)
      510 |   0.7505 |  3.372181e+03 |   +0.05% |  1.16e-08 |  (cp_association)
      520 |   0.9693 |  3.374132e+03 |   +0.06% |  1.11e-11 |  (cp_body)
      520 |   0.7505 |  3.374132e+03 |   +0.06% |  1.28e-08 |  (cp_association)
      530 |   0.9691 |  3.376444e+03 |   +0.07% |  1.22e-11 |  (cp_body)
      530 |   0.7505 |  3.376444e+03 |   +0.07% |  1.42e-08 |  (cp_association)
      540 |   0.9689 |  3.378963e+03 |   +0.07% |  1.35e-11 |  (cp_body)
      540 |   0.7505 |  3.378963e+03 |   +0.07% |  1.57e-08 |  (cp_association)
      550 |   0.9687 |  3.381893e+03 |   +0.09% |  1.49e-11 |  (cp_body)
      550 |   0.7505 |  3.381893e+03 |   +0.09% |  1.73e-08 |  (cp_association)
      560 |   0.9685 |  3.385221e+03 |   +0.10% |  1.65e-11 |  (cp_body)
      560 |   0.7505 |  3.385221e+03 |   +0.10% |  1.91e-08 |  (cp_association)
      570 |   0.9683 |  3.389102e+03 |   +0.11% |  1.82e-11 |  (cp_body)
      570 |   0.7505 |  3.389102e+03 |   +0.11% |  2.11e-08 |  (cp_association)
      580 |   0.9681 |  3.393259e+03 |   +0.12% |  2.01e-11 |  (cp_body)
      580 |   0.7505 |  3.393259e+03 |   +0.12% |  2.33e-08 |  (cp_association)
      590 |   0.9679 |  3.398211e+03 |   +0.15% |  2.22e-11 |  (cp_body)
      590 |   0.7505 |  3.398211e+03 |   +0.15% |  2.58e-08 |  (cp_association)
      600 |   0.9677 |  3.403711e+03 |   +0.16% |  2.45e-11 |  (cp_body)
      600 |   0.7505 |  3.403711e+03 |   +0.16% |  2.85e-08 |  (cp_association)
      610 |   0.9675 |  3.409783e+03 |   +0.18% |  2.71e-11 |  (cp_body)
      610 |   0.7505 |  3.409783e+03 |   +0.18% |  3.15e-08 |  (cp_association)
      620 |   0.9673 |  3.417063e+03 |   +0.21% |  2.99e-11 |  (cp_body)
      620 |   0.7505 |  3.417063e+03 |   +0.21% |  3.48e-08 |  (cp_association)
      630 |   0.9670 |  3.425113e+03 |   +0.24% |  3.30e-11 |  (cp_body)
      630 |   0.7505 |  3.425113e+03 |   +0.24% |  3.84e-08 |  (cp_association)
      640 |   0.9666 |  3.434318e+03 |   +0.27% |  3.65e-11 |  (cp_body)
      640 |   0.7505 |  3.434318e+03 |   +0.27% |  4.24e-08 |  (cp_association)
      650 |   0.9664 |  3.444970e+03 |   +0.31% |  4.03e-11 |  (cp_body)
      650 |   0.7505 |  3.444970e+03 |   +0.31% |  4.68e-08 |  (cp_association)
      660 |   0.9661 |  3.457283e+03 |   +0.36% |  4.45e-11 |  (cp_body)
      660 |   0.7505 |  3.457283e+03 |   +0.36% |  5.17e-08 |  (cp_association)
      670 |   0.9652 |  3.471446e+03 |   +0.41% |  4.92e-11 |  (cp_body)
      670 |   0.7505 |  3.471446e+03 |   +0.41% |  5.72e-08 |  (cp_association)
      680 |   0.9642 |  3.487566e+03 |   +0.46% |  5.43e-11 |  (cp_body)
      680 |   0.7505 |  3.487566e+03 |   +0.46% |  6.31e-08 |  (cp_association)
      690 |   0.9636 |  3.505570e+03 |   +0.52% |  6.00e-11 |  (cp_body)
      690 |   0.7505 |  3.505570e+03 |   +0.52% |  6.97e-08 |  (cp_association)
      700 |   0.9627 |  3.525428e+03 |   +0.57% |  6.63e-11 |  (cp_body)
      700 |   0.7505 |  3.525428e+03 |   +0.57% |  7.70e-08 |  (cp_association)
      710 |   0.9618 |  3.546890e+03 |   +0.61% |  7.32e-11 |  (cp_body)
      710 |   0.7505 |  3.546890e+03 |   +0.61% |  8.51e-08 |  (cp_association)
      720 |   0.9603 |  3.569926e+03 |   +0.65% |  8.09e-11 |  (cp_body)
      720 |   0.7505 |  3.569926e+03 |   +0.65% |  9.40e-08 |  (cp_association)
      730 |   0.9588 |  3.593793e+03 |   +0.67% |  8.93e-11 |  (cp_body)
      730 |   0.7505 |  3.593793e+03 |   +0.67% |  1.04e-07 |  (cp_association)
      740 |   0.9580 |  3.618070e+03 |   +0.68% |  9.87e-11 |  (cp_body)
      740 |   0.7505 |  3.618070e+03 |   +0.68% |  1.15e-07 |  (cp_association)
      750 |   0.9570 |  3.643503e+03 |   +0.70% |  1.09e-10 |  (cp_body)
      750 |   0.7505 |  3.643503e+03 |   +0.70% |  1.27e-07 |  (cp_association)
      760 |   0.9547 |  3.694890e+03 |   +1.41% |  1.20e-10 |  (cp_body)
      760 |   0.5011 |  3.694890e+03 |   +1.41% |  1.40e-07 |  (cp_association)
      770 |   0.9558 |  3.622414e+03 |   -1.96% |  1.33e-10 |  (cp_body)
      770 |   0.4339 |  3.622414e+03 |   -1.96% |  1.55e-07 |  (cp_association)
      780 |   0.9579 |  3.596636e+03 |   -0.71% |  1.47e-10 |  (cp_body)
      780 |   0.5449 |  3.596636e+03 |   -0.71% |  1.71e-07 |  (cp_association)
      790 |   0.9594 |  3.577960e+03 |   -0.52% |  1.62e-10 |  (cp_body)
      790 |   0.5484 |  3.577960e+03 |   -0.52% |  1.89e-07 |  (cp_association)
      800 |   0.9591 |  3.580736e+03 |   +0.08% |  1.79e-10 |  (cp_body)
      800 |   0.5435 |  3.580736e+03 |   +0.08% |  2.08e-07 |  (cp_association)
      810 |   0.9594 |  3.595181e+03 |   +0.40% |  1.98e-10 |  (cp_body)
      810 |   0.5261 |  3.595181e+03 |   +0.40% |  2.30e-07 |  (cp_association)
      820 |   0.9584 |  3.620337e+03 |   +0.70% |  2.19e-10 |  (cp_body)
      820 |   0.5259 |  3.620337e+03 |   +0.70% |  2.54e-07 |  (cp_association)
      830 |   0.9559 |  3.674997e+03 |   +1.51% |  2.42e-10 |  (cp_body)
      830 |   0.5249 |  3.674997e+03 |   +1.51% |  2.81e-07 |  (cp_association)
      840 |   0.9516 |  3.734137e+03 |   +1.61% |  2.67e-10 |  (cp_body)
      840 |   0.5156 |  3.734137e+03 |   +1.61% |  3.10e-07 |  (cp_association)
      850 |   0.9490 |  3.780447e+03 |   +1.24% |  2.95e-10 |  (cp_body)
      850 |   0.5046 |  3.780447e+03 |   +1.24% |  3.43e-07 |  (cp_association)
      860 |   0.9474 |  3.805225e+03 |   +0.66% |  3.26e-10 |  (cp_body)
      860 |   0.4873 |  3.805225e+03 |   +0.66% |  3.79e-07 |  (cp_association)
      870 |   0.9475 |  3.814854e+03 |   +0.25% |  3.60e-10 |  (cp_body)
      870 |   0.4652 |  3.814854e+03 |   +0.25% |  4.18e-07 |  (cp_association)
      880 |   0.9471 |  3.818001e+03 |   +0.08% |  3.97e-10 |  (cp_body)
      880 |   0.4464 |  3.818001e+03 |   +0.08% |  4.62e-07 |  (cp_association)
      890 |   0.9471 |  3.826851e+03 |   +0.23% |  4.39e-10 |  (cp_body)
      890 |   0.4353 |  3.826851e+03 |   +0.23% |  5.10e-07 |  (cp_association)
      900 |   0.9467 |  3.852039e+03 |   +0.66% |  4.85e-10 |  (cp_body)
      900 |   0.4303 |  3.852039e+03 |   +0.66% |  5.64e-07 |  (cp_association)
      910 |   0.9449 |  3.893285e+03 |   +1.07% |  5.36e-10 |  (cp_body)
      910 |   0.4244 |  3.893285e+03 |   +1.07% |  6.23e-07 |  (cp_association)
      920 |   0.9417 |  3.946239e+03 |   +1.36% |  5.92e-10 |  (cp_body)
      920 |   0.4200 |  3.946239e+03 |   +1.36% |  6.88e-07 |  (cp_association)
      930 |   0.9390 |  4.002825e+03 |   +1.43% |  6.53e-10 |  (cp_body)
      930 |   0.4152 |  4.002825e+03 |   +1.43% |  7.60e-07 |  (cp_association)
      940 |   0.9358 |  4.055283e+03 |   +1.31% |  7.22e-10 |  (cp_body)
      940 |   0.4078 |  4.055283e+03 |   +1.31% |  8.39e-07 |  (cp_association)
      950 |   0.9340 |  4.095668e+03 |   +1.00% |  7.97e-10 |  (cp_body)
      950 |   0.3955 |  4.095668e+03 |   +1.00% |  9.27e-07 |  (cp_association)
      960 |   0.9319 |  4.124130e+03 |   +0.69% |  8.81e-10 |  (cp_body)
      960 |   0.3807 |  4.124130e+03 |   +0.69% |  1.02e-06 |  (cp_association)
      970 |   0.9310 |  4.146413e+03 |   +0.54% |  9.73e-10 |  (cp_body)
      970 |   0.3674 |  4.146413e+03 |   +0.54% |  1.13e-06 |  (cp_association)
      980 |   0.9308 |  4.173859e+03 |   +0.66% |  1.07e-09 |  (cp_body)
      980 |   0.3552 |  4.173859e+03 |   +0.66% |  1.25e-06 |  (cp_association)
      990 |   0.9297 |  4.213442e+03 |   +0.95% |  1.19e-09 |  (cp_body)
      990 |   0.3453 |  4.213442e+03 |   +0.95% |  1.38e-06 |  (cp_association)
[INFO GPL-0100] Timing-driven iteration 1/2, virtual: false.
[INFO GPL-0101]    Iter: 996, overflow: 0.635, keep resizer changes at: 1, HPWL: 4237701
Iteration |   Area    | Resized | Buffers | Nets repaired | Remaining
---------------------------------------------------------------------
        0 |     +0.0% |       0 |       0 |             0 |      5720
    final |     +0.8% |       2 |      75 |             8 |         0
---------------------------------------------------------------------
[INFO RSZ-0034] Found 8 slew violations.
[INFO RSZ-0035] Found 6 fanout violations.
[INFO RSZ-0039] Resized 2 instances.
[INFO RSZ-0038] Inserted 75 buffers in 8 nets.
   Iter   |    Area   | Removed | Inserted |   Pins
          |           | Buffers | Buffers  | Remaining
-------------------------------------------------------
        0 |     +0.0% |       0 |        0 |      4342
      430 |     +0.0% |       0 |        1 |      3912
      860 |     +0.2% |      17 |       29 |      3482
     1290 |     +0.3% |      17 |       35 |      3052
     1720 |     +0.3% |      17 |       35 |      2622
     2150 |     +0.3% |      18 |       37 |      2192
     2580 |     +0.3% |      26 |       48 |      1762
     3010 |     +0.3% |      26 |       48 |      1332
     3440 |     +0.5% |      50 |       87 |       902
     3870 |     +0.5% |      50 |       90 |       472
     4300 |     +1.2% |      75 |      187 |        42
    final |     +1.5% |      75 |      225 |         0
-------------------------------------------------------
[INFO GPL-0106] Timing-driven: worst slack 4.043238e-12
[INFO GPL-0107] Timing-driven: repair_design delta area: 18.142 um^2 (+2.27%)
[INFO GPL-0108] Timing-driven: repair_design, gpl delta gcells: 225 (+4.02%)
[INFO GPL-0109] Timing-driven: repair_design, gcells created: 300, deleted: 75
[INFO GPL-0110] Timing-driven: new target density: 0.5581599
[INFO GPL-0107] Timing-driven: repair_design delta area: 0.000 um^2 (+0.00%)
[INFO GPL-0108] Timing-driven: repair_design, gpl delta gcells: 225 (+4.02%)
[INFO GPL-0109] Timing-driven: repair_design, gcells created: 0, deleted: 0
[INFO GPL-0110] Timing-driven: new target density: 0.55
     1000 |   0.9226 |  5.355073e+03 |  +27.09% |  1.31e-09 |  (cp_body)
     1000 |   0.3774 |  5.355073e+03 |  +27.09% |  1.52e-06 |  (cp_association)
     1010 |   0.9214 |  5.466386e+03 |   +2.08% |  1.45e-09 |  (cp_body)
     1010 |   0.4059 |  5.466386e+03 |   +2.08% |  1.68e-06 |  (cp_association)
     1020 |   0.9198 |  5.440820e+03 |   -0.47% |  1.60e-09 |  (cp_body)
     1020 |   0.4041 |  5.440820e+03 |   -0.47% |  1.86e-06 |  (cp_association)
     1030 |   0.9135 |  5.430163e+03 |   -0.20% |  1.77e-09 |  (cp_body)
     1030 |   0.3604 |  5.430163e+03 |   -0.20% |  2.05e-06 |  (cp_association)
     1040 |   0.9093 |  5.462101e+03 |   +0.59% |  1.95e-09 |  (cp_body)
     1040 |   0.3749 |  5.462101e+03 |   +0.59% |  2.27e-06 |  (cp_association)
     1050 |   0.9034 |  5.563664e+03 |   +1.86% |  2.16e-09 |  (cp_body)
     1050 |   0.3640 |  5.563664e+03 |   +1.86% |  2.51e-06 |  (cp_association)
     1060 |   0.8999 |  5.556996e+03 |   -0.12% |  2.38e-09 |  (cp_body)
     1060 |   0.3462 |  5.556996e+03 |   -0.12% |  2.77e-06 |  (cp_association)
     1070 |   0.8962 |  5.607372e+03 |   +0.91% |  2.63e-09 |  (cp_body)
     1070 |   0.3457 |  5.607372e+03 |   +0.91% |  3.06e-06 |  (cp_association)
     1080 |   0.8927 |  5.708464e+03 |   +1.80% |  2.91e-09 |  (cp_body)
     1080 |   0.3331 |  5.708464e+03 |   +1.80% |  3.38e-06 |  (cp_association)
     1090 |   0.8915 |  5.776043e+03 |   +1.18% |  3.21e-09 |  (cp_body)
     1090 |   0.3068 |  5.776043e+03 |   +1.18% |  3.73e-06 |  (cp_association)
[INFO GPL-0038] Routability snapshot saved at iter = 1091
     1090 |   0.5992 |  5.776043e+03 |          |           |      
     1100 |   0.8898 |  5.829743e+03 |   +0.93% |  3.55e-09 |  (cp_body)
     1100 |   0.2957 |  5.829743e+03 |   +0.93% |  4.12e-06 |  (cp_association)
     1110 |   0.8891 |  5.917744e+03 |   +1.51% |  3.92e-09 |  (cp_body)
     1110 |   0.2880 |  5.917744e+03 |   +1.51% |  4.55e-06 |  (cp_association)
     1120 |   0.8867 |  6.000069e+03 |   +1.39% |  4.33e-09 |  (cp_body)
     1120 |   0.2849 |  6.000069e+03 |   +1.39% |  5.03e-06 |  (cp_association)
     1130 |   0.8827 |  6.045045e+03 |   +0.75% |  4.78e-09 |  (cp_body)
     1130 |   0.2744 |  6.045045e+03 |   +0.75% |  5.56e-06 |  (cp_association)
     1140 |   0.8787 |  6.087700e+03 |   +0.71% |  5.28e-09 |  (cp_body)
     1140 |   0.2689 |  6.087700e+03 |   +0.71% |  6.14e-06 |  (cp_association)
     1150 |   0.8736 |  6.170547e+03 |   +1.36% |  5.83e-09 |  (cp_body)
     1150 |   0.2594 |  6.170547e+03 |   +1.36% |  6.78e-06 |  (cp_association)
     1160 |   0.8692 |  6.290812e+03 |   +1.95% |  6.44e-09 |  (cp_body)
     1160 |   0.2484 |  6.290812e+03 |   +1.95% |  7.49e-06 |  (cp_association)
     1170 |   0.8641 |  6.421772e+03 |   +2.08% |  7.12e-09 |  (cp_body)
     1170 |   0.2352 |  6.421772e+03 |   +2.08% |  8.27e-06 |  (cp_association)
     1180 |   0.8584 |  6.551444e+03 |   +2.02% |  7.86e-09 |  (cp_body)
     1180 |   0.2269 |  6.551444e+03 |   +2.02% |  9.14e-06 |  (cp_association)
     1190 |   0.8534 |  6.693222e+03 |   +2.16% |  8.68e-09 |  (cp_body)
     1190 |   0.2220 |  6.693222e+03 |   +2.16% |  1.01e-05 |  (cp_association)
     1200 |   0.8484 |  6.854091e+03 |   +2.40% |  9.59e-09 |  (cp_body)
     1200 |   0.2031 |  6.854091e+03 |   +2.40% |  1.12e-05 |  (cp_association)
     1210 |   0.8413 |  7.011008e+03 |   +2.29% |  1.06e-08 |  (cp_body)
     1210 |   0.1948 |  7.011008e+03 |   +2.29% |  1.23e-05 |  (cp_association)
     1220 |   0.8373 |  7.179337e+03 |   +2.40% |  1.17e-08 |  (cp_body)
     1220 |   0.1905 |  7.179337e+03 |   +2.40% |  1.36e-05 |  (cp_association)
     1230 |   0.8315 |  7.358779e+03 |   +2.50% |  1.29e-08 |  (cp_body)
     1230 |   0.1906 |  7.358779e+03 |   +2.50% |  1.50e-05 |  (cp_association)
     1240 |   0.8262 |  7.532493e+03 |   +2.36% |  1.43e-08 |  (cp_body)
     1240 |   0.1796 |  7.532493e+03 |   +2.36% |  1.66e-05 |  (cp_association)
     1250 |   0.8189 |  7.691361e+03 |   +2.11% |  1.58e-08 |  (cp_body)
     1250 |   0.1736 |  7.691361e+03 |   +2.11% |  1.83e-05 |  (cp_association)
     1260 |   0.8138 |  7.828988e+03 |   +1.79% |  1.74e-08 |  (cp_body)
     1260 |   0.1653 |  7.828988e+03 |   +1.79% |  2.03e-05 |  (cp_association)
     1270 |   0.8106 |  7.943227e+03 |   +1.46% |  1.92e-08 |  (cp_body)
     1270 |   0.1520 |  7.943227e+03 |   +1.46% |  2.24e-05 |  (cp_association)
     1280 |   0.8081 |  8.044643e+03 |   +1.28% |  2.13e-08 |  (cp_body)
     1280 |   0.1423 |  8.044643e+03 |   +1.28% |  2.47e-05 |  (cp_association)
     1290 |   0.8037 |  8.169790e+03 |   +1.56% |  2.35e-08 |  (cp_body)
     1290 |   0.1364 |  8.169790e+03 |   +1.56% |  2.73e-05 |  (cp_association)
     1300 |   0.8004 |  8.319149e+03 |   +1.83% |  2.59e-08 |  (cp_body)
     1300 |   0.1247 |  8.319149e+03 |   +1.83% |  3.02e-05 |  (cp_association)
     1310 |   0.7944 |  8.472768e+03 |   +1.85% |  2.87e-08 |  (cp_body)
     1310 |   0.1145 |  8.472768e+03 |   +1.85% |  3.33e-05 |  (cp_association)
     1320 |   0.7912 |  8.616897e+03 |   +1.70% |  3.17e-08 |  (cp_body)
     1320 |   0.1034 |  8.616897e+03 |   +1.70% |  3.68e-05 |  (cp_association)
     1329 |   0.0987 |  8.765794e+03 |          |  4.07e-05 | cp_association
---------------------------------------------------------------
[INFO GPL-1016] Region 'cp_association' placement finished at iteration 1329
[INFO GPL-1005] Routability final weighted congestion: 0.9835
[INFO GPL-1002] Placed Cell Area                2.8552
[INFO GPL-1003] Available Free Area            21.9283
[INFO GPL-1004] Minimum Feasible Density        0.1400 (cell_area / free_area)
[INFO GPL-1006]   Suggested Target Densities:
[INFO GPL-1007]     - For 90% usage of free space: 0.1447
[INFO GPL-1008]     - For 80% usage of free space: 0.1628
[INFO GPL-1009]     - For 50% usage of free space: 0.2604
     1330 |   0.7909 |  8.771668e+03 |   +1.80% |  3.50e-08 |  (cp_body)
     1340 |   0.7888 |  8.957233e+03 |   +2.12% |  3.86e-08 |  (cp_body)
     1350 |   0.7835 |  9.184234e+03 |   +2.53% |  4.27e-08 |  (cp_body)
     1360 |   0.7776 |  9.444536e+03 |   +2.83% |  4.71e-08 |  (cp_body)
     1370 |   0.7681 |  9.711127e+03 |   +2.82% |  5.21e-08 |  (cp_body)
     1380 |   0.7590 |  9.958968e+03 |   +2.55% |  5.75e-08 |  (cp_body)
     1390 |   0.7520 |  1.016962e+04 |   +2.12% |  6.35e-08 |  (cp_body)
     1400 |   0.7441 |  1.034081e+04 |   +1.68% |  7.02e-08 |  (cp_body)
     1410 |   0.7347 |  1.049399e+04 |   +1.48% |  7.75e-08 |  (cp_body)
     1420 |   0.7270 |  1.064263e+04 |   +1.42% |  8.56e-08 |  (cp_body)
     1430 |   0.7134 |  1.077832e+04 |   +1.27% |  9.46e-08 |  (cp_body)
     1440 |   0.7043 |  1.088733e+04 |   +1.01% |  1.04e-07 |  (cp_body)
     1450 |   0.6966 |  1.099501e+04 |   +0.99% |  1.15e-07 |  (cp_body)
     1460 |   0.6876 |  1.113756e+04 |   +1.30% |  1.27e-07 |  (cp_body)
     1470 |   0.6771 |  1.133141e+04 |   +1.74% |  1.41e-07 |  (cp_body)
     1480 |   0.6653 |  1.155624e+04 |   +1.98% |  1.56e-07 |  (cp_body)
     1490 |   0.6532 |  1.180243e+04 |   +2.13% |  1.72e-07 |  (cp_body)
     1500 |   0.6399 |  1.205039e+04 |   +2.10% |  1.90e-07 |  (cp_body)
     1510 |   0.6279 |  1.227239e+04 |   +1.84% |  2.10e-07 |  (cp_body)
     1520 |   0.6147 |  1.242480e+04 |   +1.24% |  2.32e-07 |  (cp_body)
     1530 |   0.6037 |  1.255109e+04 |   +1.02% |  2.56e-07 |  (cp_body)
     1540 |   0.5878 |  1.266160e+04 |   +0.88% |  2.83e-07 |  (cp_body)
     1550 |   0.5723 |  1.276565e+04 |   +0.82% |  3.12e-07 |  (cp_body)
     1560 |   0.5557 |  1.288027e+04 |   +0.90% |  3.45e-07 |  (cp_body)
     1570 |   0.5396 |  1.303442e+04 |   +1.20% |  3.81e-07 |  (cp_body)
     1580 |   0.5254 |  1.322451e+04 |   +1.46% |  4.21e-07 |  (cp_body)
     1590 |   0.5064 |  1.343549e+04 |   +1.60% |  4.65e-07 |  (cp_body)
[INFO GPL-0040] Routability iteration: 1
[INFO GPL-0041] Total routing overflow: 0.0000
[INFO GPL-0042] Number of overflowed tiles: 0 (0.00%)
[INFO GPL-0043] Average top 0.5% routing congestion: 0.7544
[INFO GPL-0044] Average top 1.0% routing congestion: 0.6926
[INFO GPL-0045] Average top 2.0% routing congestion: 0.6341
[INFO GPL-0046] Average top 5.0% routing congestion: 0.5554
[INFO GPL-0047] Routability iteration weighted routing congestion: 0.7235
[INFO GPL-0050] Weighted routing congestion is lower than target routing congestion(1.0100), end routability optimization.
[INFO GPL-0090] Routability finished. Target routing congestion achieved succesfully.
     1600 |   0.4905 |  1.363199e+04 |   +1.46% |  5.13e-07 |  (cp_body)
     1610 |   0.4735 |  1.380819e+04 |   +1.29% |  5.67e-07 |  (cp_body)
     1620 |   0.4549 |  1.395337e+04 |   +1.05% |  6.26e-07 |  (cp_body)
     1630 |   0.4384 |  1.405992e+04 |   +0.76% |  6.92e-07 |  (cp_body)
     1640 |   0.4227 |  1.416752e+04 |   +0.77% |  7.64e-07 |  (cp_body)
     1650 |   0.4071 |  1.429949e+04 |   +0.93% |  8.44e-07 |  (cp_body)
     1660 |   0.3934 |  1.446407e+04 |   +1.15% |  9.33e-07 |  (cp_body)
     1670 |   0.3811 |  1.461012e+04 |   +1.01% |  1.03e-06 |  (cp_body)
     1680 |   0.3724 |  1.472366e+04 |   +0.78% |  1.14e-06 |  (cp_body)
     1690 |   0.3598 |  1.480247e+04 |   +0.54% |  1.26e-06 |  (cp_body)
     1700 |   0.3457 |  1.485572e+04 |   +0.36% |  1.39e-06 |  (cp_body)
     1710 |   0.3322 |  1.491650e+04 |   +0.41% |  1.53e-06 |  (cp_body)
     1720 |   0.3242 |  1.500961e+04 |   +0.62% |  1.69e-06 |  (cp_body)
     1730 |   0.3133 |  1.510125e+04 |   +0.61% |  1.87e-06 |  (cp_body)
     1740 |   0.3030 |  1.516971e+04 |   +0.45% |  2.07e-06 |  (cp_body)
     1750 |   0.2924 |  1.520263e+04 |   +0.22% |  2.28e-06 |  (cp_body)
[INFO GPL-0100] Timing-driven iteration 2/2, virtual: false.
[INFO GPL-0101]    Iter: 1753, overflow: 0.195, keep resizer changes at: 1, HPWL: 15208795
Iteration |   Area    | Resized | Buffers | Nets repaired | Remaining
---------------------------------------------------------------------
        0 |     +0.0% |       0 |       0 |             0 |      5945
    final |     +0.0% |       0 |       0 |             0 |         0
---------------------------------------------------------------------
   Iter   |    Area   | Removed | Inserted |   Pins
          |           | Buffers | Buffers  | Remaining
-------------------------------------------------------
        0 |     +0.0% |       0 |        0 |      4342
      430 |     -0.0% |       1 |        1 |      3912
      860 |     -0.0% |      29 |       30 |      3482
     1290 |     +0.0% |      35 |       42 |      3052
     1720 |     +0.1% |      35 |       44 |      2622
     2150 |     +0.0% |      37 |       46 |      2192
     2580 |     +0.0% |      48 |       55 |      1762
     3010 |     +0.0% |      48 |       56 |      1332
     3440 |     +0.1% |      87 |      101 |       902
     3870 |     +0.6% |      90 |      168 |       472
     4300 |     +0.8% |     187 |      274 |        42
    final |     +0.8% |     225 |      314 |         0
-------------------------------------------------------
[INFO GPL-0106] Timing-driven: worst slack 9.859336e-12
[INFO GPL-0107] Timing-driven: repair_design delta area: 6.605 um^2 (+0.81%)
[INFO GPL-0108] Timing-driven: repair_design, gpl delta gcells: 89 (+1.53%)
[INFO GPL-0109] Timing-driven: repair_design, gcells created: 314, deleted: 225
[INFO GPL-0110] Timing-driven: new target density: 0.5611305
[INFO GPL-0107] Timing-driven: repair_design delta area: 0.000 um^2 (+0.00%)
[INFO GPL-0108] Timing-driven: repair_design, gpl delta gcells: 89 (+1.53%)
[INFO GPL-0109] Timing-driven: repair_design, gcells created: 0, deleted: 0
[INFO GPL-0110] Timing-driven: new target density: 0.55
     1760 |   0.2859 |  1.595468e+04 |   +4.95% |  2.52e-06 |  (cp_body)
     1770 |   0.2760 |  1.588732e+04 |   -0.42% |  2.79e-06 |  (cp_body)
     1780 |   0.2638 |  1.583576e+04 |   -0.32% |  3.08e-06 |  (cp_body)
     1790 |   0.2573 |  1.576496e+04 |   -0.45% |  3.40e-06 |  (cp_body)
     1800 |   0.2517 |  1.571505e+04 |   -0.32% |  3.76e-06 |  (cp_body)
     1810 |   0.2440 |  1.571981e+04 |   +0.03% |  4.15e-06 |  (cp_body)
     1820 |   0.2354 |  1.569643e+04 |   -0.15% |  4.58e-06 |  (cp_body)
     1830 |   0.2210 |  1.568075e+04 |   -0.10% |  5.06e-06 |  (cp_body)
     1840 |   0.2134 |  1.568296e+04 |   +0.01% |  5.59e-06 |  (cp_body)
     1850 |   0.2064 |  1.568995e+04 |   +0.04% |  6.18e-06 |  (cp_body)
     1860 |   0.1987 |  1.567765e+04 |   -0.08% |  6.82e-06 |  (cp_body)
     1870 |   0.1888 |  1.567929e+04 |   +0.01% |  7.54e-06 |  (cp_body)
     1880 |   0.1826 |  1.567982e+04 |   +0.00% |  8.32e-06 |  (cp_body)
     1890 |   0.1762 |  1.568179e+04 |   +0.01% |  9.20e-06 |  (cp_body)
     1900 |   0.1665 |  1.568355e+04 |   +0.01% |  1.02e-05 |  (cp_body)
     1910 |   0.1627 |  1.568221e+04 |   -0.01% |  1.12e-05 |  (cp_body)
     1920 |   0.1556 |  1.568258e+04 |   +0.00% |  1.24e-05 |  (cp_body)
     1930 |   0.1480 |  1.568649e+04 |   +0.02% |  1.37e-05 |  (cp_body)
     1940 |   0.1395 |  1.568416e+04 |   -0.01% |  1.51e-05 |  (cp_body)
     1950 |   0.1333 |  1.568937e+04 |   +0.03% |  1.67e-05 |  (cp_body)
     1960 |   0.1275 |  1.569495e+04 |   +0.04% |  1.85e-05 |  (cp_body)
     1970 |   0.1225 |  1.570462e+04 |   +0.06% |  2.04e-05 |  (cp_body)
     1980 |   0.1173 |  1.571202e+04 |   +0.05% |  2.25e-05 |  (cp_body)
     1990 |   0.1116 |  1.572438e+04 |   +0.08% |  2.49e-05 |  (cp_body)
     2000 |   0.1058 |  1.572613e+04 |   +0.01% |  2.75e-05 |  (cp_body)
     2010 |   0.0999 |  1.572482e+04 |   -0.01% |  3.03e-05 |  (cp_body)
     2010 |   0.0999 |  1.572482e+04 |          |  3.07e-05 | cp_body
---------------------------------------------------------------
[INFO GPL-1016] Region 'cp_body' placement finished at iteration 2010
[INFO GPL-1005] Routability final weighted congestion: 0.6491
[INFO GPL-1002] Placed Cell Area              825.4049
[INFO GPL-1003] Available Free Area          2223.3625
[INFO GPL-1004] Minimum Feasible Density        0.3700 (cell_area / free_area)
[INFO GPL-1006]   Suggested Target Densities:
[INFO GPL-1007]     - For 90% usage of free space: 0.4125
[INFO GPL-1008]     - For 80% usage of free space: 0.4641
[INFO GPL-1009]     - For 50% usage of free space: 0.7425
[INFO GPL-1011] Original area (um^2): 803.51
[INFO GPL-1012] Total routability artificial inflation: 0.00 (+0.00%)
[INFO GPL-1013] Total timing-driven delta area: 24.75 (+3.08%)
[INFO GPL-1014] Final placement area: 828.26 (+3.08%)
Took 6 seconds: global_placement -density 0.55 -pad_left 0 -pad_right 0 -routability_driven -random_seed 1 -timing_driven -force_center_initial_place -min_phi_coef 0.95 -max_phi_coef 1.01
estimate_parasitics -placement
Report metrics stage 3, global place...

==========================================================================
global place report_design_area
--------------------------------------------------------------------------
Design area 826 um^2 37% utilization.
write_db /work/results/asap7/opentallas_ot_hbm_integrated_su_cp_context_asap7_harvey_cp_phase_parallel_context_r1/base/3_3_place_gp.odb
Elapsed time: 0:09.32[h:]min:sec. CPU time: user 61.20 sys 2.38 (682%). Peak memory: 499028KB.
Log                       Ext     Elapsed/s Peak Memory/MB sha1sum result [0:20)
3_3_place_gp              .odb            9            487 c9b8933f250c341ca79f
