OpenROAD 26Q3-1510-g6cb3f2b704 
Features included (+) or not (-): +GPU +GUI +Python
This program is licensed under the BSD-3 license. See the LICENSE file for details.
Components of this program may be licensed under more restrictive licenses which must be honored.
[INFO ORD-0030] Using 16 thread(s).
source /OpenROAD-flow-scripts/flow/platforms/asap7/liberty_suppressions.tcl
read_liberty -corner WC /OpenROAD-flow-scripts/flow/platforms/asap7/lib/NLDM/asap7sc7p5t_AO_RVT_SS_nldm_211120.lib.gz
read_liberty -corner WC /OpenROAD-flow-scripts/flow/platforms/asap7/lib/NLDM/asap7sc7p5t_INVBUF_RVT_SS_nldm_220122.lib.gz
read_liberty -corner WC /OpenROAD-flow-scripts/flow/platforms/asap7/lib/NLDM/asap7sc7p5t_OA_RVT_SS_nldm_211120.lib.gz
read_liberty -corner WC /OpenROAD-flow-scripts/flow/platforms/asap7/lib/NLDM/asap7sc7p5t_SEQ_RVT_SS_nldm_220123.lib
read_liberty -corner WC /OpenROAD-flow-scripts/flow/platforms/asap7/lib/NLDM/asap7sc7p5t_SIMPLE_RVT_SS_nldm_211120.lib.gz
read_liberty -corner BC /OpenROAD-flow-scripts/flow/platforms/asap7/lib/NLDM/asap7sc7p5t_AO_RVT_FF_nldm_211120.lib.gz
read_liberty -corner BC /OpenROAD-flow-scripts/flow/platforms/asap7/lib/NLDM/asap7sc7p5t_INVBUF_RVT_FF_nldm_220122.lib.gz
read_liberty -corner BC /OpenROAD-flow-scripts/flow/platforms/asap7/lib/NLDM/asap7sc7p5t_OA_RVT_FF_nldm_211120.lib.gz
read_liberty -corner BC /OpenROAD-flow-scripts/flow/platforms/asap7/lib/NLDM/asap7sc7p5t_SIMPLE_RVT_FF_nldm_211120.lib.gz
read_liberty -corner BC /OpenROAD-flow-scripts/flow/platforms/asap7/lib/NLDM/asap7sc7p5t_SEQ_RVT_FF_nldm_220123.lib
read_db /work/results/asap7/opentallas_ot_hbm_integrated_su_cp_context_asap7_harvey_cp_phase_parallel_context_r1/base/4_cts.odb
read_sdc /work/results/asap7/opentallas_ot_hbm_integrated_su_cp_context_asap7_harvey_cp_phase_parallel_context_r1/base/4_cts.sdc
source /OpenROAD-flow-scripts/flow/platforms/asap7/setRC.tcl
source /work/hooks/pre_global_route_fast_frontier_membership.tcl
OT_CP_POST_INSERTION_MEMBERSHIP clock=0 repair=0 shared=0
OT_FAST_FINITE_AREA region=cp_body actual=884.4082199999955 cap=1117.87776
OT_FAST_FINITE_AREA region=cp_association actual=3.10554 cap=11.19744
pin_access
[INFO DRT-0149] Reading tech and libs.

Units:                1000
Number of layers:     21
Number of macros:     212
Number of vias:       17
Number of viarulegen: 11

[INFO DRT-0150] Reading design.

Design:                   ot_hbm_integrated_su_cp_context
Die area:                 ( 0 0 ) ( 82080 82080 )
Number of track patterns: 32
Number of DEF vias:       0
Number of components:     7126
Number of terminals:      238
Number of snets:          2
Number of nets:           6768

[WARNING DRT-0421] Term association_fault has no pins on routing grid
[WARNING DRT-0421] Term cp_gen[0] has no pins on routing grid
[WARNING DRT-0421] Term cp_gen[1] has no pins on routing grid
[WARNING DRT-0421] Term cp_gen[2] has no pins on routing grid
[WARNING DRT-0421] Term cp_gen[3] has no pins on routing grid
[WARNING DRT-0421] Term cp_job[0] has no pins on routing grid
[WARNING DRT-0421] Term cp_job[10] has no pins on routing grid
[WARNING DRT-0421] Term cp_job[11] has no pins on routing grid
[WARNING DRT-0421] Term cp_job[12] has no pins on routing grid
[WARNING DRT-0421] Term cp_job[13] has no pins on routing grid
[WARNING DRT-0421] Term cp_job[14] has no pins on routing grid
[WARNING DRT-0421] Term cp_job[15] has no pins on routing grid
[WARNING DRT-0421] Term cp_job[16] has no pins on routing grid
[WARNING DRT-0421] Term cp_job[17] has no pins on routing grid
[WARNING DRT-0421] Term cp_job[18] has no pins on routing grid
[WARNING DRT-0421] Term cp_job[19] has no pins on routing grid
[WARNING DRT-0421] Term cp_job[1] has no pins on routing grid
[WARNING DRT-0421] Term cp_job[20] has no pins on routing grid
[WARNING DRT-0421] Term cp_job[21] has no pins on routing grid
[WARNING DRT-0421] Term cp_job[22] has no pins on routing grid
[WARNING DRT-0421] Term cp_job[23] has no pins on routing grid
[WARNING DRT-0421] Term cp_job[24] has no pins on routing grid
[WARNING DRT-0421] Term cp_job[25] has no pins on routing grid
[WARNING DRT-0421] Term cp_job[26] has no pins on routing grid
[WARNING DRT-0421] Term cp_job[27] has no pins on routing grid
[WARNING DRT-0421] Term cp_job[28] has no pins on routing grid
[WARNING DRT-0421] Term cp_job[29] has no pins on routing grid
[WARNING DRT-0421] Term cp_job[2] has no pins on routing grid
[WARNING DRT-0421] Term cp_job[30] has no pins on routing grid
[WARNING DRT-0421] Term cp_job[31] has no pins on routing grid
[WARNING DRT-0421] Term cp_job[3] has no pins on routing grid
[WARNING DRT-0421] Term cp_job[4] has no pins on routing grid
[WARNING DRT-0421] Term cp_job[5] has no pins on routing grid
[WARNING DRT-0421] Term cp_job[6] has no pins on routing grid
[WARNING DRT-0421] Term cp_job[7] has no pins on routing grid
[WARNING DRT-0421] Term cp_job[8] has no pins on routing grid
[WARNING DRT-0421] Term cp_job[9] has no pins on routing grid
[WARNING DRT-0421] Term done has no pins on routing grid
[WARNING DRT-0421] Term exec_done has no pins on routing grid
[WARNING DRT-0421] Term exec_fault has no pins on routing grid
[WARNING DRT-0421] Term exec_owned has no pins on routing grid
[WARNING DRT-0421] Term fault has no pins on routing grid
[WARNING DRT-0421] Term held_gen[0] has no pins on routing grid
[WARNING DRT-0421] Term held_gen[1] has no pins on routing grid
[WARNING DRT-0421] Term held_gen[2] has no pins on routing grid
[WARNING DRT-0421] Term held_gen[3] has no pins on routing grid
[WARNING DRT-0421] Term held_job[0] has no pins on routing grid
[WARNING DRT-0421] Term held_job[10] has no pins on routing grid
[WARNING DRT-0421] Term held_job[11] has no pins on routing grid
[WARNING DRT-0421] Term held_job[12] has no pins on routing grid
[WARNING DRT-0421] Term held_job[13] has no pins on routing grid
[WARNING DRT-0421] Term held_job[14] has no pins on routing grid
[WARNING DRT-0421] Term held_job[15] has no pins on routing grid
[WARNING DRT-0421] Term held_job[16] has no pins on routing grid
[WARNING DRT-0421] Term held_job[17] has no pins on routing grid
[WARNING DRT-0421] Term held_job[18] has no pins on routing grid
[WARNING DRT-0421] Term held_job[19] has no pins on routing grid
[WARNING DRT-0421] Term held_job[1] has no pins on routing grid
[WARNING DRT-0421] Term held_job[20] has no pins on routing grid
[WARNING DRT-0421] Term held_job[21] has no pins on routing grid
[WARNING DRT-0421] Term held_job[22] has no pins on routing grid
[WARNING DRT-0421] Term held_job[23] has no pins on routing grid
[WARNING DRT-0421] Term held_job[24] has no pins on routing grid
[WARNING DRT-0421] Term held_job[25] has no pins on routing grid
[WARNING DRT-0421] Term held_job[26] has no pins on routing grid
[WARNING DRT-0421] Term held_job[27] has no pins on routing grid
[WARNING DRT-0421] Term held_job[28] has no pins on routing grid
[WARNING DRT-0421] Term held_job[29] has no pins on routing grid
[WARNING DRT-0421] Term held_job[2] has no pins on routing grid
[WARNING DRT-0421] Term held_job[30] has no pins on routing grid
[WARNING DRT-0421] Term held_job[31] has no pins on routing grid
[WARNING DRT-0421] Term held_job[3] has no pins on routing grid
[WARNING DRT-0421] Term held_job[4] has no pins on routing grid
[WARNING DRT-0421] Term held_job[5] has no pins on routing grid
[WARNING DRT-0421] Term held_job[6] has no pins on routing grid
[WARNING DRT-0421] Term held_job[7] has no pins on routing grid
[WARNING DRT-0421] Term held_job[8] has no pins on routing grid
[WARNING DRT-0421] Term held_job[9] has no pins on routing grid
[WARNING DRT-0421] Term held_pos[0] has no pins on routing grid
[WARNING DRT-0421] Term held_pos[10] has no pins on routing grid
[WARNING DRT-0421] Term held_pos[11] has no pins on routing grid
[WARNING DRT-0421] Term held_pos[12] has no pins on routing grid
[WARNING DRT-0421] Term held_pos[13] has no pins on routing grid
[WARNING DRT-0421] Term held_pos[14] has no pins on routing grid
[WARNING DRT-0421] Term held_pos[15] has no pins on routing grid
[WARNING DRT-0421] Term held_pos[16] has no pins on routing grid
[WARNING DRT-0421] Term held_pos[17] has no pins on routing grid
[WARNING DRT-0421] Term held_pos[18] has no pins on routing grid
[WARNING DRT-0421] Term held_pos[19] has no pins on routing grid
[WARNING DRT-0421] Term held_pos[1] has no pins on routing grid
[WARNING DRT-0421] Term held_pos[2] has no pins on routing grid
[WARNING DRT-0421] Term held_pos[3] has no pins on routing grid
[WARNING DRT-0421] Term held_pos[4] has no pins on routing grid
[WARNING DRT-0421] Term held_pos[5] has no pins on routing grid
[WARNING DRT-0421] Term held_pos[6] has no pins on routing grid
[WARNING DRT-0421] Term held_pos[7] has no pins on routing grid
[WARNING DRT-0421] Term held_pos[8] has no pins on routing grid
[WARNING DRT-0421] Term held_pos[9] has no pins on routing grid
[WARNING DRT-0421] Term held_token[0] has no pins on routing grid
[WARNING DRT-0421] Term held_token[10] has no pins on routing grid
[WARNING DRT-0421] Term held_token[11] has no pins on routing grid
[WARNING DRT-0421] Term held_token[12] has no pins on routing grid
[WARNING DRT-0421] Term held_token[13] has no pins on routing grid
[WARNING DRT-0421] Term held_token[14] has no pins on routing grid
[WARNING DRT-0421] Term held_token[15] has no pins on routing grid
[WARNING DRT-0421] Term held_token[16] has no pins on routing grid
[WARNING DRT-0421] Term held_token[1] has no pins on routing grid
[WARNING DRT-0421] Term held_token[2] has no pins on routing grid
[WARNING DRT-0421] Term held_token[3] has no pins on routing grid
[WARNING DRT-0421] Term held_token[4] has no pins on routing grid
[WARNING DRT-0421] Term held_token[5] has no pins on routing grid
[WARNING DRT-0421] Term held_token[6] has no pins on routing grid
[WARNING DRT-0421] Term held_token[7] has no pins on routing grid
[WARNING DRT-0421] Term held_token[8] has no pins on routing grid
[WARNING DRT-0421] Term held_token[9] has no pins on routing grid
[WARNING DRT-0421] Term launch_pc[0] has no pins on routing grid
[WARNING DRT-0421] Term launch_pc[10] has no pins on routing grid
[WARNING DRT-0421] Term launch_pc[11] has no pins on routing grid
[WARNING DRT-0421] Term launch_pc[12] has no pins on routing grid
[WARNING DRT-0421] Term launch_pc[13] has no pins on routing grid
[WARNING DRT-0421] Term launch_pc[14] has no pins on routing grid
[WARNING DRT-0421] Term launch_pc[15] has no pins on routing grid
[WARNING DRT-0421] Term launch_pc[16] has no pins on routing grid
[WARNING DRT-0421] Term launch_pc[17] has no pins on routing grid
[WARNING DRT-0421] Term launch_pc[18] has no pins on routing grid
[WARNING DRT-0421] Term launch_pc[19] has no pins on routing grid
[WARNING DRT-0421] Term launch_pc[1] has no pins on routing grid
[WARNING DRT-0421] Term launch_pc[20] has no pins on routing grid
[WARNING DRT-0421] Term launch_pc[21] has no pins on routing grid
[WARNING DRT-0421] Term launch_pc[22] has no pins on routing grid
[WARNING DRT-0421] Term launch_pc[23] has no pins on routing grid
[WARNING DRT-0421] Term launch_pc[24] has no pins on routing grid
[WARNING DRT-0421] Term launch_pc[25] has no pins on routing grid
[WARNING DRT-0421] Term launch_pc[26] has no pins on routing grid
[WARNING DRT-0421] Term launch_pc[27] has no pins on routing grid
[WARNING DRT-0421] Term launch_pc[28] has no pins on routing grid
[WARNING DRT-0421] Term launch_pc[29] has no pins on routing grid
[WARNING DRT-0421] Term launch_pc[2] has no pins on routing grid
[WARNING DRT-0421] Term launch_pc[30] has no pins on routing grid
[WARNING DRT-0421] Term launch_pc[31] has no pins on routing grid
[WARNING DRT-0421] Term launch_pc[3] has no pins on routing grid
[WARNING DRT-0421] Term launch_pc[4] has no pins on routing grid
[WARNING DRT-0421] Term launch_pc[5] has no pins on routing grid
[WARNING DRT-0421] Term launch_pc[6] has no pins on routing grid
[WARNING DRT-0421] Term launch_pc[7] has no pins on routing grid
[WARNING DRT-0421] Term launch_pc[8] has no pins on routing grid
[WARNING DRT-0421] Term launch_pc[9] has no pins on routing grid
[WARNING DRT-0421] Term launch_pos[0] has no pins on routing grid
[WARNING DRT-0421] Term launch_pos[10] has no pins on routing grid
[WARNING DRT-0421] Term launch_pos[11] has no pins on routing grid
[WARNING DRT-0421] Term launch_pos[12] has no pins on routing grid
[WARNING DRT-0421] Term launch_pos[13] has no pins on routing grid
[WARNING DRT-0421] Term launch_pos[14] has no pins on routing grid
[WARNING DRT-0421] Term launch_pos[15] has no pins on routing grid
[WARNING DRT-0421] Term launch_pos[16] has no pins on routing grid
[WARNING DRT-0421] Term launch_pos[17] has no pins on routing grid
[WARNING DRT-0421] Term launch_pos[18] has no pins on routing grid
[WARNING DRT-0421] Term launch_pos[19] has no pins on routing grid
[WARNING DRT-0421] Term launch_pos[1] has no pins on routing grid
[WARNING DRT-0421] Term launch_pos[2] has no pins on routing grid
[WARNING DRT-0421] Term launch_pos[3] has no pins on routing grid
[WARNING DRT-0421] Term launch_pos[4] has no pins on routing grid
[WARNING DRT-0421] Term launch_pos[5] has no pins on routing grid
[WARNING DRT-0421] Term launch_pos[6] has no pins on routing grid
[WARNING DRT-0421] Term launch_pos[7] has no pins on routing grid
[WARNING DRT-0421] Term launch_pos[8] has no pins on routing grid
[WARNING DRT-0421] Term launch_pos[9] has no pins on routing grid
[WARNING DRT-0421] Term launch_token[0] has no pins on routing grid
[WARNING DRT-0421] Term launch_token[10] has no pins on routing grid
[WARNING DRT-0421] Term launch_token[11] has no pins on routing grid
[WARNING DRT-0421] Term launch_token[12] has no pins on routing grid
[WARNING DRT-0421] Term launch_token[13] has no pins on routing grid
[WARNING DRT-0421] Term launch_token[14] has no pins on routing grid
[WARNING DRT-0421] Term launch_token[15] has no pins on routing grid
[WARNING DRT-0421] Term launch_token[16] has no pins on routing grid
[WARNING DRT-0421] Term launch_token[1] has no pins on routing grid
[WARNING DRT-0421] Term launch_token[2] has no pins on routing grid
[WARNING DRT-0421] Term launch_token[3] has no pins on routing grid
[WARNING DRT-0421] Term launch_token[4] has no pins on routing grid
[WARNING DRT-0421] Term launch_token[5] has no pins on routing grid
[WARNING DRT-0421] Term launch_token[6] has no pins on routing grid
[WARNING DRT-0421] Term launch_token[7] has no pins on routing grid
[WARNING DRT-0421] Term launch_token[8] has no pins on routing grid
[WARNING DRT-0421] Term launch_token[9] has no pins on routing grid
[WARNING DRT-0421] Term launch_v[0] has no pins on routing grid
[WARNING DRT-0421] Term launch_v[1] has no pins on routing grid
[WARNING DRT-0421] Term lease_granted has no pins on routing grid
[WARNING DRT-0421] Term lease_v has no pins on routing grid
[WARNING DRT-0421] Term native_launch[0] has no pins on routing grid
[WARNING DRT-0421] Term native_launch[1] has no pins on routing grid
[WARNING DRT-0421] Term new_request_permit has no pins on routing grid
[WARNING DRT-0421] Term owned has no pins on routing grid
[WARNING DRT-0421] Term pending has no pins on routing grid
[WARNING DRT-0421] Term quiet has no pins on routing grid
[WARNING DRT-0421] Term release_r has no pins on routing grid
[WARNING DRT-0421] Term release_v has no pins on routing grid
[WARNING DRT-0421] Term retired_original_ops[0] has no pins on routing grid
[WARNING DRT-0421] Term retired_original_ops[1] has no pins on routing grid
[WARNING DRT-0421] Term retired_original_ops[2] has no pins on routing grid
[WARNING DRT-0421] Term retired_original_ops[3] has no pins on routing grid
[WARNING DRT-0421] Term selected has no pins on routing grid
[WARNING DRT-0421] Term selected_pc[0] has no pins on routing grid
[WARNING DRT-0421] Term selected_pc[10] has no pins on routing grid
[WARNING DRT-0421] Term selected_pc[11] has no pins on routing grid
[WARNING DRT-0421] Term selected_pc[12] has no pins on routing grid
[WARNING DRT-0421] Term selected_pc[13] has no pins on routing grid
[WARNING DRT-0421] Term selected_pc[14] has no pins on routing grid
[WARNING DRT-0421] Term selected_pc[15] has no pins on routing grid
[WARNING DRT-0421] Term selected_pc[16] has no pins on routing grid
[WARNING DRT-0421] Term selected_pc[17] has no pins on routing grid
[WARNING DRT-0421] Term selected_pc[18] has no pins on routing grid
[WARNING DRT-0421] Term selected_pc[19] has no pins on routing grid
[WARNING DRT-0421] Term selected_pc[1] has no pins on routing grid
[WARNING DRT-0421] Term selected_pc[20] has no pins on routing grid
[WARNING DRT-0421] Term selected_pc[21] has no pins on routing grid
[WARNING DRT-0421] Term selected_pc[22] has no pins on routing grid
[WARNING DRT-0421] Term selected_pc[23] has no pins on routing grid
[WARNING DRT-0421] Term selected_pc[24] has no pins on routing grid
[WARNING DRT-0421] Term selected_pc[25] has no pins on routing grid
[WARNING DRT-0421] Term selected_pc[26] has no pins on routing grid
[WARNING DRT-0421] Term selected_pc[27] has no pins on routing grid
[WARNING DRT-0421] Term selected_pc[28] has no pins on routing grid
[WARNING DRT-0421] Term selected_pc[29] has no pins on routing grid
[WARNING DRT-0421] Term selected_pc[2] has no pins on routing grid
[WARNING DRT-0421] Term selected_pc[30] has no pins on routing grid
[WARNING DRT-0421] Term selected_pc[31] has no pins on routing grid
[WARNING DRT-0421] Term selected_pc[3] has no pins on routing grid
[WARNING DRT-0421] Term selected_pc[4] has no pins on routing grid
[WARNING DRT-0421] Term selected_pc[5] has no pins on routing grid
[WARNING DRT-0421] Term selected_pc[6] has no pins on routing grid
[WARNING DRT-0421] Term selected_pc[7] has no pins on routing grid
[WARNING DRT-0421] Term selected_pc[8] has no pins on routing grid
[WARNING DRT-0421] Term selected_pc[9] has no pins on routing grid
[WARNING DRT-0421] Term shared_fault has no pins on routing grid
[INFO DRT-0167] List of default vias:
  Layer V2
    default via: VIA23
  Layer V3
    default via: VIA34
  Layer V4
    default via: VIA45
  Layer V5
    default via: VIA56
  Layer V6
    default via: VIA67
  Layer V7
    default via: VIA78
  Layer V8
    default via: VIA89
  Layer V9
    default via: VIA9Pad
[INFO DRT-0162] Library cell analysis.
[INFO DRT-0163] Instance analysis.
[INFO DRT-0164] Number of unique instances = 161.
[INFO DRT-0168] Init region query.
[INFO DRT-0024]   Complete Active.
[INFO DRT-0024]   Complete V0.
[INFO DRT-0024]   Complete M1.
[INFO DRT-0024]   Complete V1.
[INFO DRT-0024]   Complete M2.
[INFO DRT-0024]   Complete V2.
[INFO DRT-0024]   Complete M3.
[INFO DRT-0024]   Complete V3.
[INFO DRT-0024]   Complete M4.
[INFO DRT-0024]   Complete V4.
[INFO DRT-0024]   Complete M5.
[INFO DRT-0024]   Complete V5.
[INFO DRT-0024]   Complete M6.
[INFO DRT-0024]   Complete V6.
[INFO DRT-0024]   Complete M7.
[INFO DRT-0024]   Complete V7.
[INFO DRT-0024]   Complete M8.
[INFO DRT-0024]   Complete V8.
[INFO DRT-0024]   Complete M9.
[INFO DRT-0024]   Complete V9.
[INFO DRT-0024]   Complete Pad.
[INFO DRT-0033] Active shape region query size = 0.
[INFO DRT-0033] V0 shape region query size = 0.
[INFO DRT-0033] M1 shape region query size = 122621.
[INFO DRT-0033] V1 shape region query size = 250409.
[INFO DRT-0033] M2 shape region query size = 9003.
[INFO DRT-0033] V2 shape region query size = 3894.
[INFO DRT-0033] M3 shape region query size = 2211.
[INFO DRT-0033] V3 shape region query size = 484.
[INFO DRT-0033] M4 shape region query size = 506.
[INFO DRT-0033] V4 shape region query size = 968.
[INFO DRT-0033] M5 shape region query size = 484.
[INFO DRT-0033] V5 shape region query size = 242.
[INFO DRT-0033] M6 shape region query size = 720.
[INFO DRT-0033] V6 shape region query size = 968.
[INFO DRT-0033] M7 shape region query size = 638.
[INFO DRT-0033] V7 shape region query size = 4488.
[INFO DRT-0033] M8 shape region query size = 1020.
[INFO DRT-0033] V8 shape region query size = 14450.
[INFO DRT-0033] M9 shape region query size = 646.
[INFO DRT-0033] V9 shape region query size = 0.
[INFO DRT-0033] Pad shape region query size = 0.
[INFO DRT-0165] Start pin access.
[INFO DRT-0078]   Complete 820 pins.
[INFO DRT-0079]   Complete 100 unique inst patterns.
[INFO DRT-0081]   Complete 161 unique inst patterns.
[INFO DRT-0084]   Complete 4433 groups.
#scanned instances     = 7126
#unique  instances     = 161
#stdCellGenAp          = 4760
#stdCellValidPlanarAp  = 90
#stdCellValidViaAp     = 3764
#stdCellPinNoAp        = 0
#stdCellPinCnt         = 17870
#instTermValidViaApCnt = 0
#macroGenAp            = 0
#macroValidPlanarAp    = 0
#macroValidViaAp       = 0
#macroNoAp             = 0
[INFO DRT-0166] Complete pin access.
[INFO DRT-0267] cpu time = 00:00:53, elapsed time = 00:00:03, memory = 341.50 (MB), peak = 335.39 (MB)
global_route -congestion_report_file /work/reports/asap7/opentallas_ot_hbm_integrated_su_cp_context_asap7_harvey_cp_phase_parallel_context_r1/base/congestion.rpt -congestion_iterations 30 -congestion_report_iter_step 5 -verbose -resistance_aware
[INFO GRT-0020] Min routing layer: M2
[INFO GRT-0021] Max routing layer: M7
[INFO GRT-0022] Global adjustment: 0%
[INFO GRT-0023] Grid origin: (0, 0)
[INFO GRT-0088] Layer M1      Track-Pitch = 0.0360  line-2-Via Pitch: 0.0360
[INFO GRT-0088] Layer M2      Track-Pitch = 0.0390  line-2-Via Pitch: 0.0360
[INFO GRT-0088] Layer M3      Track-Pitch = 0.0360  line-2-Via Pitch: 0.0360
[INFO GRT-0088] Layer M4      Track-Pitch = 0.0480  line-2-Via Pitch: 0.0480
[INFO GRT-0088] Layer M5      Track-Pitch = 0.0480  line-2-Via Pitch: 0.0480
[INFO GRT-0088] Layer M6      Track-Pitch = 0.0640  line-2-Via Pitch: 0.0640
[INFO GRT-0088] Layer M7      Track-Pitch = 0.0640  line-2-Via Pitch: 0.0640
[INFO GRT-0003] Macros: 0
[INFO GRT-0004] Blockages: 4038
[INFO GRT-0019] Found 44 clock nets.
[INFO GRT-0001] Minimum degree: 2
[INFO GRT-0002] Maximum degree: 33

[INFO GRT-0053] Routing resources analysis:
          Routing      Original      Derated      Resource
Layer     Direction    Resources     Resources    Reduction (%)
---------------------------------------------------------------
M1         Vertical            0             0          0.00%
M2         Horizontal     288406        208190          27.81%
M3         Vertical       320244        238212          25.62%
M4         Horizontal     239371        177826          25.71%
M5         Vertical       244013        182237          25.32%
M6         Horizontal     182952        123310          32.60%
M7         Vertical       177825        120135          32.44%
---------------------------------------------------------------

[INFO GRT-0197] Via related to pin nodes: 37712
[INFO GRT-0198] Via related Steiner nodes: 924
[INFO GRT-0199] Via filling finished.
[INFO GRT-0111] Final number of vias: 49788
[INFO GRT-0112] Final usage 3D: 188859

[INFO GRT-0096] Final congestion report:
Layer         Resource        Demand        Usage (%)    Max H / Max V / Total Congestion
---------------------------------------------------------------------------------------
M1                   0             0            0.00%             0 /  0 /  0
M2              208190         15571            7.48%             0 /  0 /  0
M3              238212         15365            6.45%             0 /  0 /  0
M4              177826          2559            1.44%             0 /  0 /  0
M5              182237          1602            0.88%             0 /  0 /  0
M6              123310          2420            1.96%             0 /  0 /  0
M7              120135          1978            1.65%             0 /  0 /  0
---------------------------------------------------------------------------------------
Total          1049910         39495            3.76%             0 /  0 /  0

[INFO GRT-0018] Total wirelength: 31088 um
[INFO GRT-0014] Routed nets: 6768
[INFO GRT-0303] Global routing runtime = 00:00:02
estimate_parasitics -global_routing
Perform buffer insertion and gate resizing...
repair_design -verbose
Iteration |   Area    | Resized | Buffers | Nets repaired | Remaining
---------------------------------------------------------------------
        0 |     +0.0% |       0 |       0 |             0 |      6803
     1000 |     +0.0% |       0 |       0 |             0 |      5803
     2000 |     +0.0% |       0 |       0 |             0 |      4803
     3000 |     +0.0% |       0 |       0 |             0 |      3803
     4000 |     +0.0% |       0 |       0 |             0 |      2803
     5000 |     +0.0% |       0 |       0 |             0 |      1803
     6000 |     +0.0% |       0 |       0 |             0 |       803
    final |     +0.0% |       0 |       0 |             0 |         0
---------------------------------------------------------------------
[INFO RSZ-0504] Runtime: 0.55s
global_route -start_incremental
OT_CP_POST_INSERTION_MEMBERSHIP clock=0 repair=0 shared=0
OT_FAST_FINITE_AREA region=cp_body actual=884.4082199999955 cap=1117.87776
OT_FAST_FINITE_AREA region=cp_association actual=3.10554 cap=11.19744
detailed_placement
[INFO DPL-0006] Core area: 2258.15 um^2
[INFO DPL-0007] Movable instances area: 887.51 um^2
[INFO DPL-0008] Fixed instances area within core: 12.86 um^2
[INFO DPL-0009] Utilization: 39.9%
[INFO DPL-0005] Diamond search max displacement: +/- 500 sites horizontally, +/- 100 rows vertically.
[INFO DPL-1102] Legalizing using negotiation legalizer.
[INFO DPL-1103] Negotiation base search window: +/-20 sites horizontally, +/-5 rows vertically 
	Automatic search window extension enabled.
	Search window extendable up to the max displacement cap of +/-500 sites, +/-100 rows near walls.
[INFO DPL-1104] NegotiationLegalizer DRC penalty: 5.
[INFO DPL-0392] Negotiation cell height distribution (1 unique row-count(s)):
[INFO DPL-0393]   height 1 row(s): 7126 cells
[INFO DPL-0500] Runtime: 0.06s
Placement Analysis
---------------------------------
total displacement          0.0 u
average displacement        0.0 u
max displacement            0.0 u
original HPWL           20101.9 u
legalized HPWL          20101.9 u
delta HPWL                    0 %

global_route -end_incremental -resistance_aware -congestion_report_file /work/reports/asap7/opentallas_ot_hbm_integrated_su_cp_context_asap7_harvey_cp_phase_parallel_context_r1/base/congestion_post_repair_design.rpt
Repair setup and hold violations...
estimate_parasitics -global_routing
repair_timing -setup_margin 0 -hold_margin 10 -repair_tns 100 -verbose
[INFO RSZ-0100] Repair move sequence: UnbufferMove SizeUpMove SwapPinsMove BufferMove CloneMove SplitLoadMove 
[INFO RSZ-0094] Found 12 endpoints with setup violations.
[INFO RSZ-0099] Repairing 12 out of 12 (100.00%) violating endpoints...
   Iter   | Removed | Resized | Inserted | Cloned |  Pin  |   Area   |    WNS   |   StTNS    |   EnTNS    |  Viol  |  Worst  
          | Buffers |  Gates  | Buffers  |  Gates | Swaps |          |          |            |            | Endpts | St/EnPt 
------------------------------------------------------------------------------------------------------------------------------
       0* |       0 |       0 |        0 |      0 |     0 |    +0.0% |  -45.547 |    -5434.0 |     -372.1 |     12 | exec_owned
      10* |       0 |       3 |        1 |      0 |     5 |    +0.0% |  -41.632 |    -5178.2 |     -356.4 |     12 | exec_owned
      20* |       0 |       3 |        4 |      0 |    12 |    +0.0% |  -38.860 |    -5125.1 |     -343.9 |     12 | release_v
      22* |       0 |       3 |        4 |      0 |    12 |    +0.0% |  -38.860 |    -5125.1 |     -343.9 |     12 | release_v
      23* |       0 |       3 |        4 |      0 |    12 |    +0.0% |  -38.860 |    -5125.1 |     -343.9 |     12 | release_v
      29* |       0 |       3 |        7 |      0 |    14 |    +0.1% |  -38.701 |    -5206.4 |     -345.7 |     12 | release_v
      30* |       0 |       3 |        7 |      0 |    14 |    +0.1% |  -38.701 |    -5206.4 |     -345.7 |     12 | release_v
      34* |       0 |       3 |        7 |      0 |    14 |    +0.1% |  -38.701 |    -5206.4 |     -345.7 |     12 | release_v
      40* |       0 |       6 |        7 |      0 |    16 |    +0.1% |  -45.799 |    -5374.6 |     -372.8 |     12 | lease_v
      44* |       0 |       3 |        7 |      0 |    14 |    +0.1% |  -38.701 |    -5204.8 |     -345.5 |     12 | release_v
      48* |       0 |       4 |        7 |      0 |    14 |    +0.1% |  -38.701 |    -4883.1 |     -338.3 |     12 | release_v
      50* |       0 |       4 |        7 |      0 |    15 |    +0.1% |  -39.207 |    -4890.4 |     -341.4 |     12 | pending
      51* |       0 |       4 |        7 |      0 |    14 |    +0.1% |  -38.701 |    -4883.1 |     -338.3 |     12 | release_v
      60* |       0 |       5 |       12 |      0 |    18 |    +0.1% |  -47.833 |    -4976.9 |     -381.4 |     12 | exec_owned
      61* |       0 |       4 |       11 |      0 |    14 |    +0.1% |  -38.701 |    -4863.9 |     -337.4 |     12 | release_v
      64* |       0 |       4 |       11 |      0 |    16 |    +0.1% |  -38.572 |    -4864.4 |     -339.5 |     12 | release_v
      66* |       0 |       5 |       11 |      0 |    16 |    +0.1% |  -38.572 |    -4814.5 |     -329.3 |     12 | release_v
      68* |       0 |       6 |       11 |      0 |    16 |    +0.1% |  -38.572 |    -4779.3 |     -322.8 |     12 | release_v
      70* |       0 |       7 |       11 |      0 |    16 |    +0.1% |  -38.572 |    -4773.1 |     -319.8 |     12 | release_v
      70* |       0 |       7 |       11 |      0 |    16 |    +0.1% |  -38.572 |    -4773.1 |     -319.8 |     12 | release_v
      70* |       0 |       7 |       11 |      0 |    16 |    +0.1% |  -38.572 |    -4773.1 |     -319.8 |     12 | release_v
      70+ |       0 |       7 |       11 |      0 |    16 |    +0.1% |  -38.572 |    -4773.1 |     -319.8 |      9 | release_v
      71+ |       0 |       7 |       11 |      0 |    16 |    +0.1% |  -38.572 |    -4773.1 |     -319.8 |      9 | release_v
      74+ |       0 |       8 |       11 |      0 |    17 |    +0.1% |  -38.572 |    -4763.7 |     -319.2 |      9 | release_v
      75+ |       0 |       8 |       11 |      0 |    17 |    +0.1% |  -38.572 |    -4763.7 |     -319.2 |      9 | release_v
      76+ |       0 |       8 |       11 |      0 |    17 |    +0.1% |  -38.572 |    -4763.7 |     -319.2 |      9 | release_v
      77+ |       0 |       8 |       11 |      0 |    17 |    +0.1% |  -38.572 |    -4763.7 |     -319.2 |      9 | release_v
      78+ |       0 |       8 |       11 |      0 |    17 |    +0.1% |  -38.572 |    -4763.7 |     -319.2 |      9 | release_v
      79+ |       0 |       8 |       11 |      0 |    17 |    +0.1% |  -38.572 |    -4763.7 |     -319.2 |      9 | release_v
      80+ |       0 |       8 |       11 |      0 |    17 |    +0.1% |  -38.572 |    -4763.7 |     -319.2 |      9 | release_v
      80+ |       0 |       8 |       11 |      0 |    17 |    +0.1% |  -38.572 |    -4763.7 |     -319.2 |      9 | release_v
      81+ |       0 |       8 |       11 |      0 |    17 |    +0.1% |  -38.572 |    -4763.7 |     -319.2 |      9 | release_v
    final |       0 |       8 |       11 |      0 |    17 |    +0.1% |  -38.572 |    -4763.7 |     -319.2 |      9 | release_v
------------------------------------------------------------------------------------------------------------------------------
[INFO RSZ-0040] Inserted 11 buffers.
[INFO RSZ-0051] Resized 8 instances: 8 up, 0 up match, 0 down, 0 VT
[INFO RSZ-0043] Swapped pins on 17 instances.
[WARNING RSZ-0062] Unable to repair all setup violations.
[INFO RSZ-0505] Runtime: 3.29s
[INFO RSZ-0046] Found 1 endpoints with hold violations.
Iteration | Resized | Buffers | Cloned Gates |   Area   |   WNS   |   TNS   | Endpoint
--------------------------------------------------------------------------------------
        0 |       0 |       0 |            0 |    +0.0% |   9.146 |   0.000 | u_su_cp.on.pc_code[36]$_DFFE_PN0P_/D
    final |       0 |       1 |            0 |    +0.0% |  10.018 |   0.000 | u_su_cp.on.frame_hi[9]$_DFFE_PN0P_/D
--------------------------------------------------------------------------------------
[INFO RSZ-0032] Inserted 1 hold buffers.
[INFO RSZ-0506] Runtime: 0.12s
global_route -start_incremental
OT_CP_POST_INSERTION_MEMBERSHIP clock=0 repair=12 shared=0
OT_FAST_FINITE_AREA region=cp_body actual=885.4579799999956 cap=1117.87776
OT_FAST_FINITE_AREA region=cp_association actual=3.10554 cap=11.19744
detailed_placement
[INFO DPL-0006] Core area: 2258.15 um^2
[INFO DPL-0007] Movable instances area: 888.56 um^2
[INFO DPL-0008] Fixed instances area within core: 12.86 um^2
[INFO DPL-0009] Utilization: 39.9%
[INFO DPL-0005] Diamond search max displacement: +/- 500 sites horizontally, +/- 100 rows vertically.
[INFO DPL-1102] Legalizing using negotiation legalizer.
[INFO DPL-1103] Negotiation base search window: +/-20 sites horizontally, +/-5 rows vertically 
	Automatic search window extension enabled.
	Search window extendable up to the max displacement cap of +/-500 sites, +/-100 rows near walls.
[INFO DPL-1104] NegotiationLegalizer DRC penalty: 5.
[INFO DPL-0392] Negotiation cell height distribution (1 unique row-count(s)):
[INFO DPL-0393]   height 1 row(s): 7138 cells
          |      Total |  Illegal |  Illegal
Iteration | Violations |    Cells |    Sites
---------------------------------------------
        0 |         18 |         6 |        12
        1 |          8 |         2 |         6
        2 |          0 |         0 |         0
Negotiation phase 1 converged at iteration 2.
[INFO DPL-0500] Runtime: 0.04s
Placement Analysis
---------------------------------
total displacement          5.8 u
average displacement        0.0 u
max displacement            0.7 u
original HPWL           20108.2 u
legalized HPWL          20110.9 u
delta HPWL                    0 %

check_placement -verbose
global_route -end_incremental -resistance_aware -congestion_report_file /work/reports/asap7/opentallas_ot_hbm_integrated_su_cp_context_asap7_harvey_cp_phase_parallel_context_r1/base/congestion_post_repair_timing.rpt
estimate_parasitics -global_routing
repair_timing -setup -sequence "vt_swap reroute" -skip_last_gasp -repair_tns 0 -verbose
[INFO RSZ-0100] Repair move sequence: RerouteMove 
[INFO RSZ-0094] Found 9 endpoints with setup violations.
[INFO RSZ-0099] Repairing 1 out of 9 (0.00%) violating endpoints...
   Iter   | Removed | Resized | Inserted | Cloned |  Pin  |   Area   |    WNS   |   StTNS    |   EnTNS    |  Viol  |  Worst  
          | Buffers |  Gates  | Buffers  |  Gates | Swaps |          |          |            |            | Endpts | St/EnPt 
------------------------------------------------------------------------------------------------------------------------------
       0* |       0 |       0 |        0 |      0 |     0 |    +0.0% |  -38.542 |    -4773.3 |     -319.9 |      9 | release_v
       1* |       0 |       0 |        0 |      0 |     0 |    +0.0% |  -38.542 |    -4773.3 |     -319.9 |      9 | release_v
       1* |       0 |       0 |        0 |      0 |     0 |    +0.0% |  -38.542 |    -4773.3 |     -319.9 |      9 | release_v
    final |       0 |       0 |        0 |      0 |     0 |    +0.0% |  -38.542 |    -4773.3 |     -319.9 |      9 | release_v
------------------------------------------------------------------------------------------------------------------------------
[WARNING RSZ-0062] Unable to repair all setup violations.
[INFO RSZ-0505] Runtime: 0.47s
Repair antennas...
[WARNING GRT-0246] No diode with LEF class CORE ANTENNACELL found.
[INFO ANT-0002] Found 0 net violations.
[INFO ANT-0001] Found 0 pin violations.
Estimate parasitics...
estimate_parasitics -global_routing
Report metrics stage 5, global route...

==========================================================================
global route report_design_area
--------------------------------------------------------------------------
Design area 901 um^2 40% utilization.
[INFO FLW-0007] clock core_clk period 833.333435
[INFO FLW-0008] Clock core_clk period 828.281
[INFO FLW-0009] Clock core_clk slack -38.542
write_sdc -no_timestamp /work/results/asap7/opentallas_ot_hbm_integrated_su_cp_context_asap7_harvey_cp_phase_parallel_context_r1/base/updated_clks.sdc
[INFO FLW-0011] Path endpoint path count 1590
write_db /work/results/asap7/opentallas_ot_hbm_integrated_su_cp_context_asap7_harvey_cp_phase_parallel_context_r1/base/5_1_grt.odb
write_sdc -no_timestamp /work/results/asap7/opentallas_ot_hbm_integrated_su_cp_context_asap7_harvey_cp_phase_parallel_context_r1/base/5_1_grt.sdc
Elapsed time: 0:17.93[h:]min:sec. CPU time: user 85.76 sys 4.52 (503%). Peak memory: 564148KB.
Log                       Ext     Elapsed/s Peak Memory/MB sha1sum result [0:20)
5_1_grt                   .odb           17            550 8eb24cd4ec63142492c1
5_1_grt                   .sdc                             439899a81694f5c73df6
