Warning 503: sta.tcl line 1, report_checks -group_count is deprecated. Use -group_path_count instead.
Startpoint: rst_n (input port clocked by core_clk)
Endpoint: _182362_ (recovery check against rising-edge clock core_clk)
Path Group: asynchronous
Path Type: max

    Delay      Time   Description
-------------------------------------------------------------
   0.0000    0.0000   clock core_clk (rise edge)
   0.0000    0.0000   clock network delay (ideal)
 200.0000  200.0000 ^ input external delay
   0.0000  200.0000 ^ rst_n (in)
   0.0000  200.0000 ^ _182362_/SETN (DFFASRHQNx1_ASAP7_75t_R)
           200.0000   data arrival time

1000.0000 1000.0000   clock core_clk (rise edge)
   0.0000 1000.0000   clock network delay (ideal)
   0.0000 1000.0000   clock reconvergence pessimism
          1000.0000 ^ _182362_/CLK (DFFASRHQNx1_ASAP7_75t_R)
   8.4266 1008.4266   library recovery time
          1008.4266   data required time
-------------------------------------------------------------
          1008.4266   data required time
          -200.0000   data arrival time
-------------------------------------------------------------
           808.4266   slack (MET)


Startpoint: _175582_ (rising edge-triggered flip-flop clocked by core_clk)
Endpoint: _179556_ (rising edge-triggered flip-flop clocked by core_clk)
Path Group: core_clk
Path Type: max

    Delay      Time   Description
-------------------------------------------------------------
   0.0000    0.0000   clock core_clk (rise edge)
   0.0000    0.0000   clock network delay (ideal)
   0.0000    0.0000 ^ _175582_/CLK (DFFASRHQNx1_ASAP7_75t_R)
1201.8024 1201.8024 ^ _175582_/QN (DFFASRHQNx1_ASAP7_75t_R)
2708.8203 3910.6226 v _092393_/Y (INVx1_ASAP7_75t_R)
  94.2348 4004.8574 ^ _144360_/Y (OAI21x1_ASAP7_75t_R)
  23.8081 4028.6655 v _144361_/Y (INVx1_ASAP7_75t_R)
  36.9265 4065.5918 v _144365_/Y (MAJx2_ASAP7_75t_R)
  31.0916 4096.6836 v _144367_/Y (MAJx2_ASAP7_75t_R)
  31.0885 4127.7720 v _144369_/Y (MAJx2_ASAP7_75t_R)
  31.0885 4158.8604 v _144371_/Y (MAJx2_ASAP7_75t_R)
  31.0885 4189.9487 v _144373_/Y (MAJx2_ASAP7_75t_R)
  31.0885 4221.0371 v _144375_/Y (MAJx2_ASAP7_75t_R)
  31.0885 4252.1260 v _144377_/Y (MAJx2_ASAP7_75t_R)
  31.0885 4283.2144 v _144379_/Y (MAJx2_ASAP7_75t_R)
  33.5501 4316.7642 v _144381_/Y (MAJx2_ASAP7_75t_R)
  26.5539 4343.3184 v _144384_/Y (AO211x2_ASAP7_75t_R)
  44.1767 4387.4946 v _144386_/Y (AO33x2_ASAP7_75t_R)
  34.6501 4422.1450 v _144388_/Y (MAJx2_ASAP7_75t_R)
  25.0879 4447.2329 v _144391_/Y (AO211x2_ASAP7_75t_R)
  43.6784 4490.9111 v _144393_/Y (AO33x2_ASAP7_75t_R)
  33.3413 4524.2524 v _144395_/Y (MAJx2_ASAP7_75t_R)
  31.0916 4555.3442 v _144397_/Y (MAJx2_ASAP7_75t_R)
  31.0885 4586.4326 v _144399_/Y (MAJx2_ASAP7_75t_R)
  31.0885 4617.5210 v _144401_/Y (MAJx2_ASAP7_75t_R)
  33.6557 4651.1768 v _144403_/Y (MAJx2_ASAP7_75t_R)
  25.4752 4676.6519 v _144406_/Y (AO211x2_ASAP7_75t_R)
  45.2562 4721.9082 v _144408_/Y (AO33x2_ASAP7_75t_R)
  37.4407 4759.3491 v _144410_/Y (OA211x2_ASAP7_75t_R)
  29.4795 4788.8286 v _144412_/Y (OA31x2_ASAP7_75t_R)
  34.6123 4823.4409 v _144415_/Y (AO221x1_ASAP7_75t_R)
  45.9837 4869.4243 v _144417_/Y (AO33x2_ASAP7_75t_R)
  33.0926 4902.5171 v _144418_/Y (MAJx2_ASAP7_75t_R)
  30.9579 4933.4751 v _144419_/Y (MAJx2_ASAP7_75t_R)
  31.0885 4964.5635 v _144421_/Y (MAJx2_ASAP7_75t_R)
  31.0885 4995.6519 v _144423_/Y (MAJx2_ASAP7_75t_R)
  31.2248 5026.8770 v _144425_/Y (MAJx2_ASAP7_75t_R)
  32.9621 5059.8389 v _144428_/Y (AO221x1_ASAP7_75t_R)
  44.8370 5104.6758 v _144430_/Y (AO33x2_ASAP7_75t_R)
  29.5555 5134.2314 v _144431_/Y (AO21x1_ASAP7_75t_R)
  35.3673 5169.5986 v _144433_/Y (AO221x1_ASAP7_75t_R)
  45.9837 5215.5820 v _144435_/Y (AO33x2_ASAP7_75t_R)
  33.5447 5249.1270 v _144436_/Y (MAJx2_ASAP7_75t_R)
  35.7878 5284.9146 v _144438_/Y (AO221x1_ASAP7_75t_R)
  47.3968 5332.3115 v _144440_/Y (AO33x2_ASAP7_75t_R)
  37.0650 5369.3765 v _144442_/Y (OA211x2_ASAP7_75t_R)
  26.2390 5395.6157 v _144445_/Y (OA21x2_ASAP7_75t_R)
  26.7688 5422.3843 v _144448_/Y (OA21x2_ASAP7_75t_R)
  27.0237 5449.4082 v _144450_/Y (OA31x2_ASAP7_75t_R)
  33.8880 5483.2959 v _144452_/Y (AO221x1_ASAP7_75t_R)
  46.3953 5529.6914 v _144454_/Y (AO33x2_ASAP7_75t_R)
  38.3737 5568.0649 v _144456_/Y (OA211x2_ASAP7_75t_R)
  28.2294 5596.2944 v _144458_/Y (OA31x2_ASAP7_75t_R)
  31.5921 5627.8867 v _144460_/Y (AO221x1_ASAP7_75t_R)
  45.4645 5673.3511 v _144462_/Y (AO33x2_ASAP7_75t_R)
  37.0162 5710.3672 v _144464_/Y (OA211x2_ASAP7_75t_R)
  27.5238 5737.8911 v _144466_/Y (OA31x2_ASAP7_75t_R)
  31.2954 5769.1865 v _144467_/Y (MAJx2_ASAP7_75t_R)
  31.0885 5800.2749 v _144469_/Y (MAJx2_ASAP7_75t_R)
  31.0885 5831.3633 v _144471_/Y (MAJx2_ASAP7_75t_R)
  32.7485 5864.1118 v _144473_/Y (MAJx2_ASAP7_75t_R)
  31.2399 5895.3516 v _144476_/Y (AO221x1_ASAP7_75t_R)
  45.0542 5940.4058 v _144478_/Y (AO33x2_ASAP7_75t_R)
  33.2276 5973.6338 v _144479_/Y (MAJx2_ASAP7_75t_R)
  31.2581 6004.8916 v _144481_/Y (AO221x1_ASAP7_75t_R)
  45.4778 6050.3696 v _144483_/Y (AO33x2_ASAP7_75t_R)
  37.0162 6087.3857 v _144485_/Y (OA211x2_ASAP7_75t_R)
  27.7467 6115.1323 v _144487_/Y (OA31x2_ASAP7_75t_R)
  33.8964 6149.0288 v _144489_/Y (AO221x1_ASAP7_75t_R)
  45.9712 6195.0000 v _144491_/Y (AO33x2_ASAP7_75t_R)
  33.6056 6228.6055 v _144493_/Y (MAJx2_ASAP7_75t_R)
  35.2181 6263.8237 v _144496_/Y (AO221x1_ASAP7_75t_R)
  25.5276 6289.3511 v _144498_/Y (AO31x2_ASAP7_75t_R)
  30.2038 6319.5552 v _144499_/Y (MAJx2_ASAP7_75t_R)
  33.8640 6353.4189 v _144501_/Y (AO221x1_ASAP7_75t_R)
  46.5401 6399.9595 v _144504_/Y (AO33x2_ASAP7_75t_R)
  38.4879 6438.4473 v _144506_/Y (OA211x2_ASAP7_75t_R)
  29.1940 6467.6411 v _144508_/Y (OA31x2_ASAP7_75t_R)
  31.9775 6499.6187 v _144510_/Y (AO221x1_ASAP7_75t_R)
  45.4752 6545.0938 v _144512_/Y (AO33x2_ASAP7_75t_R)
  37.0650 6582.1587 v _144514_/Y (OA211x2_ASAP7_75t_R)
  28.6104 6610.7695 v _144517_/Y (OA21x2_ASAP7_75t_R)
  26.6125 6637.3818 v _144519_/Y (OA21x2_ASAP7_75t_R)
  26.6218 6664.0034 v _144522_/Y (OA31x2_ASAP7_75t_R)
  33.8880 6697.8916 v _144524_/Y (AO221x1_ASAP7_75t_R)
  47.4794 6745.3711 v _144526_/Y (AO33x2_ASAP7_75t_R)
  37.4407 6782.8115 v _144528_/Y (OA211x2_ASAP7_75t_R)
  27.7467 6810.5586 v _144530_/Y (OA31x2_ASAP7_75t_R)
  33.9164 6844.4746 v _144532_/Y (AO221x1_ASAP7_75t_R)
  47.4794 6891.9541 v _144534_/Y (AO33x2_ASAP7_75t_R)
  38.7970 6930.7510 v _144536_/Y (OA211x2_ASAP7_75t_R)
  29.1940 6959.9453 v _144538_/Y (OA31x2_ASAP7_75t_R)
  31.9735 6991.9185 v _144540_/Y (AO221x1_ASAP7_75t_R)
  45.4752 7037.3940 v _144542_/Y (AO33x2_ASAP7_75t_R)
  38.3737 7075.7676 v _144544_/Y (OA211x2_ASAP7_75t_R)
  28.2294 7103.9971 v _144546_/Y (OA31x2_ASAP7_75t_R)
  33.8880 7137.8848 v _144548_/Y (AO221x1_ASAP7_75t_R)
  45.9712 7183.8564 v _144550_/Y (AO33x2_ASAP7_75t_R)
  33.3169 7217.1733 v _144551_/Y (MAJx2_ASAP7_75t_R)
  33.5527 7250.7256 v _144553_/Y (AO221x1_ASAP7_75t_R)
  45.9712 7296.6973 v _144555_/Y (AO33x2_ASAP7_75t_R)
  34.2784 7330.9756 v _144556_/Y (MAJx2_ASAP7_75t_R)
  25.2030 7356.1782 ^ _144558_/Y (AOI211x1_ASAP7_75t_R)
  36.7004 7392.8789 ^ _144560_/Y (OA33x2_ASAP7_75t_R)
  27.9390 7420.8179 ^ _144562_/Y (MAJx2_ASAP7_75t_R)
  27.4589 7448.2769 ^ _144564_/Y (MAJx2_ASAP7_75t_R)
  27.4589 7475.7358 ^ _144566_/Y (MAJx2_ASAP7_75t_R)
  27.4589 7503.1943 ^ _144568_/Y (MAJx2_ASAP7_75t_R)
  27.3097 7530.5044 ^ _144570_/Y (MAJx2_ASAP7_75t_R)
  28.6420 7559.1460 ^ _144573_/Y (OA211x2_ASAP7_75t_R)
  27.7884 7586.9346 ^ _144575_/Y (OA33x2_ASAP7_75t_R)
  28.1233 7615.0581 ^ _144577_/Y (MAJx2_ASAP7_75t_R)
  28.7956 7643.8535 ^ _144581_/Y (OA211x2_ASAP7_75t_R)
  27.7884 7671.6421 ^ _144583_/Y (OA33x2_ASAP7_75t_R)
  28.3134 7699.9556 ^ _144584_/Y (MAJx2_ASAP7_75t_R)
  28.3640 7728.3193 ^ _144586_/Y (OA211x2_ASAP7_75t_R)
  29.1243 7757.4438 ^ _144588_/Y (OA33x2_ASAP7_75t_R)
  24.9303 7782.3740 v _144590_/Y (AOI211x1_ASAP7_75t_R)
  32.0863 7814.4604 v _144592_/Y (OA31x2_ASAP7_75t_R)
  31.5961 7846.0562 v _144594_/Y (AO221x1_ASAP7_75t_R)
  45.5005 7891.5566 v _144596_/Y (AO33x2_ASAP7_75t_R)
  38.3737 7929.9307 v _144598_/Y (OA211x2_ASAP7_75t_R)
  28.5452 7958.4756 v _144600_/Y (OA31x2_ASAP7_75t_R)
  36.2306 7994.7061 v _144602_/Y (AO221x1_ASAP7_75t_R)
  25.8584 8020.5645 v _144604_/Y (AO31x2_ASAP7_75t_R)
  36.5015 8057.0659 v _144606_/Y (OA211x2_ASAP7_75t_R)
  28.4857 8085.5518 v _144607_/Y (OA31x2_ASAP7_75t_R)
  31.2950 8116.8467 v _144608_/Y (MAJx2_ASAP7_75t_R)
  30.7532 8147.6001 v _144610_/Y (MAJx2_ASAP7_75t_R)
 241.7311 8389.3311 ^ _144611_/Y (AOI21x1_ASAP7_75t_R)
 537.7361 8927.0674 v _144617_/Y (OAI21x1_ASAP7_75t_R)
 125.7998 9052.8672 v _144639_/Y (AND2x2_ASAP7_75t_R)
  48.1144 9100.9814 v _145207_/Y (OR5x1_ASAP7_75t_R)
  45.8877 9146.8691 v _145209_/Y (OR5x1_ASAP7_75t_R)
  37.9536 9184.8223 v _145216_/Y (OR4x1_ASAP7_75t_R)
  35.1426 9219.9648 v _145254_/Y (OR4x1_ASAP7_75t_R)
  17.9412 9237.9062 v _145255_/Y (OA21x2_ASAP7_75t_R)
   0.0000 9237.9062 v _179556_/D (DFFASRHQNx1_ASAP7_75t_R)
          9237.9062   data arrival time

1000.0000 1000.0000   clock core_clk (rise edge)
   0.0000 1000.0000   clock network delay (ideal)
   0.0000 1000.0000   clock reconvergence pessimism
          1000.0000 ^ _179556_/CLK (DFFASRHQNx1_ASAP7_75t_R)
  -8.2390  991.7609   library setup time
           991.7609   data required time
-------------------------------------------------------------
           991.7609   data required time
          -9237.9062   data arrival time
-------------------------------------------------------------
          -8246.1455   slack (VIOLATED)


