OpenROAD 26Q3-1510-g6cb3f2b704 
Features included (+) or not (-): +GPU +GUI +Python
This program is licensed under the BSD-3 license. See the LICENSE file for details.
Components of this program may be licensed under more restrictive licenses which must be honored.
RX_BLOCKAGE_REJECTED RX blockage wrong macro master: u_ep.g_on.g_rx\[0\].u_rb/g_bk\[0\].u_m.g_m\[0\].u_sram / ot_sram_1r1w_128x256_m1_r2c2
Command exited with non-zero status 1
	Command being timed: "/OpenROAD-flow-scripts/tools/install/OpenROAD/bin/openroad -exit /inspect/check_rx_blockages.tcl"
	User time (seconds): 8.52
	System time (seconds): 1.46
	Percent of CPU this job got: 99%
	Elapsed (wall clock) time (h:mm:ss or m:ss): 0:10.02
	Average shared text size (kbytes): 0
	Average unshared data size (kbytes): 0
	Average stack size (kbytes): 0
	Average total size (kbytes): 0
	Maximum resident set size (kbytes): 3344328
	Average resident set size (kbytes): 0
	Major (requiring I/O) page faults: 0
	Minor (reclaiming a frame) page faults: 825557
	Voluntary context switches: 1
	Involuntary context switches: 466
	Swaps: 0
	File system inputs: 0
	File system outputs: 0
	Socket messages sent: 0
	Socket messages received: 0
	Signals delivered: 0
	Page size (bytes): 4096
	Exit status: 1
