OpenROAD 26Q3-1510-g6cb3f2b704 
Features included (+) or not (-): +GPU +GUI +Python
This program is licensed under the BSD-3 license. See the LICENSE file for details.
Components of this program may be licensed under more restrictive licenses which must be honored.
ACTUAL_BAD_CELL RX_RING u_ep.g_on.g_rx\[5\].u_rb/wire1253798 BUFx6f_ASAP7_75t_R origin=156060 50760 size=540,270 orient=R0 status=PLACED
ACTUAL_BAD_CELL OTHER _362956_ INVx1_ASAP7_75t_R origin=156600 50760 size=162,270 orient=R0 status=PLACED
ACTUAL_BAD_CELL OTHER _363160_ INVx1_ASAP7_75t_R origin=156762 50760 size=162,270 orient=R0 status=PLACED
ACTUAL_BAD_CELL OTHER _362950_ INVx1_ASAP7_75t_R origin=156762 50760 size=162,270 orient=R0 status=PLACED
ACTUAL_BAD_CELL DELIVERY_DELAY u_ep.g_on.g_txq\[5\].u_wtx/wire1391935 BUFx12f_ASAP7_75t_R origin=156924 50760 size=972,270 orient=R0 status=PLACED
ACTUAL_BAD_CELL DELIVERY_DELAY u_ep.g_on.g_txq\[5\].u_wtx/wire1391438 BUFx12f_ASAP7_75t_R origin=154278 54000 size=972,270 orient=MX status=PLACED
ACTUAL_BAD_CELL RX_RING u_ep.g_on.g_rx\[5\].u_rb/wire1252921 BUFx6f_ASAP7_75t_R origin=155196 54000 size=540,270 orient=MX status=PLACED
ACTUAL_BAD_CELL RX_DELAY u_ep.g_on.g_rx\[5\].u_wrx/wire1426288 BUFx12f_ASAP7_75t_R origin=152118 54000 size=972,270 orient=R0 status=PLACED
ACTUAL_BAD_CELL RX_RING u_ep.g_on.g_rx\[5\].u_rb/_18910_ INVx3_ASAP7_75t_R origin=154116 54000 size=270,270 orient=R0 status=PLACED
ACTUAL_BAD_CELL DELIVERY_DELAY u_ep.g_on.g_txq\[5\].u_wtx/wire1391747 BUFx12f_ASAP7_75t_R origin=154008 54000 size=972,270 orient=R0 status=PLACED
ACTUAL_BAD_CELL RX_DELAY u_ep.g_on.g_rx\[5\].u_wrx/wire1426380 BUFx12f_ASAP7_75t_R origin=157140 61020 size=972,270 orient=MX status=PLACED
ACTUAL_BAD_CELL RX_DELAY u_ep.g_on.g_rx\[5\].u_wrx/u_m.g_m\[1\].u_sram_84297 TIEHIx1_ASAP7_75t_R origin=159732 82620 size=162,270 orient=R0 status=PLACED
SR_FAILED_CELL_COUNTS RX_RING/TOTAL 141 RX_RING/STATUS_PLACED 141 OTHER/TOTAL 3978 OTHER/STATUS_PLACED 3978 DELIVERY_DELAY/TOTAL 235 DELIVERY_DELAY/STATUS_PLACED 235 RX_DELAY/TOTAL 652 RX_DELAY/STATUS_PLACED 652
SR_READ_ONLY_AUDIT_COMPLETE
	Command being timed: "/OpenROAD-flow-scripts/tools/install/OpenROAD/bin/openroad -exit /inspect/audit_sr_cells.tcl"
	User time (seconds): 6.80
	System time (seconds): 1.21
	Percent of CPU this job got: 99%
	Elapsed (wall clock) time (h:mm:ss or m:ss): 0:08.02
	Average shared text size (kbytes): 0
	Average unshared data size (kbytes): 0
	Average stack size (kbytes): 0
	Average total size (kbytes): 0
	Maximum resident set size (kbytes): 3548656
	Average resident set size (kbytes): 0
	Major (requiring I/O) page faults: 0
	Minor (reclaiming a frame) page faults: 877319
	Voluntary context switches: 1
	Involuntary context switches: 24
	Swaps: 0
	File system inputs: 0
	File system outputs: 0
	Socket messages sent: 0
	Socket messages received: 0
	Signals delivered: 0
	Page size (bytes): 4096
	Exit status: 0
