OpenROAD 26Q3-1510-g6cb3f2b704 
Features included (+) or not (-): +GPU +GUI +Python
This program is licensed under the BSD-3 license. See the LICENSE file for details.
Components of this program may be licensed under more restrictive licenses which must be honored.
SR_PROBE_PIN_ANCHORS 12161
[INFO DPL-0006] Core area: 1963185.41 um^2
[INFO DPL-0007] Movable instances area: 250849.64 um^2
[INFO DPL-0008] Fixed instances area within core: 650272.70 um^2
[INFO DPL-0009] Utilization: 45.9%
[INFO DPL-0005] Diamond search max displacement: +/- 555 sites horizontally, +/- 85 rows vertically.
[INFO DPL-1102] Legalizing using negotiation legalizer.
[INFO DPL-1103] Negotiation base search window: +/-20 sites horizontally, +/-5 rows vertically 
	Automatic search window extension enabled.
	Search window extendable up to the max displacement cap of +/-555 sites, +/-85 rows near walls.
[INFO DPL-1104] NegotiationLegalizer DRC penalty: 5.
[INFO DPL-0392] Negotiation cell height distribution (2 unique row-count(s)):
[INFO DPL-0393]   height 1 row(s): 1778358 cells
[INFO DPL-0393]   height 152 row(s): 165 cells
          |      Total |  Illegal |  Illegal
Iteration | Violations |    Cells |    Sites
---------------------------------------------
        0 |      78637 |      5315 |     54703
        1 |      94331 |      5075 |     61914
        2 |      97738 |      5042 |     71644
        3 |      90117 |      4949 |     66962
        4 |      88544 |      4903 |     66294
        5 |      89026 |      4950 |     66999
        6 |      88677 |      4932 |     67060
        7 |      85556 |      5058 |     64298
        8 |      85088 |      5051 |     64105
        9 |      84189 |      5108 |     63299
       10 |      84992 |      5140 |     64342
       20 |      83587 |      5477 |     63096
       30 |      82841 |      5847 |     62475
       40 |      83114 |      6061 |     62742
       50 |      81579 |      5871 |     61524
       60 |      80896 |      5927 |     60798
       70 |      79296 |      5745 |     59580
       80 |      78425 |      5598 |     58851
       90 |      77134 |      5478 |     57855
      100 |      76920 |      5467 |     57768
      110 |      75740 |      5420 |     56719
      120 |      74881 |      5295 |     56148
      130 |      73307 |      5183 |     54751
      140 |      72504 |      5087 |     54145
      150 |      72246 |      5046 |     54013
      160 |      71028 |      4936 |     53001
      170 |      70267 |      4965 |     52221
      180 |      69810 |      4887 |     51999
      190 |      69221 |      4739 |     51555
      200 |      68518 |      4813 |     50835
      210 |      67832 |      4742 |     50321
      220 |      67339 |      4602 |     50003
      230 |      66666 |      4608 |     49394
      240 |      65838 |      4528 |     48771
      250 |      66379 |      4522 |     49344
      260 |      66108 |      4458 |     49131
      270 |      65151 |      4351 |     48321
      280 |      65102 |      4353 |     48381
      290 |      64952 |      4387 |     48247
      300 |      64417 |      4344 |     47749
      310 |      64678 |      4317 |     48108
      320 |      63882 |      4258 |     47340
      330 |      63535 |      4261 |     46974
      340 |      63362 |      4173 |     46907
      350 |      63049 |      4184 |     46605
      360 |      63058 |      4271 |     46509
      370 |      62639 |      4222 |     46138
      380 |      62224 |      4163 |     45829
      390 |      61913 |      4094 |     45647
      399 |      61562 |      4010 |     45371
Negotiation phase 2: isolation point active, 1000 iterations.
      400 |      61552 |      3998 |     45391
      410 |      60927 |      3945 |     44862
      420 |      60523 |      3945 |     44535
      430 |      60244 |      3949 |     44260
      440 |      60160 |      3912 |     44219
      450 |      59888 |      3859 |     44042
      460 |      59285 |      3846 |     43512
      470 |      59760 |      3825 |     44007
      480 |      59673 |      3834 |     43950
      490 |      59179 |      3776 |     43532
      500 |      59022 |      3812 |     43423
      510 |      58629 |      3774 |     43073
      520 |      58311 |      3748 |     42811
      530 |      58420 |      3763 |     42906
      540 |      58246 |      3748 |     42731
      550 |      57747 |      3662 |     42336
      560 |      57779 |      3657 |     42419
      570 |      57727 |      3663 |     42407
      580 |      57645 |      3659 |     42412
      590 |      57640 |      3654 |     42498
      600 |      57109 |      3595 |     42058
      610 |      57051 |      3570 |     42101
      620 |      56988 |      3562 |     42115
      630 |      56781 |      3551 |     42009
      640 |      56489 |      3523 |     41827
      650 |      56434 |      3532 |     41824
      660 |      56385 |      3526 |     41846
      670 |      55952 |      3466 |     41552
      680 |      55744 |      3454 |     41485
      690 |      55350 |      3442 |     41273
      700 |      55317 |      3403 |     41335
      710 |      55000 |      3436 |     41044
      720 |      55130 |      3492 |     41150
      730 |      54918 |      3554 |     40905
      740 |      54726 |      3630 |     40678
      750 |      54793 |      3619 |     40794
      760 |      54304 |      3586 |     40335
      770 |      54279 |      3563 |     40361
      780 |      53983 |      3531 |     40089
      790 |      53549 |      3500 |     39698
      800 |      53348 |      3460 |     39582
      810 |      53251 |      3405 |     39549
      820 |      53045 |      3358 |     39450
      830 |      52614 |      3324 |     39086
      840 |      52447 |      3297 |     38958
      850 |      52336 |      3300 |     38877
      860 |      52318 |      3288 |     38905
      870 |      51994 |      3282 |     38610
      880 |      51941 |      3289 |     38565
      890 |      51811 |      3295 |     38448
      900 |      51736 |      3260 |     38465
      910 |      51887 |      3243 |     38610
      920 |      51666 |      3250 |     38430
      930 |      51577 |      3241 |     38450
      940 |      51439 |      3237 |     38361
      950 |      51399 |      3223 |     38385
      960 |      51233 |      3223 |     38257
      970 |      51178 |      3226 |     38278
      980 |      51168 |      3214 |     38290
      990 |      50963 |      3207 |     38128
     1000 |      50852 |      3197 |     38084
     1010 |      50822 |      3182 |     38129
     1020 |      50827 |      3189 |     38157
     1030 |      50770 |      3174 |     38127
     1040 |      50691 |      3181 |     38104
     1050 |      50588 |      3168 |     38014
     1060 |      50429 |      3145 |     37948
     1070 |      50265 |      3151 |     37901
     1080 |      50293 |      3203 |     37912
Command terminated by signal 15
	Command being timed: "/OpenROAD-flow-scripts/tools/install/OpenROAD/bin/openroad -exit /probe/probe_sr_displacement.tcl"
	User time (seconds): 3062.14
	System time (seconds): 3.30
	Percent of CPU this job got: 99%
	Elapsed (wall clock) time (h:mm:ss or m:ss): 51:05.59
	Average shared text size (kbytes): 0
	Average unshared data size (kbytes): 0
	Average stack size (kbytes): 0
	Average total size (kbytes): 0
	Maximum resident set size (kbytes): 10604876
	Average resident set size (kbytes): 0
	Major (requiring I/O) page faults: 0
	Minor (reclaiming a frame) page faults: 2662720
	Voluntary context switches: 1
	Involuntary context switches: 2680
	Swaps: 0
	File system inputs: 0
	File system outputs: 0
	Socket messages sent: 0
	Socket messages received: 0
	Signals delivered: 0
	Page size (bytes): 4096
	Exit status: 0
