ARGV ["docker", "run", "--rm", "-v", "/home/ubuntu/maxwell-dsrom-baseline-link-clock-1664/context-r1:/work", "openroad/orfs:latest", "bash", "-lc", "source /OpenROAD-flow-scripts/env.sh; sta /work/FF.tcl"]
OPENROAD: /OpenROAD-flow-scripts/tools/OpenROAD
OpenSTA 3.1.0  Copyright (c) 2026, Parallax Software, Inc.
License GPLv3: GNU GPL version 3 <http://gnu.org/licenses/gpl.html>

This is free software, and you are free to change and redistribute it
under certain conditions; type `show_copying' for details. 
This program comes with ABSOLUTELY NO WARRANTY; for details type `show_warranty'.
Warning 1212: /OpenROAD-flow-scripts/flow/platforms/asap7/lib/NLDM/asap7sc7p5t_SIMPLE_RVT_FF_nldm_211120.lib.gz line 9184, timing group from output port.
Warning 1212: /OpenROAD-flow-scripts/flow/platforms/asap7/lib/NLDM/asap7sc7p5t_SIMPLE_RVT_FF_nldm_211120.lib.gz line 9217, timing group from output port.
Warning 1212: /OpenROAD-flow-scripts/flow/platforms/asap7/lib/NLDM/asap7sc7p5t_SIMPLE_RVT_FF_nldm_211120.lib.gz line 9250, timing group from output port.
Warning 1212: /OpenROAD-flow-scripts/flow/platforms/asap7/lib/NLDM/asap7sc7p5t_SIMPLE_RVT_FF_nldm_211120.lib.gz line 9283, timing group from output port.
Warning 1212: /OpenROAD-flow-scripts/flow/platforms/asap7/lib/NLDM/asap7sc7p5t_SIMPLE_RVT_FF_nldm_211120.lib.gz line 9316, timing group from output port.
Warning 1212: /OpenROAD-flow-scripts/flow/platforms/asap7/lib/NLDM/asap7sc7p5t_SIMPLE_RVT_FF_nldm_211120.lib.gz line 9349, timing group from output port.
Warning 1212: /OpenROAD-flow-scripts/flow/platforms/asap7/lib/NLDM/asap7sc7p5t_SIMPLE_RVT_FF_nldm_211120.lib.gz line 9382, timing group from output port.
Warning 1212: /OpenROAD-flow-scripts/flow/platforms/asap7/lib/NLDM/asap7sc7p5t_SIMPLE_RVT_FF_nldm_211120.lib.gz line 10518, timing group from output port.
Warning 1212: /OpenROAD-flow-scripts/flow/platforms/asap7/lib/NLDM/asap7sc7p5t_SIMPLE_RVT_FF_nldm_211120.lib.gz line 10551, timing group from output port.
Warning 1212: /OpenROAD-flow-scripts/flow/platforms/asap7/lib/NLDM/asap7sc7p5t_SIMPLE_RVT_FF_nldm_211120.lib.gz line 10584, timing group from output port.
Startpoint: in_data[183] (input port clocked by clk)
Endpoint: rb_data[0][183]$_DFFE_PP_
          (rising edge-triggered flip-flop clocked by clk)
Path Group: clk
Path Type: min

   Delay     Time   Description
-----------------------------------------------------------
   0.000    0.000   clock clk (rise edge)
   0.000    0.000   clock network delay (propagated)
  30.000   30.000 v input external delay
   0.000   30.000 v in_data[183] (in)
  10.866   40.866 v hold31712/Y (BUFx2_ASAP7_75t_R)
  12.879   53.745 v hold31689/Y (BUFx2_ASAP7_75t_R)
  12.916   66.660 v hold31713/Y (BUFx2_ASAP7_75t_R)
  12.644   79.305 v hold31534/Y (BUFx2_ASAP7_75t_R)
  12.594   91.898 v hold31714/Y (BUFx2_ASAP7_75t_R)
  12.747  104.645 v hold31690/Y (BUFx2_ASAP7_75t_R)
  12.849  117.494 v hold31715/Y (BUFx2_ASAP7_75t_R)
  12.827  130.321 v input1054/Y (BUFx2_ASAP7_75t_R)
  13.029  143.350 v hold31691/Y (BUFx2_ASAP7_75t_R)
  14.595  157.945 v hold31535/Y (BUFx2_ASAP7_75t_R)
  28.875  186.820 v hold31692/Y (BUFx2_ASAP7_75t_R)
  23.619  210.439 v _144532_/Y (OA21x2_ASAP7_75t_R)
   0.042  210.481 v rb_data[0][183]$_DFFE_PP_/D (DFFHQNx1_ASAP7_75t_R)
          210.481   data arrival time

   0.000    0.000   clock clk (rise edge)
 218.307  218.307   clock network delay (propagated)
  25.000  243.307   clock uncertainty
   0.000  243.307   clock reconvergence pessimism
          243.307 ^ rb_data[0][183]$_DFFE_PP_/CLK (DFFHQNx1_ASAP7_75t_R)
  11.913  255.220   library hold time
          255.220   data required time
-----------------------------------------------------------
          255.220   data required time
         -210.481   data arrival time
-----------------------------------------------------------
          -44.739   slack (VIOLATED)


WNS -4.4738907023500474e-11
