Running as unit: run-u50437.service
%Warning-WIDTHEXPAND: cand_ot_v41_bmul2.sv:26:43: Operator SUB expects 10 bits on the LHS, but LHS's VARREF 'e' generates 8 bits.
                                                : ... note: In instance 'tb_bf16.cand_dut.g_l[15].u_m'
   26 |             if (e != 0) dec = {1'b1, m, e - 10'sd127};
      |                                           ^
                      ... For warning description see https://verilator.org/warn/WIDTHEXPAND?v=5.050
                      ... Use "/* verilator lint_off WIDTHEXPAND */" and lint_on around source to disable this message.
%Warning-WIDTHEXPAND: ref_ot_v41_bmul2.sv:26:43: Operator SUB expects 10 bits on the LHS, but LHS's VARREF 'e' generates 8 bits.
                                               : ... note: In instance 'tb_bf16.ref_dut.g_l[15].u_m'
   26 |             if (e != 0) dec = {1'b1, m, e - 10'sd127};
      |                                           ^
%Warning-WIDTHTRUNC: tb_field_common_wrappers.sv:230:21: Operator ASSIGN expects 3 bits on the Assign RHS, but Assign RHS's VARREF 's' generates 32 bits.
                                                       : ... note: In instance 'tb_bf16'
  230 |             v=1;slot=s;first=(r==0);last=(r==7);tree=7'h60+batch*8+s;final_i=s[0];
      |                     ^
                     ... For warning description see https://verilator.org/warn/WIDTHTRUNC?v=5.050
                     ... Use "/* verilator lint_off WIDTHTRUNC */" and lint_on around source to disable this message.
%Warning-WIDTHEXPAND: tb_field_common_wrappers.sv:230:59: Operator ADD expects 32 bits on the LHS, but LHS's CONST '7'h60' generates 7 bits.
                                                        : ... note: In instance 'tb_bf16'
  230 |             v=1;slot=s;first=(r==0);last=(r==7);tree=7'h60+batch*8+s;final_i=s[0];
      |                                                           ^
%Warning-WIDTHTRUNC: tb_field_common_wrappers.sv:230:53: Operator ASSIGN expects 7 bits on the Assign RHS, but Assign RHS's ADD generates 32 bits.
                                                       : ... note: In instance 'tb_bf16'
  230 |             v=1;slot=s;first=(r==0);last=(r==7);tree=7'h60+batch*8+s;final_i=s[0];
      |                                                     ^
%Warning-WIDTHTRUNC: tb_field_common_wrappers.sv:233:34: Logical operator COND expects 1 bit on the Conditional Test, but Conditional Test's MODDIVS generates 32 bits.
                                                       : ... note: In instance 'tb_bf16'
  233 |                 w[16*l+:16]=(l%2)?16'h3f81:16'hbf80;
      |                                  ^
%Warning-WIDTHTRUNC: tb_field_common_wrappers.sv:234:34: Logical operator COND expects 1 bit on the Conditional Test, but Conditional Test's MODDIVS generates 32 bits.
                                                       : ... note: In instance 'tb_bf16'
  234 |                 x[16*l+:16]=(r%2)?16'h3f00:16'h3f80;
      |                                  ^
make: Entering directory '/tmp/field-common-wrapper-run-r4/candidate/obj_bf16'
g++ -Os  -I.  -MMD -I/home/ubuntu/.local/opentallas-tools/verilator-5.050/share/verilator/include -I/home/ubuntu/.local/opentallas-tools/verilator-5.050/share/verilator/include/vltstd -DVERILATOR=1 -DVM_COVERAGE=0 -DVM_SC=0 -DVM_TIMING=1 -DVM_TRACE=0 -DVM_TRACE_FST=0 -DVM_TRACE_VCD=0 -DVM_TRACE_SAIF=0 -DVM_VPI=0 -faligned-new -fcf-protection=none -Wno-bool-operation -Wno-int-in-bool-context -Wno-shadow -Wno-sign-compare -Wno-subobject-linkage -Wno-tautological-compare -Wno-uninitialized -Wno-unused-but-set-parameter -Wno-unused-but-set-variable -Wno-unused-parameter -Wno-unused-variable    -DVL_TIME_CONTEXT   -fcoroutines -c -o verilated.o /home/ubuntu/.local/opentallas-tools/verilator-5.050/share/verilator/include/verilated.cpp
g++ -Os  -I.  -MMD -I/home/ubuntu/.local/opentallas-tools/verilator-5.050/share/verilator/include -I/home/ubuntu/.local/opentallas-tools/verilator-5.050/share/verilator/include/vltstd -DVERILATOR=1 -DVM_COVERAGE=0 -DVM_SC=0 -DVM_TIMING=1 -DVM_TRACE=0 -DVM_TRACE_FST=0 -DVM_TRACE_VCD=0 -DVM_TRACE_SAIF=0 -DVM_VPI=0 -faligned-new -fcf-protection=none -Wno-bool-operation -Wno-int-in-bool-context -Wno-shadow -Wno-sign-compare -Wno-subobject-linkage -Wno-tautological-compare -Wno-uninitialized -Wno-unused-but-set-parameter -Wno-unused-but-set-variable -Wno-unused-parameter -Wno-unused-variable    -DVL_TIME_CONTEXT   -fcoroutines -c -o verilated_timing.o /home/ubuntu/.local/opentallas-tools/verilator-5.050/share/verilator/include/verilated_timing.cpp
g++ -Os  -I.  -MMD -I/home/ubuntu/.local/opentallas-tools/verilator-5.050/share/verilator/include -I/home/ubuntu/.local/opentallas-tools/verilator-5.050/share/verilator/include/vltstd -DVERILATOR=1 -DVM_COVERAGE=0 -DVM_SC=0 -DVM_TIMING=1 -DVM_TRACE=0 -DVM_TRACE_FST=0 -DVM_TRACE_VCD=0 -DVM_TRACE_SAIF=0 -DVM_VPI=0 -faligned-new -fcf-protection=none -Wno-bool-operation -Wno-int-in-bool-context -Wno-shadow -Wno-sign-compare -Wno-subobject-linkage -Wno-tautological-compare -Wno-uninitialized -Wno-unused-but-set-parameter -Wno-unused-but-set-variable -Wno-unused-parameter -Wno-unused-variable    -DVL_TIME_CONTEXT   -fcoroutines -c -o verilated_threads.o /home/ubuntu/.local/opentallas-tools/verilator-5.050/share/verilator/include/verilated_threads.cpp
g++ -Os  -I.  -MMD -I/home/ubuntu/.local/opentallas-tools/verilator-5.050/share/verilator/include -I/home/ubuntu/.local/opentallas-tools/verilator-5.050/share/verilator/include/vltstd -DVERILATOR=1 -DVM_COVERAGE=0 -DVM_SC=0 -DVM_TIMING=1 -DVM_TRACE=0 -DVM_TRACE_FST=0 -DVM_TRACE_VCD=0 -DVM_TRACE_SAIF=0 -DVM_VPI=0 -faligned-new -fcf-protection=none -Wno-bool-operation -Wno-int-in-bool-context -Wno-shadow -Wno-sign-compare -Wno-subobject-linkage -Wno-tautological-compare -Wno-uninitialized -Wno-unused-but-set-parameter -Wno-unused-but-set-variable -Wno-unused-parameter -Wno-unused-variable    -DVL_TIME_CONTEXT   -fcoroutines -x c++-header Vtb_bf16__pch.h -o Vtb_bf16__pch.h.fast.gch
g++   -I.  -MMD -I/home/ubuntu/.local/opentallas-tools/verilator-5.050/share/verilator/include -I/home/ubuntu/.local/opentallas-tools/verilator-5.050/share/verilator/include/vltstd -DVERILATOR=1 -DVM_COVERAGE=0 -DVM_SC=0 -DVM_TIMING=1 -DVM_TRACE=0 -DVM_TRACE_FST=0 -DVM_TRACE_VCD=0 -DVM_TRACE_SAIF=0 -DVM_VPI=0 -faligned-new -fcf-protection=none -Wno-bool-operation -Wno-int-in-bool-context -Wno-shadow -Wno-sign-compare -Wno-subobject-linkage -Wno-tautological-compare -Wno-uninitialized -Wno-unused-but-set-parameter -Wno-unused-but-set-variable -Wno-unused-parameter -Wno-unused-variable    -DVL_TIME_CONTEXT   -fcoroutines -x c++-header Vtb_bf16__pch.h -o Vtb_bf16__pch.h.slow.gch
g++ -Os  -I.  -MMD -I/home/ubuntu/.local/opentallas-tools/verilator-5.050/share/verilator/include -I/home/ubuntu/.local/opentallas-tools/verilator-5.050/share/verilator/include/vltstd -DVERILATOR=1 -DVM_COVERAGE=0 -DVM_SC=0 -DVM_TIMING=1 -DVM_TRACE=0 -DVM_TRACE_FST=0 -DVM_TRACE_VCD=0 -DVM_TRACE_SAIF=0 -DVM_VPI=0 -faligned-new -fcf-protection=none -Wno-bool-operation -Wno-int-in-bool-context -Wno-shadow -Wno-sign-compare -Wno-subobject-linkage -Wno-tautological-compare -Wno-uninitialized -Wno-unused-but-set-parameter -Wno-unused-but-set-variable -Wno-unused-parameter -Wno-unused-variable    -DVL_TIME_CONTEXT   -fcoroutines -include Vtb_bf16__pch.h.fast -c Vtb_bf16_vm_classes_0.cpp
g++ -Os  -I.  -MMD -I/home/ubuntu/.local/opentallas-tools/verilator-5.050/share/verilator/include -I/home/ubuntu/.local/opentallas-tools/verilator-5.050/share/verilator/include/vltstd -DVERILATOR=1 -DVM_COVERAGE=0 -DVM_SC=0 -DVM_TIMING=1 -DVM_TRACE=0 -DVM_TRACE_FST=0 -DVM_TRACE_VCD=0 -DVM_TRACE_SAIF=0 -DVM_VPI=0 -faligned-new -fcf-protection=none -Wno-bool-operation -Wno-int-in-bool-context -Wno-shadow -Wno-sign-compare -Wno-subobject-linkage -Wno-tautological-compare -Wno-uninitialized -Wno-unused-but-set-parameter -Wno-unused-but-set-variable -Wno-unused-parameter -Wno-unused-variable    -DVL_TIME_CONTEXT   -fcoroutines -include Vtb_bf16__pch.h.fast -c Vtb_bf16_vm_classes_1.cpp
g++   -I.  -MMD -I/home/ubuntu/.local/opentallas-tools/verilator-5.050/share/verilator/include -I/home/ubuntu/.local/opentallas-tools/verilator-5.050/share/verilator/include/vltstd -DVERILATOR=1 -DVM_COVERAGE=0 -DVM_SC=0 -DVM_TIMING=1 -DVM_TRACE=0 -DVM_TRACE_FST=0 -DVM_TRACE_VCD=0 -DVM_TRACE_SAIF=0 -DVM_VPI=0 -faligned-new -fcf-protection=none -Wno-bool-operation -Wno-int-in-bool-context -Wno-shadow -Wno-sign-compare -Wno-subobject-linkage -Wno-tautological-compare -Wno-uninitialized -Wno-unused-but-set-parameter -Wno-unused-but-set-variable -Wno-unused-parameter -Wno-unused-variable    -DVL_TIME_CONTEXT   -fcoroutines -include Vtb_bf16__pch.h.slow -c Vtb_bf16_vm_classes_Slow_0.cpp
g++   -I.  -MMD -I/home/ubuntu/.local/opentallas-tools/verilator-5.050/share/verilator/include -I/home/ubuntu/.local/opentallas-tools/verilator-5.050/share/verilator/include/vltstd -DVERILATOR=1 -DVM_COVERAGE=0 -DVM_SC=0 -DVM_TIMING=1 -DVM_TRACE=0 -DVM_TRACE_FST=0 -DVM_TRACE_VCD=0 -DVM_TRACE_SAIF=0 -DVM_VPI=0 -faligned-new -fcf-protection=none -Wno-bool-operation -Wno-int-in-bool-context -Wno-shadow -Wno-sign-compare -Wno-subobject-linkage -Wno-tautological-compare -Wno-uninitialized -Wno-unused-but-set-parameter -Wno-unused-but-set-variable -Wno-unused-parameter -Wno-unused-variable    -DVL_TIME_CONTEXT   -fcoroutines -include Vtb_bf16__pch.h.slow -c Vtb_bf16_vm_classes_Slow_1.cpp
g++   -I.  -MMD -I/home/ubuntu/.local/opentallas-tools/verilator-5.050/share/verilator/include -I/home/ubuntu/.local/opentallas-tools/verilator-5.050/share/verilator/include/vltstd -DVERILATOR=1 -DVM_COVERAGE=0 -DVM_SC=0 -DVM_TIMING=1 -DVM_TRACE=0 -DVM_TRACE_FST=0 -DVM_TRACE_VCD=0 -DVM_TRACE_SAIF=0 -DVM_VPI=0 -faligned-new -fcf-protection=none -Wno-bool-operation -Wno-int-in-bool-context -Wno-shadow -Wno-sign-compare -Wno-subobject-linkage -Wno-tautological-compare -Wno-uninitialized -Wno-unused-but-set-parameter -Wno-unused-but-set-variable -Wno-unused-parameter -Wno-unused-variable    -DVL_TIME_CONTEXT   -fcoroutines -include Vtb_bf16__pch.h.slow -c Vtb_bf16__Syms__Slow.cpp
g++    verilated.o verilated_timing.o verilated_threads.o Vtb_bf16__ALL.a    -pthread -lpthread -latomic   -o Vtb_bf16
rm Vtb_bf16__ALL.verilator_deplist.tmp
make: Leaving directory '/tmp/field-common-wrapper-run-r4/candidate/obj_bf16'
- V e r i l a t i o n   R e p o r t: Verilator 5.050 2026-07-01 rev v5.050
- Verilator: Built from 0.800 MB sources in 24 modules, into 22.578 MB in 37 C++ files needing 0.012 MB
- Verilator: Walltime 25.882 s (elab=0.051, cvt=2.441, bld=23.141); cpu 2.923 s on 2 threads; allocated 338.645 MB
RESOURCE {"memory.max": "4294967296", "memory.swap.max": "0", "memory.peak": "1153110016", "memory.events": "low 0\nhigh 0\nmax 0\noom 0\noom_kill 0\noom_group_kill 0", "returncode": 0, "cpus": [0, 1], "elapsed_seconds": 25.932}
Finished with result: success
Main processes terminated with: code=exited/status=0
Service runtime: 25.960s
CPU time consumed: 47.631s
