{"scenario": "k_single_read_idle", "k_rd_fence": 1, "pass": true, "cycles_mono": 56, "cycles_local": 60, "cycles_pipe": 70, "first_k_latency_mono": 53, "first_k_latency_local": 57, "first_k_latency_pipe": 67, "mono_errors": [], "local_errors": [], "pipe_errors": []}
{"scenario": "k_read_stream", "k_rd_fence": 1, "pass": true, "cycles_mono": 987, "cycles_local": 991, "cycles_pipe": 998, "first_k_latency_mono": 53, "first_k_latency_local": 57, "first_k_latency_pipe": 64, "mono_errors": [], "local_errors": [], "pipe_errors": []}
{"scenario": "kv_prefetch_like_write_then_read", "k_rd_fence": 1, "pass": true, "cycles_mono": 2094, "cycles_local": 2097, "cycles_pipe": 1683, "first_k_latency_mono": 811, "first_k_latency_local": 709, "first_k_latency_pipe": 258, "mono_errors": [], "local_errors": [], "pipe_errors": []}
{"scenario": "mixed_raw_full_ready", "k_rd_fence": 1, "pass": true, "cycles_mono": 1872, "cycles_local": 2643, "cycles_pipe": 1530, "first_k_latency_mono": 58, "first_k_latency_local": 79, "first_k_latency_pipe": 69, "mono_errors": [], "local_errors": [], "pipe_errors": []}
{"scenario": "mixed_raw_backpressure", "k_rd_fence": 1, "pass": true, "cycles_mono": 2607, "cycles_local": 2169, "cycles_pipe": 1668, "first_k_latency_mono": 60, "first_k_latency_local": 61, "first_k_latency_pipe": 62, "mono_errors": [], "local_errors": [], "pipe_errors": []}
{"scenario": "k_write_heavy", "k_rd_fence": 1, "pass": true, "cycles_mono": 1288, "cycles_local": 1726, "cycles_pipe": 1268, "first_k_latency_mono": 101, "first_k_latency_local": 104, "first_k_latency_pipe": 97, "mono_errors": [], "local_errors": [], "pipe_errors": []}
{"scenario": "contended_b_heavy", "k_rd_fence": 1, "pass": true, "cycles_mono": 2068, "cycles_local": 2044, "cycles_pipe": 1907, "first_k_latency_mono": 55, "first_k_latency_local": 58, "first_k_latency_pipe": 62, "mono_errors": [], "local_errors": [], "pipe_errors": []}
{"scenario": "mixed_random_100", "k_rd_fence": 1, "pass": true, "cycles_mono": 1848, "cycles_local": 2014, "cycles_pipe": 1606, "first_k_latency_mono": 59, "first_k_latency_local": 60, "first_k_latency_pipe": 66, "mono_errors": [], "local_errors": [], "pipe_errors": []}
{"scenario": "mixed_random_101", "k_rd_fence": 1, "pass": true, "cycles_mono": 2007, "cycles_local": 2281, "cycles_pipe": 1716, "first_k_latency_mono": 103, "first_k_latency_local": 105, "first_k_latency_pipe": 69, "mono_errors": [], "local_errors": [], "pipe_errors": []}
{"scenario": "mixed_random_102", "k_rd_fence": 1, "pass": true, "cycles_mono": 1742, "cycles_local": 2149, "cycles_pipe": 1370, "first_k_latency_mono": 80, "first_k_latency_local": 86, "first_k_latency_pipe": 68, "mono_errors": [], "local_errors": [], "pipe_errors": []}
{"scenario": "mixed_random_103", "k_rd_fence": 1, "pass": true, "cycles_mono": 1932, "cycles_local": 2023, "cycles_pipe": 1719, "first_k_latency_mono": 80, "first_k_latency_local": 63, "first_k_latency_pipe": 66, "mono_errors": [], "local_errors": [], "pipe_errors": []}
{"scenario": "mixed_random_104", "k_rd_fence": 1, "pass": true, "cycles_mono": 1795, "cycles_local": 2257, "cycles_pipe": 1503, "first_k_latency_mono": 61, "first_k_latency_local": 63, "first_k_latency_pipe": 70, "mono_errors": [], "local_errors": [], "pipe_errors": []}
{"scenario": "mixed_random_105", "k_rd_fence": 1, "pass": true, "cycles_mono": 2162, "cycles_local": 1970, "cycles_pipe": 1488, "first_k_latency_mono": 74, "first_k_latency_local": 77, "first_k_latency_pipe": 77, "mono_errors": [], "local_errors": [], "pipe_errors": []}
{"scenario": "mixed_random_106", "k_rd_fence": 1, "pass": true, "cycles_mono": 1943, "cycles_local": 1991, "cycles_pipe": 1513, "first_k_latency_mono": 55, "first_k_latency_local": 58, "first_k_latency_pipe": 71, "mono_errors": [], "local_errors": [], "pipe_errors": []}
{"scenario": "mixed_random_107", "k_rd_fence": 1, "pass": true, "cycles_mono": 1937, "cycles_local": 2090, "cycles_pipe": 1767, "first_k_latency_mono": 55, "first_k_latency_local": 58, "first_k_latency_pipe": 73, "mono_errors": [], "local_errors": [], "pipe_errors": []}
{"scenario": "mixed_random_108", "k_rd_fence": 1, "pass": true, "cycles_mono": 1919, "cycles_local": 2079, "cycles_pipe": 1520, "first_k_latency_mono": 77, "first_k_latency_local": 80, "first_k_latency_pipe": 70, "mono_errors": [], "local_errors": [], "pipe_errors": []}
{"scenario": "mixed_random_109", "k_rd_fence": 1, "pass": true, "cycles_mono": 1733, "cycles_local": 2065, "cycles_pipe": 1428, "first_k_latency_mono": 60, "first_k_latency_local": 64, "first_k_latency_pipe": 67, "mono_errors": [], "local_errors": [], "pipe_errors": []}
{"scenario": "mixed_random_110", "k_rd_fence": 1, "pass": true, "cycles_mono": 1910, "cycles_local": 2257, "cycles_pipe": 1509, "first_k_latency_mono": 55, "first_k_latency_local": 59, "first_k_latency_pipe": 68, "mono_errors": [], "local_errors": [], "pipe_errors": []}
{"scenario": "mixed_random_111", "k_rd_fence": 1, "pass": true, "cycles_mono": 1872, "cycles_local": 2046, "cycles_pipe": 1520, "first_k_latency_mono": 56, "first_k_latency_local": 59, "first_k_latency_pipe": 68, "mono_errors": [], "local_errors": [], "pipe_errors": []}
{"scenario": "k_idle_region_0", "k_rd_fence": 1, "pass": true, "cycles_mono": 56, "cycles_local": 60, "cycles_pipe": 74, "first_k_latency_mono": 53, "first_k_latency_local": 57, "first_k_latency_pipe": 71, "mono_errors": [], "local_errors": [], "pipe_errors": []}
{"scenario": "k_idle_region_1", "k_rd_fence": 1, "pass": true, "cycles_mono": 56, "cycles_local": 60, "cycles_pipe": 70, "first_k_latency_mono": 53, "first_k_latency_local": 57, "first_k_latency_pipe": 67, "mono_errors": [], "local_errors": [], "pipe_errors": []}
{"scenario": "k_idle_region_2", "k_rd_fence": 1, "pass": true, "cycles_mono": 56, "cycles_local": 60, "cycles_pipe": 68, "first_k_latency_mono": 53, "first_k_latency_local": 57, "first_k_latency_pipe": 65, "mono_errors": [], "local_errors": [], "pipe_errors": []}
{"scenario": "k_idle_region_3", "k_rd_fence": 1, "pass": true, "cycles_mono": 56, "cycles_local": 60, "cycles_pipe": 64, "first_k_latency_mono": 53, "first_k_latency_local": 57, "first_k_latency_pipe": 61, "mono_errors": [], "local_errors": [], "pipe_errors": []}
{"scenario": "k_idle_region_4", "k_rd_fence": 1, "pass": true, "cycles_mono": 56, "cycles_local": 60, "cycles_pipe": 64, "first_k_latency_mono": 53, "first_k_latency_local": 57, "first_k_latency_pipe": 61, "mono_errors": [], "local_errors": [], "pipe_errors": []}
{"scenario": "k_idle_region_5", "k_rd_fence": 1, "pass": true, "cycles_mono": 56, "cycles_local": 60, "cycles_pipe": 68, "first_k_latency_mono": 53, "first_k_latency_local": 57, "first_k_latency_pipe": 65, "mono_errors": [], "local_errors": [], "pipe_errors": []}
{"scenario": "k_idle_region_6", "k_rd_fence": 1, "pass": true, "cycles_mono": 56, "cycles_local": 60, "cycles_pipe": 70, "first_k_latency_mono": 53, "first_k_latency_local": 57, "first_k_latency_pipe": 67, "mono_errors": [], "local_errors": [], "pipe_errors": []}
{"scenario": "k_idle_region_7", "k_rd_fence": 1, "pass": true, "cycles_mono": 56, "cycles_local": 60, "cycles_pipe": 74, "first_k_latency_mono": 53, "first_k_latency_local": 57, "first_k_latency_pipe": 71, "mono_errors": [], "local_errors": [], "pipe_errors": []}
{"scenario": "k_single_read_idle", "k_rd_fence": 0, "pass": true, "cycles_mono": 56, "cycles_local": 60, "cycles_pipe": 70, "first_k_latency_mono": 53, "first_k_latency_local": 57, "first_k_latency_pipe": 67, "mono_errors": [], "local_errors": [], "pipe_errors": []}
{"scenario": "k_read_stream", "k_rd_fence": 0, "pass": true, "cycles_mono": 987, "cycles_local": 991, "cycles_pipe": 998, "first_k_latency_mono": 53, "first_k_latency_local": 57, "first_k_latency_pipe": 64, "mono_errors": [], "local_errors": [], "pipe_errors": []}
{"scenario": "kv_prefetch_like_write_then_read", "k_rd_fence": 0, "pass": true, "cycles_mono": 2094, "cycles_local": 1992, "cycles_pipe": 1674, "first_k_latency_mono": 811, "first_k_latency_local": 709, "first_k_latency_pipe": 247, "mono_errors": [], "local_errors": [], "pipe_errors": []}
{"scenario": "mixed_raw_full_ready", "k_rd_fence": 0, "pass": true, "cycles_mono": 1872, "cycles_local": 1790, "cycles_pipe": 1378, "first_k_latency_mono": 58, "first_k_latency_local": 79, "first_k_latency_pipe": 69, "mono_errors": [], "local_errors": [], "pipe_errors": []}
{"scenario": "mixed_raw_backpressure", "k_rd_fence": 0, "pass": true, "cycles_mono": 2607, "cycles_local": 2020, "cycles_pipe": 1848, "first_k_latency_mono": 60, "first_k_latency_local": 61, "first_k_latency_pipe": 62, "mono_errors": [], "local_errors": [], "pipe_errors": []}
{"scenario": "contended_b_heavy", "k_rd_fence": 0, "pass": true, "cycles_mono": 2068, "cycles_local": 1842, "cycles_pipe": 1844, "first_k_latency_mono": 55, "first_k_latency_local": 58, "first_k_latency_pipe": 62, "mono_errors": [], "local_errors": [], "pipe_errors": []}
{"scenario": "k_write_heavy", "k_rd_fence": 0, "pass": true, "cycles_mono": 1288, "cycles_local": 1290, "cycles_pipe": 1065, "first_k_latency_mono": 101, "first_k_latency_local": 83, "first_k_latency_pipe": 97, "mono_errors": [], "local_errors": [], "pipe_errors": []}
{"scenario": "mixed_random_100", "k_rd_fence": 0, "pass": true, "cycles_mono": 1848, "cycles_local": 1624, "cycles_pipe": 1265, "first_k_latency_mono": 59, "first_k_latency_local": 60, "first_k_latency_pipe": 66, "mono_errors": [], "local_errors": [], "pipe_errors": []}
{"scenario": "mixed_random_101", "k_rd_fence": 0, "pass": true, "cycles_mono": 2007, "cycles_local": 1776, "cycles_pipe": 1395, "first_k_latency_mono": 103, "first_k_latency_local": 105, "first_k_latency_pipe": 69, "mono_errors": [], "local_errors": [], "pipe_errors": []}
{"scenario": "mixed_random_102", "k_rd_fence": 0, "pass": true, "cycles_mono": 1742, "cycles_local": 1625, "cycles_pipe": 1737, "first_k_latency_mono": 80, "first_k_latency_local": 86, "first_k_latency_pipe": 68, "mono_errors": [], "local_errors": [], "pipe_errors": []}
{"scenario": "mixed_random_103", "k_rd_fence": 0, "pass": true, "cycles_mono": 1932, "cycles_local": 1519, "cycles_pipe": 1338, "first_k_latency_mono": 80, "first_k_latency_local": 63, "first_k_latency_pipe": 66, "mono_errors": [], "local_errors": [], "pipe_errors": []}
{"scenario": "mixed_random_104", "k_rd_fence": 0, "pass": true, "cycles_mono": 1795, "cycles_local": 1738, "cycles_pipe": 1252, "first_k_latency_mono": 61, "first_k_latency_local": 63, "first_k_latency_pipe": 70, "mono_errors": [], "local_errors": [], "pipe_errors": []}
{"scenario": "mixed_random_105", "k_rd_fence": 0, "pass": true, "cycles_mono": 2162, "cycles_local": 1469, "cycles_pipe": 1412, "first_k_latency_mono": 74, "first_k_latency_local": 77, "first_k_latency_pipe": 77, "mono_errors": [], "local_errors": [], "pipe_errors": []}
{"scenario": "mixed_random_106", "k_rd_fence": 0, "pass": true, "cycles_mono": 1943, "cycles_local": 1718, "cycles_pipe": 1401, "first_k_latency_mono": 55, "first_k_latency_local": 58, "first_k_latency_pipe": 71, "mono_errors": [], "local_errors": [], "pipe_errors": []}
{"scenario": "mixed_random_107", "k_rd_fence": 0, "pass": true, "cycles_mono": 1937, "cycles_local": 1789, "cycles_pipe": 1274, "first_k_latency_mono": 55, "first_k_latency_local": 58, "first_k_latency_pipe": 73, "mono_errors": [], "local_errors": [], "pipe_errors": []}
{"scenario": "mixed_random_108", "k_rd_fence": 0, "pass": true, "cycles_mono": 1919, "cycles_local": 1571, "cycles_pipe": 1142, "first_k_latency_mono": 77, "first_k_latency_local": 80, "first_k_latency_pipe": 70, "mono_errors": [], "local_errors": [], "pipe_errors": []}
{"scenario": "mixed_random_109", "k_rd_fence": 0, "pass": true, "cycles_mono": 1733, "cycles_local": 1818, "cycles_pipe": 1332, "first_k_latency_mono": 60, "first_k_latency_local": 64, "first_k_latency_pipe": 67, "mono_errors": [], "local_errors": [], "pipe_errors": []}
{"scenario": "mixed_random_110", "k_rd_fence": 0, "pass": true, "cycles_mono": 1910, "cycles_local": 1511, "cycles_pipe": 1284, "first_k_latency_mono": 55, "first_k_latency_local": 59, "first_k_latency_pipe": 68, "mono_errors": [], "local_errors": [], "pipe_errors": []}
{"scenario": "k_idle_region_0", "k_rd_fence": 0, "pass": true, "cycles_mono": 56, "cycles_local": 60, "cycles_pipe": 74, "first_k_latency_mono": 53, "first_k_latency_local": 57, "first_k_latency_pipe": 71, "mono_errors": [], "local_errors": [], "pipe_errors": []}
{"scenario": "mixed_random_111", "k_rd_fence": 0, "pass": true, "cycles_mono": 1872, "cycles_local": 1416, "cycles_pipe": 1247, "first_k_latency_mono": 56, "first_k_latency_local": 59, "first_k_latency_pipe": 68, "mono_errors": [], "local_errors": [], "pipe_errors": []}
{"scenario": "k_idle_region_1", "k_rd_fence": 0, "pass": true, "cycles_mono": 56, "cycles_local": 60, "cycles_pipe": 70, "first_k_latency_mono": 53, "first_k_latency_local": 57, "first_k_latency_pipe": 67, "mono_errors": [], "local_errors": [], "pipe_errors": []}
{"scenario": "k_idle_region_2", "k_rd_fence": 0, "pass": true, "cycles_mono": 56, "cycles_local": 60, "cycles_pipe": 68, "first_k_latency_mono": 53, "first_k_latency_local": 57, "first_k_latency_pipe": 65, "mono_errors": [], "local_errors": [], "pipe_errors": []}
{"scenario": "k_idle_region_3", "k_rd_fence": 0, "pass": true, "cycles_mono": 56, "cycles_local": 60, "cycles_pipe": 64, "first_k_latency_mono": 53, "first_k_latency_local": 57, "first_k_latency_pipe": 61, "mono_errors": [], "local_errors": [], "pipe_errors": []}
{"scenario": "k_idle_region_4", "k_rd_fence": 0, "pass": true, "cycles_mono": 56, "cycles_local": 60, "cycles_pipe": 64, "first_k_latency_mono": 53, "first_k_latency_local": 57, "first_k_latency_pipe": 61, "mono_errors": [], "local_errors": [], "pipe_errors": []}
{"scenario": "k_idle_region_5", "k_rd_fence": 0, "pass": true, "cycles_mono": 56, "cycles_local": 60, "cycles_pipe": 68, "first_k_latency_mono": 53, "first_k_latency_local": 57, "first_k_latency_pipe": 65, "mono_errors": [], "local_errors": [], "pipe_errors": []}
{"scenario": "k_idle_region_6", "k_rd_fence": 0, "pass": true, "cycles_mono": 56, "cycles_local": 60, "cycles_pipe": 70, "first_k_latency_mono": 53, "first_k_latency_local": 57, "first_k_latency_pipe": 67, "mono_errors": [], "local_errors": [], "pipe_errors": []}
{"scenario": "k_idle_region_7", "k_rd_fence": 0, "pass": true, "cycles_mono": 56, "cycles_local": 60, "cycles_pipe": 74, "first_k_latency_mono": 53, "first_k_latency_local": 57, "first_k_latency_pipe": 71, "mono_errors": [], "local_errors": [], "pipe_errors": []}
{"arbiter": "monolithic", "k_rd_fence": null, "pass": true, "summary": ["KVPF_CASES max_descriptor_ops=2 max_words=640 user_slice_ops=3 slice_base=4096", "KVPF_WRAP done=1 writes=6 hits=10 mismatches=0", "KVPF ops=38 words_read=4383 bad=0 held_min=166 held_ops=38 raw_checks=16 refetches=22 sectors_written=155 wq_high=2 hbm_kv_mismatch=0 fault=0 code=00000", "KEYS reads=608012 bad=0 writes=593 wr_done=593 contended=1385 kv_grants=5925", "REGION key=[0,262144) kv=[262144,266240) mem=524288 disjoint=1 inside=1", "PASS"], "sim_seconds": 1.0, "log_sha256": "5ede9d2733b32322a55d8495d8edda6f8c19904e14a3986e92eeea3e9f889cdf"}
{"arbiter": "local", "k_rd_fence": 1, "pass": true, "summary": ["KVPF_CASES max_descriptor_ops=2 max_words=640 user_slice_ops=3 slice_base=4096", "KVPF_WRAP done=1 writes=6 hits=10 mismatches=0", "KVPF ops=38 words_read=4343 bad=0 held_min=213 held_ops=38 raw_checks=16 refetches=22 sectors_written=155 wq_high=7 hbm_kv_mismatch=0 fault=0 code=00000", "KEYS reads=640684 bad=0 writes=616 wr_done=614 contended=1268 kv_grants=5846", "REGION key=[0,262144) kv=[262144,266240) mem=524288 disjoint=1 inside=1", "PASS"], "sim_seconds": 1.1, "log_sha256": "cba3d7ade03c84e2dc649467d326d91e21c8b82785ae70341e806604aeb1ef84"}
{"arbiter": "local", "k_rd_fence": 0, "pass": true, "summary": ["KVPF_CASES max_descriptor_ops=2 max_words=640 user_slice_ops=3 slice_base=4096", "KVPF_WRAP done=1 writes=6 hits=10 mismatches=0", "KVPF ops=38 words_read=4406 bad=0 held_min=161 held_ops=38 raw_checks=16 refetches=22 sectors_written=155 wq_high=2 hbm_kv_mismatch=0 fault=0 code=00000", "KEYS reads=616291 bad=0 writes=580 wr_done=578 contended=1244 kv_grants=5949", "REGION key=[0,262144) kv=[262144,266240) mem=524288 disjoint=1 inside=1", "PASS"], "sim_seconds": 1.4, "log_sha256": "7ab6b4be30b11b05af22e6cab054508d1a32b6594f343fa6a13985d8ebfaf0ae"}
{"arbiter": "pipelined local", "k_rd_fence": 1, "pass": true, "summary": ["KVPF_CASES max_descriptor_ops=2 max_words=640 user_slice_ops=3 slice_base=4096", "KVPF_WRAP done=1 writes=6 hits=10 mismatches=0", "KVPF ops=38 words_read=4381 bad=0 held_min=202 held_ops=38 raw_checks=16 refetches=22 sectors_written=155 wq_high=3 hbm_kv_mismatch=0 fault=0 code=00000", "KEYS reads=637227 bad=0 writes=623 wr_done=622 contended=1268 kv_grants=5807", "REGION key=[0,262144) kv=[262144,266240) mem=524288 disjoint=1 inside=1", "PASS"], "sim_seconds": 2.2, "log_sha256": "54543f6211b1bd6fe4e8ab61408eeaba1bdaaab10784c46fd31269d47db3e8bf"}
{"arbiter": "pipelined local", "k_rd_fence": 0, "pass": true, "summary": ["KVPF_CASES max_descriptor_ops=2 max_words=640 user_slice_ops=3 slice_base=4096", "KVPF_WRAP done=1 writes=6 hits=10 mismatches=0", "KVPF ops=38 words_read=4393 bad=0 held_min=195 held_ops=38 raw_checks=16 refetches=22 sectors_written=155 wq_high=3 hbm_kv_mismatch=0 fault=0 code=00000", "KEYS reads=638022 bad=0 writes=615 wr_done=615 contended=1213 kv_grants=5989", "REGION key=[0,262144) kv=[262144,266240) mem=524288 disjoint=1 inside=1", "PASS"], "sim_seconds": 1.8, "log_sha256": "2fe37faf41b1b970ccffc734c6282276c5c711df45d85267f35fcf284ad2d929"}
FAIL
