%Warning-PINMISSING: rtl/hdc/kv/ot_qwen_s4_protected_ring.sv:117:41: Instance has missing pin: 'qi'
  117 |     ot_qwen_s4_checked_state #(.W(E1W)) u_e1(.clk(wr_clk),.por_n(por_n),.en(wr_online&&!wr_fault),.d(e1_next),.q(e1),.bad(e1_bad));
      |                                         ^~~~
                     rtl/hdc/kv/ot_qwen_s4_checked_state.sv:13:25: ... Location of port declaration
   13 |     output wire [W-1:0] qi,
      |                         ^~
                     ... For warning description see https://verilator.org/warn/PINMISSING?v=5.050
                     ... Use "/* verilator lint_off PINMISSING */" and lint_on around source to disable this message.
%Warning-PINMISSING: rtl/hdc/kv/ot_qwen_s4_protected_ring.sv:150:47: Instance has missing pin: 'qi'
  150 |             ot_qwen_s4_checked_state #(.W(2)) u_control(.clk(wr_clk),.por_n(por_n),.en(1'b1),
      |                                               ^~~~~~~~~
                     rtl/hdc/kv/ot_qwen_s4_checked_state.sv:13:25: ... Location of port declaration
   13 |     output wire [W-1:0] qi,
      |                         ^~
%Warning-PINMISSING: rtl/hdc/kv/ot_qwen_s4_protected_ring.sv:188:51: Instance has missing pin: 'qi'
  188 |             ot_qwen_s4_checked_state #(.W(2*P+2)) u_credit(.clk(wr_clk),.por_n(por_n),.en(1'b1),
      |                                                   ^~~~~~~~
                     rtl/hdc/kv/ot_qwen_s4_checked_state.sv:13:25: ... Location of port declaration
   13 |     output wire [W-1:0] qi,
      |                         ^~
%Warning-PINMISSING: rtl/hdc/kv/ot_qwen_s4_protected_ring.sv:216:41: Instance has missing pin: 'qi'
  216 |     ot_qwen_s4_checked_state #(.W(D0W)) u_d0(.clk(rd_clk),.por_n(por_n),.en(advance),
      |                                         ^~~~
                     rtl/hdc/kv/ot_qwen_s4_checked_state.sv:13:25: ... Location of port declaration
   13 |     output wire [W-1:0] qi,
      |                         ^~
%Warning-PINMISSING: rtl/hdc/kv/ot_qwen_s4_protected_ring.sv:223:41: Instance has missing pin: 'qi'
  223 |     ot_qwen_s4_checked_state #(.W(D1W)) u_d1(.clk(rd_clk),.por_n(por_n),.en(advance),.d(d1_next),.q(d1),.bad(d1_bad));
      |                                         ^~~~
                     rtl/hdc/kv/ot_qwen_s4_checked_state.sv:13:25: ... Location of port declaration
   13 |     output wire [W-1:0] qi,
      |                         ^~
%Warning-PINMISSING: rtl/hdc/kv/ot_qwen_s4_protected_ring.sv:229:41: Instance has missing pin: 'qi'
  229 |     ot_qwen_s4_checked_state #(.W(D2W)) u_d2(.clk(rd_clk),.por_n(por_n),.en(advance),.d(d2_next),.q(d2),.bad(d2_bad));
      |                                         ^~~~
                     rtl/hdc/kv/ot_qwen_s4_checked_state.sv:13:25: ... Location of port declaration
   13 |     output wire [W-1:0] qi,
      |                         ^~
%Warning-PINMISSING: rtl/hdc/kv/ot_qwen_s4_protected_ring.sv:257:41: Instance has missing pin: 'qi'
  257 |     ot_qwen_s4_checked_state #(.W(D3W)) u_d3(.clk(rd_clk),.por_n(por_n),.en(advance&&!due_bad),.d(d3_next),.q(d3),.bad(d3_bad));
      |                                         ^~~~
                     rtl/hdc/kv/ot_qwen_s4_checked_state.sv:13:25: ... Location of port declaration
   13 |     output wire [W-1:0] qi,
      |                         ^~
%Warning-PINMISSING: rtl/hdc/kv/ot_qwen_s4_protected_pc.sv:49:124: Instance has missing pin: 'retired_source'
   49 |     ot_qwen_s4_protected_ring #(.WIDTH(TAGW),.DEPTH(AD),.PC_ID(PC_ID),.KIND(2),.SYNC(SYNC),.WIRE_STAGES(LOCAL_WIRE_SPANS)) u_a(
      |                                                                                                                            ^~~
                     rtl/hdc/kv/ot_qwen_s4_protected_ring.sv:19:25: ... Location of port declaration
   19 |     output wire [P-1:0] retired_source,
      |                         ^~~~~~~~~~~~~~
%Warning-PINMISSING: rtl/hdc/kv/ot_qwen_s4_protected_pc.sv:49:124: Instance has missing pin: 'retired_source_valid'
   49 |     ot_qwen_s4_protected_ring #(.WIDTH(TAGW),.DEPTH(AD),.PC_ID(PC_ID),.KIND(2),.SYNC(SYNC),.WIRE_STAGES(LOCAL_WIRE_SPANS)) u_a(
      |                                                                                                                            ^~~
                     rtl/hdc/kv/ot_qwen_s4_protected_ring.sv:20:17: ... Location of port declaration
   20 |     output wire retired_source_valid,
      |                 ^~~~~~~~~~~~~~~~~~~~
%Warning-PINMISSING: rtl/hdc/kv/ot_qwen_s4_protected_pc.sv:62:42: Instance has missing pin: 'qi'
   62 |     ot_qwen_s4_checked_state #(.W(LP+3)) u_credit(.clk(hclk),.por_n(por_n),
      |                                          ^~~~~~~~
                     rtl/hdc/kv/ot_qwen_s4_checked_state.sv:13:25: ... Location of port declaration
   13 |     output wire [W-1:0] qi,
      |                         ^~
%Warning-PINMISSING: rtl/hdc/kv/ot_qwen_s4_protected_pc.sv:67:30: Instance has missing pin: 'qi'
   67 |     ot_qwen_s4_checked_state u_room(.clk(clk),.por_n(por_n),.en(!c_fault),
      |                              ^~~~~~
                     rtl/hdc/kv/ot_qwen_s4_checked_state.sv:13:25: ... Location of port declaration
   13 |     output wire [W-1:0] qi,
      |                         ^~
%Warning-PINMISSING: rtl/hdc/kv/ot_qwen_s4_protected_pc.sv:70:122: Instance has missing pin: 'retired_source'
   70 |     ot_qwen_s4_protected_ring #(.WIDTH(WW),.DEPTH(WB),.PC_ID(PC_ID),.KIND(1),.SYNC(SYNC),.WIRE_STAGES(LOCAL_WIRE_SPANS)) u_w(
      |                                                                                                                          ^~~
                     rtl/hdc/kv/ot_qwen_s4_protected_ring.sv:19:25: ... Location of port declaration
   19 |     output wire [P-1:0] retired_source,
      |                         ^~~~~~~~~~~~~~
%Warning-PINMISSING: rtl/hdc/kv/ot_qwen_s4_protected_pc.sv:70:122: Instance has missing pin: 'retired_source_valid'
   70 |     ot_qwen_s4_protected_ring #(.WIDTH(WW),.DEPTH(WB),.PC_ID(PC_ID),.KIND(1),.SYNC(SYNC),.WIRE_STAGES(LOCAL_WIRE_SPANS)) u_w(
      |                                                                                                                          ^~~
                     rtl/hdc/kv/ot_qwen_s4_protected_ring.sv:20:17: ... Location of port declaration
   20 |     output wire retired_source_valid,
      |                 ^~~~~~~~~~~~~~~~~~~~
%Warning-PINMISSING: rtl/hdc/kv/ot_qwen_s4_protected_pc.sv:88:44: Instance has missing pin: 'qi'
   88 |         ot_qwen_s4_checked_state #(.W(CW)) u_cache(.clk(hclk),.por_n(por_n),
      |                                            ^~~~~~~
                     rtl/hdc/kv/ot_qwen_s4_checked_state.sv:13:25: ... Location of port declaration
   13 |     output wire [W-1:0] qi,
      |                         ^~
%Warning-PINMISSING: rtl/hdc/kv/ot_qwen_s4_protected_pc.sv:92:42: Instance has missing pin: 'qi'
   92 |     ot_qwen_s4_checked_state #(.W(2*WP)) u_ptr(.clk(hclk),.por_n(por_n),.en(!h_fault),
      |                                          ^~~~~
                     rtl/hdc/kv/ot_qwen_s4_checked_state.sv:13:25: ... Location of port declaration
   13 |     output wire [W-1:0] qi,
      |                         ^~
%Warning-PINMISSING: rtl/hdc/kv/ot_qwen_s4_protected_pc.sv:98:40: Instance has missing pin: 'qi'
   98 |     ot_qwen_s4_checked_state #(.W(25)) u_head(.clk(hclk),.por_n(por_n),.en(!h_fault),
      |                                        ^~~~~~
                     rtl/hdc/kv/ot_qwen_s4_checked_state.sv:13:25: ... Location of port declaration
   13 |     output wire [W-1:0] qi,
      |                         ^~
%Warning-PINMISSING: rtl/hdc/kv/ot_qwen_s4_protected_pc.sv:104:42: Instance has missing pin: 'qi'
  104 |     ot_qwen_s4_checked_state #(.W(WW+1)) u_completion(.clk(hclk),.por_n(por_n),.en(!h_fault),
      |                                          ^~~~~~~~~~~~
                     rtl/hdc/kv/ot_qwen_s4_checked_state.sv:13:25: ... Location of port declaration
   13 |     output wire [W-1:0] qi,
      |                         ^~
%Warning-PINMISSING: rtl/hdc/kv/ot_qwen_s4_protected_pc.sv:109:30: Instance has missing pin: 'qi'
  109 |     ot_qwen_s4_checked_state u_cs(.clk(clk),.por_n(por_n),.en(!cb),
      |                              ^~~~
                     rtl/hdc/kv/ot_qwen_s4_checked_state.sv:13:25: ... Location of port declaration
   13 |     output wire [W-1:0] qi,
      |                         ^~
%Warning-PINMISSING: rtl/hdc/kv/ot_qwen_s4_protected_pc.sv:111:30: Instance has missing pin: 'qi'
  111 |     ot_qwen_s4_checked_state u_hs(.clk(hclk),.por_n(por_n),.en(!hb),
      |                              ^~~~
                     rtl/hdc/kv/ot_qwen_s4_checked_state.sv:13:25: ... Location of port declaration
   13 |     output wire [W-1:0] qi,
      |                         ^~
%Warning-TIMESCALEMOD: rtl/gpu/w6/ot_gpu_w6_secded_pkg.sv:2:9: Timescale missing on this module as other modules have it (IEEE 1800-2023 3.14.2.3)
    2 | package ot_gpu_w6_secded_pkg;
      |         ^~~~~~~~~~~~~~~~~~~~
                       rtl/lib/ot_reset_sync.sv:4:8: ... Location of module with timescale
    4 | module ot_reset_sync #(
      |        ^~~~~~~~~~~~~
                       ... For warning description see https://verilator.org/warn/TIMESCALEMOD?v=5.050
                       ... Use "/* verilator lint_off TIMESCALEMOD */" and lint_on around source to disable this message.
%Warning-WIDTHTRUNC: rtl/hdc/kv/ot_qwen_s4_protected_cdc_consumer_join.sv:23:14: Logical operator GENIF expects 1 bit on the If, but If's VARREF 'ENABLE' generates 32 bits.
                                                                               : ... note: In instance 'ot_qwen_s4_protected_cdc_consumer_join'
   23 |     generate if(ENABLE)begin:active
      |              ^~
                     ... For warning description see https://verilator.org/warn/WIDTHTRUNC?v=5.050
                     ... Use "/* verilator lint_off WIDTHTRUNC */" and lint_on around source to disable this message.
%Warning-WIDTHTRUNC: rtl/hdc/kv/ot_qwen_s4_protected_ring.sv:33:36: Logical operator LOGOR expects 1 bit on the RHS, but RHS's AND generates 32 bits.
                                                                  : ... note: In instance 'ot_qwen_s4_protected_cdc_consumer_join.active.u_endpoint.u_w'
   33 |     initial if (SYNC!=2 || DEPTH<4 || (DEPTH&(DEPTH-1)) || PIECES*DEPTH>1024 || WIRE_STAGES<0)
      |                                    ^~
%Warning-WIDTHEXPAND: rtl/hdc/kv/ot_qwen_s4_protected_ring.sv:84:74: Operator LT expects 32 bits on the LHS, but LHS's VARREF 'wr_occupancy' generates 5 bits.
                                                                   : ... note: In instance 'ot_qwen_s4_protected_cdc_consumer_join.active.u_endpoint.u_w'
   84 |     assign wr_ready=wr_online&&rr_ok&&!wr_fault&&allow_new&&(wr_occupancy<DEPTH);
      |                                                                          ^
                      ... For warning description see https://verilator.org/warn/WIDTHEXPAND?v=5.050
                      ... Use "/* verilator lint_off WIDTHEXPAND */" and lint_on around source to disable this message.
%Warning-WIDTHTRUNC: rtl/hdc/kv/ot_qwen_s4_protected_ring.sv:95:42: Logical operator IF expects 1 bit on the If, but If's AND generates 32 bits.
                                                                  : ... note: In instance 'ot_qwen_s4_protected_cdc_consumer_join.active.u_endpoint.u_w'
   95 |             if(pos<=71)for(k=0;k<7;k=k+1)if(pos&(1<<k))partials[g*8+k]=partials[g*8+k]^code[pos-1];
      |                                          ^~
%Warning-WIDTHEXPAND: rtl/hdc/kv/ot_qwen_s4_protected_ring.sv:84:74: Operator LT expects 32 bits on the LHS, but LHS's VARREF 'wr_occupancy' generates 7 bits.
                                                                   : ... note: In instance 'ot_qwen_s4_protected_cdc_consumer_join.active.u_endpoint.u_a'
   84 |     assign wr_ready=wr_online&&rr_ok&&!wr_fault&&allow_new&&(wr_occupancy<DEPTH);
      |                                                                          ^
%Warning-WIDTHEXPAND: rtl/hdc/kv/ot_qwen_s4_protected_pc.sv:26:82: Operator LT expects 32 bits on the LHS, but LHS's VARREF 'w_sec' generates 24 bits.
                                                                 : ... note: In instance 'ot_qwen_s4_protected_cdc_consumer_join.active.u_endpoint'
   26 |     wire write_identity_ok=({w_sec[1:0],w_sec[15],w_sec[5:2]}==7'(PC_ID))&&(w_sec<MEM_WORDS);
      |                                                                                  ^
%Warning-WIDTHEXPAND: rtl/hdc/kv/ot_qwen_s4_protected_pc.sv:27:88: Operator LT expects 32 bits on the LHS, but LHS's VARREF 'h_lrow' generates 8 bits.
                                                                 : ... note: In instance 'ot_qwen_s4_protected_cdc_consumer_join.active.u_endpoint'
   27 |     wire landing_identity_ok=({h_lsec[1:0],h_lsec[15],h_lsec[5:2]}==7'(PC_ID))&&(h_lrow<MEM_WORDS/131072);
      |                                                                                        ^
%Warning-WIDTHTRUNC: rtl/hdc/kv/ot_qwen_s4_protected_pc.sv:48:50: Logical operator COND expects 1 bit on the Conditional Test, but Conditional Test's VARREF 'ACK_BACKPRESSURE' generates 32 bits.
                                                                : ... note: In instance 'ot_qwen_s4_protected_cdc_consumer_join.active.u_endpoint'
   48 |     wire ack_take=av&&!c_fault&&(ACK_BACKPRESSURE?wd_ready:1'b1);
      |                                                  ^
%Warning-WIDTHTRUNC: rtl/hdc/kv/ot_qwen_s4_protected_pc.sv:52:49: Logical operator COND expects 1 bit on the Conditional Test, but Conditional Test's VARREF 'ACK_BACKPRESSURE' generates 32 bits.
                                                                : ... note: In instance 'ot_qwen_s4_protected_cdc_consumer_join.active.u_endpoint'
   52 |         .rd_valid(av),.rd_ready(ACK_BACKPRESSURE?ack_take:!c_fault),.rd_data(ad),.rd_owner(aowner),
      |                                                 ^
%Warning-WIDTHEXPAND: rtl/hdc/kv/ot_qwen_s4_protected_pc.sv:68:30: Operator ADD expects 32 bits on the LHS, but LHS's VARREF 'wocc' generates 5 bits.
                                                                 : ... note: In instance 'ot_qwen_s4_protected_cdc_consumer_join.active.u_endpoint'
   68 |         .d(warm_ok&&(WB-(wocc+WP'(w_v&&wwr)))>=3),.q(room_q),.bad(room_bad));
      |                              ^
%Warning-WIDTHEXPAND: rtl/hdc/kv/ot_qwen_s4_protected_pc.sv:68:30: Operator ADD expects 32 bits on the RHS, but RHS's EXTEND generates 5 bits.
                                                                 : ... note: In instance 'ot_qwen_s4_protected_cdc_consumer_join.active.u_endpoint'
   68 |         .d(warm_ok&&(WB-(wocc+WP'(w_v&&wwr)))>=3),.q(room_q),.bad(room_bad));
      |                              ^
- V e r i l a t i o n   R e p o r t: Verilator 5.050 2026-07-01 rev v5.050
- Verilator: Built from 0.205 MB sources in 8 modules, into 2.967 MB in 6 C++ files needing 0.000 MB
- Verilator: Walltime 0.456 s (elab=0.007, cvt=0.421, bld=0.000); cpu 0.456 s on 1 threads; allocated 53.148 MB
