
==========================================================================
finish report_tns
--------------------------------------------------------------------------
tns max 0.00

==========================================================================
finish report_wns
--------------------------------------------------------------------------
wns max 0.00

==========================================================================
finish report_worst_slack
--------------------------------------------------------------------------
worst slack max 83.80

==========================================================================
finish report_clock_min_period
--------------------------------------------------------------------------
core_clk period_min = 1416.20 fmax = 706.11

==========================================================================
finish report_clock_skew
--------------------------------------------------------------------------
Clock core_clk
 632.96 source latency kv_load_data_q[121]$_DFF_P_/CLK ^
-529.57 target latency g_bank[1].u_kv/clk ^
  -6.06 CRPR
--------------
  97.33 setup skew


==========================================================================
finish report_checks -path_delay min
--------------------------------------------------------------------------
Startpoint: rst_n (input port clocked by core_clk)
Endpoint: x_load_q$_DFF_PN0_ (removal check against rising-edge clock core_clk)
Path Group: asynchronous
Path Type: min

Fanout     Cap    Slew   Delay    Time   Description
-----------------------------------------------------------------------------
                          0.00    0.00   clock core_clk (rise edge)
                          0.00    0.00   clock network delay (propagated)
                        300.00  300.00 ^ input external delay
     1    0.63    0.00    0.00  300.00 ^ rst_n (in)
                                         rst_n (net)
                  0.16    0.05  300.05 ^ hold20482/A (BUFx2_ASAP7_75t_R)
     1    0.43    6.44   12.99  313.05 ^ hold20482/Y (BUFx2_ASAP7_75t_R)
                                         net20481 (net)
                  6.44    0.03  313.08 ^ hold20470/A (BUFx2_ASAP7_75t_R)
     1    0.48    6.63   15.43  328.51 ^ hold20470/Y (BUFx2_ASAP7_75t_R)
                                         net20469 (net)
                  6.63    0.04  328.55 ^ hold20483/A (BUFx2_ASAP7_75t_R)
     1    0.45    6.52   15.44  343.99 ^ hold20483/Y (BUFx2_ASAP7_75t_R)
                                         net20482 (net)
                  6.52    0.04  344.03 ^ hold20461/A (BUFx2_ASAP7_75t_R)
     1    0.63    7.21   15.80  359.83 ^ hold20461/Y (BUFx2_ASAP7_75t_R)
                                         net20460 (net)
                  7.21    0.08  359.91 ^ hold20471/A (BUFx2_ASAP7_75t_R)
     1    0.57    6.96   15.91  375.82 ^ hold20471/Y (BUFx2_ASAP7_75t_R)
                                         net20470 (net)
                  6.96    0.07  375.89 ^ hold19519/A (BUFx2_ASAP7_75t_R)
     1    0.67    7.36   16.05  391.94 ^ hold19519/Y (BUFx2_ASAP7_75t_R)
                                         net19518 (net)
                  7.36    0.09  392.02 ^ hold20472/A (BUFx2_ASAP7_75t_R)
     1    0.83    8.02   16.57  408.59 ^ hold20472/Y (BUFx2_ASAP7_75t_R)
                                         net20471 (net)
                  8.02    0.10  408.69 ^ hold20462/A (BUFx2_ASAP7_75t_R)
     1    0.90    8.28   16.95  425.64 ^ hold20462/Y (BUFx2_ASAP7_75t_R)
                                         net20461 (net)
                  8.29    0.11  425.75 ^ hold20473/A (BUFx2_ASAP7_75t_R)
     1    0.88    8.21   17.00  442.75 ^ hold20473/Y (BUFx2_ASAP7_75t_R)
                                         net20472 (net)
                  8.21    0.13  442.87 ^ input5248/A (BUFx2_ASAP7_75t_R)
     1    2.58   15.90   20.69  463.57 ^ input5248/Y (BUFx2_ASAP7_75t_R)
                                         net5247 (net)
                 15.96    0.54  464.11 ^ hold20474/A (BUFx2_ASAP7_75t_R)
     1    2.42   15.24   22.91  487.03 ^ hold20474/Y (BUFx2_ASAP7_75t_R)
                                         net20473 (net)
                 15.31    0.59  487.62 ^ hold20463/A (BUFx2_ASAP7_75t_R)
     1    2.91   17.57   23.64  511.26 ^ hold20463/Y (BUFx2_ASAP7_75t_R)
                                         net20462 (net)
                 17.75    0.98  512.24 ^ hold20475/A (BUFx2_ASAP7_75t_R)
     1   13.47   69.44   41.66  553.90 ^ hold20475/Y (BUFx2_ASAP7_75t_R)
                                         net20474 (net)
                 74.10    9.61  563.51 ^ hold19520/A (BUFx2_ASAP7_75t_R)
     1    2.25   16.34   35.66  599.18 ^ hold19520/Y (BUFx2_ASAP7_75t_R)
                                         net19519 (net)
                 16.43    0.67  599.84 ^ hold20476/A (BUFx2_ASAP7_75t_R)
     1    1.47   10.91   21.02  620.87 ^ hold20476/Y (BUFx2_ASAP7_75t_R)
                                         net20475 (net)
                 10.95    0.31  621.18 ^ hold20464/A (BUFx2_ASAP7_75t_R)
     1    1.91   12.98   20.11  641.28 ^ hold20464/Y (BUFx2_ASAP7_75t_R)
                                         net20463 (net)
                 13.07    0.59  641.87 ^ hold20477/A (BUFx2_ASAP7_75t_R)
     1    3.18   18.87   23.38  665.25 ^ hold20477/Y (BUFx2_ASAP7_75t_R)
                                         net20476 (net)
                 19.20    1.36  666.61 ^ place14424/A (BUFx3_ASAP7_75t_R)
     1    0.59    6.60   18.72  685.33 ^ place14424/Y (BUFx3_ASAP7_75t_R)
                                         net14423 (net)
                  6.60    0.05  685.38 ^ hold20478/A (BUFx2_ASAP7_75t_R)
     1    0.55    6.89   15.65  701.03 ^ hold20478/Y (BUFx2_ASAP7_75t_R)
                                         net20477 (net)
                  6.89    0.05  701.08 ^ hold20465/A (BUFx2_ASAP7_75t_R)
     1    0.54    6.86   15.73  716.82 ^ hold20465/Y (BUFx2_ASAP7_75t_R)
                                         net20464 (net)
                  6.86    0.05  716.87 ^ hold20479/A (BUFx2_ASAP7_75t_R)
     1    0.53    6.80   15.69  732.55 ^ hold20479/Y (BUFx2_ASAP7_75t_R)
                                         net20478 (net)
                  6.80    0.05  732.60 ^ hold19521/A (BUFx2_ASAP7_75t_R)
     1    1.17    9.48   17.10  749.70 ^ hold19521/Y (BUFx2_ASAP7_75t_R)
                                         net19520 (net)
                  9.50    0.22  749.92 ^ hold20480/A (BUFx2_ASAP7_75t_R)
     1    1.20    9.57   18.15  768.08 ^ hold20480/Y (BUFx2_ASAP7_75t_R)
                                         net20479 (net)
                  9.59    0.19  768.27 ^ hold20466/A (BUFx2_ASAP7_75t_R)
     2    2.50   15.59   20.97  789.24 ^ hold20466/Y (BUFx2_ASAP7_75t_R)
                                         net20465 (net)
                 15.65    0.53  789.77 ^ hold20481/A (BUFx2_ASAP7_75t_R)
     1    3.15   18.69   24.22  813.99 ^ hold20481/Y (BUFx2_ASAP7_75t_R)
                                         net20480 (net)
                 18.94    1.19  815.18 ^ x_load_q$_DFF_PN0_/RESETN (DFFASRHQNx1_ASAP7_75t_R)
                                815.18   data arrival time

                          0.00    0.00   clock core_clk (rise edge)
                          0.00    0.00   clock source latency
     1   14.39    0.00    0.00    0.00 ^ clk (in)
                                         clk (net)
                 32.02   10.10   10.10 ^ wire17649/A (BUFx12f_ASAP7_75t_R)
     1   13.33   16.46   23.37   33.47 ^ wire17649/Y (BUFx12f_ASAP7_75t_R)
                                         net17648 (net)
                 36.48   10.45   43.93 ^ wire17648/A (BUFx24_ASAP7_75t_R)
     1   16.76   12.85   32.25   76.18 ^ wire17648/Y (BUFx24_ASAP7_75t_R)
                                         net17647 (net)
                 50.31   15.25   91.42 ^ wire17647/A (BUFx24_ASAP7_75t_R)
     1   18.01   13.54   35.81  127.23 ^ wire17647/Y (BUFx24_ASAP7_75t_R)
                                         net17646 (net)
                 56.75   17.32  144.55 ^ wire17646/A (BUFx16f_ASAP7_75t_R)
     2   11.37   15.15   31.85  176.40 ^ wire17646/Y (BUFx16f_ASAP7_75t_R)
                                         net17645 (net)
                 24.60    6.31  182.71 ^ clkbuf_regs_0_core_clk/A (BUFx24_ASAP7_75t_R)
     1    2.51    9.15   27.19  209.90 ^ clkbuf_regs_0_core_clk/Y (BUFx24_ASAP7_75t_R)
                                         clk_regs (net)
                  9.16    0.32  210.22 ^ clkbuf_0_clk_regs/A (BUFx24_ASAP7_75t_R)
     2   11.69   13.64   23.71  233.93 ^ clkbuf_0_clk_regs/Y (BUFx24_ASAP7_75t_R)
                                         clknet_0_clk_regs (net)
                 15.79    2.71  236.64 ^ clkbuf_1_0_0_clk_regs/A (BUFx24_ASAP7_75t_R)
     1    6.79   10.94   24.96  261.60 ^ clkbuf_1_0_0_clk_regs/Y (BUFx24_ASAP7_75t_R)
                                         clknet_1_0_0_clk_regs (net)
                 14.08    3.16  264.76 ^ clkbuf_1_0_1_clk_regs/A (BUFx24_ASAP7_75t_R)
     1    6.75   10.88   24.35  289.11 ^ clkbuf_1_0_1_clk_regs/Y (BUFx24_ASAP7_75t_R)
                                         clknet_1_0_1_clk_regs (net)
                 14.26    3.29  292.39 ^ clkbuf_1_0_2_clk_regs/A (BUFx24_ASAP7_75t_R)
     1    6.83   10.91   24.43  316.82 ^ clkbuf_1_0_2_clk_regs/Y (BUFx24_ASAP7_75t_R)
                                         clknet_1_0_2_clk_regs (net)
                 14.38    3.33  320.15 ^ clkbuf_1_0_3_clk_regs/A (BUFx24_ASAP7_75t_R)
     2   13.13   14.61   25.56  345.70 ^ clkbuf_1_0_3_clk_regs/Y (BUFx24_ASAP7_75t_R)
                                         clknet_1_0_3_clk_regs (net)
                 18.97    4.13  349.83 ^ clkbuf_2_1_0_clk_regs/A (BUFx24_ASAP7_75t_R)
     1    7.25   11.08   26.11  375.94 ^ clkbuf_2_1_0_clk_regs/Y (BUFx24_ASAP7_75t_R)
                                         clknet_2_1_0_clk_regs (net)
                 15.06    3.57  379.51 ^ clkbuf_2_1_1_clk_regs/A (BUFx24_ASAP7_75t_R)
     2   10.75   13.11   25.37  404.88 ^ clkbuf_2_1_1_clk_regs/Y (BUFx24_ASAP7_75t_R)
                                         clknet_2_1_1_clk_regs (net)
                 16.78    3.53  408.41 ^ clkbuf_3_2_0_clk_regs/A (BUFx24_ASAP7_75t_R)
     1    6.67   10.90   25.28  433.69 ^ clkbuf_3_2_0_clk_regs/Y (BUFx24_ASAP7_75t_R)
                                         clknet_3_2_0_clk_regs (net)
                 13.88    3.07  436.76 ^ clkbuf_3_2_1_clk_regs/A (BUFx24_ASAP7_75t_R)
     2   11.15   13.28   24.95  461.72 ^ clkbuf_3_2_1_clk_regs/Y (BUFx24_ASAP7_75t_R)
                                         clknet_3_2_1_clk_regs (net)
                 17.36    3.73  465.45 ^ clkbuf_4_4_0_clk_regs/A (BUFx24_ASAP7_75t_R)
     2    9.21   12.03   25.90  491.34 ^ clkbuf_4_4_0_clk_regs/Y (BUFx24_ASAP7_75t_R)
                                         clknet_4_4_0_clk_regs (net)
                 15.14    3.02  494.36 ^ clkbuf_5_8_0_clk_regs/A (BUFx24_ASAP7_75t_R)
     2    7.47   11.34   24.93  519.29 ^ clkbuf_5_8_0_clk_regs/Y (BUFx24_ASAP7_75t_R)
                                         clknet_5_8_0_clk_regs (net)
                 12.87    2.08  521.37 ^ clkbuf_6_16_0_clk_regs/A (BUFx24_ASAP7_75t_R)
     8   26.59   22.88   25.69  547.06 ^ clkbuf_6_16_0_clk_regs/Y (BUFx24_ASAP7_75t_R)
                                         clknet_6_16_0_clk_regs (net)
                 39.77   10.51  557.57 ^ clkbuf_9_133_0_clk_regs/A (BUFx24_ASAP7_75t_R)
     2    5.47   11.07   32.82  590.39 ^ clkbuf_9_133_0_clk_regs/Y (BUFx24_ASAP7_75t_R)
                                         clknet_9_133_0_clk_regs (net)
                 11.12    0.63  591.02 ^ clkbuf_leaf_742_clk_regs/A (BUFx24_ASAP7_75t_R)
    15   11.28   13.48   24.45  615.47 ^ clkbuf_leaf_742_clk_regs/Y (BUFx24_ASAP7_75t_R)
                                         clknet_leaf_742_clk_regs (net)
                 14.34    1.69  617.16 ^ x_load_q$_DFF_PN0_/CLK (DFFASRHQNx1_ASAP7_75t_R)
                          0.00  617.16   clock reconvergence pessimism
                         29.04  646.20   library removal time
                                646.20   data required time
-----------------------------------------------------------------------------
                                646.20   data required time
                               -815.18   data arrival time
-----------------------------------------------------------------------------
                                168.98   slack (MET)


Startpoint: u_me.u_tag.genblk1.g_line.line[522]$_DFF_P_
            (rising edge-triggered flip-flop clocked by core_clk)
Endpoint: u_me.u_tag.genblk1.g_line.line[611]$_DFF_P_
          (rising edge-triggered flip-flop clocked by core_clk)
Path Group: core_clk
Path Type: min

Fanout     Cap    Slew   Delay    Time   Description
-----------------------------------------------------------------------------
                          0.00    0.00   clock core_clk (rise edge)
                          0.00    0.00   clock source latency
     1   13.83    0.00    0.00    0.00 ^ clk (in)
                                         clk (net)
                 29.93    9.44    9.44 ^ wire17649/A (BUFx12f_ASAP7_75t_R)
     1   12.75   15.94   22.83   32.27 ^ wire17649/Y (BUFx12f_ASAP7_75t_R)
                                         net17648 (net)
                 34.17    9.71   41.98 ^ wire17648/A (BUFx24_ASAP7_75t_R)
     1   16.18   12.76   31.49   73.47 ^ wire17648/Y (BUFx24_ASAP7_75t_R)
                                         net17647 (net)
                 47.59   14.37   87.84 ^ wire17647/A (BUFx24_ASAP7_75t_R)
     1   17.37   13.38   35.15  122.99 ^ wire17647/Y (BUFx24_ASAP7_75t_R)
                                         net17646 (net)
                 53.54   16.28  139.27 ^ wire17646/A (BUFx16f_ASAP7_75t_R)
     2   10.20   14.06   31.08  170.34 ^ wire17646/Y (BUFx16f_ASAP7_75t_R)
                                         net17645 (net)
                 22.24    5.64  175.98 ^ clkbuf_regs_0_core_clk/A (BUFx24_ASAP7_75t_R)
     1    1.93    8.77   26.29  202.27 ^ clkbuf_regs_0_core_clk/Y (BUFx24_ASAP7_75t_R)
                                         clk_regs (net)
                  8.78    0.24  202.51 ^ clkbuf_0_clk_regs/A (BUFx24_ASAP7_75t_R)
     2   10.51   12.94   23.39  225.90 ^ clkbuf_0_clk_regs/Y (BUFx24_ASAP7_75t_R)
                                         clknet_0_clk_regs (net)
                 14.70    2.36  228.27 ^ clkbuf_1_0_0_clk_regs/A (BUFx24_ASAP7_75t_R)
     1    6.21   10.73   24.51  252.78 ^ clkbuf_1_0_0_clk_regs/Y (BUFx24_ASAP7_75t_R)
                                         clknet_1_0_0_clk_regs (net)
                 13.14    2.78  255.56 ^ clkbuf_1_0_1_clk_regs/A (BUFx24_ASAP7_75t_R)
     1    6.16   10.67   23.95  279.51 ^ clkbuf_1_0_1_clk_regs/Y (BUFx24_ASAP7_75t_R)
                                         clknet_1_0_1_clk_regs (net)
                 13.29    2.90  282.41 ^ clkbuf_1_0_2_clk_regs/A (BUFx24_ASAP7_75t_R)
     1    6.25   10.71   24.02  306.43 ^ clkbuf_1_0_2_clk_regs/Y (BUFx24_ASAP7_75t_R)
                                         clknet_1_0_2_clk_regs (net)
                 13.41    2.95  309.38 ^ clkbuf_1_0_3_clk_regs/A (BUFx24_ASAP7_75t_R)
     2   11.96   13.88   25.07  334.45 ^ clkbuf_1_0_3_clk_regs/Y (BUFx24_ASAP7_75t_R)
                                         clknet_1_0_3_clk_regs (net)
                 16.67    3.12  337.57 ^ clkbuf_2_0_0_clk_regs/A (BUFx24_ASAP7_75t_R)
     1    6.30   10.76   25.20  362.77 ^ clkbuf_2_0_0_clk_regs/Y (BUFx24_ASAP7_75t_R)
                                         clknet_2_0_0_clk_regs (net)
                 13.31    2.84  365.61 ^ clkbuf_2_0_1_clk_regs/A (BUFx24_ASAP7_75t_R)
     2    9.43   12.27   24.60  390.21 ^ clkbuf_2_0_1_clk_regs/Y (BUFx24_ASAP7_75t_R)
                                         clknet_2_0_1_clk_regs (net)
                 14.98    2.86  393.07 ^ clkbuf_3_1_0_clk_regs/A (BUFx24_ASAP7_75t_R)
     1    6.04   10.66   24.59  417.66 ^ clkbuf_3_1_0_clk_regs/Y (BUFx24_ASAP7_75t_R)
                                         clknet_3_1_0_clk_regs (net)
                 12.82    2.64  420.29 ^ clkbuf_3_1_1_clk_regs/A (BUFx24_ASAP7_75t_R)
     2    9.48   12.21   24.42  444.71 ^ clkbuf_3_1_1_clk_regs/Y (BUFx24_ASAP7_75t_R)
                                         clknet_3_1_1_clk_regs (net)
                 15.36    3.09  447.80 ^ clkbuf_4_3_0_clk_regs/A (BUFx24_ASAP7_75t_R)
     2    8.27   11.31   24.92  472.72 ^ clkbuf_4_3_0_clk_regs/Y (BUFx24_ASAP7_75t_R)
                                         clknet_4_3_0_clk_regs (net)
                 13.23    2.16  474.88 ^ clkbuf_5_6_0_clk_regs/A (BUFx24_ASAP7_75t_R)
     2    8.51   11.41   24.21  499.09 ^ clkbuf_5_6_0_clk_regs/Y (BUFx24_ASAP7_75t_R)
                                         clknet_5_6_0_clk_regs (net)
                 17.44    4.39  503.47 ^ clkbuf_6_13_0_clk_regs/A (BUFx24_ASAP7_75t_R)
     8   19.67   18.72   27.91  531.39 ^ clkbuf_6_13_0_clk_regs/Y (BUFx24_ASAP7_75t_R)
                                         clknet_6_13_0_clk_regs (net)
                 20.44    2.89  534.28 ^ clkbuf_9_109_0_clk_regs/A (BUFx24_ASAP7_75t_R)
     1    1.92    8.72   25.70  559.98 ^ clkbuf_9_109_0_clk_regs/Y (BUFx24_ASAP7_75t_R)
                                         clknet_9_109_0_clk_regs (net)
                  8.72    0.22  560.20 ^ clkbuf_leaf_634_clk_regs/A (BUFx24_ASAP7_75t_R)
    17    9.55   12.43   23.32  583.52 ^ clkbuf_leaf_634_clk_regs/Y (BUFx24_ASAP7_75t_R)
                                         clknet_leaf_634_clk_regs (net)
                 12.55    0.49  584.01 ^ u_me.u_tag.genblk1.g_line.line[522]$_DFF_P_/CLK (DFFHQNx1_ASAP7_75t_R)
     1    0.52   15.58   48.06  632.07 ^ u_me.u_tag.genblk1.g_line.line[522]$_DFF_P_/QN (DFFHQNx1_ASAP7_75t_R)
                                         _09432_ (net)
                 15.58    0.04  632.11 ^ _82037_/A (INVx1_ASAP7_75t_R)
     1    0.56    8.14    8.40  640.51 v _82037_/Y (INVx1_ASAP7_75t_R)
                                         u_me.u_tag.genblk1.g_line.line[522] (net)
                  8.14    0.05  640.56 v u_me.u_tag.genblk1.g_line.line[611]$_DFF_P_/D (DFFHQNx1_ASAP7_75t_R)
                                640.56   data arrival time

                          0.00    0.00   clock core_clk (rise edge)
                          0.00    0.00   clock source latency
     1   14.39    0.00    0.00    0.00 ^ clk (in)
                                         clk (net)
                 32.02   10.10   10.10 ^ wire17649/A (BUFx12f_ASAP7_75t_R)
     1   13.33   16.46   23.37   33.47 ^ wire17649/Y (BUFx12f_ASAP7_75t_R)
                                         net17648 (net)
                 36.48   10.45   43.93 ^ wire17648/A (BUFx24_ASAP7_75t_R)
     1   16.76   12.85   32.25   76.18 ^ wire17648/Y (BUFx24_ASAP7_75t_R)
                                         net17647 (net)
                 50.31   15.25   91.42 ^ wire17647/A (BUFx24_ASAP7_75t_R)
     1   18.01   13.54   35.81  127.23 ^ wire17647/Y (BUFx24_ASAP7_75t_R)
                                         net17646 (net)
                 56.75   17.32  144.55 ^ wire17646/A (BUFx16f_ASAP7_75t_R)
     2   11.37   15.15   31.85  176.40 ^ wire17646/Y (BUFx16f_ASAP7_75t_R)
                                         net17645 (net)
                 24.60    6.31  182.71 ^ clkbuf_regs_0_core_clk/A (BUFx24_ASAP7_75t_R)
     1    2.51    9.15   27.19  209.90 ^ clkbuf_regs_0_core_clk/Y (BUFx24_ASAP7_75t_R)
                                         clk_regs (net)
                  9.16    0.32  210.22 ^ clkbuf_0_clk_regs/A (BUFx24_ASAP7_75t_R)
     2   11.69   13.64   23.71  233.93 ^ clkbuf_0_clk_regs/Y (BUFx24_ASAP7_75t_R)
                                         clknet_0_clk_regs (net)
                 15.80    2.73  236.66 ^ clkbuf_1_1_0_clk_regs/A (BUFx24_ASAP7_75t_R)
     1    6.82   10.96   24.99  261.65 ^ clkbuf_1_1_0_clk_regs/Y (BUFx24_ASAP7_75t_R)
                                         clknet_1_1_0_clk_regs (net)
                 13.82    3.02  264.67 ^ clkbuf_1_1_1_clk_regs/A (BUFx24_ASAP7_75t_R)
     1    6.82   10.95   24.30  288.97 ^ clkbuf_1_1_1_clk_regs/Y (BUFx24_ASAP7_75t_R)
                                         clknet_1_1_1_clk_regs (net)
                 13.87    3.05  292.02 ^ clkbuf_1_1_2_clk_regs/A (BUFx24_ASAP7_75t_R)
     1    6.61   10.84   24.25  316.27 ^ clkbuf_1_1_2_clk_regs/Y (BUFx24_ASAP7_75t_R)
                                         clknet_1_1_2_clk_regs (net)
                 13.95    3.13  319.40 ^ clkbuf_1_1_3_clk_regs/A (BUFx24_ASAP7_75t_R)
     2   11.46   13.53   25.19  344.60 ^ clkbuf_1_1_3_clk_regs/Y (BUFx24_ASAP7_75t_R)
                                         clknet_1_1_3_clk_regs (net)
                 16.75    3.36  347.95 ^ clkbuf_2_2_0_clk_regs/A (BUFx24_ASAP7_75t_R)
     1    6.56   10.82   25.25  373.21 ^ clkbuf_2_2_0_clk_regs/Y (BUFx24_ASAP7_75t_R)
                                         clknet_2_2_0_clk_regs (net)
                 13.91    3.14  376.34 ^ clkbuf_2_2_1_clk_regs/A (BUFx24_ASAP7_75t_R)
     2   10.50   12.92   24.95  401.29 ^ clkbuf_2_2_1_clk_regs/Y (BUFx24_ASAP7_75t_R)
                                         clknet_2_2_1_clk_regs (net)
                 16.44    3.43  404.72 ^ clkbuf_3_4_0_clk_regs/A (BUFx24_ASAP7_75t_R)
     1    6.77   10.92   25.17  429.89 ^ clkbuf_3_4_0_clk_regs/Y (BUFx24_ASAP7_75t_R)
                                         clknet_3_4_0_clk_regs (net)
                 14.17    3.21  433.10 ^ clkbuf_3_4_1_clk_regs/A (BUFx24_ASAP7_75t_R)
     2   11.00   13.21   25.04  458.14 ^ clkbuf_3_4_1_clk_regs/Y (BUFx24_ASAP7_75t_R)
                                         clknet_3_4_1_clk_regs (net)
                 17.26    3.72  461.86 ^ clkbuf_4_8_0_clk_regs/A (BUFx24_ASAP7_75t_R)
     2    7.85   11.55   25.77  487.63 ^ clkbuf_4_8_0_clk_regs/Y (BUFx24_ASAP7_75t_R)
                                         clknet_4_8_0_clk_regs (net)
                 12.33    1.42  489.05 ^ clkbuf_5_16_0_clk_regs/A (BUFx24_ASAP7_75t_R)
     2    8.98   11.73   24.05  513.10 ^ clkbuf_5_16_0_clk_regs/Y (BUFx24_ASAP7_75t_R)
                                         clknet_5_16_0_clk_regs (net)
                 16.94    4.08  517.17 ^ clkbuf_6_32_0_clk_regs/A (BUFx24_ASAP7_75t_R)
     8   27.33   23.36   27.46  544.64 ^ clkbuf_6_32_0_clk_regs/Y (BUFx24_ASAP7_75t_R)
                                         clknet_6_32_0_clk_regs (net)
                 39.16   10.21  554.84 ^ clkbuf_9_256_0_clk_regs/A (BUFx24_ASAP7_75t_R)
     2    7.05   11.81   32.91  587.75 ^ clkbuf_9_256_0_clk_regs/Y (BUFx24_ASAP7_75t_R)
                                         clknet_9_256_0_clk_regs (net)
                 12.12    1.06  588.81 ^ clkbuf_leaf_622_clk_regs/A (BUFx24_ASAP7_75t_R)
    15   12.06   13.90   25.01  613.82 ^ clkbuf_leaf_622_clk_regs/Y (BUFx24_ASAP7_75t_R)
                                         clknet_leaf_622_clk_regs (net)
                 14.73    1.69  615.51 ^ u_me.u_tag.genblk1.g_line.line[611]$_DFF_P_/CLK (DFFHQNx1_ASAP7_75t_R)
                         -8.03  607.48   clock reconvergence pessimism
                         13.30  620.78   library hold time
                                620.78   data required time
-----------------------------------------------------------------------------
                                620.78   data required time
                               -640.56   data arrival time
-----------------------------------------------------------------------------
                                 19.77   slack (MET)



==========================================================================
finish report_checks -path_delay max
--------------------------------------------------------------------------
Startpoint: rst_n (input port clocked by core_clk)
Endpoint: u_me.g_grp[0].g_lane[3].u_add.u.s4_val[15]$_DFF_PN0_
          (recovery check against rising-edge clock core_clk)
Path Group: asynchronous
Path Type: max

Fanout     Cap    Slew   Delay    Time   Description
-----------------------------------------------------------------------------
                          0.00    0.00   clock core_clk (rise edge)
                          0.00    0.00   clock network delay (propagated)
                        300.00  300.00 ^ input external delay
     1    0.76    0.00    0.00  300.00 ^ rst_n (in)
                                         rst_n (net)
                  0.21    0.07  300.07 ^ hold20482/A (BUFx2_ASAP7_75t_R)
     1    0.57    6.95   13.33  313.39 ^ hold20482/Y (BUFx2_ASAP7_75t_R)
                                         net20481 (net)
                  6.95    0.04  313.44 ^ hold20470/A (BUFx2_ASAP7_75t_R)
     1    0.62    7.15   15.93  329.36 ^ hold20470/Y (BUFx2_ASAP7_75t_R)
                                         net20469 (net)
                  7.15    0.06  329.42 ^ hold20483/A (BUFx2_ASAP7_75t_R)
     1    0.59    7.03   15.93  345.36 ^ hold20483/Y (BUFx2_ASAP7_75t_R)
                                         net20482 (net)
                  7.04    0.05  345.41 ^ hold20461/A (BUFx2_ASAP7_75t_R)
     1    0.77    7.75   16.29  361.70 ^ hold20461/Y (BUFx2_ASAP7_75t_R)
                                         net20460 (net)
                  7.75    0.10  361.80 ^ hold20471/A (BUFx2_ASAP7_75t_R)
     1    0.70    7.49   16.42  378.22 ^ hold20471/Y (BUFx2_ASAP7_75t_R)
                                         net20470 (net)
                  7.49    0.08  378.30 ^ hold19519/A (BUFx2_ASAP7_75t_R)
     1    0.80    7.91   16.55  394.85 ^ hold19519/Y (BUFx2_ASAP7_75t_R)
                                         net19518 (net)
                  7.91    0.11  394.96 ^ hold20472/A (BUFx2_ASAP7_75t_R)
     1    0.97    8.58   17.07  412.03 ^ hold20472/Y (BUFx2_ASAP7_75t_R)
                                         net20471 (net)
                  8.59    0.12  412.15 ^ hold20462/A (BUFx2_ASAP7_75t_R)
     1    1.03    8.85   17.46  429.61 ^ hold20462/Y (BUFx2_ASAP7_75t_R)
                                         net20461 (net)
                  8.86    0.13  429.74 ^ hold20473/A (BUFx2_ASAP7_75t_R)
     1    1.01    8.77   17.51  447.25 ^ hold20473/Y (BUFx2_ASAP7_75t_R)
                                         net20472 (net)
                  8.79    0.15  447.40 ^ input5248/A (BUFx2_ASAP7_75t_R)
     1    2.72   16.50   21.18  468.58 ^ input5248/Y (BUFx2_ASAP7_75t_R)
                                         net5247 (net)
                 16.57    0.59  469.17 ^ hold20474/A (BUFx2_ASAP7_75t_R)
     1    2.55   15.84   23.40  492.57 ^ hold20474/Y (BUFx2_ASAP7_75t_R)
                                         net20473 (net)
                 15.93    0.64  493.21 ^ hold20463/A (BUFx2_ASAP7_75t_R)
     1    3.05   18.21   24.12  517.33 ^ hold20463/Y (BUFx2_ASAP7_75t_R)
                                         net20462 (net)
                 18.41    1.05  518.38 ^ hold20475/A (BUFx2_ASAP7_75t_R)
     1   13.60   70.13   42.05  560.42 ^ hold20475/Y (BUFx2_ASAP7_75t_R)
                                         net20474 (net)
                 74.94    9.79  570.22 ^ hold19520/A (BUFx2_ASAP7_75t_R)
     1    2.39   16.93   36.12  606.34 ^ hold19520/Y (BUFx2_ASAP7_75t_R)
                                         net19519 (net)
                 17.03    0.73  607.07 ^ hold20476/A (BUFx2_ASAP7_75t_R)
     1    1.60   11.54   21.51  628.58 ^ hold20476/Y (BUFx2_ASAP7_75t_R)
                                         net20475 (net)
                 11.58    0.35  628.93 ^ hold20464/A (BUFx2_ASAP7_75t_R)
     1    2.04   13.61   20.59  649.52 ^ hold20464/Y (BUFx2_ASAP7_75t_R)
                                         net20463 (net)
                 13.72    0.65  650.17 ^ hold20477/A (BUFx2_ASAP7_75t_R)
     1    3.34   19.65   23.88  674.05 ^ hold20477/Y (BUFx2_ASAP7_75t_R)
                                         net20476 (net)
                 20.02    1.47  675.52 ^ place14424/A (BUFx3_ASAP7_75t_R)
     1    0.72    6.95   19.21  694.73 ^ place14424/Y (BUFx3_ASAP7_75t_R)
                                         net14423 (net)
                  6.96    0.07  694.80 ^ hold20478/A (BUFx2_ASAP7_75t_R)
     1    0.68    7.41   16.08  710.89 ^ hold20478/Y (BUFx2_ASAP7_75t_R)
                                         net20477 (net)
                  7.42    0.07  710.95 ^ hold20465/A (BUFx2_ASAP7_75t_R)
     1    0.68    7.38   16.24  727.19 ^ hold20465/Y (BUFx2_ASAP7_75t_R)
                                         net20464 (net)
                  7.39    0.06  727.25 ^ hold20479/A (BUFx2_ASAP7_75t_R)
     1    0.66    7.32   16.19  743.44 ^ hold20479/Y (BUFx2_ASAP7_75t_R)
                                         net20478 (net)
                  7.32    0.06  743.50 ^ hold19521/A (BUFx2_ASAP7_75t_R)
     1    1.30   10.08   17.59  761.09 ^ hold19521/Y (BUFx2_ASAP7_75t_R)
                                         net19520 (net)
                 10.11    0.26  761.35 ^ hold20480/A (BUFx2_ASAP7_75t_R)
     1    1.33   10.17   18.66  780.01 ^ hold20480/Y (BUFx2_ASAP7_75t_R)
                                         net20479 (net)
                 10.19    0.23  780.24 ^ hold20466/A (BUFx2_ASAP7_75t_R)
     2    2.80   16.92   21.80  802.03 ^ hold20466/Y (BUFx2_ASAP7_75t_R)
                                         net20465 (net)
                 17.05    0.82  802.85 ^ place14423/A (BUFx3_ASAP7_75t_R)
     1    0.57    6.53   17.99  820.85 ^ place14423/Y (BUFx3_ASAP7_75t_R)
                                         net14422 (net)
                  6.53    0.04  820.89 ^ hold20467/A (BUFx2_ASAP7_75t_R)
     1    2.41   14.91   19.85  840.74 ^ hold20467/Y (BUFx2_ASAP7_75t_R)
                                         net20466 (net)
                 14.92    0.19  840.93 ^ wire16249/A (BUFx12f_ASAP7_75t_R)
     1    8.70   12.29   17.68  858.61 ^ wire16249/Y (BUFx12f_ASAP7_75t_R)
                                         net16248 (net)
                 30.04    8.78  867.39 ^ hold20468/A (BUFx2_ASAP7_75t_R)
     2   10.16   54.63   37.46  904.85 ^ hold20468/Y (BUFx2_ASAP7_75t_R)
                                         net20467 (net)
                 62.29   10.62  915.47 ^ wire16248/A (BUFx10_ASAP7_75t_R)
     3   11.30   18.72   36.03  951.51 ^ wire16248/Y (BUFx10_ASAP7_75t_R)
                                         net16247 (net)
                 29.15    6.80  958.31 ^ place14392/A (BUFx3_ASAP7_75t_R)
     4   12.63   45.29   35.65  993.95 ^ place14392/Y (BUFx3_ASAP7_75t_R)
                                         net14391 (net)
                 51.40    8.69 1002.65 ^ place14390/A (BUFx6f_ASAP7_75t_R)
     2   12.38   25.39   28.42 1031.07 ^ place14390/Y (BUFx6f_ASAP7_75t_R)
                                         net14389 (net)
                 55.10   15.97 1047.04 ^ wire15079/A (BUFx16f_ASAP7_75t_R)
     4   19.30   11.30   30.91 1077.94 ^ wire15079/Y (BUFx16f_ASAP7_75t_R)
                                         net15078 (net)
                111.68   35.19 1113.13 ^ place14355/A (BUFx6f_ASAP7_75t_R)
     8    9.11   21.88   39.47 1152.61 ^ place14355/Y (BUFx6f_ASAP7_75t_R)
                                         net14354 (net)
                 22.69    2.25 1154.86 ^ wire36585/A (BUFx16f_ASAP7_75t_R)
    10   17.78   18.00   24.17 1179.02 ^ wire36585/Y (BUFx16f_ASAP7_75t_R)
                                         net36584 (net)
                 38.93   11.11 1190.13 ^ place14336/A (BUFx3_ASAP7_75t_R)
     2    3.24   14.78   28.18 1218.31 ^ place14336/Y (BUFx3_ASAP7_75t_R)
                                         net14335 (net)
                 14.81    0.37 1218.68 ^ wire14898/A (BUFx12f_ASAP7_75t_R)
    11   15.65   15.45   17.76 1236.45 ^ wire14898/Y (BUFx12f_ASAP7_75t_R)
                                         net14897 (net)
                 54.19   16.36 1252.81 ^ load_slew14897/A (BUFx6f_ASAP7_75t_R)
     9    8.45   18.70   31.18 1283.99 ^ load_slew14897/Y (BUFx6f_ASAP7_75t_R)
                                         net14896 (net)
                 18.73    0.41 1284.40 ^ place14331/A (BUFx3_ASAP7_75t_R)
     8    9.46   35.04   29.43 1313.83 ^ place14331/Y (BUFx3_ASAP7_75t_R)
                                         net14330 (net)
                 35.06    0.63 1314.46 ^ load_slew14831/A (BUFx10_ASAP7_75t_R)
    10   12.73   20.67   30.41 1344.87 ^ load_slew14831/Y (BUFx10_ASAP7_75t_R)
                                         net14830 (net)
                 31.00    7.58 1352.45 ^ wire14830/A (BUFx12f_ASAP7_75t_R)
    16   15.92   20.01   25.62 1378.07 ^ wire14830/Y (BUFx12f_ASAP7_75t_R)
                                         net14829 (net)
                 22.94    4.01 1382.08 ^ place14330/A (BUFx3_ASAP7_75t_R)
    24   24.59   86.73   40.74 1422.81 ^ place14330/Y (BUFx3_ASAP7_75t_R)
                                         net14329 (net)
                106.14   21.63 1444.44 ^ place14329/A (BUFx3_ASAP7_75t_R)
    24   23.28   82.28   58.08 1502.52 ^ place14329/Y (BUFx3_ASAP7_75t_R)
                                         net14328 (net)
                 95.07   16.81 1519.33 ^ u_me.g_grp[0].g_lane[3].u_add.u.s4_val[15]$_DFF_PN0_/RESETN (DFFASRHQNx1_ASAP7_75t_R)
                               1519.33   data arrival time

                       1500.00 1500.00   clock core_clk (rise edge)
                          0.00 1500.00   clock source latency
     1   13.83    0.00    0.00 1500.00 ^ clk (in)
                                         clk (net)
                 29.93    9.44 1509.44 ^ wire17649/A (BUFx12f_ASAP7_75t_R)
     1   12.75   15.94   22.83 1532.27 ^ wire17649/Y (BUFx12f_ASAP7_75t_R)
                                         net17648 (net)
                 34.17    9.71 1541.98 ^ wire17648/A (BUFx24_ASAP7_75t_R)
     1   16.18   12.76   31.49 1573.47 ^ wire17648/Y (BUFx24_ASAP7_75t_R)
                                         net17647 (net)
                 47.59   14.37 1587.84 ^ wire17647/A (BUFx24_ASAP7_75t_R)
     1   17.37   13.38   35.15 1622.99 ^ wire17647/Y (BUFx24_ASAP7_75t_R)
                                         net17646 (net)
                 53.54   16.28 1639.27 ^ wire17646/A (BUFx16f_ASAP7_75t_R)
     2   10.20   14.06   31.08 1670.34 ^ wire17646/Y (BUFx16f_ASAP7_75t_R)
                                         net17645 (net)
                 22.24    5.64 1675.98 ^ clkbuf_regs_0_core_clk/A (BUFx24_ASAP7_75t_R)
     1    1.93    8.77   26.29 1702.27 ^ clkbuf_regs_0_core_clk/Y (BUFx24_ASAP7_75t_R)
                                         clk_regs (net)
                  8.78    0.24 1702.51 ^ clkbuf_0_clk_regs/A (BUFx24_ASAP7_75t_R)
     2   10.51   12.94   23.39 1725.90 ^ clkbuf_0_clk_regs/Y (BUFx24_ASAP7_75t_R)
                                         clknet_0_clk_regs (net)
                 14.72    2.38 1728.28 ^ clkbuf_1_1_0_clk_regs/A (BUFx24_ASAP7_75t_R)
     1    6.24   10.75   24.54 1752.83 ^ clkbuf_1_1_0_clk_regs/Y (BUFx24_ASAP7_75t_R)
                                         clknet_1_1_0_clk_regs (net)
                 12.94    2.67 1755.49 ^ clkbuf_1_1_1_clk_regs/A (BUFx24_ASAP7_75t_R)
     1    6.23   10.73   23.92 1779.41 ^ clkbuf_1_1_1_clk_regs/Y (BUFx24_ASAP7_75t_R)
                                         clknet_1_1_1_clk_regs (net)
                 12.99    2.70 1782.11 ^ clkbuf_1_1_2_clk_regs/A (BUFx24_ASAP7_75t_R)
     1    6.02   10.63   23.88 1805.99 ^ clkbuf_1_1_2_clk_regs/Y (BUFx24_ASAP7_75t_R)
                                         clknet_1_1_2_clk_regs (net)
                 13.02    2.76 1808.75 ^ clkbuf_1_1_3_clk_regs/A (BUFx24_ASAP7_75t_R)
     2   10.29   12.82   24.71 1833.46 ^ clkbuf_1_1_3_clk_regs/Y (BUFx24_ASAP7_75t_R)
                                         clknet_1_1_3_clk_regs (net)
                 15.31    2.82 1836.28 ^ clkbuf_2_3_0_clk_regs/A (BUFx24_ASAP7_75t_R)
     1    5.84   10.56   24.65 1860.94 ^ clkbuf_2_3_0_clk_regs/Y (BUFx24_ASAP7_75t_R)
                                         clknet_2_3_0_clk_regs (net)
                 12.76    2.66 1863.59 ^ clkbuf_2_3_1_clk_regs/A (BUFx24_ASAP7_75t_R)
     2    9.33   12.08   24.39 1887.98 ^ clkbuf_2_3_1_clk_regs/Y (BUFx24_ASAP7_75t_R)
                                         clknet_2_3_1_clk_regs (net)
                 14.92    2.86 1890.84 ^ clkbuf_3_7_0_clk_regs/A (BUFx24_ASAP7_75t_R)
     1    6.13   10.68   24.59 1915.43 ^ clkbuf_3_7_0_clk_regs/Y (BUFx24_ASAP7_75t_R)
                                         clknet_3_7_0_clk_regs (net)
                 12.78    2.61 1918.04 ^ clkbuf_3_7_1_clk_regs/A (BUFx24_ASAP7_75t_R)
     2    8.16   11.69   24.31 1942.34 ^ clkbuf_3_7_1_clk_regs/Y (BUFx24_ASAP7_75t_R)
                                         clknet_3_7_1_clk_regs (net)
                 13.58    2.41 1944.75 ^ clkbuf_4_15_0_clk_regs/A (BUFx24_ASAP7_75t_R)
     2    8.14   11.47   24.39 1969.15 ^ clkbuf_4_15_0_clk_regs/Y (BUFx24_ASAP7_75t_R)
                                         clknet_4_15_0_clk_regs (net)
                 14.85    3.18 1972.33 ^ clkbuf_5_30_0_clk_regs/A (BUFx24_ASAP7_75t_R)
     2    8.10   11.50   24.86 1997.19 ^ clkbuf_5_30_0_clk_regs/Y (BUFx24_ASAP7_75t_R)
                                         clknet_5_30_0_clk_regs (net)
                 14.40    2.93 2000.13 ^ clkbuf_6_61_0_clk_regs/A (BUFx24_ASAP7_75t_R)
     8   24.88   22.11   27.58 2027.70 ^ clkbuf_6_61_0_clk_regs/Y (BUFx24_ASAP7_75t_R)
                                         clknet_6_61_0_clk_regs (net)
                 26.12    4.88 2032.58 ^ clkbuf_9_490_0_clk_regs/A (BUFx24_ASAP7_75t_R)
     3    9.44   12.57   29.19 2061.77 ^ clkbuf_9_490_0_clk_regs/Y (BUFx24_ASAP7_75t_R)
                                         clknet_9_490_0_clk_regs (net)
                 13.37    1.57 2063.34 ^ clkbuf_leaf_226_clk_regs/A (BUFx24_ASAP7_75t_R)
    15    9.12   12.21   24.72 2088.07 ^ clkbuf_leaf_226_clk_regs/Y (BUFx24_ASAP7_75t_R)
                                         clknet_leaf_226_clk_regs (net)
                 12.57    0.86 2088.93 ^ u_me.g_grp[0].g_lane[3].u_add.u.s4_val[15]$_DFF_PN0_/CLK (DFFASRHQNx1_ASAP7_75t_R)
                          0.00 2088.93   clock reconvergence pessimism
                         22.69 2111.62   library recovery time
                               2111.62   data required time
-----------------------------------------------------------------------------
                               2111.62   data required time
                               -1519.33   data arrival time
-----------------------------------------------------------------------------
                                592.29   slack (MET)


Startpoint: u_wrom (rising edge-triggered flip-flop clocked by core_clk)
Endpoint: u_me.mq_wrom[53]$_SDFF_PN0_
          (rising edge-triggered flip-flop clocked by core_clk)
Path Group: core_clk
Path Type: max

Fanout     Cap    Slew   Delay    Time   Description
-----------------------------------------------------------------------------
                          0.00    0.00   clock core_clk (rise edge)
                          0.00    0.00   clock source latency
     1   14.39    0.00    0.00    0.00 ^ clk (in)
                                         clk (net)
                 32.02   10.10   10.10 ^ wire17649/A (BUFx12f_ASAP7_75t_R)
     1   13.33   16.46   23.37   33.47 ^ wire17649/Y (BUFx12f_ASAP7_75t_R)
                                         net17648 (net)
                 36.48   10.45   43.93 ^ wire17648/A (BUFx24_ASAP7_75t_R)
     1   16.76   12.85   32.25   76.18 ^ wire17648/Y (BUFx24_ASAP7_75t_R)
                                         net17647 (net)
                 50.31   15.25   91.42 ^ wire17647/A (BUFx24_ASAP7_75t_R)
     1   18.01   13.54   35.81  127.23 ^ wire17647/Y (BUFx24_ASAP7_75t_R)
                                         net17646 (net)
                 56.75   17.32  144.55 ^ wire17646/A (BUFx16f_ASAP7_75t_R)
     2   11.37   15.15   31.85  176.40 ^ wire17646/Y (BUFx16f_ASAP7_75t_R)
                                         net17645 (net)
                 19.21    3.87  180.27 ^ delaybuf_0_core_clk/A (BUFx24_ASAP7_75t_R)
     1    4.10    9.83   25.73  206.00 ^ delaybuf_0_core_clk/Y (BUFx24_ASAP7_75t_R)
                                         delaynet_0_core_clk (net)
                 10.25    1.31  207.31 ^ delaybuf_1_core_clk/A (BUFx24_ASAP7_75t_R)
     1    4.07    9.78   22.62  229.93 ^ delaybuf_1_core_clk/Y (BUFx24_ASAP7_75t_R)
                                         delaynet_1_core_clk (net)
                 10.19    1.30  231.23 ^ delaybuf_2_core_clk/A (BUFx24_ASAP7_75t_R)
     1    4.09    9.79   22.61  253.83 ^ delaybuf_2_core_clk/Y (BUFx24_ASAP7_75t_R)
                                         delaynet_2_core_clk (net)
                 10.20    1.29  255.12 ^ delaybuf_3_core_clk/A (BUFx24_ASAP7_75t_R)
     1    4.05    9.77   22.60  277.72 ^ delaybuf_3_core_clk/Y (BUFx24_ASAP7_75t_R)
                                         delaynet_3_core_clk (net)
                 10.16    1.27  278.99 ^ delaybuf_4_core_clk/A (BUFx24_ASAP7_75t_R)
     1    4.23    9.85   22.62  301.61 ^ delaybuf_4_core_clk/Y (BUFx24_ASAP7_75t_R)
                                         delaynet_4_core_clk (net)
                 10.36    1.40  303.01 ^ delaybuf_5_core_clk/A (BUFx24_ASAP7_75t_R)
     1    4.14    9.81   22.67  325.68 ^ delaybuf_5_core_clk/Y (BUFx24_ASAP7_75t_R)
                                         delaynet_5_core_clk (net)
                 10.28    1.35  327.02 ^ delaybuf_6_core_clk/A (BUFx24_ASAP7_75t_R)
     1    4.20    9.84   22.65  349.68 ^ delaybuf_6_core_clk/Y (BUFx24_ASAP7_75t_R)
                                         delaynet_6_core_clk (net)
                 10.32    1.36  351.04 ^ clkbuf_0_clk/A (BUFx24_ASAP7_75t_R)
     2   11.80   13.70   24.14  375.18 ^ clkbuf_0_clk/Y (BUFx24_ASAP7_75t_R)
                                         clknet_0_clk (net)
                 15.77    2.65  377.82 ^ clkbuf_1_1_0_clk/A (BUFx24_ASAP7_75t_R)
     1    6.82   10.96   24.98  402.80 ^ clkbuf_1_1_0_clk/Y (BUFx24_ASAP7_75t_R)
                                         clknet_1_1_0_clk (net)
                 13.85    3.03  405.83 ^ clkbuf_1_1_1_clk/A (BUFx24_ASAP7_75t_R)
     1    6.76   10.94   24.31  430.14 ^ clkbuf_1_1_1_clk/Y (BUFx24_ASAP7_75t_R)
                                         clknet_1_1_1_clk (net)
                 13.70    2.97  433.11 ^ clkbuf_1_1_2_clk/A (BUFx24_ASAP7_75t_R)
     1    6.83   10.93   24.22  457.33 ^ clkbuf_1_1_2_clk/Y (BUFx24_ASAP7_75t_R)
                                         clknet_1_1_2_clk (net)
                 14.18    3.19  460.52 ^ clkbuf_1_1_3_clk/A (BUFx24_ASAP7_75t_R)
     3   13.52   14.81   25.85  486.37 ^ clkbuf_1_1_3_clk/Y (BUFx24_ASAP7_75t_R)
                                         clknet_1_1_3_clk (net)
                 17.03    2.93  489.30 ^ clkbuf_3_6_0_clk/A (BUFx24_ASAP7_75t_R)
     1    6.45   10.81   25.33  514.63 ^ clkbuf_3_6_0_clk/Y (BUFx24_ASAP7_75t_R)
                                         clknet_3_6_0_clk (net)
                 13.53    2.92  517.55 ^ clkbuf_3_6_1_clk/A (BUFx24_ASAP7_75t_R)
     1   25.32   12.77   24.87  542.42 ^ clkbuf_3_6_1_clk/Y (BUFx24_ASAP7_75t_R)
                                         clknet_3_6_1_clk (net)
                 84.26   26.09  568.51 ^ u_wrom/clk (ot_rom_8192x266_m8)
     3   15.33   39.60  807.29 1375.80 v u_wrom/rd_out[115] (ot_rom_8192x266_m8)
                                         rom_codeword[115] (net)
                 57.68   14.14 1389.94 v _86588_/B (XNOR2x2_ASAP7_75t_R)
     1    1.15   12.25   40.00 1429.94 ^ _86588_/Y (XNOR2x2_ASAP7_75t_R)
                                         _45355_ (net)
                 12.25    0.11 1430.05 ^ _86590_/A (XNOR2x2_ASAP7_75t_R)
     2    2.65   16.48   38.96 1469.01 v _86590_/Y (XNOR2x2_ASAP7_75t_R)
                                         _45357_ (net)
                 16.53    0.49 1469.50 v _86594_/A (XNOR2x2_ASAP7_75t_R)
     2   10.60   58.21   45.77 1515.26 ^ _86594_/Y (XNOR2x2_ASAP7_75t_R)
                                         _45361_ (net)
                 62.92    8.77 1524.04 ^ _86602_/A (XNOR2x2_ASAP7_75t_R)
     2    2.60   16.93   49.63 1573.67 v _86602_/Y (XNOR2x2_ASAP7_75t_R)
                                         _45369_ (net)
                 16.97    0.43 1574.10 v _86803_/A (XNOR2x2_ASAP7_75t_R)
     2    6.39   35.83   41.25 1615.35 ^ _86803_/Y (XNOR2x2_ASAP7_75t_R)
                                         _45570_ (net)
                 36.68    3.01 1618.36 ^ _86806_/A (XNOR2x2_ASAP7_75t_R)
     2    2.80   16.99   45.67 1664.03 v _86806_/Y (XNOR2x2_ASAP7_75t_R)
                                         _45573_ (net)
                 17.01    0.23 1664.27 v _87090_/A (XNOR2x2_ASAP7_75t_R)
     1    1.40   12.30   31.88 1696.14 ^ _87090_/Y (XNOR2x2_ASAP7_75t_R)
                                         _45857_ (net)
                 12.32    0.25 1696.39 ^ _87091_/B (XNOR2x2_ASAP7_75t_R)
     1    3.07   18.54   39.81 1736.21 v _87091_/Y (XNOR2x2_ASAP7_75t_R)
                                         _45858_ (net)
                 18.83    1.26 1737.46 v _87092_/B (XOR2x2_ASAP7_75t_R)
     1    0.74    9.56   35.47 1772.93 ^ _87092_/Y (XOR2x2_ASAP7_75t_R)
                                         _45859_ (net)
                  9.56    0.08 1773.01 ^ _87093_/B (AND2x2_ASAP7_75t_R)
     4    2.63   17.11   23.79 1796.80 ^ _87093_/Y (AND2x2_ASAP7_75t_R)
                                         _45860_ (net)
                 17.12    0.25 1797.05 ^ _87109_/C (AND3x1_ASAP7_75t_R)
     3    3.59   38.47   38.17 1835.21 ^ _87109_/Y (AND3x1_ASAP7_75t_R)
                                         _45873_ (net)
                 38.55    1.09 1836.31 ^ place12199/A (BUFx6f_ASAP7_75t_R)
     5   15.19   30.37   26.89 1863.20 ^ place12199/Y (BUFx6f_ASAP7_75t_R)
                                         net12198 (net)
                 62.59   18.24 1881.44 ^ place12197/A (BUFx3_ASAP7_75t_R)
     5    6.59   25.72   36.87 1918.31 ^ place12197/Y (BUFx3_ASAP7_75t_R)
                                         net12196 (net)
                 25.74    0.35 1918.65 ^ _87371_/A (AND3x1_ASAP7_75t_R)
     1    1.16   18.03   29.68 1948.33 ^ _87371_/Y (AND3x1_ASAP7_75t_R)
                                         _46065_ (net)
                 18.03    0.15 1948.48 ^ _87372_/B (XNOR2x2_ASAP7_75t_R)
     1    1.81   14.04   38.48 1986.96 v _87372_/Y (XNOR2x2_ASAP7_75t_R)
                                         _46066_ (net)
                 14.11    0.54 1987.50 v _87373_/B (NOR2x1_ASAP7_75t_R)
     1    0.87   15.74   11.43 1998.93 ^ _87373_/Y (NOR2x1_ASAP7_75t_R)
                                         _19387_ (net)
                 15.74    0.13 1999.06 ^ u_me.mq_wrom[53]$_SDFF_PN0_/D (DFFHQNx2_ASAP7_75t_R)
                               1999.06   data arrival time

                       1500.00 1500.00   clock core_clk (rise edge)
                          0.00 1500.00   clock source latency
     1   13.83    0.00    0.00 1500.00 ^ clk (in)
                                         clk (net)
                 29.93    9.44 1509.44 ^ wire17649/A (BUFx12f_ASAP7_75t_R)
     1   12.75   15.94   22.83 1532.27 ^ wire17649/Y (BUFx12f_ASAP7_75t_R)
                                         net17648 (net)
                 34.17    9.71 1541.98 ^ wire17648/A (BUFx24_ASAP7_75t_R)
     1   16.18   12.76   31.49 1573.47 ^ wire17648/Y (BUFx24_ASAP7_75t_R)
                                         net17647 (net)
                 47.59   14.37 1587.84 ^ wire17647/A (BUFx24_ASAP7_75t_R)
     1   17.37   13.38   35.15 1622.99 ^ wire17647/Y (BUFx24_ASAP7_75t_R)
                                         net17646 (net)
                 53.54   16.28 1639.27 ^ wire17646/A (BUFx16f_ASAP7_75t_R)
     2   10.20   14.06   31.08 1670.34 ^ wire17646/Y (BUFx16f_ASAP7_75t_R)
                                         net17645 (net)
                 22.24    5.64 1675.98 ^ clkbuf_regs_0_core_clk/A (BUFx24_ASAP7_75t_R)
     1    1.93    8.77   26.29 1702.27 ^ clkbuf_regs_0_core_clk/Y (BUFx24_ASAP7_75t_R)
                                         clk_regs (net)
                  8.78    0.24 1702.51 ^ clkbuf_0_clk_regs/A (BUFx24_ASAP7_75t_R)
     2   10.51   12.94   23.39 1725.90 ^ clkbuf_0_clk_regs/Y (BUFx24_ASAP7_75t_R)
                                         clknet_0_clk_regs (net)
                 14.72    2.38 1728.28 ^ clkbuf_1_1_0_clk_regs/A (BUFx24_ASAP7_75t_R)
     1    6.24   10.75   24.54 1752.83 ^ clkbuf_1_1_0_clk_regs/Y (BUFx24_ASAP7_75t_R)
                                         clknet_1_1_0_clk_regs (net)
                 12.94    2.67 1755.49 ^ clkbuf_1_1_1_clk_regs/A (BUFx24_ASAP7_75t_R)
     1    6.23   10.73   23.92 1779.41 ^ clkbuf_1_1_1_clk_regs/Y (BUFx24_ASAP7_75t_R)
                                         clknet_1_1_1_clk_regs (net)
                 12.99    2.70 1782.11 ^ clkbuf_1_1_2_clk_regs/A (BUFx24_ASAP7_75t_R)
     1    6.02   10.63   23.88 1805.99 ^ clkbuf_1_1_2_clk_regs/Y (BUFx24_ASAP7_75t_R)
                                         clknet_1_1_2_clk_regs (net)
                 13.02    2.76 1808.75 ^ clkbuf_1_1_3_clk_regs/A (BUFx24_ASAP7_75t_R)
     2   10.29   12.82   24.71 1833.46 ^ clkbuf_1_1_3_clk_regs/Y (BUFx24_ASAP7_75t_R)
                                         clknet_1_1_3_clk_regs (net)
                 15.49    2.95 1836.41 ^ clkbuf_2_2_0_clk_regs/A (BUFx24_ASAP7_75t_R)
     1    5.97   10.61   24.74 1861.15 ^ clkbuf_2_2_0_clk_regs/Y (BUFx24_ASAP7_75t_R)
                                         clknet_2_2_0_clk_regs (net)
                 12.98    2.76 1863.92 ^ clkbuf_2_2_1_clk_regs/A (BUFx24_ASAP7_75t_R)
     2    9.33   12.11   24.47 1888.38 ^ clkbuf_2_2_1_clk_regs/Y (BUFx24_ASAP7_75t_R)
                                         clknet_2_2_1_clk_regs (net)
                 14.91    2.86 1891.24 ^ clkbuf_3_5_0_clk_regs/A (BUFx24_ASAP7_75t_R)
     1    6.58   10.87   24.64 1915.88 ^ clkbuf_3_5_0_clk_regs/Y (BUFx24_ASAP7_75t_R)
                                         clknet_3_5_0_clk_regs (net)
                 13.51    2.89 1918.78 ^ clkbuf_3_5_1_clk_regs/A (BUFx24_ASAP7_75t_R)
     2    9.36   12.06   24.64 1943.42 ^ clkbuf_3_5_1_clk_regs/Y (BUFx24_ASAP7_75t_R)
                                         clknet_3_5_1_clk_regs (net)
                 14.89    2.83 1946.25 ^ clkbuf_4_11_0_clk_regs/A (BUFx24_ASAP7_75t_R)
     2    8.63   11.69   24.94 1971.18 ^ clkbuf_4_11_0_clk_regs/Y (BUFx24_ASAP7_75t_R)
                                         clknet_4_11_0_clk_regs (net)
                 15.14    3.21 1974.39 ^ clkbuf_5_23_0_clk_regs/A (BUFx24_ASAP7_75t_R)
     2    7.83   11.47   24.98 1999.37 ^ clkbuf_5_23_0_clk_regs/Y (BUFx24_ASAP7_75t_R)
                                         clknet_5_23_0_clk_regs (net)
                 14.15    2.89 2002.25 ^ clkbuf_6_46_0_clk_regs/A (BUFx24_ASAP7_75t_R)
     7   18.81   17.97   25.71 2027.96 ^ clkbuf_6_46_0_clk_regs/Y (BUFx24_ASAP7_75t_R)
                                         clknet_6_46_0_clk_regs (net)
                 29.77    7.68 2035.65 ^ clkbuf_9_374_0_clk_regs/A (BUFx24_ASAP7_75t_R)
     1    2.29    9.19   28.81 2064.46 ^ clkbuf_9_374_0_clk_regs/Y (BUFx24_ASAP7_75t_R)
                                         clknet_9_374_0_clk_regs (net)
                  9.21    0.46 2064.92 ^ clkbuf_leaf_549_clk_regs/A (BUFx24_ASAP7_75t_R)
    11    7.19   11.29   23.03 2087.95 ^ clkbuf_leaf_549_clk_regs/Y (BUFx24_ASAP7_75t_R)
                                         clknet_leaf_549_clk_regs (net)
                 11.34    0.46 2088.41 ^ u_me.mq_wrom[53]$_SDFF_PN0_/CLK (DFFHQNx2_ASAP7_75t_R)
                          6.06 2094.47   clock reconvergence pessimism
                        -11.61 2082.86   library setup time
                               2082.86   data required time
-----------------------------------------------------------------------------
                               2082.86   data required time
                               -1999.06   data arrival time
-----------------------------------------------------------------------------
                                 83.80   slack (MET)



==========================================================================
finish report_checks -unconstrained
--------------------------------------------------------------------------
Startpoint: rst_n (input port clocked by core_clk)
Endpoint: u_me.g_grp[0].g_lane[3].u_add.u.s4_val[15]$_DFF_PN0_
          (recovery check against rising-edge clock core_clk)
Path Group: asynchronous
Path Type: max

Fanout     Cap    Slew   Delay    Time   Description
-----------------------------------------------------------------------------
                          0.00    0.00   clock core_clk (rise edge)
                          0.00    0.00   clock network delay (propagated)
                        300.00  300.00 ^ input external delay
     1    0.76    0.00    0.00  300.00 ^ rst_n (in)
                                         rst_n (net)
                  0.21    0.07  300.07 ^ hold20482/A (BUFx2_ASAP7_75t_R)
     1    0.57    6.95   13.33  313.39 ^ hold20482/Y (BUFx2_ASAP7_75t_R)
                                         net20481 (net)
                  6.95    0.04  313.44 ^ hold20470/A (BUFx2_ASAP7_75t_R)
     1    0.62    7.15   15.93  329.36 ^ hold20470/Y (BUFx2_ASAP7_75t_R)
                                         net20469 (net)
                  7.15    0.06  329.42 ^ hold20483/A (BUFx2_ASAP7_75t_R)
     1    0.59    7.03   15.93  345.36 ^ hold20483/Y (BUFx2_ASAP7_75t_R)
                                         net20482 (net)
                  7.04    0.05  345.41 ^ hold20461/A (BUFx2_ASAP7_75t_R)
     1    0.77    7.75   16.29  361.70 ^ hold20461/Y (BUFx2_ASAP7_75t_R)
                                         net20460 (net)
                  7.75    0.10  361.80 ^ hold20471/A (BUFx2_ASAP7_75t_R)
     1    0.70    7.49   16.42  378.22 ^ hold20471/Y (BUFx2_ASAP7_75t_R)
                                         net20470 (net)
                  7.49    0.08  378.30 ^ hold19519/A (BUFx2_ASAP7_75t_R)
     1    0.80    7.91   16.55  394.85 ^ hold19519/Y (BUFx2_ASAP7_75t_R)
                                         net19518 (net)
                  7.91    0.11  394.96 ^ hold20472/A (BUFx2_ASAP7_75t_R)
     1    0.97    8.58   17.07  412.03 ^ hold20472/Y (BUFx2_ASAP7_75t_R)
                                         net20471 (net)
                  8.59    0.12  412.15 ^ hold20462/A (BUFx2_ASAP7_75t_R)
     1    1.03    8.85   17.46  429.61 ^ hold20462/Y (BUFx2_ASAP7_75t_R)
                                         net20461 (net)
                  8.86    0.13  429.74 ^ hold20473/A (BUFx2_ASAP7_75t_R)
     1    1.01    8.77   17.51  447.25 ^ hold20473/Y (BUFx2_ASAP7_75t_R)
                                         net20472 (net)
                  8.79    0.15  447.40 ^ input5248/A (BUFx2_ASAP7_75t_R)
     1    2.72   16.50   21.18  468.58 ^ input5248/Y (BUFx2_ASAP7_75t_R)
                                         net5247 (net)
                 16.57    0.59  469.17 ^ hold20474/A (BUFx2_ASAP7_75t_R)
     1    2.55   15.84   23.40  492.57 ^ hold20474/Y (BUFx2_ASAP7_75t_R)
                                         net20473 (net)
                 15.93    0.64  493.21 ^ hold20463/A (BUFx2_ASAP7_75t_R)
     1    3.05   18.21   24.12  517.33 ^ hold20463/Y (BUFx2_ASAP7_75t_R)
                                         net20462 (net)
                 18.41    1.05  518.38 ^ hold20475/A (BUFx2_ASAP7_75t_R)
     1   13.60   70.13   42.05  560.42 ^ hold20475/Y (BUFx2_ASAP7_75t_R)
                                         net20474 (net)
                 74.94    9.79  570.22 ^ hold19520/A (BUFx2_ASAP7_75t_R)
     1    2.39   16.93   36.12  606.34 ^ hold19520/Y (BUFx2_ASAP7_75t_R)
                                         net19519 (net)
                 17.03    0.73  607.07 ^ hold20476/A (BUFx2_ASAP7_75t_R)
     1    1.60   11.54   21.51  628.58 ^ hold20476/Y (BUFx2_ASAP7_75t_R)
                                         net20475 (net)
                 11.58    0.35  628.93 ^ hold20464/A (BUFx2_ASAP7_75t_R)
     1    2.04   13.61   20.59  649.52 ^ hold20464/Y (BUFx2_ASAP7_75t_R)
                                         net20463 (net)
                 13.72    0.65  650.17 ^ hold20477/A (BUFx2_ASAP7_75t_R)
     1    3.34   19.65   23.88  674.05 ^ hold20477/Y (BUFx2_ASAP7_75t_R)
                                         net20476 (net)
                 20.02    1.47  675.52 ^ place14424/A (BUFx3_ASAP7_75t_R)
     1    0.72    6.95   19.21  694.73 ^ place14424/Y (BUFx3_ASAP7_75t_R)
                                         net14423 (net)
                  6.96    0.07  694.80 ^ hold20478/A (BUFx2_ASAP7_75t_R)
     1    0.68    7.41   16.08  710.89 ^ hold20478/Y (BUFx2_ASAP7_75t_R)
                                         net20477 (net)
                  7.42    0.07  710.95 ^ hold20465/A (BUFx2_ASAP7_75t_R)
     1    0.68    7.38   16.24  727.19 ^ hold20465/Y (BUFx2_ASAP7_75t_R)
                                         net20464 (net)
                  7.39    0.06  727.25 ^ hold20479/A (BUFx2_ASAP7_75t_R)
     1    0.66    7.32   16.19  743.44 ^ hold20479/Y (BUFx2_ASAP7_75t_R)
                                         net20478 (net)
                  7.32    0.06  743.50 ^ hold19521/A (BUFx2_ASAP7_75t_R)
     1    1.30   10.08   17.59  761.09 ^ hold19521/Y (BUFx2_ASAP7_75t_R)
                                         net19520 (net)
                 10.11    0.26  761.35 ^ hold20480/A (BUFx2_ASAP7_75t_R)
     1    1.33   10.17   18.66  780.01 ^ hold20480/Y (BUFx2_ASAP7_75t_R)
                                         net20479 (net)
                 10.19    0.23  780.24 ^ hold20466/A (BUFx2_ASAP7_75t_R)
     2    2.80   16.92   21.80  802.03 ^ hold20466/Y (BUFx2_ASAP7_75t_R)
                                         net20465 (net)
                 17.05    0.82  802.85 ^ place14423/A (BUFx3_ASAP7_75t_R)
     1    0.57    6.53   17.99  820.85 ^ place14423/Y (BUFx3_ASAP7_75t_R)
                                         net14422 (net)
                  6.53    0.04  820.89 ^ hold20467/A (BUFx2_ASAP7_75t_R)
     1    2.41   14.91   19.85  840.74 ^ hold20467/Y (BUFx2_ASAP7_75t_R)
                                         net20466 (net)
                 14.92    0.19  840.93 ^ wire16249/A (BUFx12f_ASAP7_75t_R)
     1    8.70   12.29   17.68  858.61 ^ wire16249/Y (BUFx12f_ASAP7_75t_R)
                                         net16248 (net)
                 30.04    8.78  867.39 ^ hold20468/A (BUFx2_ASAP7_75t_R)
     2   10.16   54.63   37.46  904.85 ^ hold20468/Y (BUFx2_ASAP7_75t_R)
                                         net20467 (net)
                 62.29   10.62  915.47 ^ wire16248/A (BUFx10_ASAP7_75t_R)
     3   11.30   18.72   36.03  951.51 ^ wire16248/Y (BUFx10_ASAP7_75t_R)
                                         net16247 (net)
                 29.15    6.80  958.31 ^ place14392/A (BUFx3_ASAP7_75t_R)
     4   12.63   45.29   35.65  993.95 ^ place14392/Y (BUFx3_ASAP7_75t_R)
                                         net14391 (net)
                 51.40    8.69 1002.65 ^ place14390/A (BUFx6f_ASAP7_75t_R)
     2   12.38   25.39   28.42 1031.07 ^ place14390/Y (BUFx6f_ASAP7_75t_R)
                                         net14389 (net)
                 55.10   15.97 1047.04 ^ wire15079/A (BUFx16f_ASAP7_75t_R)
     4   19.30   11.30   30.91 1077.94 ^ wire15079/Y (BUFx16f_ASAP7_75t_R)
                                         net15078 (net)
                111.68   35.19 1113.13 ^ place14355/A (BUFx6f_ASAP7_75t_R)
     8    9.11   21.88   39.47 1152.61 ^ place14355/Y (BUFx6f_ASAP7_75t_R)
                                         net14354 (net)
                 22.69    2.25 1154.86 ^ wire36585/A (BUFx16f_ASAP7_75t_R)
    10   17.78   18.00   24.17 1179.02 ^ wire36585/Y (BUFx16f_ASAP7_75t_R)
                                         net36584 (net)
                 38.93   11.11 1190.13 ^ place14336/A (BUFx3_ASAP7_75t_R)
     2    3.24   14.78   28.18 1218.31 ^ place14336/Y (BUFx3_ASAP7_75t_R)
                                         net14335 (net)
                 14.81    0.37 1218.68 ^ wire14898/A (BUFx12f_ASAP7_75t_R)
    11   15.65   15.45   17.76 1236.45 ^ wire14898/Y (BUFx12f_ASAP7_75t_R)
                                         net14897 (net)
                 54.19   16.36 1252.81 ^ load_slew14897/A (BUFx6f_ASAP7_75t_R)
     9    8.45   18.70   31.18 1283.99 ^ load_slew14897/Y (BUFx6f_ASAP7_75t_R)
                                         net14896 (net)
                 18.73    0.41 1284.40 ^ place14331/A (BUFx3_ASAP7_75t_R)
     8    9.46   35.04   29.43 1313.83 ^ place14331/Y (BUFx3_ASAP7_75t_R)
                                         net14330 (net)
                 35.06    0.63 1314.46 ^ load_slew14831/A (BUFx10_ASAP7_75t_R)
    10   12.73   20.67   30.41 1344.87 ^ load_slew14831/Y (BUFx10_ASAP7_75t_R)
                                         net14830 (net)
                 31.00    7.58 1352.45 ^ wire14830/A (BUFx12f_ASAP7_75t_R)
    16   15.92   20.01   25.62 1378.07 ^ wire14830/Y (BUFx12f_ASAP7_75t_R)
                                         net14829 (net)
                 22.94    4.01 1382.08 ^ place14330/A (BUFx3_ASAP7_75t_R)
    24   24.59   86.73   40.74 1422.81 ^ place14330/Y (BUFx3_ASAP7_75t_R)
                                         net14329 (net)
                106.14   21.63 1444.44 ^ place14329/A (BUFx3_ASAP7_75t_R)
    24   23.28   82.28   58.08 1502.52 ^ place14329/Y (BUFx3_ASAP7_75t_R)
                                         net14328 (net)
                 95.07   16.81 1519.33 ^ u_me.g_grp[0].g_lane[3].u_add.u.s4_val[15]$_DFF_PN0_/RESETN (DFFASRHQNx1_ASAP7_75t_R)
                               1519.33   data arrival time

                       1500.00 1500.00   clock core_clk (rise edge)
                          0.00 1500.00   clock source latency
     1   13.83    0.00    0.00 1500.00 ^ clk (in)
                                         clk (net)
                 29.93    9.44 1509.44 ^ wire17649/A (BUFx12f_ASAP7_75t_R)
     1   12.75   15.94   22.83 1532.27 ^ wire17649/Y (BUFx12f_ASAP7_75t_R)
                                         net17648 (net)
                 34.17    9.71 1541.98 ^ wire17648/A (BUFx24_ASAP7_75t_R)
     1   16.18   12.76   31.49 1573.47 ^ wire17648/Y (BUFx24_ASAP7_75t_R)
                                         net17647 (net)
                 47.59   14.37 1587.84 ^ wire17647/A (BUFx24_ASAP7_75t_R)
     1   17.37   13.38   35.15 1622.99 ^ wire17647/Y (BUFx24_ASAP7_75t_R)
                                         net17646 (net)
                 53.54   16.28 1639.27 ^ wire17646/A (BUFx16f_ASAP7_75t_R)
     2   10.20   14.06   31.08 1670.34 ^ wire17646/Y (BUFx16f_ASAP7_75t_R)
                                         net17645 (net)
                 22.24    5.64 1675.98 ^ clkbuf_regs_0_core_clk/A (BUFx24_ASAP7_75t_R)
     1    1.93    8.77   26.29 1702.27 ^ clkbuf_regs_0_core_clk/Y (BUFx24_ASAP7_75t_R)
                                         clk_regs (net)
                  8.78    0.24 1702.51 ^ clkbuf_0_clk_regs/A (BUFx24_ASAP7_75t_R)
     2   10.51   12.94   23.39 1725.90 ^ clkbuf_0_clk_regs/Y (BUFx24_ASAP7_75t_R)
                                         clknet_0_clk_regs (net)
                 14.72    2.38 1728.28 ^ clkbuf_1_1_0_clk_regs/A (BUFx24_ASAP7_75t_R)
     1    6.24   10.75   24.54 1752.83 ^ clkbuf_1_1_0_clk_regs/Y (BUFx24_ASAP7_75t_R)
                                         clknet_1_1_0_clk_regs (net)
                 12.94    2.67 1755.49 ^ clkbuf_1_1_1_clk_regs/A (BUFx24_ASAP7_75t_R)
     1    6.23   10.73   23.92 1779.41 ^ clkbuf_1_1_1_clk_regs/Y (BUFx24_ASAP7_75t_R)
                                         clknet_1_1_1_clk_regs (net)
                 12.99    2.70 1782.11 ^ clkbuf_1_1_2_clk_regs/A (BUFx24_ASAP7_75t_R)
     1    6.02   10.63   23.88 1805.99 ^ clkbuf_1_1_2_clk_regs/Y (BUFx24_ASAP7_75t_R)
                                         clknet_1_1_2_clk_regs (net)
                 13.02    2.76 1808.75 ^ clkbuf_1_1_3_clk_regs/A (BUFx24_ASAP7_75t_R)
     2   10.29   12.82   24.71 1833.46 ^ clkbuf_1_1_3_clk_regs/Y (BUFx24_ASAP7_75t_R)
                                         clknet_1_1_3_clk_regs (net)
                 15.31    2.82 1836.28 ^ clkbuf_2_3_0_clk_regs/A (BUFx24_ASAP7_75t_R)
     1    5.84   10.56   24.65 1860.94 ^ clkbuf_2_3_0_clk_regs/Y (BUFx24_ASAP7_75t_R)
                                         clknet_2_3_0_clk_regs (net)
                 12.76    2.66 1863.59 ^ clkbuf_2_3_1_clk_regs/A (BUFx24_ASAP7_75t_R)
     2    9.33   12.08   24.39 1887.98 ^ clkbuf_2_3_1_clk_regs/Y (BUFx24_ASAP7_75t_R)
                                         clknet_2_3_1_clk_regs (net)
                 14.92    2.86 1890.84 ^ clkbuf_3_7_0_clk_regs/A (BUFx24_ASAP7_75t_R)
     1    6.13   10.68   24.59 1915.43 ^ clkbuf_3_7_0_clk_regs/Y (BUFx24_ASAP7_75t_R)
                                         clknet_3_7_0_clk_regs (net)
                 12.78    2.61 1918.04 ^ clkbuf_3_7_1_clk_regs/A (BUFx24_ASAP7_75t_R)
     2    8.16   11.69   24.31 1942.34 ^ clkbuf_3_7_1_clk_regs/Y (BUFx24_ASAP7_75t_R)
                                         clknet_3_7_1_clk_regs (net)
                 13.58    2.41 1944.75 ^ clkbuf_4_15_0_clk_regs/A (BUFx24_ASAP7_75t_R)
     2    8.14   11.47   24.39 1969.15 ^ clkbuf_4_15_0_clk_regs/Y (BUFx24_ASAP7_75t_R)
                                         clknet_4_15_0_clk_regs (net)
                 14.85    3.18 1972.33 ^ clkbuf_5_30_0_clk_regs/A (BUFx24_ASAP7_75t_R)
     2    8.10   11.50   24.86 1997.19 ^ clkbuf_5_30_0_clk_regs/Y (BUFx24_ASAP7_75t_R)
                                         clknet_5_30_0_clk_regs (net)
                 14.40    2.93 2000.13 ^ clkbuf_6_61_0_clk_regs/A (BUFx24_ASAP7_75t_R)
     8   24.88   22.11   27.58 2027.70 ^ clkbuf_6_61_0_clk_regs/Y (BUFx24_ASAP7_75t_R)
                                         clknet_6_61_0_clk_regs (net)
                 26.12    4.88 2032.58 ^ clkbuf_9_490_0_clk_regs/A (BUFx24_ASAP7_75t_R)
     3    9.44   12.57   29.19 2061.77 ^ clkbuf_9_490_0_clk_regs/Y (BUFx24_ASAP7_75t_R)
                                         clknet_9_490_0_clk_regs (net)
                 13.37    1.57 2063.34 ^ clkbuf_leaf_226_clk_regs/A (BUFx24_ASAP7_75t_R)
    15    9.12   12.21   24.72 2088.07 ^ clkbuf_leaf_226_clk_regs/Y (BUFx24_ASAP7_75t_R)
                                         clknet_leaf_226_clk_regs (net)
                 12.57    0.86 2088.93 ^ u_me.g_grp[0].g_lane[3].u_add.u.s4_val[15]$_DFF_PN0_/CLK (DFFASRHQNx1_ASAP7_75t_R)
                          0.00 2088.93   clock reconvergence pessimism
                         22.69 2111.62   library recovery time
                               2111.62   data required time
-----------------------------------------------------------------------------
                               2111.62   data required time
                               -1519.33   data arrival time
-----------------------------------------------------------------------------
                                592.29   slack (MET)


Startpoint: u_wrom (rising edge-triggered flip-flop clocked by core_clk)
Endpoint: u_me.mq_wrom[53]$_SDFF_PN0_
          (rising edge-triggered flip-flop clocked by core_clk)
Path Group: core_clk
Path Type: max

Fanout     Cap    Slew   Delay    Time   Description
-----------------------------------------------------------------------------
                          0.00    0.00   clock core_clk (rise edge)
                          0.00    0.00   clock source latency
     1   14.39    0.00    0.00    0.00 ^ clk (in)
                                         clk (net)
                 32.02   10.10   10.10 ^ wire17649/A (BUFx12f_ASAP7_75t_R)
     1   13.33   16.46   23.37   33.47 ^ wire17649/Y (BUFx12f_ASAP7_75t_R)
                                         net17648 (net)
                 36.48   10.45   43.93 ^ wire17648/A (BUFx24_ASAP7_75t_R)
     1   16.76   12.85   32.25   76.18 ^ wire17648/Y (BUFx24_ASAP7_75t_R)
                                         net17647 (net)
                 50.31   15.25   91.42 ^ wire17647/A (BUFx24_ASAP7_75t_R)
     1   18.01   13.54   35.81  127.23 ^ wire17647/Y (BUFx24_ASAP7_75t_R)
                                         net17646 (net)
                 56.75   17.32  144.55 ^ wire17646/A (BUFx16f_ASAP7_75t_R)
     2   11.37   15.15   31.85  176.40 ^ wire17646/Y (BUFx16f_ASAP7_75t_R)
                                         net17645 (net)
                 19.21    3.87  180.27 ^ delaybuf_0_core_clk/A (BUFx24_ASAP7_75t_R)
     1    4.10    9.83   25.73  206.00 ^ delaybuf_0_core_clk/Y (BUFx24_ASAP7_75t_R)
                                         delaynet_0_core_clk (net)
                 10.25    1.31  207.31 ^ delaybuf_1_core_clk/A (BUFx24_ASAP7_75t_R)
     1    4.07    9.78   22.62  229.93 ^ delaybuf_1_core_clk/Y (BUFx24_ASAP7_75t_R)
                                         delaynet_1_core_clk (net)
                 10.19    1.30  231.23 ^ delaybuf_2_core_clk/A (BUFx24_ASAP7_75t_R)
     1    4.09    9.79   22.61  253.83 ^ delaybuf_2_core_clk/Y (BUFx24_ASAP7_75t_R)
                                         delaynet_2_core_clk (net)
                 10.20    1.29  255.12 ^ delaybuf_3_core_clk/A (BUFx24_ASAP7_75t_R)
     1    4.05    9.77   22.60  277.72 ^ delaybuf_3_core_clk/Y (BUFx24_ASAP7_75t_R)
                                         delaynet_3_core_clk (net)
                 10.16    1.27  278.99 ^ delaybuf_4_core_clk/A (BUFx24_ASAP7_75t_R)
     1    4.23    9.85   22.62  301.61 ^ delaybuf_4_core_clk/Y (BUFx24_ASAP7_75t_R)
                                         delaynet_4_core_clk (net)
                 10.36    1.40  303.01 ^ delaybuf_5_core_clk/A (BUFx24_ASAP7_75t_R)
     1    4.14    9.81   22.67  325.68 ^ delaybuf_5_core_clk/Y (BUFx24_ASAP7_75t_R)
                                         delaynet_5_core_clk (net)
                 10.28    1.35  327.02 ^ delaybuf_6_core_clk/A (BUFx24_ASAP7_75t_R)
     1    4.20    9.84   22.65  349.68 ^ delaybuf_6_core_clk/Y (BUFx24_ASAP7_75t_R)
                                         delaynet_6_core_clk (net)
                 10.32    1.36  351.04 ^ clkbuf_0_clk/A (BUFx24_ASAP7_75t_R)
     2   11.80   13.70   24.14  375.18 ^ clkbuf_0_clk/Y (BUFx24_ASAP7_75t_R)
                                         clknet_0_clk (net)
                 15.77    2.65  377.82 ^ clkbuf_1_1_0_clk/A (BUFx24_ASAP7_75t_R)
     1    6.82   10.96   24.98  402.80 ^ clkbuf_1_1_0_clk/Y (BUFx24_ASAP7_75t_R)
                                         clknet_1_1_0_clk (net)
                 13.85    3.03  405.83 ^ clkbuf_1_1_1_clk/A (BUFx24_ASAP7_75t_R)
     1    6.76   10.94   24.31  430.14 ^ clkbuf_1_1_1_clk/Y (BUFx24_ASAP7_75t_R)
                                         clknet_1_1_1_clk (net)
                 13.70    2.97  433.11 ^ clkbuf_1_1_2_clk/A (BUFx24_ASAP7_75t_R)
     1    6.83   10.93   24.22  457.33 ^ clkbuf_1_1_2_clk/Y (BUFx24_ASAP7_75t_R)
                                         clknet_1_1_2_clk (net)
                 14.18    3.19  460.52 ^ clkbuf_1_1_3_clk/A (BUFx24_ASAP7_75t_R)
     3   13.52   14.81   25.85  486.37 ^ clkbuf_1_1_3_clk/Y (BUFx24_ASAP7_75t_R)
                                         clknet_1_1_3_clk (net)
                 17.03    2.93  489.30 ^ clkbuf_3_6_0_clk/A (BUFx24_ASAP7_75t_R)
     1    6.45   10.81   25.33  514.63 ^ clkbuf_3_6_0_clk/Y (BUFx24_ASAP7_75t_R)
                                         clknet_3_6_0_clk (net)
                 13.53    2.92  517.55 ^ clkbuf_3_6_1_clk/A (BUFx24_ASAP7_75t_R)
     1   25.32   12.77   24.87  542.42 ^ clkbuf_3_6_1_clk/Y (BUFx24_ASAP7_75t_R)
                                         clknet_3_6_1_clk (net)
                 84.26   26.09  568.51 ^ u_wrom/clk (ot_rom_8192x266_m8)
     3   15.33   39.60  807.29 1375.80 v u_wrom/rd_out[115] (ot_rom_8192x266_m8)
                                         rom_codeword[115] (net)
                 57.68   14.14 1389.94 v _86588_/B (XNOR2x2_ASAP7_75t_R)
     1    1.15   12.25   40.00 1429.94 ^ _86588_/Y (XNOR2x2_ASAP7_75t_R)
                                         _45355_ (net)
                 12.25    0.11 1430.05 ^ _86590_/A (XNOR2x2_ASAP7_75t_R)
     2    2.65   16.48   38.96 1469.01 v _86590_/Y (XNOR2x2_ASAP7_75t_R)
                                         _45357_ (net)
                 16.53    0.49 1469.50 v _86594_/A (XNOR2x2_ASAP7_75t_R)
     2   10.60   58.21   45.77 1515.26 ^ _86594_/Y (XNOR2x2_ASAP7_75t_R)
                                         _45361_ (net)
                 62.92    8.77 1524.04 ^ _86602_/A (XNOR2x2_ASAP7_75t_R)
     2    2.60   16.93   49.63 1573.67 v _86602_/Y (XNOR2x2_ASAP7_75t_R)
                                         _45369_ (net)
                 16.97    0.43 1574.10 v _86803_/A (XNOR2x2_ASAP7_75t_R)
     2    6.39   35.83   41.25 1615.35 ^ _86803_/Y (XNOR2x2_ASAP7_75t_R)
                                         _45570_ (net)
                 36.68    3.01 1618.36 ^ _86806_/A (XNOR2x2_ASAP7_75t_R)
     2    2.80   16.99   45.67 1664.03 v _86806_/Y (XNOR2x2_ASAP7_75t_R)
                                         _45573_ (net)
                 17.01    0.23 1664.27 v _87090_/A (XNOR2x2_ASAP7_75t_R)
     1    1.40   12.30   31.88 1696.14 ^ _87090_/Y (XNOR2x2_ASAP7_75t_R)
                                         _45857_ (net)
                 12.32    0.25 1696.39 ^ _87091_/B (XNOR2x2_ASAP7_75t_R)
     1    3.07   18.54   39.81 1736.21 v _87091_/Y (XNOR2x2_ASAP7_75t_R)
                                         _45858_ (net)
                 18.83    1.26 1737.46 v _87092_/B (XOR2x2_ASAP7_75t_R)
     1    0.74    9.56   35.47 1772.93 ^ _87092_/Y (XOR2x2_ASAP7_75t_R)
                                         _45859_ (net)
                  9.56    0.08 1773.01 ^ _87093_/B (AND2x2_ASAP7_75t_R)
     4    2.63   17.11   23.79 1796.80 ^ _87093_/Y (AND2x2_ASAP7_75t_R)
                                         _45860_ (net)
                 17.12    0.25 1797.05 ^ _87109_/C (AND3x1_ASAP7_75t_R)
     3    3.59   38.47   38.17 1835.21 ^ _87109_/Y (AND3x1_ASAP7_75t_R)
                                         _45873_ (net)
                 38.55    1.09 1836.31 ^ place12199/A (BUFx6f_ASAP7_75t_R)
     5   15.19   30.37   26.89 1863.20 ^ place12199/Y (BUFx6f_ASAP7_75t_R)
                                         net12198 (net)
                 62.59   18.24 1881.44 ^ place12197/A (BUFx3_ASAP7_75t_R)
     5    6.59   25.72   36.87 1918.31 ^ place12197/Y (BUFx3_ASAP7_75t_R)
                                         net12196 (net)
                 25.74    0.35 1918.65 ^ _87371_/A (AND3x1_ASAP7_75t_R)
     1    1.16   18.03   29.68 1948.33 ^ _87371_/Y (AND3x1_ASAP7_75t_R)
                                         _46065_ (net)
                 18.03    0.15 1948.48 ^ _87372_/B (XNOR2x2_ASAP7_75t_R)
     1    1.81   14.04   38.48 1986.96 v _87372_/Y (XNOR2x2_ASAP7_75t_R)
                                         _46066_ (net)
                 14.11    0.54 1987.50 v _87373_/B (NOR2x1_ASAP7_75t_R)
     1    0.87   15.74   11.43 1998.93 ^ _87373_/Y (NOR2x1_ASAP7_75t_R)
                                         _19387_ (net)
                 15.74    0.13 1999.06 ^ u_me.mq_wrom[53]$_SDFF_PN0_/D (DFFHQNx2_ASAP7_75t_R)
                               1999.06   data arrival time

                       1500.00 1500.00   clock core_clk (rise edge)
                          0.00 1500.00   clock source latency
     1   13.83    0.00    0.00 1500.00 ^ clk (in)
                                         clk (net)
                 29.93    9.44 1509.44 ^ wire17649/A (BUFx12f_ASAP7_75t_R)
     1   12.75   15.94   22.83 1532.27 ^ wire17649/Y (BUFx12f_ASAP7_75t_R)
                                         net17648 (net)
                 34.17    9.71 1541.98 ^ wire17648/A (BUFx24_ASAP7_75t_R)
     1   16.18   12.76   31.49 1573.47 ^ wire17648/Y (BUFx24_ASAP7_75t_R)
                                         net17647 (net)
                 47.59   14.37 1587.84 ^ wire17647/A (BUFx24_ASAP7_75t_R)
     1   17.37   13.38   35.15 1622.99 ^ wire17647/Y (BUFx24_ASAP7_75t_R)
                                         net17646 (net)
                 53.54   16.28 1639.27 ^ wire17646/A (BUFx16f_ASAP7_75t_R)
     2   10.20   14.06   31.08 1670.34 ^ wire17646/Y (BUFx16f_ASAP7_75t_R)
                                         net17645 (net)
                 22.24    5.64 1675.98 ^ clkbuf_regs_0_core_clk/A (BUFx24_ASAP7_75t_R)
     1    1.93    8.77   26.29 1702.27 ^ clkbuf_regs_0_core_clk/Y (BUFx24_ASAP7_75t_R)
                                         clk_regs (net)
                  8.78    0.24 1702.51 ^ clkbuf_0_clk_regs/A (BUFx24_ASAP7_75t_R)
     2   10.51   12.94   23.39 1725.90 ^ clkbuf_0_clk_regs/Y (BUFx24_ASAP7_75t_R)
                                         clknet_0_clk_regs (net)
                 14.72    2.38 1728.28 ^ clkbuf_1_1_0_clk_regs/A (BUFx24_ASAP7_75t_R)
     1    6.24   10.75   24.54 1752.83 ^ clkbuf_1_1_0_clk_regs/Y (BUFx24_ASAP7_75t_R)
                                         clknet_1_1_0_clk_regs (net)
                 12.94    2.67 1755.49 ^ clkbuf_1_1_1_clk_regs/A (BUFx24_ASAP7_75t_R)
     1    6.23   10.73   23.92 1779.41 ^ clkbuf_1_1_1_clk_regs/Y (BUFx24_ASAP7_75t_R)
                                         clknet_1_1_1_clk_regs (net)
                 12.99    2.70 1782.11 ^ clkbuf_1_1_2_clk_regs/A (BUFx24_ASAP7_75t_R)
     1    6.02   10.63   23.88 1805.99 ^ clkbuf_1_1_2_clk_regs/Y (BUFx24_ASAP7_75t_R)
                                         clknet_1_1_2_clk_regs (net)
                 13.02    2.76 1808.75 ^ clkbuf_1_1_3_clk_regs/A (BUFx24_ASAP7_75t_R)
     2   10.29   12.82   24.71 1833.46 ^ clkbuf_1_1_3_clk_regs/Y (BUFx24_ASAP7_75t_R)
                                         clknet_1_1_3_clk_regs (net)
                 15.49    2.95 1836.41 ^ clkbuf_2_2_0_clk_regs/A (BUFx24_ASAP7_75t_R)
     1    5.97   10.61   24.74 1861.15 ^ clkbuf_2_2_0_clk_regs/Y (BUFx24_ASAP7_75t_R)
                                         clknet_2_2_0_clk_regs (net)
                 12.98    2.76 1863.92 ^ clkbuf_2_2_1_clk_regs/A (BUFx24_ASAP7_75t_R)
     2    9.33   12.11   24.47 1888.38 ^ clkbuf_2_2_1_clk_regs/Y (BUFx24_ASAP7_75t_R)
                                         clknet_2_2_1_clk_regs (net)
                 14.91    2.86 1891.24 ^ clkbuf_3_5_0_clk_regs/A (BUFx24_ASAP7_75t_R)
     1    6.58   10.87   24.64 1915.88 ^ clkbuf_3_5_0_clk_regs/Y (BUFx24_ASAP7_75t_R)
                                         clknet_3_5_0_clk_regs (net)
                 13.51    2.89 1918.78 ^ clkbuf_3_5_1_clk_regs/A (BUFx24_ASAP7_75t_R)
     2    9.36   12.06   24.64 1943.42 ^ clkbuf_3_5_1_clk_regs/Y (BUFx24_ASAP7_75t_R)
                                         clknet_3_5_1_clk_regs (net)
                 14.89    2.83 1946.25 ^ clkbuf_4_11_0_clk_regs/A (BUFx24_ASAP7_75t_R)
     2    8.63   11.69   24.94 1971.18 ^ clkbuf_4_11_0_clk_regs/Y (BUFx24_ASAP7_75t_R)
                                         clknet_4_11_0_clk_regs (net)
                 15.14    3.21 1974.39 ^ clkbuf_5_23_0_clk_regs/A (BUFx24_ASAP7_75t_R)
     2    7.83   11.47   24.98 1999.37 ^ clkbuf_5_23_0_clk_regs/Y (BUFx24_ASAP7_75t_R)
                                         clknet_5_23_0_clk_regs (net)
                 14.15    2.89 2002.25 ^ clkbuf_6_46_0_clk_regs/A (BUFx24_ASAP7_75t_R)
     7   18.81   17.97   25.71 2027.96 ^ clkbuf_6_46_0_clk_regs/Y (BUFx24_ASAP7_75t_R)
                                         clknet_6_46_0_clk_regs (net)
                 29.77    7.68 2035.65 ^ clkbuf_9_374_0_clk_regs/A (BUFx24_ASAP7_75t_R)
     1    2.29    9.19   28.81 2064.46 ^ clkbuf_9_374_0_clk_regs/Y (BUFx24_ASAP7_75t_R)
                                         clknet_9_374_0_clk_regs (net)
                  9.21    0.46 2064.92 ^ clkbuf_leaf_549_clk_regs/A (BUFx24_ASAP7_75t_R)
    11    7.19   11.29   23.03 2087.95 ^ clkbuf_leaf_549_clk_regs/Y (BUFx24_ASAP7_75t_R)
                                         clknet_leaf_549_clk_regs (net)
                 11.34    0.46 2088.41 ^ u_me.mq_wrom[53]$_SDFF_PN0_/CLK (DFFHQNx2_ASAP7_75t_R)
                          6.06 2094.47   clock reconvergence pessimism
                        -11.61 2082.86   library setup time
                               2082.86   data required time
-----------------------------------------------------------------------------
                               2082.86   data required time
                               -1999.06   data arrival time
-----------------------------------------------------------------------------
                                 83.80   slack (MET)



==========================================================================
finish report_check_types -max_slew -max_cap -max_fanout -violators
--------------------------------------------------------------------------

==========================================================================
finish max_slew_check_slack
--------------------------------------------------------------------------
40.69161605834961

==========================================================================
finish max_slew_check_limit
--------------------------------------------------------------------------
320.0

==========================================================================
finish max_slew_check_slack_limit
--------------------------------------------------------------------------
0.1272

==========================================================================
finish max_fanout_check_slack
--------------------------------------------------------------------------
0.0

==========================================================================
finish max_fanout_check_limit
--------------------------------------------------------------------------
32.0

==========================================================================
finish max_fanout_check_slack_limit
--------------------------------------------------------------------------
0.0000

==========================================================================
finish max_capacitance_check_slack
--------------------------------------------------------------------------
11.550068855285645

==========================================================================
finish max_capacitance_check_limit
--------------------------------------------------------------------------
23.040000915527344

==========================================================================
finish max_capacitance_check_slack_limit
--------------------------------------------------------------------------
0.5013

==========================================================================
finish max_slew_violation_count
--------------------------------------------------------------------------
max slew violation count 0

==========================================================================
finish max_fanout_violation_count
--------------------------------------------------------------------------
max fanout violation count 0

==========================================================================
finish max_cap_violation_count
--------------------------------------------------------------------------
max cap violation count 0

==========================================================================
finish setup_violation_count
--------------------------------------------------------------------------
setup violation count 0

==========================================================================
finish hold_violation_count
--------------------------------------------------------------------------
hold violation count 0

==========================================================================
finish report_checks -path_delay max reg to reg
--------------------------------------------------------------------------
Startpoint: u_wrom (rising edge-triggered flip-flop clocked by core_clk)
Endpoint: u_me.mq_wrom[53]$_SDFF_PN0_
          (rising edge-triggered flip-flop clocked by core_clk)
Path Group: core_clk
Path Type: max

  Delay    Time   Description
---------------------------------------------------------
   0.00    0.00   clock core_clk (rise edge)
   0.00    0.00   clock source latency
   0.00    0.00 ^ clk (in)
  33.47   33.47 ^ wire17649/Y (BUFx12f_ASAP7_75t_R)
  42.70   76.18 ^ wire17648/Y (BUFx24_ASAP7_75t_R)
  51.05  127.23 ^ wire17647/Y (BUFx24_ASAP7_75t_R)
  49.17  176.40 ^ wire17646/Y (BUFx16f_ASAP7_75t_R)
  29.60  206.00 ^ delaybuf_0_core_clk/Y (BUFx24_ASAP7_75t_R)
  23.93  229.93 ^ delaybuf_1_core_clk/Y (BUFx24_ASAP7_75t_R)
  23.90  253.83 ^ delaybuf_2_core_clk/Y (BUFx24_ASAP7_75t_R)
  23.89  277.72 ^ delaybuf_3_core_clk/Y (BUFx24_ASAP7_75t_R)
  23.89  301.61 ^ delaybuf_4_core_clk/Y (BUFx24_ASAP7_75t_R)
  24.07  325.68 ^ delaybuf_5_core_clk/Y (BUFx24_ASAP7_75t_R)
  24.00  349.68 ^ delaybuf_6_core_clk/Y (BUFx24_ASAP7_75t_R)
  25.50  375.18 ^ clkbuf_0_clk/Y (BUFx24_ASAP7_75t_R)
  27.62  402.80 ^ clkbuf_1_1_0_clk/Y (BUFx24_ASAP7_75t_R)
  27.34  430.14 ^ clkbuf_1_1_1_clk/Y (BUFx24_ASAP7_75t_R)
  27.19  457.33 ^ clkbuf_1_1_2_clk/Y (BUFx24_ASAP7_75t_R)
  29.04  486.37 ^ clkbuf_1_1_3_clk/Y (BUFx24_ASAP7_75t_R)
  28.27  514.63 ^ clkbuf_3_6_0_clk/Y (BUFx24_ASAP7_75t_R)
  27.78  542.42 ^ clkbuf_3_6_1_clk/Y (BUFx24_ASAP7_75t_R)
  26.09  568.51 ^ u_wrom/clk (ot_rom_8192x266_m8)
 807.29 1375.80 v u_wrom/rd_out[115] (ot_rom_8192x266_m8)
  54.14 1429.94 ^ _86588_/Y (XNOR2x2_ASAP7_75t_R)
  39.06 1469.01 v _86590_/Y (XNOR2x2_ASAP7_75t_R)
  46.26 1515.26 ^ _86594_/Y (XNOR2x2_ASAP7_75t_R)
  58.40 1573.67 v _86602_/Y (XNOR2x2_ASAP7_75t_R)
  41.68 1615.35 ^ _86803_/Y (XNOR2x2_ASAP7_75t_R)
  48.68 1664.03 v _86806_/Y (XNOR2x2_ASAP7_75t_R)
  32.11 1696.14 ^ _87090_/Y (XNOR2x2_ASAP7_75t_R)
  40.06 1736.21 v _87091_/Y (XNOR2x2_ASAP7_75t_R)
  36.72 1772.93 ^ _87092_/Y (XOR2x2_ASAP7_75t_R)
  23.87 1796.80 ^ _87093_/Y (AND2x2_ASAP7_75t_R)
  38.41 1835.21 ^ _87109_/Y (AND3x1_ASAP7_75t_R)
  27.99 1863.20 ^ place12199/Y (BUFx6f_ASAP7_75t_R)
  55.11 1918.31 ^ place12197/Y (BUFx3_ASAP7_75t_R)
  30.03 1948.33 ^ _87371_/Y (AND3x1_ASAP7_75t_R)
  38.63 1986.96 v _87372_/Y (XNOR2x2_ASAP7_75t_R)
  11.97 1998.93 ^ _87373_/Y (NOR2x1_ASAP7_75t_R)
   0.13 1999.06 ^ u_me.mq_wrom[53]$_SDFF_PN0_/D (DFFHQNx2_ASAP7_75t_R)
        1999.06   data arrival time

1500.00 1500.00   clock core_clk (rise edge)
   0.00 1500.00   clock source latency
   0.00 1500.00 ^ clk (in)
  32.27 1532.27 ^ wire17649/Y (BUFx12f_ASAP7_75t_R)
  41.20 1573.47 ^ wire17648/Y (BUFx24_ASAP7_75t_R)
  49.51 1622.99 ^ wire17647/Y (BUFx24_ASAP7_75t_R)
  47.36 1670.34 ^ wire17646/Y (BUFx16f_ASAP7_75t_R)
  31.93 1702.27 ^ clkbuf_regs_0_core_clk/Y (BUFx24_ASAP7_75t_R)
  23.63 1725.90 ^ clkbuf_0_clk_regs/Y (BUFx24_ASAP7_75t_R)
  26.92 1752.83 ^ clkbuf_1_1_0_clk_regs/Y (BUFx24_ASAP7_75t_R)
  26.59 1779.41 ^ clkbuf_1_1_1_clk_regs/Y (BUFx24_ASAP7_75t_R)
  26.57 1805.99 ^ clkbuf_1_1_2_clk_regs/Y (BUFx24_ASAP7_75t_R)
  27.47 1833.46 ^ clkbuf_1_1_3_clk_regs/Y (BUFx24_ASAP7_75t_R)
  27.69 1861.15 ^ clkbuf_2_2_0_clk_regs/Y (BUFx24_ASAP7_75t_R)
  27.23 1888.38 ^ clkbuf_2_2_1_clk_regs/Y (BUFx24_ASAP7_75t_R)
  27.50 1915.88 ^ clkbuf_3_5_0_clk_regs/Y (BUFx24_ASAP7_75t_R)
  27.53 1943.42 ^ clkbuf_3_5_1_clk_regs/Y (BUFx24_ASAP7_75t_R)
  27.77 1971.18 ^ clkbuf_4_11_0_clk_regs/Y (BUFx24_ASAP7_75t_R)
  28.18 1999.37 ^ clkbuf_5_23_0_clk_regs/Y (BUFx24_ASAP7_75t_R)
  28.59 2027.96 ^ clkbuf_6_46_0_clk_regs/Y (BUFx24_ASAP7_75t_R)
  36.50 2064.46 ^ clkbuf_9_374_0_clk_regs/Y (BUFx24_ASAP7_75t_R)
  23.49 2087.95 ^ clkbuf_leaf_549_clk_regs/Y (BUFx24_ASAP7_75t_R)
   0.46 2088.41 ^ u_me.mq_wrom[53]$_SDFF_PN0_/CLK (DFFHQNx2_ASAP7_75t_R)
   6.06 2094.47   clock reconvergence pessimism
 -11.61 2082.86   library setup time
        2082.86   data required time
---------------------------------------------------------
        2082.86   data required time
        -1999.06   data arrival time
---------------------------------------------------------
          83.80   slack (MET)



==========================================================================
finish report_checks -path_delay min reg to reg
--------------------------------------------------------------------------
Startpoint: u_me.u_tag.genblk1.g_line.line[522]$_DFF_P_
            (rising edge-triggered flip-flop clocked by core_clk)
Endpoint: u_me.u_tag.genblk1.g_line.line[611]$_DFF_P_
          (rising edge-triggered flip-flop clocked by core_clk)
Path Group: core_clk
Path Type: min

  Delay    Time   Description
---------------------------------------------------------
   0.00    0.00   clock core_clk (rise edge)
   0.00    0.00   clock source latency
   0.00    0.00 ^ clk (in)
  32.27   32.27 ^ wire17649/Y (BUFx12f_ASAP7_75t_R)
  41.20   73.47 ^ wire17648/Y (BUFx24_ASAP7_75t_R)
  49.51  122.99 ^ wire17647/Y (BUFx24_ASAP7_75t_R)
  47.36  170.34 ^ wire17646/Y (BUFx16f_ASAP7_75t_R)
  31.93  202.27 ^ clkbuf_regs_0_core_clk/Y (BUFx24_ASAP7_75t_R)
  23.63  225.90 ^ clkbuf_0_clk_regs/Y (BUFx24_ASAP7_75t_R)
  26.87  252.78 ^ clkbuf_1_0_0_clk_regs/Y (BUFx24_ASAP7_75t_R)
  26.73  279.51 ^ clkbuf_1_0_1_clk_regs/Y (BUFx24_ASAP7_75t_R)
  26.92  306.43 ^ clkbuf_1_0_2_clk_regs/Y (BUFx24_ASAP7_75t_R)
  28.02  334.45 ^ clkbuf_1_0_3_clk_regs/Y (BUFx24_ASAP7_75t_R)
  28.32  362.77 ^ clkbuf_2_0_0_clk_regs/Y (BUFx24_ASAP7_75t_R)
  27.44  390.21 ^ clkbuf_2_0_1_clk_regs/Y (BUFx24_ASAP7_75t_R)
  27.45  417.66 ^ clkbuf_3_1_0_clk_regs/Y (BUFx24_ASAP7_75t_R)
  27.05  444.71 ^ clkbuf_3_1_1_clk_regs/Y (BUFx24_ASAP7_75t_R)
  28.01  472.72 ^ clkbuf_4_3_0_clk_regs/Y (BUFx24_ASAP7_75t_R)
  26.36  499.09 ^ clkbuf_5_6_0_clk_regs/Y (BUFx24_ASAP7_75t_R)
  32.30  531.39 ^ clkbuf_6_13_0_clk_regs/Y (BUFx24_ASAP7_75t_R)
  28.59  559.98 ^ clkbuf_9_109_0_clk_regs/Y (BUFx24_ASAP7_75t_R)
  23.54  583.52 ^ clkbuf_leaf_634_clk_regs/Y (BUFx24_ASAP7_75t_R)
   0.49  584.01 ^ u_me.u_tag.genblk1.g_line.line[522]$_DFF_P_/CLK (DFFHQNx1_ASAP7_75t_R)
  48.06  632.07 ^ u_me.u_tag.genblk1.g_line.line[522]$_DFF_P_/QN (DFFHQNx1_ASAP7_75t_R)
   8.44  640.51 v _82037_/Y (INVx1_ASAP7_75t_R)
   0.05  640.56 v u_me.u_tag.genblk1.g_line.line[611]$_DFF_P_/D (DFFHQNx1_ASAP7_75t_R)
         640.56   data arrival time

   0.00    0.00   clock core_clk (rise edge)
   0.00    0.00   clock source latency
   0.00    0.00 ^ clk (in)
  33.47   33.47 ^ wire17649/Y (BUFx12f_ASAP7_75t_R)
  42.70   76.18 ^ wire17648/Y (BUFx24_ASAP7_75t_R)
  51.05  127.23 ^ wire17647/Y (BUFx24_ASAP7_75t_R)
  49.17  176.40 ^ wire17646/Y (BUFx16f_ASAP7_75t_R)
  33.50  209.90 ^ clkbuf_regs_0_core_clk/Y (BUFx24_ASAP7_75t_R)
  24.03  233.93 ^ clkbuf_0_clk_regs/Y (BUFx24_ASAP7_75t_R)
  27.72  261.65 ^ clkbuf_1_1_0_clk_regs/Y (BUFx24_ASAP7_75t_R)
  27.32  288.97 ^ clkbuf_1_1_1_clk_regs/Y (BUFx24_ASAP7_75t_R)
  27.30  316.27 ^ clkbuf_1_1_2_clk_regs/Y (BUFx24_ASAP7_75t_R)
  28.33  344.60 ^ clkbuf_1_1_3_clk_regs/Y (BUFx24_ASAP7_75t_R)
  28.61  373.21 ^ clkbuf_2_2_0_clk_regs/Y (BUFx24_ASAP7_75t_R)
  28.09  401.29 ^ clkbuf_2_2_1_clk_regs/Y (BUFx24_ASAP7_75t_R)
  28.60  429.89 ^ clkbuf_3_4_0_clk_regs/Y (BUFx24_ASAP7_75t_R)
  28.25  458.14 ^ clkbuf_3_4_1_clk_regs/Y (BUFx24_ASAP7_75t_R)
  29.48  487.63 ^ clkbuf_4_8_0_clk_regs/Y (BUFx24_ASAP7_75t_R)
  25.47  513.10 ^ clkbuf_5_16_0_clk_regs/Y (BUFx24_ASAP7_75t_R)
  31.54  544.64 ^ clkbuf_6_32_0_clk_regs/Y (BUFx24_ASAP7_75t_R)
  43.11  587.75 ^ clkbuf_9_256_0_clk_regs/Y (BUFx24_ASAP7_75t_R)
  26.07  613.82 ^ clkbuf_leaf_622_clk_regs/Y (BUFx24_ASAP7_75t_R)
   1.69  615.51 ^ u_me.u_tag.genblk1.g_line.line[611]$_DFF_P_/CLK (DFFHQNx1_ASAP7_75t_R)
  -8.03  607.48   clock reconvergence pessimism
  13.30  620.78   library hold time
         620.78   data required time
---------------------------------------------------------
         620.78   data required time
        -640.56   data arrival time
---------------------------------------------------------
          19.77   slack (MET)



==========================================================================
finish critical path target clock latency max path
--------------------------------------------------------------------------
588.9305

==========================================================================
finish critical path target clock latency min path
--------------------------------------------------------------------------
617.1643

==========================================================================
finish critical path source clock latency min path
--------------------------------------------------------------------------
0.0000

==========================================================================
finish critical path delay
--------------------------------------------------------------------------
1999.0616

==========================================================================
finish critical path slack
--------------------------------------------------------------------------
83.7999

==========================================================================
finish slack div critical path delay
--------------------------------------------------------------------------
4.191962

==========================================================================
finish report_power
--------------------------------------------------------------------------
Group                  Internal  Switching    Leakage      Total
                          Power      Power      Power      Power (Watts)
----------------------------------------------------------------
Sequential             1.55e-02   3.37e-03   2.38e-06   1.89e-02  19.9%
Combinational          1.99e-02   2.65e-02   6.51e-06   4.64e-02  48.8%
Clock                  1.12e-02   4.89e-03   1.21e-06   1.61e-02  16.9%
Macro                  1.34e-02   0.00e+00   3.44e-04   1.37e-02  14.4%
Pad                    0.00e+00   0.00e+00   0.00e+00   0.00e+00   0.0%
----------------------------------------------------------------
Total                  6.00e-02   3.47e-02   3.54e-04   9.51e-02 100.0%
                          63.1%      36.5%       0.4%
