%Warning-DECLFILENAME: /home/ubuntu/w2-pc-exact-completion-model-20261003/results/rtl/w2_fullnc6_primary_development_20261003/lint_r4/input_0_ot_w2_sealed_secded72.sv:5:8: Filename 'input_0_ot_w2_sealed_secded72' does not match MODULE name: 'ot_w2_sealed_secded72'
    5 | module ot_w2_sealed_secded72 #(
      |        ^~~~~~~~~~~~~~~~~~~~~
                       ... For warning description see https://verilator.org/warn/DECLFILENAME?v=5.050
                       ... Use "/* verilator lint_off DECLFILENAME */" and lint_on around source to disable this message.
%Warning-DECLFILENAME: /home/ubuntu/w2-pc-exact-completion-model-20261003/results/rtl/w2_fullnc6_primary_development_20261003/lint_r4/input_1_ot_w2_nc6_coded_secondary_acyclic.sv:5:8: Filename 'input_1_ot_w2_nc6_coded_secondary_acyclic' does not match MODULE name: 'ot_w2_nc6_coded_secondary_acyclic'
    5 | module ot_w2_nc6_coded_secondary_acyclic #(
      |        ^~~~~~~~~~~~~~~~~~~~~~~~~~~~~~~~~
%Warning-PINCONNECTEMPTY: /home/ubuntu/w2-pc-exact-completion-model-20261003/results/rtl/w2_fullnc6_primary_development_20261003/lint_r4/input_1_ot_w2_nc6_coded_secondary_acyclic.sv:141:43: Instance pin connected by name with empty reference: 'encoded_word'
  141 |     .payload(44'b0),.current_word(cw[w]),.encoded_word(),
      |                                           ^~~~~~~~~~~~
                          ... For warning description see https://verilator.org/warn/PINCONNECTEMPTY?v=5.050
                          ... Use "/* verilator lint_off PINCONNECTEMPTY */" and lint_on around source to disable this message.
%Warning-PINCONNECTEMPTY: /home/ubuntu/w2-pc-exact-completion-model-20261003/results/rtl/w2_fullnc6_primary_development_20261003/lint_r4/input_1_ot_w2_nc6_coded_secondary_acyclic.sv:142:6: Instance pin connected by name with empty reference: 'syndrome'
  142 |     .syndrome(),.overall_odd(),.clean(),.correctable(ce[w]),.uncorrectable(uncorrectable),
      |      ^~~~~~~~
%Warning-PINCONNECTEMPTY: /home/ubuntu/w2-pc-exact-completion-model-20261003/results/rtl/w2_fullnc6_primary_development_20261003/lint_r4/input_1_ot_w2_nc6_coded_secondary_acyclic.sv:142:18: Instance pin connected by name with empty reference: 'overall_odd'
  142 |     .syndrome(),.overall_odd(),.clean(),.correctable(ce[w]),.uncorrectable(uncorrectable),
      |                  ^~~~~~~~~~~
%Warning-PINCONNECTEMPTY: /home/ubuntu/w2-pc-exact-completion-model-20261003/results/rtl/w2_fullnc6_primary_development_20261003/lint_r4/input_1_ot_w2_nc6_coded_secondary_acyclic.sv:142:33: Instance pin connected by name with empty reference: 'clean'
  142 |     .syndrome(),.overall_odd(),.clean(),.correctable(ce[w]),.uncorrectable(uncorrectable),
      |                                 ^~~~~
%Warning-PINCONNECTEMPTY: /home/ubuntu/w2-pc-exact-completion-model-20261003/results/rtl/w2_fullnc6_primary_development_20261003/lint_r4/input_1_ot_w2_nc6_coded_secondary_acyclic.sv:150:6: Instance pin connected by name with empty reference: 'syndrome'
  150 |     .syndrome(),.overall_odd(),.clean(),.correctable(),.uncorrectable(),
      |      ^~~~~~~~
%Warning-PINCONNECTEMPTY: /home/ubuntu/w2-pc-exact-completion-model-20261003/results/rtl/w2_fullnc6_primary_development_20261003/lint_r4/input_1_ot_w2_nc6_coded_secondary_acyclic.sv:150:18: Instance pin connected by name with empty reference: 'overall_odd'
  150 |     .syndrome(),.overall_odd(),.clean(),.correctable(),.uncorrectable(),
      |                  ^~~~~~~~~~~
%Warning-PINCONNECTEMPTY: /home/ubuntu/w2-pc-exact-completion-model-20261003/results/rtl/w2_fullnc6_primary_development_20261003/lint_r4/input_1_ot_w2_nc6_coded_secondary_acyclic.sv:150:33: Instance pin connected by name with empty reference: 'clean'
  150 |     .syndrome(),.overall_odd(),.clean(),.correctable(),.uncorrectable(),
      |                                 ^~~~~
%Warning-PINCONNECTEMPTY: /home/ubuntu/w2-pc-exact-completion-model-20261003/results/rtl/w2_fullnc6_primary_development_20261003/lint_r4/input_1_ot_w2_nc6_coded_secondary_acyclic.sv:150:42: Instance pin connected by name with empty reference: 'correctable'
  150 |     .syndrome(),.overall_odd(),.clean(),.correctable(),.uncorrectable(),
      |                                          ^~~~~~~~~~~
%Warning-PINCONNECTEMPTY: /home/ubuntu/w2-pc-exact-completion-model-20261003/results/rtl/w2_fullnc6_primary_development_20261003/lint_r4/input_1_ot_w2_nc6_coded_secondary_acyclic.sv:150:57: Instance pin connected by name with empty reference: 'uncorrectable'
  150 |     .syndrome(),.overall_odd(),.clean(),.correctable(),.uncorrectable(),
      |                                                         ^~~~~~~~~~~~~
%Warning-PINCONNECTEMPTY: /home/ubuntu/w2-pc-exact-completion-model-20261003/results/rtl/w2_fullnc6_primary_development_20261003/lint_r4/input_1_ot_w2_nc6_coded_secondary_acyclic.sv:151:6: Instance pin connected by name with empty reference: 'seal_ok'
  151 |     .seal_ok(),.padding_ok(),.release_clean(),.repaired_payload(),.repaired_word());
      |      ^~~~~~~
%Warning-PINCONNECTEMPTY: /home/ubuntu/w2-pc-exact-completion-model-20261003/results/rtl/w2_fullnc6_primary_development_20261003/lint_r4/input_1_ot_w2_nc6_coded_secondary_acyclic.sv:151:17: Instance pin connected by name with empty reference: 'padding_ok'
  151 |     .seal_ok(),.padding_ok(),.release_clean(),.repaired_payload(),.repaired_word());
      |                 ^~~~~~~~~~
%Warning-PINCONNECTEMPTY: /home/ubuntu/w2-pc-exact-completion-model-20261003/results/rtl/w2_fullnc6_primary_development_20261003/lint_r4/input_1_ot_w2_nc6_coded_secondary_acyclic.sv:151:31: Instance pin connected by name with empty reference: 'release_clean'
  151 |     .seal_ok(),.padding_ok(),.release_clean(),.repaired_payload(),.repaired_word());
      |                               ^~~~~~~~~~~~~
%Warning-PINCONNECTEMPTY: /home/ubuntu/w2-pc-exact-completion-model-20261003/results/rtl/w2_fullnc6_primary_development_20261003/lint_r4/input_1_ot_w2_nc6_coded_secondary_acyclic.sv:151:48: Instance pin connected by name with empty reference: 'repaired_payload'
  151 |     .seal_ok(),.padding_ok(),.release_clean(),.repaired_payload(),.repaired_word());
      |                                                ^~~~~~~~~~~~~~~~
%Warning-PINCONNECTEMPTY: /home/ubuntu/w2-pc-exact-completion-model-20261003/results/rtl/w2_fullnc6_primary_development_20261003/lint_r4/input_1_ot_w2_nc6_coded_secondary_acyclic.sv:151:68: Instance pin connected by name with empty reference: 'repaired_word'
  151 |     .seal_ok(),.padding_ok(),.release_clean(),.repaired_payload(),.repaired_word());
      |                                                                    ^~~~~~~~~~~~~
%Warning-DECLFILENAME: /home/ubuntu/w2-pc-exact-completion-model-20261003/results/rtl/w2_fullnc6_primary_development_20261003/lint_r4/input_2_ot_w2_nc6_correction_control.sv:4:8: Filename 'input_2_ot_w2_nc6_correction_control' does not match MODULE name: 'ot_w2_nc6_correction_control'
    4 | module ot_w2_nc6_correction_control(
      |        ^~~~~~~~~~~~~~~~~~~~~~~~~~~~
%Warning-DECLFILENAME: /home/ubuntu/w2-pc-exact-completion-model-20261003/results/rtl/w2_fullnc6_primary_development_20261003/lint_r4/input_3_ot_w2_nc6_protected_completion.sv:4:8: Filename 'input_3_ot_w2_nc6_protected_completion' does not match MODULE name: 'ot_w2_nc6_protected_completion'
    4 | module ot_w2_nc6_protected_completion #(
      |        ^~~~~~~~~~~~~~~~~~~~~~~~~~~~~~
%Warning-PINCONNECTEMPTY: /home/ubuntu/w2-pc-exact-completion-model-20261003/results/rtl/w2_fullnc6_primary_development_20261003/lint_r4/input_3_ot_w2_nc6_protected_completion.sv:963:40: Instance pin connected by name with empty reference: 'encoded_word'
  963 |  .payload(44'b0),.current_word(cw[l]),.encoded_word(),.syndrome(),.overall_odd(),.clean(),
      |                                        ^~~~~~~~~~~~
%Warning-PINCONNECTEMPTY: /home/ubuntu/w2-pc-exact-completion-model-20261003/results/rtl/w2_fullnc6_primary_development_20261003/lint_r4/input_3_ot_w2_nc6_protected_completion.sv:963:56: Instance pin connected by name with empty reference: 'syndrome'
  963 |  .payload(44'b0),.current_word(cw[l]),.encoded_word(),.syndrome(),.overall_odd(),.clean(),
      |                                                        ^~~~~~~~
%Warning-PINCONNECTEMPTY: /home/ubuntu/w2-pc-exact-completion-model-20261003/results/rtl/w2_fullnc6_primary_development_20261003/lint_r4/input_3_ot_w2_nc6_protected_completion.sv:963:68: Instance pin connected by name with empty reference: 'overall_odd'
  963 |  .payload(44'b0),.current_word(cw[l]),.encoded_word(),.syndrome(),.overall_odd(),.clean(),
      |                                                                    ^~~~~~~~~~~
%Warning-PINCONNECTEMPTY: /home/ubuntu/w2-pc-exact-completion-model-20261003/results/rtl/w2_fullnc6_primary_development_20261003/lint_r4/input_3_ot_w2_nc6_protected_completion.sv:963:83: Instance pin connected by name with empty reference: 'clean'
  963 |  .payload(44'b0),.current_word(cw[l]),.encoded_word(),.syndrome(),.overall_odd(),.clean(),
      |                                                                                   ^~~~~
%Warning-PINCONNECTEMPTY: /home/ubuntu/w2-pc-exact-completion-model-20261003/results/rtl/w2_fullnc6_primary_development_20261003/lint_r4/input_3_ot_w2_nc6_protected_completion.sv:967:68: Instance pin connected by name with empty reference: 'syndrome'
  967 |  .payload(bounded),.current_word(72'b0),.encoded_word(encoded[l]),.syndrome(),.overall_odd(),.clean(),
      |                                                                    ^~~~~~~~
%Warning-PINCONNECTEMPTY: /home/ubuntu/w2-pc-exact-completion-model-20261003/results/rtl/w2_fullnc6_primary_development_20261003/lint_r4/input_3_ot_w2_nc6_protected_completion.sv:967:80: Instance pin connected by name with empty reference: 'overall_odd'
  967 |  .payload(bounded),.current_word(72'b0),.encoded_word(encoded[l]),.syndrome(),.overall_odd(),.clean(),
      |                                                                                ^~~~~~~~~~~
%Warning-PINCONNECTEMPTY: /home/ubuntu/w2-pc-exact-completion-model-20261003/results/rtl/w2_fullnc6_primary_development_20261003/lint_r4/input_3_ot_w2_nc6_protected_completion.sv:967:95: Instance pin connected by name with empty reference: 'clean'
  967 |  .payload(bounded),.current_word(72'b0),.encoded_word(encoded[l]),.syndrome(),.overall_odd(),.clean(),
      |                                                                                               ^~~~~
%Warning-PINCONNECTEMPTY: /home/ubuntu/w2-pc-exact-completion-model-20261003/results/rtl/w2_fullnc6_primary_development_20261003/lint_r4/input_3_ot_w2_nc6_protected_completion.sv:968:3: Instance pin connected by name with empty reference: 'correctable'
  968 |  .correctable(),.uncorrectable(),.seal_ok(),.padding_ok(),.release_clean(),.repaired_payload(),.repaired_word());
      |   ^~~~~~~~~~~
%Warning-PINCONNECTEMPTY: /home/ubuntu/w2-pc-exact-completion-model-20261003/results/rtl/w2_fullnc6_primary_development_20261003/lint_r4/input_3_ot_w2_nc6_protected_completion.sv:968:18: Instance pin connected by name with empty reference: 'uncorrectable'
  968 |  .correctable(),.uncorrectable(),.seal_ok(),.padding_ok(),.release_clean(),.repaired_payload(),.repaired_word());
      |                  ^~~~~~~~~~~~~
%Warning-PINCONNECTEMPTY: /home/ubuntu/w2-pc-exact-completion-model-20261003/results/rtl/w2_fullnc6_primary_development_20261003/lint_r4/input_3_ot_w2_nc6_protected_completion.sv:968:35: Instance pin connected by name with empty reference: 'seal_ok'
  968 |  .correctable(),.uncorrectable(),.seal_ok(),.padding_ok(),.release_clean(),.repaired_payload(),.repaired_word());
      |                                   ^~~~~~~
%Warning-PINCONNECTEMPTY: /home/ubuntu/w2-pc-exact-completion-model-20261003/results/rtl/w2_fullnc6_primary_development_20261003/lint_r4/input_3_ot_w2_nc6_protected_completion.sv:968:46: Instance pin connected by name with empty reference: 'padding_ok'
  968 |  .correctable(),.uncorrectable(),.seal_ok(),.padding_ok(),.release_clean(),.repaired_payload(),.repaired_word());
      |                                              ^~~~~~~~~~
%Warning-PINCONNECTEMPTY: /home/ubuntu/w2-pc-exact-completion-model-20261003/results/rtl/w2_fullnc6_primary_development_20261003/lint_r4/input_3_ot_w2_nc6_protected_completion.sv:968:60: Instance pin connected by name with empty reference: 'release_clean'
  968 |  .correctable(),.uncorrectable(),.seal_ok(),.padding_ok(),.release_clean(),.repaired_payload(),.repaired_word());
      |                                                            ^~~~~~~~~~~~~
%Warning-PINCONNECTEMPTY: /home/ubuntu/w2-pc-exact-completion-model-20261003/results/rtl/w2_fullnc6_primary_development_20261003/lint_r4/input_3_ot_w2_nc6_protected_completion.sv:968:77: Instance pin connected by name with empty reference: 'repaired_payload'
  968 |  .correctable(),.uncorrectable(),.seal_ok(),.padding_ok(),.release_clean(),.repaired_payload(),.repaired_word());
      |                                                                             ^~~~~~~~~~~~~~~~
%Warning-PINCONNECTEMPTY: /home/ubuntu/w2-pc-exact-completion-model-20261003/results/rtl/w2_fullnc6_primary_development_20261003/lint_r4/input_3_ot_w2_nc6_protected_completion.sv:968:97: Instance pin connected by name with empty reference: 'repaired_word'
  968 |  .correctable(),.uncorrectable(),.seal_ok(),.padding_ok(),.release_clean(),.repaired_payload(),.repaired_word());
      |                                                                                                 ^~~~~~~~~~~~~
%Warning-GENUNNAMED: /home/ubuntu/w2-pc-exact-completion-model-20261003/results/rtl/w2_fullnc6_primary_development_20261003/lint_r4/input_3_ot_w2_nc6_protected_completion.sv:1064:40: Unnamed generate block 'genblk1' (IEEE 1800-2023 27.6)
                                                                                                                                                                                     : ... Suggest assign a label with 'begin : gen_<label_name>'
 1064 |  if(re<6)assign repair_retire_ready[re]=primary_retire_offer[re];
      |                                        ^
                     ... For warning description see https://verilator.org/warn/GENUNNAMED?v=5.050
                     ... Use "/* verilator lint_off GENUNNAMED */" and lint_on around source to disable this message.
%Warning-GENUNNAMED: /home/ubuntu/w2-pc-exact-completion-model-20261003/results/rtl/w2_fullnc6_primary_development_20261003/lint_r4/input_3_ot_w2_nc6_protected_completion.sv:1065:37: Unnamed generate block 'genblk1' (IEEE 1800-2023 27.6)
                                                                                                                                                                                     : ... Suggest assign a label with 'begin : gen_<label_name>'
 1065 |  else assign repair_retire_ready[re]=primary_retire_offer[re]||(secondary_retire_offer[re]&&scrub_ready[re-6]);
      |                                     ^
%Warning-WIDTHTRUNC: /home/ubuntu/w2-pc-exact-completion-model-20261003/results/rtl/w2_fullnc6_primary_development_20261003/lint_r4/input_3_ot_w2_nc6_protected_completion.sv:1071:14: Logical operator LOGAND expects 1 bit on the LHS, but LHS's VARREF 'OPT_EXACT' generates 32 bits.
                                                                                                                                                                                     : ... note: In instance 'ot_w2_nc6_protected_completion'
 1071 |  if(OPT_EXACT&&rst_n&&!any_core_bad&&!correction_error)begin
      |              ^~
                     ... For warning description see https://verilator.org/warn/WIDTHTRUNC?v=5.050
                     ... Use "/* verilator lint_off WIDTHTRUNC */" and lint_on around source to disable this message.
%Warning-WIDTHTRUNC: /home/ubuntu/w2-pc-exact-completion-model-20261003/results/rtl/w2_fullnc6_primary_development_20261003/lint_r4/input_3_ot_w2_nc6_protected_completion.sv:1118:34: Logical operator LOGAND expects 1 bit on the RHS, but RHS's VARREF 'OPT_EXACT' generates 32 bits.
                                                                                                                                                                                     : ... note: In instance 'ot_w2_nc6_protected_completion'
 1118 |  if(all_core_clean&&!context_live&&OPT_EXACT&&rst_n)begin
      |                                  ^~
%Warning-WIDTHTRUNC: /home/ubuntu/w2-pc-exact-completion-model-20261003/results/rtl/w2_fullnc6_primary_development_20261003/lint_r4/input_3_ot_w2_nc6_protected_completion.sv:1184:34: Logical operator LOGAND expects 1 bit on the RHS, but RHS's VARREF 'OPT_EXACT' generates 32 bits.
                                                                                                                                                                                     : ... note: In instance 'ot_w2_nc6_protected_completion'
 1184 |  if(all_core_clean&&!context_live&&OPT_EXACT&&rst_n)begin
      |                                  ^~
%Warning-WIDTHTRUNC: /home/ubuntu/w2-pc-exact-completion-model-20261003/results/rtl/w2_fullnc6_primary_development_20261003/lint_r4/input_3_ot_w2_nc6_protected_completion.sv:1244:22: Logical operator LOGAND expects 1 bit on the RHS, but RHS's VARREF 'OPT_EXACT' generates 32 bits.
                                                                                                                                                                                     : ... note: In instance 'ot_w2_nc6_protected_completion'
 1244 |  if(permit&&!core_bad&&OPT_EXACT&&rst_n)begin
      |                      ^~
%Warning-WIDTHTRUNC: /home/ubuntu/w2-pc-exact-completion-model-20261003/results/rtl/w2_fullnc6_primary_development_20261003/lint_r4/input_3_ot_w2_nc6_protected_completion.sv:1252:34: Logical operator LOGAND expects 1 bit on the RHS, but RHS's VARREF 'OPT_EXACT' generates 32 bits.
                                                                                                                                                                                     : ... note: In instance 'ot_w2_nc6_protected_completion'
 1252 |  if(all_core_clean&&!context_live&&OPT_EXACT&&rst_n)begin
      |                                  ^~
%Warning-WIDTHTRUNC: /home/ubuntu/w2-pc-exact-completion-model-20261003/results/rtl/w2_fullnc6_primary_development_20261003/lint_r4/input_3_ot_w2_nc6_protected_completion.sv:1374:24: Logical operator LOGNOT expects 1 bit on the LHS, but LHS's VARREF 'OPT_EXACT' generates 32 bits.
                                                                                                                                                                                     : ... note: In instance 'ot_w2_nc6_protected_completion'
 1374 |  if(!permit||core_bad||!OPT_EXACT||!rst_n)begin
      |                        ^
%Warning-WIDTHTRUNC: /home/ubuntu/w2-pc-exact-completion-model-20261003/results/rtl/w2_fullnc6_primary_development_20261003/lint_r4/input_3_ot_w2_nc6_protected_completion.sv:1378:14: Logical operator LOGAND expects 1 bit on the LHS, but LHS's VARREF 'OPT_EXACT' generates 32 bits.
                                                                                                                                                                                     : ... note: In instance 'ot_w2_nc6_protected_completion'
 1378 |  if(OPT_EXACT&&rst_n&&!any_core_bad&&!correction_error)begin
      |              ^~
%Warning-WIDTHTRUNC: /home/ubuntu/w2-pc-exact-completion-model-20261003/results/rtl/w2_fullnc6_primary_development_20261003/lint_r4/input_3_ot_w2_nc6_protected_completion.sv:1390:7: Logical operator IF expects 1 bit on the If, but If's VARREF 'OPT_EXACT' generates 32 bits.
                                                                                                                                                                                    : ... note: In instance 'ot_w2_nc6_protected_completion'
 1390 |  else if(OPT_EXACT)begin for(integer x=0;x<NW;x=x+1)if(WE[x])cw[x]<=encoded[x];end
      |       ^~
%Warning-UNUSEDSIGNAL: /home/ubuntu/w2-pc-exact-completion-model-20261003/results/rtl/w2_fullnc6_primary_development_20261003/lint_r4/input_3_ot_w2_nc6_protected_completion.sv:49:14: Signal is not used: 'committed'
                                                                                                                                                                                     : ... note: In instance 'ot_w2_nc6_protected_completion'
   49 |  wire [17:0] committed;
      |              ^~~~~~~~~
                       ... For warning description see https://verilator.org/warn/UNUSEDSIGNAL?v=5.050
                       ... Use "/* verilator lint_off UNUSEDSIGNAL */" and lint_on around source to disable this message.
%Warning-UNUSEDSIGNAL: /home/ubuntu/w2-pc-exact-completion-model-20261003/results/rtl/w2_fullnc6_primary_development_20261003/lint_r4/input_3_ot_w2_nc6_protected_completion.sv:53:58: Bits of signal are not used: 'fault_slot'[31:4]
                                                                                                                                                                                     : ... note: In instance 'ot_w2_nc6_protected_completion'
   53 |  integer fault_i,fault_j,fault_k,fault_c,fault_a,fault_n,fault_slot;
      |                                                          ^~~~~~~~~~
%Warning-UNUSEDSIGNAL: /home/ubuntu/w2-pc-exact-completion-model-20261003/results/rtl/w2_fullnc6_primary_development_20261003/lint_r4/input_3_ot_w2_nc6_protected_completion.sv:61:22: Signal is not used: 'Xn'
                                                                                                                                                                                     : ... note: In instance 'ot_w2_nc6_protected_completion'
   61 |  logic [95:0] X[0:7],Xn[0:7];
      |                      ^~
%Warning-UNUSEDSIGNAL: /home/ubuntu/w2-pc-exact-completion-model-20261003/results/rtl/w2_fullnc6_primary_development_20261003/lint_r4/input_3_ot_w2_nc6_protected_completion.sv:62:28: Signal is not used: 'context_changed'
                                                                                                                                                                                     : ... note: In instance 'ot_w2_nc6_protected_completion'
   62 |  logic [7:0] context_clean,context_changed,peer_repaired;
      |                            ^~~~~~~~~~~~~~~
%Warning-UNUSEDSIGNAL: /home/ubuntu/w2-pc-exact-completion-model-20261003/results/rtl/w2_fullnc6_primary_development_20261003/lint_r4/input_3_ot_w2_nc6_protected_completion.sv:62:44: Signal is not used: 'peer_repaired'
                                                                                                                                                                                     : ... note: In instance 'ot_w2_nc6_protected_completion'
   62 |  logic [7:0] context_clean,context_changed,peer_repaired;
      |                                            ^~~~~~~~~~~~~
%Warning-UNUSEDSIGNAL: /home/ubuntu/w2-pc-exact-completion-model-20261003/results/rtl/w2_fullnc6_primary_development_20261003/lint_r4/input_3_ot_w2_nc6_protected_completion.sv:74:35: Bits of signal are not used: 'secondary_retire_offer'[5:0]
                                                                                                                                                                                     : ... note: In instance 'ot_w2_nc6_protected_completion'
   74 |  logic [7:0] primary_retire_offer,secondary_retire_offer;
      |                                   ^~~~~~~~~~~~~~~~~~~~~~
%Warning-UNUSEDSIGNAL: /home/ubuntu/w2-pc-exact-completion-model-20261003/results/rtl/w2_fullnc6_primary_development_20261003/lint_r4/input_3_ot_w2_nc6_protected_completion.sv:75:7: Signal is not used: 'correction_busy'
                                                                                                                                                                                    : ... note: In instance 'ot_w2_nc6_protected_completion'
   75 |  wire correction_busy,correction_error;
      |       ^~~~~~~~~~~~~~~
%Warning-UNUSEDSIGNAL: /home/ubuntu/w2-pc-exact-completion-model-20261003/results/rtl/w2_fullnc6_primary_development_20261003/lint_r4/input_3_ot_w2_nc6_protected_completion.sv:84:32: Signal is not used: 'choice'
                                                                                                                                                                                     : ... note: In instance 'ot_w2_nc6_protected_completion'
   84 |  integer i,j,k,c,a,n,slot,hits,choice,rc,wc,bank,offset,eng,owner;
      |                                ^~~~~~
%Warning-UNUSEDSIGNAL: /home/ubuntu/w2-pc-exact-completion-model-20261003/results/rtl/w2_fullnc6_primary_development_20261003/lint_r4/input_3_ot_w2_nc6_protected_completion.sv:84:39: Signal is not used: 'rc'
                                                                                                                                                                                     : ... note: In instance 'ot_w2_nc6_protected_completion'
   84 |  integer i,j,k,c,a,n,slot,hits,choice,rc,wc,bank,offset,eng,owner;
      |                                       ^~
%Warning-UNUSEDSIGNAL: /home/ubuntu/w2-pc-exact-completion-model-20261003/results/rtl/w2_fullnc6_primary_development_20261003/lint_r4/input_3_ot_w2_nc6_protected_completion.sv:84:42: Signal is not used: 'wc'
                                                                                                                                                                                     : ... note: In instance 'ot_w2_nc6_protected_completion'
   84 |  integer i,j,k,c,a,n,slot,hits,choice,rc,wc,bank,offset,eng,owner;
      |                                          ^~
%Warning-UNUSEDSIGNAL: /home/ubuntu/w2-pc-exact-completion-model-20261003/results/rtl/w2_fullnc6_primary_development_20261003/lint_r4/input_3_ot_w2_nc6_protected_completion.sv:84:45: Signal is not used: 'bank'
                                                                                                                                                                                     : ... note: In instance 'ot_w2_nc6_protected_completion'
   84 |  integer i,j,k,c,a,n,slot,hits,choice,rc,wc,bank,offset,eng,owner;
      |                                             ^~~~
%Warning-UNUSEDSIGNAL: /home/ubuntu/w2-pc-exact-completion-model-20261003/results/rtl/w2_fullnc6_primary_development_20261003/lint_r4/input_3_ot_w2_nc6_protected_completion.sv:84:50: Signal is not used: 'offset'
                                                                                                                                                                                     : ... note: In instance 'ot_w2_nc6_protected_completion'
   84 |  integer i,j,k,c,a,n,slot,hits,choice,rc,wc,bank,offset,eng,owner;
      |                                                  ^~~~~~
%Warning-UNUSEDSIGNAL: /home/ubuntu/w2-pc-exact-completion-model-20261003/results/rtl/w2_fullnc6_primary_development_20261003/lint_r4/input_3_ot_w2_nc6_protected_completion.sv:84:61: Signal is not used: 'owner'
                                                                                                                                                                                     : ... note: In instance 'ot_w2_nc6_protected_completion'
   84 |  integer i,j,k,c,a,n,slot,hits,choice,rc,wc,bank,offset,eng,owner;
      |                                                             ^~~~~
%Warning-UNUSEDSIGNAL: /home/ubuntu/w2-pc-exact-completion-model-20261003/results/rtl/w2_fullnc6_primary_development_20261003/lint_r4/input_3_ot_w2_nc6_protected_completion.sv:85:17: Signal is not driven, nor used: 'view_j'
                                                                                                                                                                                     : ... note: In instance 'ot_w2_nc6_protected_completion'
   85 |  integer view_i,view_j,retire_e,retire_a;
      |                 ^~~~~~
%Warning-UNUSEDSIGNAL: /home/ubuntu/w2-pc-exact-completion-model-20261003/results/rtl/w2_fullnc6_primary_development_20261003/lint_r4/input_3_ot_w2_nc6_protected_completion.sv:86:34: Bits of signal are not used: 'offer_a'[31:8]
                                                                                                                                                                                     : ... note: In instance 'ot_w2_nc6_protected_completion'
   86 |  integer offer_i,offer_k,offer_c,offer_a;logic [43:0] offer_target;logic offer_found;
      |                                  ^~~~~~~
%Warning-UNUSEDSIGNAL: /home/ubuntu/w2-pc-exact-completion-model-20261003/results/rtl/w2_fullnc6_primary_development_20261003/lint_r4/input_3_ot_w2_nc6_protected_completion.sv:86:55: Bits of signal are not used: 'offer_target'[43:2]
                                                                                                                                                                                     : ... note: In instance 'ot_w2_nc6_protected_completion'
   86 |  integer offer_i,offer_k,offer_c,offer_a;logic [43:0] offer_target;logic offer_found;
      |                                                       ^~~~~~~~~~~~
%Warning-UNUSEDSIGNAL: /home/ubuntu/w2-pc-exact-completion-model-20261003/results/rtl/w2_fullnc6_primary_development_20261003/lint_r4/input_2_ot_w2_nc6_correction_control.sv:27:12: Signal is not used: 'f'
                                                                                                                                                                                   : ... note: In instance 'ot_w2_nc6_protected_completion.correction'
   27 |  integer e,f,g,t,a,b,ph,status,owner,pass,chosen;
      |            ^
%Warning-UNUSEDSIGNAL: /home/ubuntu/w2-pc-exact-completion-model-20261003/results/rtl/w2_fullnc6_primary_development_20261003/lint_r4/input_2_ot_w2_nc6_correction_control.sv:27:20: Signal is not used: 'b'
                                                                                                                                                                                   : ... note: In instance 'ot_w2_nc6_protected_completion.correction'
   27 |  integer e,f,g,t,a,b,ph,status,owner,pass,chosen;
      |                    ^
%Warning-UNUSEDSIGNAL: /home/ubuntu/w2-pc-exact-completion-model-20261003/results/rtl/w2_fullnc6_primary_development_20261003/lint_r4/input_1_ot_w2_nc6_coded_secondary_acyclic.sv:40:24: Signal is not used: 'slot'
                                                                                                                                                                                        : ... note: In instance 'ot_w2_nc6_protected_completion.secondary'
   40 |  integer client,wordno,slot,lane,index,a,d,newn,version,delta,phase;
      |                        ^~~~
%Warning-UNUSEDSIGNAL: /home/ubuntu/w2-pc-exact-completion-model-20261003/results/rtl/w2_fullnc6_primary_development_20261003/lint_r4/input_1_ot_w2_nc6_coded_secondary_acyclic.sv:49:15: Bits of signal are not used: 'target_data'[63:44]
                                                                                                                                                                                        : ... note: In instance 'ot_w2_nc6_protected_completion.secondary'
   49 |  logic [63:0] target_data;
      |               ^~~~~~~~~~~
%Warning-UNOPTFLAT: /home/ubuntu/w2-pc-exact-completion-model-20261003/results/rtl/w2_fullnc6_primary_development_20261003/lint_r4/input_3_ot_w2_nc6_protected_completion.sv:50:13: Signal unoptimizable: Circular combinational logic: 'ot_w2_nc6_protected_completion.request_open'
   50 |  wire [5:0] request_open,completion_open;
      |             ^~~~~~~~~~~~
                    ... For warning description see https://verilator.org/warn/UNOPTFLAT?v=5.050
                    ... Use "/* verilator lint_off UNOPTFLAT */" and lint_on around source to disable this message.
                    /home/ubuntu/w2-pc-exact-completion-model-20261003/results/rtl/w2_fullnc6_primary_development_20261003/lint_r4/input_3_ot_w2_nc6_protected_completion.sv:50:13:      Example path: ot_w2_nc6_protected_completion.request_open
                    /home/ubuntu/w2-pc-exact-completion-model-20261003/results/rtl/w2_fullnc6_primary_development_20261003/lint_r4/input_3_ot_w2_nc6_protected_completion.sv:1157:2:      Example path: ALWAYS
                    /home/ubuntu/w2-pc-exact-completion-model-20261003/results/rtl/w2_fullnc6_primary_development_20261003/lint_r4/input_3_ot_w2_nc6_protected_completion.sv:47:14:      Example path: ot_w2_nc6_protected_completion.count_pending
                    /home/ubuntu/w2-pc-exact-completion-model-20261003/results/rtl/w2_fullnc6_primary_development_20261003/lint_r4/input_1_ot_w2_nc6_coded_secondary_acyclic.sv:162:2:      Example path: ALWAYS
                    /home/ubuntu/w2-pc-exact-completion-model-20261003/results/rtl/w2_fullnc6_primary_development_20261003/lint_r4/input_3_ot_w2_nc6_protected_completion.sv:51:14:      Example path: ot_w2_nc6_protected_completion.secondary_idle
                    /home/ubuntu/w2-pc-exact-completion-model-20261003/results/rtl/w2_fullnc6_primary_development_20261003/lint_r4/input_1_ot_w2_nc6_coded_secondary_acyclic.sv:180:3:      Example path: ALWAYS
                    /home/ubuntu/w2-pc-exact-completion-model-20261003/results/rtl/w2_fullnc6_primary_development_20261003/lint_r4/input_3_ot_w2_nc6_protected_completion.sv:66:13:      Example path: ot_w2_nc6_protected_completion.scrub_ready
                    /home/ubuntu/w2-pc-exact-completion-model-20261003/results/rtl/w2_fullnc6_primary_development_20261003/lint_r4/input_3_ot_w2_nc6_protected_completion.sv:1064:40:      Example path: ASSIGNW
                    /home/ubuntu/w2-pc-exact-completion-model-20261003/results/rtl/w2_fullnc6_primary_development_20261003/lint_r4/input_3_ot_w2_nc6_protected_completion.sv:73:13:      Example path: ot_w2_nc6_protected_completion.repair_retire_ready
                    /home/ubuntu/w2-pc-exact-completion-model-20261003/results/rtl/w2_fullnc6_primary_development_20261003/lint_r4/input_2_ot_w2_nc6_correction_control.sv:53:2:      Example path: ALWAYS
                    /home/ubuntu/w2-pc-exact-completion-model-20261003/results/rtl/w2_fullnc6_primary_development_20261003/lint_r4/input_3_ot_w2_nc6_protected_completion.sv:70:31:      Example path: ot_w2_nc6_protected_completion.repair_scrub_v
                    /home/ubuntu/w2-pc-exact-completion-model-20261003/results/rtl/w2_fullnc6_primary_development_20261003/lint_r4/input_3_ot_w2_nc6_protected_completion.sv:1069:23:      Example path: ASSIGNW
                    /home/ubuntu/w2-pc-exact-completion-model-20261003/results/rtl/w2_fullnc6_primary_development_20261003/lint_r4/input_3_ot_w2_nc6_protected_completion.sv:64:15:      Example path: ot_w2_nc6_protected_completion.scrub_index
                    /home/ubuntu/w2-pc-exact-completion-model-20261003/results/rtl/w2_fullnc6_primary_development_20261003/lint_r4/input_1_ot_w2_nc6_coded_secondary_acyclic.sv:180:3:      Example path: ALWAYS
%Warning-UNOPTFLAT: /home/ubuntu/w2-pc-exact-completion-model-20261003/results/rtl/w2_fullnc6_primary_development_20261003/lint_r4/input_3_ot_w2_nc6_protected_completion.sv:66:13: Signal unoptimizable: Circular combinational logic: 'ot_w2_nc6_protected_completion.scrub_ready'
   66 |  wire [1:0] scrub_ready;
      |             ^~~~~~~~~~~
                    /home/ubuntu/w2-pc-exact-completion-model-20261003/results/rtl/w2_fullnc6_primary_development_20261003/lint_r4/input_3_ot_w2_nc6_protected_completion.sv:66:13:      Example path: ot_w2_nc6_protected_completion.scrub_ready
                    /home/ubuntu/w2-pc-exact-completion-model-20261003/results/rtl/w2_fullnc6_primary_development_20261003/lint_r4/input_3_ot_w2_nc6_protected_completion.sv:1064:40:      Example path: ASSIGNW
                    /home/ubuntu/w2-pc-exact-completion-model-20261003/results/rtl/w2_fullnc6_primary_development_20261003/lint_r4/input_3_ot_w2_nc6_protected_completion.sv:73:13:      Example path: ot_w2_nc6_protected_completion.repair_retire_ready
                    /home/ubuntu/w2-pc-exact-completion-model-20261003/results/rtl/w2_fullnc6_primary_development_20261003/lint_r4/input_2_ot_w2_nc6_correction_control.sv:53:2:      Example path: ALWAYS
                    /home/ubuntu/w2-pc-exact-completion-model-20261003/results/rtl/w2_fullnc6_primary_development_20261003/lint_r4/input_3_ot_w2_nc6_protected_completion.sv:70:31:      Example path: ot_w2_nc6_protected_completion.repair_scrub_v
                    /home/ubuntu/w2-pc-exact-completion-model-20261003/results/rtl/w2_fullnc6_primary_development_20261003/lint_r4/input_3_ot_w2_nc6_protected_completion.sv:1069:23:      Example path: ASSIGNW
                    /home/ubuntu/w2-pc-exact-completion-model-20261003/results/rtl/w2_fullnc6_primary_development_20261003/lint_r4/input_3_ot_w2_nc6_protected_completion.sv:64:15:      Example path: ot_w2_nc6_protected_completion.scrub_index
                    /home/ubuntu/w2-pc-exact-completion-model-20261003/results/rtl/w2_fullnc6_primary_development_20261003/lint_r4/input_1_ot_w2_nc6_coded_secondary_acyclic.sv:180:3:      Example path: ALWAYS
                    /home/ubuntu/w2-pc-exact-completion-model-20261003/results/rtl/w2_fullnc6_primary_development_20261003/lint_r4/input_3_ot_w2_nc6_protected_completion.sv:66:13:      Example path: ot_w2_nc6_protected_completion.scrub_ready
%Warning-UNOPTFLAT: /home/ubuntu/w2-pc-exact-completion-model-20261003/results/rtl/w2_fullnc6_primary_development_20261003/lint_r4/input_1_ot_w2_nc6_coded_secondary_acyclic.sv:175:123: Signal unoptimizable: Circular combinational logic: '__VdfgRegularize_h6e95ff9d_0_35'
  175 |   if(OPT_PROTECTION!=0&&rst_n&&!integrity_bad&&!payload[36][0]&&!logic_fault&&local_all_clean&&(&table_clean)&&other_clean&&
      |                                                                                                                           ^~
                    /home/ubuntu/w2-pc-exact-completion-model-20261003/results/rtl/w2_fullnc6_primary_development_20261003/lint_r4/input_1_ot_w2_nc6_coded_secondary_acyclic.sv:175:123:      Example path: __VdfgRegularize_h6e95ff9d_0_35
                    /home/ubuntu/w2-pc-exact-completion-model-20261003/results/rtl/w2_fullnc6_primary_development_20261003/lint_r4/input_1_ot_w2_nc6_coded_secondary_acyclic.sv:178:136:      Example path: ASSIGNW
                    /home/ubuntu/w2-pc-exact-completion-model-20261003/results/rtl/w2_fullnc6_primary_development_20261003/lint_r4/input_3_ot_w2_nc6_protected_completion.sv:50:13:      Example path: ot_w2_nc6_protected_completion.request_open
                    /home/ubuntu/w2-pc-exact-completion-model-20261003/results/rtl/w2_fullnc6_primary_development_20261003/lint_r4/input_3_ot_w2_nc6_protected_completion.sv:1157:2:      Example path: ALWAYS
                    /home/ubuntu/w2-pc-exact-completion-model-20261003/results/rtl/w2_fullnc6_primary_development_20261003/lint_r4/input_3_ot_w2_nc6_protected_completion.sv:47:14:      Example path: ot_w2_nc6_protected_completion.count_pending
                    /home/ubuntu/w2-pc-exact-completion-model-20261003/results/rtl/w2_fullnc6_primary_development_20261003/lint_r4/input_1_ot_w2_nc6_coded_secondary_acyclic.sv:162:2:      Example path: ALWAYS
                    /home/ubuntu/w2-pc-exact-completion-model-20261003/results/rtl/w2_fullnc6_primary_development_20261003/lint_r4/input_3_ot_w2_nc6_protected_completion.sv:51:14:      Example path: ot_w2_nc6_protected_completion.secondary_idle
                    /home/ubuntu/w2-pc-exact-completion-model-20261003/results/rtl/w2_fullnc6_primary_development_20261003/lint_r4/input_1_ot_w2_nc6_coded_secondary_acyclic.sv:180:3:      Example path: ALWAYS
                    /home/ubuntu/w2-pc-exact-completion-model-20261003/results/rtl/w2_fullnc6_primary_development_20261003/lint_r4/input_3_ot_w2_nc6_protected_completion.sv:66:13:      Example path: ot_w2_nc6_protected_completion.scrub_ready
                    /home/ubuntu/w2-pc-exact-completion-model-20261003/results/rtl/w2_fullnc6_primary_development_20261003/lint_r4/input_3_ot_w2_nc6_protected_completion.sv:1064:40:      Example path: ASSIGNW
                    /home/ubuntu/w2-pc-exact-completion-model-20261003/results/rtl/w2_fullnc6_primary_development_20261003/lint_r4/input_3_ot_w2_nc6_protected_completion.sv:73:13:      Example path: ot_w2_nc6_protected_completion.repair_retire_ready
                    /home/ubuntu/w2-pc-exact-completion-model-20261003/results/rtl/w2_fullnc6_primary_development_20261003/lint_r4/input_2_ot_w2_nc6_correction_control.sv:53:2:      Example path: ALWAYS
                    /home/ubuntu/w2-pc-exact-completion-model-20261003/results/rtl/w2_fullnc6_primary_development_20261003/lint_r4/input_3_ot_w2_nc6_protected_completion.sv:70:31:      Example path: ot_w2_nc6_protected_completion.repair_scrub_v
                    /home/ubuntu/w2-pc-exact-completion-model-20261003/results/rtl/w2_fullnc6_primary_development_20261003/lint_r4/input_3_ot_w2_nc6_protected_completion.sv:1069:23:      Example path: ASSIGNW
                    /home/ubuntu/w2-pc-exact-completion-model-20261003/results/rtl/w2_fullnc6_primary_development_20261003/lint_r4/input_3_ot_w2_nc6_protected_completion.sv:64:15:      Example path: ot_w2_nc6_protected_completion.scrub_index
                    /home/ubuntu/w2-pc-exact-completion-model-20261003/results/rtl/w2_fullnc6_primary_development_20261003/lint_r4/input_1_ot_w2_nc6_coded_secondary_acyclic.sv:180:3:      Example path: ALWAYS
%Warning-UNOPTFLAT: /home/ubuntu/w2-pc-exact-completion-model-20261003/results/rtl/w2_fullnc6_primary_development_20261003/lint_r4/input_3_ot_w2_nc6_protected_completion.sv:1071:21: Signal unoptimizable: Circular combinational logic: '__VdfgRegularize_h6e95ff9d_0_9'
 1071 |  if(OPT_EXACT&&rst_n&&!any_core_bad&&!correction_error)begin
      |                     ^~
                    /home/ubuntu/w2-pc-exact-completion-model-20261003/results/rtl/w2_fullnc6_primary_development_20261003/lint_r4/input_3_ot_w2_nc6_protected_completion.sv:1071:21:      Example path: __VdfgRegularize_h6e95ff9d_0_9
                    /home/ubuntu/w2-pc-exact-completion-model-20261003/results/rtl/w2_fullnc6_primary_development_20261003/lint_r4/input_3_ot_w2_nc6_protected_completion.sv:1069:9:      Example path: ASSIGNW
                    /home/ubuntu/w2-pc-exact-completion-model-20261003/results/rtl/w2_fullnc6_primary_development_20261003/lint_r4/input_3_ot_w2_nc6_protected_completion.sv:63:14:      Example path: ot_w2_nc6_protected_completion.scrub_v
                    /home/ubuntu/w2-pc-exact-completion-model-20261003/results/rtl/w2_fullnc6_primary_development_20261003/lint_r4/input_1_ot_w2_nc6_coded_secondary_acyclic.sv:180:3:      Example path: ALWAYS
                    /home/ubuntu/w2-pc-exact-completion-model-20261003/results/rtl/w2_fullnc6_primary_development_20261003/lint_r4/input_3_ot_w2_nc6_protected_completion.sv:66:13:      Example path: ot_w2_nc6_protected_completion.scrub_ready
                    /home/ubuntu/w2-pc-exact-completion-model-20261003/results/rtl/w2_fullnc6_primary_development_20261003/lint_r4/input_3_ot_w2_nc6_protected_completion.sv:1064:40:      Example path: ASSIGNW
                    /home/ubuntu/w2-pc-exact-completion-model-20261003/results/rtl/w2_fullnc6_primary_development_20261003/lint_r4/input_3_ot_w2_nc6_protected_completion.sv:73:13:      Example path: ot_w2_nc6_protected_completion.repair_retire_ready
                    /home/ubuntu/w2-pc-exact-completion-model-20261003/results/rtl/w2_fullnc6_primary_development_20261003/lint_r4/input_2_ot_w2_nc6_correction_control.sv:53:2:      Example path: ALWAYS
                    /home/ubuntu/w2-pc-exact-completion-model-20261003/results/rtl/w2_fullnc6_primary_development_20261003/lint_r4/input_3_ot_w2_nc6_protected_completion.sv:70:31:      Example path: ot_w2_nc6_protected_completion.repair_scrub_v
                    /home/ubuntu/w2-pc-exact-completion-model-20261003/results/rtl/w2_fullnc6_primary_development_20261003/lint_r4/input_3_ot_w2_nc6_protected_completion.sv:1069:23:      Example path: ASSIGNW
                    /home/ubuntu/w2-pc-exact-completion-model-20261003/results/rtl/w2_fullnc6_primary_development_20261003/lint_r4/input_3_ot_w2_nc6_protected_completion.sv:64:15:      Example path: ot_w2_nc6_protected_completion.scrub_index
                    /home/ubuntu/w2-pc-exact-completion-model-20261003/results/rtl/w2_fullnc6_primary_development_20261003/lint_r4/input_1_ot_w2_nc6_coded_secondary_acyclic.sv:180:3:      Example path: ALWAYS
%Warning-UNOPTFLAT: /home/ubuntu/w2-pc-exact-completion-model-20261003/results/rtl/w2_fullnc6_primary_development_20261003/lint_r4/input_3_ot_w2_nc6_protected_completion.sv:1072:65: Signal unoptimizable: Circular combinational logic: '__VdfgRegularize_h6e95ff9d_0_78'
 1072 |  for(retire_e=0;retire_e<8;retire_e=retire_e+1)if(repair_scrub_v[retire_e])begin
      |                                                                 ^
                    /home/ubuntu/w2-pc-exact-completion-model-20261003/results/rtl/w2_fullnc6_primary_development_20261003/lint_r4/input_3_ot_w2_nc6_protected_completion.sv:1072:65:      Example path: __VdfgRegularize_h6e95ff9d_0_78
                    /home/ubuntu/w2-pc-exact-completion-model-20261003/results/rtl/w2_fullnc6_primary_development_20261003/lint_r4/input_3_ot_w2_nc6_protected_completion.sv:1069:9:      Example path: ASSIGNW
                    /home/ubuntu/w2-pc-exact-completion-model-20261003/results/rtl/w2_fullnc6_primary_development_20261003/lint_r4/input_3_ot_w2_nc6_protected_completion.sv:63:14:      Example path: ot_w2_nc6_protected_completion.scrub_v
                    /home/ubuntu/w2-pc-exact-completion-model-20261003/results/rtl/w2_fullnc6_primary_development_20261003/lint_r4/input_1_ot_w2_nc6_coded_secondary_acyclic.sv:180:3:      Example path: ALWAYS
                    /home/ubuntu/w2-pc-exact-completion-model-20261003/results/rtl/w2_fullnc6_primary_development_20261003/lint_r4/input_3_ot_w2_nc6_protected_completion.sv:66:13:      Example path: ot_w2_nc6_protected_completion.scrub_ready
                    /home/ubuntu/w2-pc-exact-completion-model-20261003/results/rtl/w2_fullnc6_primary_development_20261003/lint_r4/input_3_ot_w2_nc6_protected_completion.sv:1064:40:      Example path: ASSIGNW
                    /home/ubuntu/w2-pc-exact-completion-model-20261003/results/rtl/w2_fullnc6_primary_development_20261003/lint_r4/input_3_ot_w2_nc6_protected_completion.sv:73:13:      Example path: ot_w2_nc6_protected_completion.repair_retire_ready
                    /home/ubuntu/w2-pc-exact-completion-model-20261003/results/rtl/w2_fullnc6_primary_development_20261003/lint_r4/input_2_ot_w2_nc6_correction_control.sv:53:2:      Example path: ALWAYS
                    /home/ubuntu/w2-pc-exact-completion-model-20261003/results/rtl/w2_fullnc6_primary_development_20261003/lint_r4/input_3_ot_w2_nc6_protected_completion.sv:70:31:      Example path: ot_w2_nc6_protected_completion.repair_scrub_v
                    /home/ubuntu/w2-pc-exact-completion-model-20261003/results/rtl/w2_fullnc6_primary_development_20261003/lint_r4/input_3_ot_w2_nc6_protected_completion.sv:1069:23:      Example path: ASSIGNW
                    /home/ubuntu/w2-pc-exact-completion-model-20261003/results/rtl/w2_fullnc6_primary_development_20261003/lint_r4/input_3_ot_w2_nc6_protected_completion.sv:64:15:      Example path: ot_w2_nc6_protected_completion.scrub_index
                    /home/ubuntu/w2-pc-exact-completion-model-20261003/results/rtl/w2_fullnc6_primary_development_20261003/lint_r4/input_1_ot_w2_nc6_coded_secondary_acyclic.sv:180:3:      Example path: ALWAYS
%Warning-UNOPTFLAT: /home/ubuntu/w2-pc-exact-completion-model-20261003/results/rtl/w2_fullnc6_primary_development_20261003/lint_r4/input_3_ot_w2_nc6_protected_completion.sv:74:14: Signal unoptimizable: Circular combinational logic: 'ot_w2_nc6_protected_completion.primary_retire_offer'
   74 |  logic [7:0] primary_retire_offer,secondary_retire_offer;
      |              ^~~~~~~~~~~~~~~~~~~~
                    /home/ubuntu/w2-pc-exact-completion-model-20261003/results/rtl/w2_fullnc6_primary_development_20261003/lint_r4/input_3_ot_w2_nc6_protected_completion.sv:74:14:      Example path: ot_w2_nc6_protected_completion.primary_retire_offer
                    /home/ubuntu/w2-pc-exact-completion-model-20261003/results/rtl/w2_fullnc6_primary_development_20261003/lint_r4/input_3_ot_w2_nc6_protected_completion.sv:1064:40:      Example path: ASSIGNW
                    /home/ubuntu/w2-pc-exact-completion-model-20261003/results/rtl/w2_fullnc6_primary_development_20261003/lint_r4/input_3_ot_w2_nc6_protected_completion.sv:73:13:      Example path: ot_w2_nc6_protected_completion.repair_retire_ready
                    /home/ubuntu/w2-pc-exact-completion-model-20261003/results/rtl/w2_fullnc6_primary_development_20261003/lint_r4/input_2_ot_w2_nc6_correction_control.sv:53:2:      Example path: ALWAYS
                    /home/ubuntu/w2-pc-exact-completion-model-20261003/results/rtl/w2_fullnc6_primary_development_20261003/lint_r4/input_3_ot_w2_nc6_protected_completion.sv:70:31:      Example path: ot_w2_nc6_protected_completion.repair_scrub_v
                    /home/ubuntu/w2-pc-exact-completion-model-20261003/results/rtl/w2_fullnc6_primary_development_20261003/lint_r4/input_3_ot_w2_nc6_protected_completion.sv:1069:23:      Example path: ASSIGNW
                    /home/ubuntu/w2-pc-exact-completion-model-20261003/results/rtl/w2_fullnc6_primary_development_20261003/lint_r4/input_3_ot_w2_nc6_protected_completion.sv:64:15:      Example path: ot_w2_nc6_protected_completion.scrub_index
                    /home/ubuntu/w2-pc-exact-completion-model-20261003/results/rtl/w2_fullnc6_primary_development_20261003/lint_r4/input_1_ot_w2_nc6_coded_secondary_acyclic.sv:180:3:      Example path: ALWAYS
                    /home/ubuntu/w2-pc-exact-completion-model-20261003/results/rtl/w2_fullnc6_primary_development_20261003/lint_r4/input_3_ot_w2_nc6_protected_completion.sv:66:13:      Example path: ot_w2_nc6_protected_completion.scrub_ready
                    /home/ubuntu/w2-pc-exact-completion-model-20261003/results/rtl/w2_fullnc6_primary_development_20261003/lint_r4/input_3_ot_w2_nc6_protected_completion.sv:1064:40:      Example path: ASSIGNW
%Warning-UNOPTFLAT: /home/ubuntu/w2-pc-exact-completion-model-20261003/results/rtl/w2_fullnc6_primary_development_20261003/lint_r4/input_3_ot_w2_nc6_protected_completion.sv:1075:26: Signal unoptimizable: Circular combinational logic: '__VdfgRegularize_h6e95ff9d_0_10'
 1075 |  if(local_index(retire_a)>=0)primary_retire_offer[retire_e]=1;
      |                          ^~
                    /home/ubuntu/w2-pc-exact-completion-model-20261003/results/rtl/w2_fullnc6_primary_development_20261003/lint_r4/input_3_ot_w2_nc6_protected_completion.sv:1075:26:      Example path: __VdfgRegularize_h6e95ff9d_0_10
                    /home/ubuntu/w2-pc-exact-completion-model-20261003/results/rtl/w2_fullnc6_primary_development_20261003/lint_r4/input_3_ot_w2_nc6_protected_completion.sv:1075:60:      Example path: ASSIGNW
                    /home/ubuntu/w2-pc-exact-completion-model-20261003/results/rtl/w2_fullnc6_primary_development_20261003/lint_r4/input_3_ot_w2_nc6_protected_completion.sv:74:14:      Example path: ot_w2_nc6_protected_completion.primary_retire_offer
                    /home/ubuntu/w2-pc-exact-completion-model-20261003/results/rtl/w2_fullnc6_primary_development_20261003/lint_r4/input_3_ot_w2_nc6_protected_completion.sv:1064:40:      Example path: ASSIGNW
                    /home/ubuntu/w2-pc-exact-completion-model-20261003/results/rtl/w2_fullnc6_primary_development_20261003/lint_r4/input_3_ot_w2_nc6_protected_completion.sv:73:13:      Example path: ot_w2_nc6_protected_completion.repair_retire_ready
                    /home/ubuntu/w2-pc-exact-completion-model-20261003/results/rtl/w2_fullnc6_primary_development_20261003/lint_r4/input_2_ot_w2_nc6_correction_control.sv:53:2:      Example path: ALWAYS
                    /home/ubuntu/w2-pc-exact-completion-model-20261003/results/rtl/w2_fullnc6_primary_development_20261003/lint_r4/input_3_ot_w2_nc6_protected_completion.sv:70:31:      Example path: ot_w2_nc6_protected_completion.repair_scrub_v
                    /home/ubuntu/w2-pc-exact-completion-model-20261003/results/rtl/w2_fullnc6_primary_development_20261003/lint_r4/input_3_ot_w2_nc6_protected_completion.sv:1069:23:      Example path: ASSIGNW
                    /home/ubuntu/w2-pc-exact-completion-model-20261003/results/rtl/w2_fullnc6_primary_development_20261003/lint_r4/input_3_ot_w2_nc6_protected_completion.sv:64:15:      Example path: ot_w2_nc6_protected_completion.scrub_index
                    /home/ubuntu/w2-pc-exact-completion-model-20261003/results/rtl/w2_fullnc6_primary_development_20261003/lint_r4/input_1_ot_w2_nc6_coded_secondary_acyclic.sv:180:3:      Example path: ALWAYS
                    /home/ubuntu/w2-pc-exact-completion-model-20261003/results/rtl/w2_fullnc6_primary_development_20261003/lint_r4/input_3_ot_w2_nc6_protected_completion.sv:66:13:      Example path: ot_w2_nc6_protected_completion.scrub_ready
                    /home/ubuntu/w2-pc-exact-completion-model-20261003/results/rtl/w2_fullnc6_primary_development_20261003/lint_r4/input_3_ot_w2_nc6_protected_completion.sv:1064:40:      Example path: ASSIGNW
%Warning-UNOPTFLAT: /home/ubuntu/w2-pc-exact-completion-model-20261003/results/rtl/w2_fullnc6_primary_development_20261003/lint_r4/input_3_ot_w2_nc6_protected_completion.sv:1074:100: Signal unoptimizable: Circular combinational logic: '__VdfgRegularize_h6e95ff9d_0_11'
 1074 |  if(retire_a<219&&ce[retire_a]&&!invalid[retire_a]&&raw[retire_a]==repair_original[72*retire_e+:72]&&fixed_word[retire_a]==repair_candidate[72*retire_e+:72])begin
      |                                                                                                    ^~
                    /home/ubuntu/w2-pc-exact-completion-model-20261003/results/rtl/w2_fullnc6_primary_development_20261003/lint_r4/input_3_ot_w2_nc6_protected_completion.sv:1074:100:      Example path: __VdfgRegularize_h6e95ff9d_0_11
                    /home/ubuntu/w2-pc-exact-completion-model-20261003/results/rtl/w2_fullnc6_primary_development_20261003/lint_r4/input_3_ot_w2_nc6_protected_completion.sv:1075:60:      Example path: ASSIGNW
                    /home/ubuntu/w2-pc-exact-completion-model-20261003/results/rtl/w2_fullnc6_primary_development_20261003/lint_r4/input_3_ot_w2_nc6_protected_completion.sv:74:14:      Example path: ot_w2_nc6_protected_completion.primary_retire_offer
                    /home/ubuntu/w2-pc-exact-completion-model-20261003/results/rtl/w2_fullnc6_primary_development_20261003/lint_r4/input_3_ot_w2_nc6_protected_completion.sv:1064:40:      Example path: ASSIGNW
                    /home/ubuntu/w2-pc-exact-completion-model-20261003/results/rtl/w2_fullnc6_primary_development_20261003/lint_r4/input_3_ot_w2_nc6_protected_completion.sv:73:13:      Example path: ot_w2_nc6_protected_completion.repair_retire_ready
                    /home/ubuntu/w2-pc-exact-completion-model-20261003/results/rtl/w2_fullnc6_primary_development_20261003/lint_r4/input_2_ot_w2_nc6_correction_control.sv:53:2:      Example path: ALWAYS
                    /home/ubuntu/w2-pc-exact-completion-model-20261003/results/rtl/w2_fullnc6_primary_development_20261003/lint_r4/input_3_ot_w2_nc6_protected_completion.sv:70:31:      Example path: ot_w2_nc6_protected_completion.repair_scrub_v
                    /home/ubuntu/w2-pc-exact-completion-model-20261003/results/rtl/w2_fullnc6_primary_development_20261003/lint_r4/input_3_ot_w2_nc6_protected_completion.sv:1069:23:      Example path: ASSIGNW
                    /home/ubuntu/w2-pc-exact-completion-model-20261003/results/rtl/w2_fullnc6_primary_development_20261003/lint_r4/input_3_ot_w2_nc6_protected_completion.sv:64:15:      Example path: ot_w2_nc6_protected_completion.scrub_index
                    /home/ubuntu/w2-pc-exact-completion-model-20261003/results/rtl/w2_fullnc6_primary_development_20261003/lint_r4/input_1_ot_w2_nc6_coded_secondary_acyclic.sv:180:3:      Example path: ALWAYS
                    /home/ubuntu/w2-pc-exact-completion-model-20261003/results/rtl/w2_fullnc6_primary_development_20261003/lint_r4/input_3_ot_w2_nc6_protected_completion.sv:66:13:      Example path: ot_w2_nc6_protected_completion.scrub_ready
                    /home/ubuntu/w2-pc-exact-completion-model-20261003/results/rtl/w2_fullnc6_primary_development_20261003/lint_r4/input_3_ot_w2_nc6_protected_completion.sv:1064:40:      Example path: ASSIGNW
- V e r i l a t i o n   R e p o r t: Verilator 5.050 2026-07-01 rev v5.050
- Verilator: Built from 0.197 MB sources in 5 modules, into 39.983 MB in 49 C++ files needing 0.000 MB
- Verilator: Walltime 72.126 s (elab=1.188, cvt=62.077, bld=0.000); cpu 21.687 s on 1 threads; allocated 388.148 MB
