CLIENT_REQUEST cycle=12302 addr=40000 tag=0
CLIENT_REPLY cycle=12355 tag=0
CLIENT_REQUEST cycle=12356 addr=40001 tag=1
CLIENT_REPLY cycle=12409 tag=1
CLIENT_REQUEST cycle=12410 addr=40002 tag=2
CLIENT_REPLY cycle=12463 tag=2
CLIENT_REQUEST cycle=12464 addr=40003 tag=3
CLIENT_REPLY cycle=12517 tag=3
CLIENT_REQUEST cycle=12518 addr=40004 tag=4
PROGRESS cycle=19999 started=12300 primed=128 staged=-1 reads=5 replies=4 beats=0 src_busy=1 pfstate=6 rows=0 refill=7698 req=0 ready=0 backend_req=0 backend_rsp=0 rspready=ffffffff q1=0 r1=0 rt1=0
PROGRESS cycle=39999 started=12300 primed=128 staged=-1 reads=5 replies=4 beats=0 src_busy=1 pfstate=6 rows=0 refill=27698 req=0 ready=0 backend_req=0 backend_rsp=0 rspready=ffffffff q1=0 r1=0 rt1=0
PROGRESS cycle=59999 started=12300 primed=128 staged=-1 reads=5 replies=4 beats=0 src_busy=1 pfstate=6 rows=0 refill=47698 req=0 ready=0 backend_req=0 backend_rsp=0 rspready=ffffffff q1=0 r1=0 rt1=0
PROGRESS cycle=79999 started=12300 primed=128 staged=-1 reads=5 replies=4 beats=0 src_busy=1 pfstate=6 rows=0 refill=67698 req=0 ready=0 backend_req=0 backend_rsp=0 rspready=ffffffff q1=0 r1=0 rt1=0
PROGRESS cycle=99999 started=12300 primed=128 staged=-1 reads=5 replies=4 beats=0 src_busy=1 pfstate=6 rows=0 refill=87698 req=0 ready=0 backend_req=0 backend_rsp=0 rspready=ffffffff q1=0 r1=0 rt1=0
PROGRESS cycle=119999 started=12300 primed=128 staged=-1 reads=5 replies=4 beats=0 src_busy=1 pfstate=6 rows=0 refill=107698 req=0 ready=0 backend_req=0 backend_rsp=0 rspready=ffffffff q1=0 r1=0 rt1=0
PROGRESS cycle=139999 started=12300 primed=128 staged=-1 reads=5 replies=4 beats=0 src_busy=1 pfstate=6 rows=0 refill=127698 req=0 ready=0 backend_req=0 backend_rsp=0 rspready=ffffffff q1=0 r1=0 rt1=0
PROGRESS cycle=159999 started=12300 primed=128 staged=-1 reads=5 replies=4 beats=0 src_busy=1 pfstate=6 rows=0 refill=147698 req=0 ready=0 backend_req=0 backend_rsp=0 rspready=ffffffff q1=0 r1=0 rt1=0
PROGRESS cycle=179999 started=12300 primed=128 staged=-1 reads=5 replies=4 beats=0 src_busy=1 pfstate=6 rows=0 refill=167698 req=0 ready=0 backend_req=0 backend_rsp=0 rspready=ffffffff q1=0 r1=0 rt1=0
PROGRESS cycle=199999 started=12300 primed=128 staged=-1 reads=5 replies=4 beats=0 src_busy=1 pfstate=6 rows=0 refill=187698 req=0 ready=0 backend_req=0 backend_rsp=0 rspready=ffffffff q1=0 r1=0 rt1=0
[200002000] %Fatal: tb.sv:129: Assertion failed in tb: cycle cap reads=5 replies=4 staged=-1 beats=0
%Error: /tmp/opentallas-window-connected-baseline-20261001/rtl/test/w17_window_connected_baseline/tb.sv:129: Verilog $stop
Aborting...
