OpenROAD 26Q3-1510-g6cb3f2b704 
Features included (+) or not (-): +GPU +GUI +Python
This program is licensed under the BSD-3 license. See the LICENSE file for details.
Components of this program may be licensed under more restrictive licenses which must be honored.
[INFO ODB-0227] LEF file: /OpenROAD-flow-scripts/flow/platforms/asap7/lef/asap7_tech_1x_201209.lef, created 30 layers, 9 vias
[INFO ODB-0227] LEF file: /OpenROAD-flow-scripts/flow/platforms/asap7/lef/asap7sc7p5t_28_R_1x_220121a.lef, created 212 library cells
[WARNING STA-1212] /OpenROAD-flow-scripts/flow/platforms/asap7/lib/NLDM/asap7sc7p5t_SIMPLE_RVT_SS_nldm_211120.lib.gz line 13156, timing group from output port.
[WARNING STA-1212] /OpenROAD-flow-scripts/flow/platforms/asap7/lib/NLDM/asap7sc7p5t_SIMPLE_RVT_SS_nldm_211120.lib.gz line 13189, timing group from output port.
[WARNING STA-1212] /OpenROAD-flow-scripts/flow/platforms/asap7/lib/NLDM/asap7sc7p5t_SIMPLE_RVT_SS_nldm_211120.lib.gz line 13222, timing group from output port.
[WARNING STA-1212] /OpenROAD-flow-scripts/flow/platforms/asap7/lib/NLDM/asap7sc7p5t_SIMPLE_RVT_SS_nldm_211120.lib.gz line 13255, timing group from output port.
[WARNING STA-1212] /OpenROAD-flow-scripts/flow/platforms/asap7/lib/NLDM/asap7sc7p5t_SIMPLE_RVT_SS_nldm_211120.lib.gz line 13288, timing group from output port.
[WARNING STA-1212] /OpenROAD-flow-scripts/flow/platforms/asap7/lib/NLDM/asap7sc7p5t_SIMPLE_RVT_SS_nldm_211120.lib.gz line 13321, timing group from output port.
[WARNING STA-1212] /OpenROAD-flow-scripts/flow/platforms/asap7/lib/NLDM/asap7sc7p5t_SIMPLE_RVT_SS_nldm_211120.lib.gz line 13354, timing group from output port.
[WARNING STA-1212] /OpenROAD-flow-scripts/flow/platforms/asap7/lib/NLDM/asap7sc7p5t_SIMPLE_RVT_SS_nldm_211120.lib.gz line 14748, timing group from output port.
[WARNING STA-1212] /OpenROAD-flow-scripts/flow/platforms/asap7/lib/NLDM/asap7sc7p5t_SIMPLE_RVT_SS_nldm_211120.lib.gz line 14781, timing group from output port.
[WARNING STA-1212] /OpenROAD-flow-scripts/flow/platforms/asap7/lib/NLDM/asap7sc7p5t_SIMPLE_RVT_SS_nldm_211120.lib.gz line 14814, timing group from output port.
OT_CORNER ss
OT_WS -5.70764935314827e-10
OT_TNS -2.1579428732820816e-7
Startpoint: rst_n (input port clocked by core_clk)
Endpoint: g_q[4].u_q.rp[2]$_DFFE_PN0P_
          (recovery check against rising-edge clock core_clk)
Path Group: asynchronous
Path Type: max

  Delay    Time   Description
---------------------------------------------------------
   0.00    0.00   clock core_clk (rise edge)
   0.00    0.00   clock network delay (propagated)
 166.60  166.60 ^ input external delay
   0.00  166.60 ^ rst_n (in)
  20.25  186.85 ^ hold50875/Y (BUFx2_ASAP7_75t_R)
  24.68  211.53 ^ hold45803/Y (BUFx2_ASAP7_75t_R)
  24.74  236.27 ^ hold50876/Y (BUFx2_ASAP7_75t_R)
  24.63  260.90 ^ hold45398/Y (BUFx2_ASAP7_75t_R)
  24.93  285.82 ^ hold50877/Y (BUFx2_ASAP7_75t_R)
  25.60  311.42 ^ hold45804/Y (BUFx2_ASAP7_75t_R)
  26.20  337.62 ^ hold50878/Y (BUFx2_ASAP7_75t_R)
  35.84  373.45 ^ input844/Y (BUFx4_ASAP7_75t_R)
  38.58  412.04 ^ hold50879/Y (BUFx2_ASAP7_75t_R)
  41.01  453.05 ^ hold45805/Y (BUFx2_ASAP7_75t_R)
  40.45  493.50 ^ hold50880/Y (BUFx2_ASAP7_75t_R)
  38.46  531.97 ^ hold45399/Y (BUFx6f_ASAP7_75t_R)
  49.23  581.20 ^ hold45806/Y (BUFx6f_ASAP7_75t_R)
 137.98  719.18 ^ place32133/Y (BUFx5_ASAP7_75t_R)
 165.48  884.66 ^ place32128/Y (BUFx5_ASAP7_75t_R)
  51.12  935.78 ^ g_q[4].u_q.rp[2]$_DFFE_PN0P_/RESETN (DFFASRHQNx1_ASAP7_75t_R)
         935.78   data arrival time

 833.00  833.00   clock core_clk (rise edge)
   0.00  833.00   clock source latency
   0.00  833.00 ^ clk (in)
  43.00  876.00 ^ clkbuf_0_clk/Y (BUFx24_ASAP7_75t_R)
  37.68  913.68 ^ clkbuf_1_1_0_clk/Y (BUFx24_ASAP7_75t_R)
  37.83  951.51 ^ clkbuf_1_1_1_clk/Y (BUFx24_ASAP7_75t_R)
  37.94  989.44 ^ clkbuf_1_1_2_clk/Y (BUFx24_ASAP7_75t_R)
  38.66 1028.10 ^ clkbuf_1_1_3_clk/Y (BUFx24_ASAP7_75t_R)
  36.97 1065.06 ^ clkbuf_2_3_0_clk/Y (BUFx24_ASAP7_75t_R)
  39.58 1104.64 ^ clkbuf_3_6_0_clk/Y (BUFx24_ASAP7_75t_R)
  40.47 1145.12 ^ clkbuf_3_6_1_clk/Y (BUFx24_ASAP7_75t_R)
  38.82 1183.93 ^ clkbuf_5_26_0_clk/Y (BUFx24_ASAP7_75t_R)
  38.79 1222.72 ^ clkbuf_5_26_1_clk/Y (BUFx24_ASAP7_75t_R)
  47.12 1269.84 ^ clkbuf_7_105__f_clk/Y (BUFx24_ASAP7_75t_R)
  48.93 1318.77 ^ clkbuf_leaf_1080_clk/Y (BUFx24_ASAP7_75t_R)
   1.68 1320.45 ^ g_q[4].u_q.rp[2]$_DFFE_PN0P_/CLK (DFFASRHQNx1_ASAP7_75t_R)
 -60.00 1260.45   clock uncertainty
   0.00 1260.45   clock reconvergence pessimism
  32.02 1292.46   library recovery time
        1292.46   data required time
---------------------------------------------------------
        1292.46   data required time
        -935.78   data arrival time
---------------------------------------------------------
         356.68   slack (MET)


Startpoint: g_m2.g_h[1].u_h.rp$_DFFE_PN0P_
            (rising edge-triggered flip-flop clocked by core_clk)
Endpoint: k_rsp_data[207] (output port clocked by core_clk)
Path Group: core_clk
Path Type: max

  Delay    Time   Description
---------------------------------------------------------
   0.00    0.00   clock core_clk (rise edge)
   0.00    0.00   clock source latency
   0.00    0.00 ^ clk (in)
  44.47   44.47 ^ clkbuf_0_clk/Y (BUFx24_ASAP7_75t_R)
  38.65   83.13 ^ clkbuf_1_1_0_clk/Y (BUFx24_ASAP7_75t_R)
  38.67  121.80 ^ clkbuf_1_1_1_clk/Y (BUFx24_ASAP7_75t_R)
  38.77  160.57 ^ clkbuf_1_1_2_clk/Y (BUFx24_ASAP7_75t_R)
  39.65  200.21 ^ clkbuf_1_1_3_clk/Y (BUFx24_ASAP7_75t_R)
  38.01  238.23 ^ clkbuf_2_3_0_clk/Y (BUFx24_ASAP7_75t_R)
  41.10  279.33 ^ clkbuf_3_6_0_clk/Y (BUFx24_ASAP7_75t_R)
  41.79  321.13 ^ clkbuf_3_6_1_clk/Y (BUFx24_ASAP7_75t_R)
  40.92  362.04 ^ clkbuf_5_27_0_clk/Y (BUFx24_ASAP7_75t_R)
  41.88  403.92 ^ clkbuf_5_27_1_clk/Y (BUFx24_ASAP7_75t_R)
  54.81  458.73 ^ clkbuf_7_109__f_clk/Y (BUFx24_ASAP7_75t_R)
  57.49  516.22 ^ clkbuf_leaf_790_clk/Y (BUFx24_ASAP7_75t_R)
   2.35  518.57 ^ g_m2.g_h[1].u_h.rp$_DFFE_PN0P_/CLK (DFFASRHQNx1_ASAP7_75t_R)
  93.47  612.05 v g_m2.g_h[1].u_h.rp$_DFFE_PN0P_/QN (DFFASRHQNx1_ASAP7_75t_R)
  42.28  654.33 v place31949/Y (BUFx6f_ASAP7_75t_R)
  52.83  707.16 v rebuffer32195/Y (BUFx16f_ASAP7_75t_R)
  70.22  777.37 v place31938/Y (BUFx12f_ASAP7_75t_R)
  20.71  798.09 ^ _179030_/Y (NOR2x1_ASAP7_75t_R)
  85.30  883.38 ^ _179031_/Y (AO21x2_ASAP7_75t_R)
  90.79  974.17 ^ place28056/Y (BUFx12f_ASAP7_75t_R)
 134.65 1108.82 ^ _179035_/Y (AO21x2_ASAP7_75t_R)
  67.89 1176.72 ^ output3630/Y (BUFx6f_ASAP7_75t_R)
   0.45 1177.16 ^ k_rsp_data[207] (out)
        1177.16   data arrival time

 833.00  833.00   clock core_clk (rise edge)
   0.00  833.00   clock network delay (propagated)
 -60.00  773.00   clock uncertainty
   0.00  773.00   clock reconvergence pessimism
-166.60  606.40   output external delay
         606.40   data required time
---------------------------------------------------------
         606.40   data required time
        -1177.16   data arrival time
---------------------------------------------------------
        -570.76   slack (VIOLATED)


OT_VIOL_D_PINS 1248
OT_WS_REG_D -121.426979
OT_WS_OUT -570.764954
OT_WS_R2R -121.426979
OT_WS_I2R 356.683899
