OpenROAD 26Q3-1510-g6cb3f2b704 
Features included (+) or not (-): +GPU +GUI +Python
This program is licensed under the BSD-3 license. See the LICENSE file for details.
Components of this program may be licensed under more restrictive licenses which must be honored.
[INFO ODB-0227] LEF file: /OpenROAD-flow-scripts/flow/platforms/asap7/lef/asap7_tech_1x_201209.lef, created 30 layers, 9 vias
[INFO ODB-0227] LEF file: /OpenROAD-flow-scripts/flow/platforms/asap7/lef/asap7sc7p5t_28_R_1x_220121a.lef, created 212 library cells
[INFO ODB-0227] LEF file: /src/physical/asap7_memory_macros/ot_rom_4096x266_m8/ot_rom_4096x266_m8.lef, created 1 library cells
[WARNING STA-1212] /OpenROAD-flow-scripts/flow/platforms/asap7/lib/NLDM/asap7sc7p5t_SIMPLE_RVT_TT_nldm_211120.lib.gz line 13178, timing group from output port.
[WARNING STA-1212] /OpenROAD-flow-scripts/flow/platforms/asap7/lib/NLDM/asap7sc7p5t_SIMPLE_RVT_TT_nldm_211120.lib.gz line 13211, timing group from output port.
[WARNING STA-1212] /OpenROAD-flow-scripts/flow/platforms/asap7/lib/NLDM/asap7sc7p5t_SIMPLE_RVT_TT_nldm_211120.lib.gz line 13244, timing group from output port.
[WARNING STA-1212] /OpenROAD-flow-scripts/flow/platforms/asap7/lib/NLDM/asap7sc7p5t_SIMPLE_RVT_TT_nldm_211120.lib.gz line 13277, timing group from output port.
[WARNING STA-1212] /OpenROAD-flow-scripts/flow/platforms/asap7/lib/NLDM/asap7sc7p5t_SIMPLE_RVT_TT_nldm_211120.lib.gz line 13310, timing group from output port.
[WARNING STA-1212] /OpenROAD-flow-scripts/flow/platforms/asap7/lib/NLDM/asap7sc7p5t_SIMPLE_RVT_TT_nldm_211120.lib.gz line 13343, timing group from output port.
[WARNING STA-1212] /OpenROAD-flow-scripts/flow/platforms/asap7/lib/NLDM/asap7sc7p5t_SIMPLE_RVT_TT_nldm_211120.lib.gz line 13376, timing group from output port.
[WARNING STA-1212] /OpenROAD-flow-scripts/flow/platforms/asap7/lib/NLDM/asap7sc7p5t_SIMPLE_RVT_TT_nldm_211120.lib.gz line 14772, timing group from output port.
[WARNING STA-1212] /OpenROAD-flow-scripts/flow/platforms/asap7/lib/NLDM/asap7sc7p5t_SIMPLE_RVT_TT_nldm_211120.lib.gz line 14805, timing group from output port.
[WARNING STA-1212] /OpenROAD-flow-scripts/flow/platforms/asap7/lib/NLDM/asap7sc7p5t_SIMPLE_RVT_TT_nldm_211120.lib.gz line 14838, timing group from output port.
QDM reference pin u_ingress.u_island.valid_q$_DFF_PN0_/CLK clock arrival max 147.919510 min 140.419724 skew 90 hold 50
OT_IO_INTER 20 inputs 19 outputs at 150 ps
OT_WS_MAX 1.3868678427897407e-10 OT_WS_MIN 7.352422837225703e-11
Clock core_clk
rise -> rise
    min     max
   0.00    0.00 source latency
 138.89         network latency credits[2]$_DFF_PN1_/CLK
         172.67 network latency u_scale/clk
---------------
 138.89  172.67 latency
          33.77 skew

fall -> fall
    min     max
   0.00    0.00 source latency
 151.09         network latency credits[2]$_DFF_PN1_/CLK
         189.22 network latency u_scale/clk
---------------
 151.09  189.22 latency
          38.13 skew


OT_EXPORT_DONE
