ROW_BOUNDARY refill=511 epoch=511 rows=511 reads=8687 pending=0
WINDOW_OWNER_NEGATIVE_CONFIRMED refill=512 rows=511 reads=8687 replies=8687 client_tag=4000 sector=0 owner=01 w_valid=1 w_ready=0 master_valid=0 mux_fault=1 pf_fault=0 peak=3
	Command being timed: "vvp /tmp/opentallas-window-owner-tag-original-20261003-r1/gate.vvp"
	User time (seconds): 2.82
	System time (seconds): 0.00
	Percent of CPU this job got: 17%
	Elapsed (wall clock) time (h:mm:ss or m:ss): 0:16.02
	Average shared text size (kbytes): 0
	Average unshared data size (kbytes): 0
	Average stack size (kbytes): 0
	Average total size (kbytes): 0
	Maximum resident set size (kbytes): 8192
	Average resident set size (kbytes): 0
	Major (requiring I/O) page faults: 0
	Minor (reclaiming a frame) page faults: 969
	Voluntary context switches: 4
	Involuntary context switches: 1099
	Swaps: 0
	File system inputs: 0
	File system outputs: 8
	Socket messages sent: 0
	Socket messages received: 0
	Signals delivered: 0
	Page size (bytes): 4096
	Exit status: 0
