OpenROAD 26Q3-1510-g6cb3f2b704 
Features included (+) or not (-): +GPU +GUI +Python
This program is licensed under the BSD-3 license. See the LICENSE file for details.
Components of this program may be licensed under more restrictive licenses which must be honored.
[INFO ODB-0227] LEF file: /OpenROAD-flow-scripts/flow/platforms/asap7/lef/asap7_tech_1x_201209.lef, created 30 layers, 9 vias
[INFO ODB-0227] LEF file: /OpenROAD-flow-scripts/flow/platforms/asap7/lef/asap7sc7p5t_28_R_1x_220121a.lef, created 212 library cells
[WARNING STA-1212] /OpenROAD-flow-scripts/flow/platforms/asap7/lib/NLDM/asap7sc7p5t_SIMPLE_RVT_SS_nldm_211120.lib.gz line 13156, timing group from output port.
[WARNING STA-1212] /OpenROAD-flow-scripts/flow/platforms/asap7/lib/NLDM/asap7sc7p5t_SIMPLE_RVT_SS_nldm_211120.lib.gz line 13189, timing group from output port.
[WARNING STA-1212] /OpenROAD-flow-scripts/flow/platforms/asap7/lib/NLDM/asap7sc7p5t_SIMPLE_RVT_SS_nldm_211120.lib.gz line 13222, timing group from output port.
[WARNING STA-1212] /OpenROAD-flow-scripts/flow/platforms/asap7/lib/NLDM/asap7sc7p5t_SIMPLE_RVT_SS_nldm_211120.lib.gz line 13255, timing group from output port.
[WARNING STA-1212] /OpenROAD-flow-scripts/flow/platforms/asap7/lib/NLDM/asap7sc7p5t_SIMPLE_RVT_SS_nldm_211120.lib.gz line 13288, timing group from output port.
[WARNING STA-1212] /OpenROAD-flow-scripts/flow/platforms/asap7/lib/NLDM/asap7sc7p5t_SIMPLE_RVT_SS_nldm_211120.lib.gz line 13321, timing group from output port.
[WARNING STA-1212] /OpenROAD-flow-scripts/flow/platforms/asap7/lib/NLDM/asap7sc7p5t_SIMPLE_RVT_SS_nldm_211120.lib.gz line 13354, timing group from output port.
[WARNING STA-1212] /OpenROAD-flow-scripts/flow/platforms/asap7/lib/NLDM/asap7sc7p5t_SIMPLE_RVT_SS_nldm_211120.lib.gz line 14748, timing group from output port.
[WARNING STA-1212] /OpenROAD-flow-scripts/flow/platforms/asap7/lib/NLDM/asap7sc7p5t_SIMPLE_RVT_SS_nldm_211120.lib.gz line 14781, timing group from output port.
[WARNING STA-1212] /OpenROAD-flow-scripts/flow/platforms/asap7/lib/NLDM/asap7sc7p5t_SIMPLE_RVT_SS_nldm_211120.lib.gz line 14814, timing group from output port.
OT_CORNER ss
OT_WS -4.261538899541506e-10
OT_TNS -4.977091450086846e-8
Startpoint: u_b.active.d[191]$_DFF_N_
            (falling edge-triggered flip-flop clocked by fwd_a)
Endpoint: o_d[191] (output port clocked by forwarded)
Path Group: forwarded
Path Type: max

  Delay    Time   Description
---------------------------------------------------------
   0.00    0.00   clock fwd_a (fall edge)
   0.00    0.00   clock source latency
   0.00    0.00 ^ fclk_i (in)
  37.86   37.86 ^ clkbuf_0_fclk_i/Y (BUFx24_ASAP7_75t_R)
  41.08   78.93 ^ clkbuf_1_0__f_fclk_i/Y (BUFx24_ASAP7_75t_R)
  46.47  125.40 ^ clkbuf_leaf_9_fclk_i/Y (BUFx24_ASAP7_75t_R)
  28.59  154.00 v u_a.active.u_fwd_inv/_0_/Y (INVx3_ASAP7_75t_R)
  56.38  210.38 ^ u_rep0/_0_/Y (INVx3_ASAP7_75t_R)
  69.40  279.78 v u_rep1/_0_/Y (INVx3_ASAP7_75t_R)
  78.32  358.09 ^ u_rep2/_0_/Y (INVx3_ASAP7_75t_R)
  72.78  430.87 v u_rep3/_0_/Y (INVx3_ASAP7_75t_R)
  76.88  507.75 ^ u_rep4/_0_/Y (INVx3_ASAP7_75t_R)
  61.83  569.59 v u_rep5/_0_/Y (INVx3_ASAP7_75t_R)
  65.34  634.92 v clkbuf_0_fc[6]/Y (BUFx24_ASAP7_75t_R)
  49.33  684.26 v clkbuf_1_0__f_fc[6]/Y (BUFx24_ASAP7_75t_R)
  62.42  746.68 v clkbuf_leaf_7_fc[6]/Y (BUFx24_ASAP7_75t_R)
   1.11  747.79 v u_b.active.d[191]$_DFF_N_/CLK (DFFLQNx3_ASAP7_75t_R)
 149.41  897.20 v u_b.active.d[191]$_DFF_N_/QN (DFFLQNx3_ASAP7_75t_R)
  67.81  965.02 v wire3974/Y (BUFx16f_ASAP7_75t_R)
  98.74 1063.75 v place3656/Y (BUFx12f_ASAP7_75t_R)
 141.77 1205.52 ^ _1346_/Y (CKINVDCx16_ASAP7_75t_R)
 112.70 1318.22 ^ place3392/Y (BUFx12f_ASAP7_75t_R)
  69.72 1387.95 ^ wire1793/Y (BUFx16f_ASAP7_75t_R)
  19.14 1407.09 ^ o_d[191] (out)
        1407.09   data arrival time

 416.67  416.67   clock forwarded (fall edge)
   0.00  416.67   clock source latency
   0.00  416.67 v fclk_i (in)
  42.48  459.14 v clkbuf_0_fclk_i/Y (BUFx24_ASAP7_75t_R)
  44.50  503.65 v clkbuf_1_0__f_fclk_i/Y (BUFx24_ASAP7_75t_R)
  47.62  551.27 v clkbuf_leaf_9_fclk_i/Y (BUFx24_ASAP7_75t_R)
  32.88  584.15 ^ u_a.active.u_fwd_inv/_0_/Y (INVx3_ASAP7_75t_R)
  51.64  635.79 v u_rep0/_0_/Y (INVx3_ASAP7_75t_R)
  72.67  708.47 ^ u_rep1/_0_/Y (INVx3_ASAP7_75t_R)
  70.78  779.24 v u_rep2/_0_/Y (INVx3_ASAP7_75t_R)
  76.19  855.44 ^ u_rep3/_0_/Y (INVx3_ASAP7_75t_R)
  69.78  925.22 v u_rep4/_0_/Y (INVx3_ASAP7_75t_R)
  62.93  988.16 ^ u_rep5/_0_/Y (INVx3_ASAP7_75t_R)
  59.59 1047.75 ^ clkbuf_0_fc[6]/Y (BUFx24_ASAP7_75t_R)
  42.18 1089.93 ^ clkbuf_1_0__f_fc[6]/Y (BUFx24_ASAP7_75t_R)
  52.00 1141.93 ^ clkbuf_leaf_23_fc[6]/Y (BUFx24_ASAP7_75t_R)
  12.57 1154.50 v u_b.active.u_fwd_inv/_0_/Y (INVx3_ASAP7_75t_R)
  26.10 1180.60 v output515/Y (BUFx2_ASAP7_75t_R)
   0.07 1180.67 v fclk_o (out)
 -60.00 1120.67   clock uncertainty
  26.93 1147.60   clock reconvergence pessimism
-166.67  980.93   output external delay
         980.93   data required time
---------------------------------------------------------
         980.93   data required time
        -1407.09   data arrival time
---------------------------------------------------------
        -426.15   slack (VIOLATED)


Startpoint: u_a.active.d[101]$_DFF_N_
            (falling edge-triggered flip-flop clocked by incoming)
Endpoint: u_b.active.d[101]$_DFF_N_
          (falling edge-triggered flip-flop clocked by fwd_a)
Path Group: fwd_a
Path Type: max

  Delay    Time   Description
---------------------------------------------------------
 416.67  416.67   clock incoming (fall edge)
   0.00  416.67   clock source latency
   0.00  416.67 v fclk_i (in)
  43.77  460.44 v clkbuf_0_fclk_i/Y (BUFx24_ASAP7_75t_R)
  46.62  507.06 v clkbuf_1_0__f_fclk_i/Y (BUFx24_ASAP7_75t_R)
  50.02  557.08 v clkbuf_leaf_14_fclk_i/Y (BUFx24_ASAP7_75t_R)
   2.97  560.06 v u_a.active.d[101]$_DFF_N_/CLK (DFFLQNx3_ASAP7_75t_R)
 154.83  714.89 v u_a.active.d[101]$_DFF_N_/QN (DFFLQNx3_ASAP7_75t_R)
  67.30  782.19 v wire4967/Y (BUFx16f_ASAP7_75t_R)
  60.13  842.31 ^ _1947_/Y (INVx1_ASAP7_75t_R)
  48.81  891.12 ^ place3680/Y (BUFx3_ASAP7_75t_R)
  52.90  944.02 ^ wire3779/Y (BUFx16f_ASAP7_75t_R)
 141.64 1085.66 ^ u_b.active.d[101]$_DFF_N_/D (DFFLQNx1_ASAP7_75t_R)
        1085.66   data arrival time

 833.33  833.33   clock fwd_a (fall edge)
   0.00  833.33   clock source latency
   0.00  833.33 ^ fclk_i (in)
  36.58  869.91 ^ clkbuf_0_fclk_i/Y (BUFx24_ASAP7_75t_R)
  38.73  908.64 ^ clkbuf_1_0__f_fclk_i/Y (BUFx24_ASAP7_75t_R)
  42.39  951.03 ^ clkbuf_leaf_9_fclk_i/Y (BUFx24_ASAP7_75t_R)
  26.24  977.27 v u_a.active.u_fwd_inv/_0_/Y (INVx3_ASAP7_75t_R)
  54.36 1031.63 ^ u_rep0/_0_/Y (INVx3_ASAP7_75t_R)
  67.54 1099.18 v u_rep1/_0_/Y (INVx3_ASAP7_75t_R)
  76.17 1175.35 ^ u_rep2/_0_/Y (INVx3_ASAP7_75t_R)
  70.73 1246.08 v u_rep3/_0_/Y (INVx3_ASAP7_75t_R)
  74.72 1320.79 ^ u_rep4/_0_/Y (INVx3_ASAP7_75t_R)
  59.34 1380.13 v u_rep5/_0_/Y (INVx3_ASAP7_75t_R)
  62.99 1443.12 v clkbuf_0_fc[6]/Y (BUFx24_ASAP7_75t_R)
  47.20 1490.32 v clkbuf_1_0__f_fc[6]/Y (BUFx24_ASAP7_75t_R)
  64.57 1554.89 v clkbuf_leaf_2_fc[6]/Y (BUFx24_ASAP7_75t_R)
   1.56 1556.45 v u_b.active.d[101]$_DFF_N_/CLK (DFFLQNx1_ASAP7_75t_R)
 -60.00 1496.45   clock uncertainty
   3.42 1499.87   clock reconvergence pessimism
 -40.23 1459.64   library setup time
        1459.64   data required time
---------------------------------------------------------
        1459.64   data required time
        -1085.66   data arrival time
---------------------------------------------------------
         373.97   slack (MET)


Startpoint: i_d[459] (input port clocked by incoming)
Endpoint: u_a.active.d[459]$_DFF_N_
          (falling edge-triggered flip-flop clocked by incoming)
Path Group: incoming
Path Type: max

  Delay    Time   Description
---------------------------------------------------------
   0.00    0.00   clock incoming (rise edge)
   0.00    0.00   clock network delay (propagated)
 166.67  166.67 v input external delay
   0.00  166.67 v i_d[459] (in)
 131.82  298.49 v wire2168/Y (BUFx12f_ASAP7_75t_R)
  36.65  335.14 v u_a.active.d[459]$_DFF_N_/D (DFFLQNx3_ASAP7_75t_R)
         335.14   data arrival time

 416.67  416.67   clock incoming (fall edge)
   0.00  416.67   clock source latency
   0.00  416.67 v fclk_i (in)
  42.48  459.14 v clkbuf_0_fclk_i/Y (BUFx24_ASAP7_75t_R)
  44.53  503.67 v clkbuf_1_1__f_fclk_i/Y (BUFx24_ASAP7_75t_R)
  48.34  552.01 v clkbuf_leaf_1_fclk_i/Y (BUFx24_ASAP7_75t_R)
   1.49  553.50 v u_a.active.d[459]$_DFF_N_/CLK (DFFLQNx3_ASAP7_75t_R)
 -60.00  493.50   clock uncertainty
   0.00  493.50   clock reconvergence pessimism
 -29.24  464.26   library setup time
         464.26   data required time
---------------------------------------------------------
         464.26   data required time
        -335.14   data arrival time
---------------------------------------------------------
         129.12   slack (MET)


OT_VIOL_D_PINS 0
OT_WS_REG_D 129.122025
OT_WS_OUT -2047.090942
OT_WS_R2R 373.973419
OT_WS_I2R 129.122025
