Command exited with non-zero status 1
	Command being timed: "bash physical/hbm_forks/run_cx_coll_rearm.sh ../out"
	User time (seconds): 263.04
	System time (seconds): 6.91
	Percent of CPU this job got: 216%
	Elapsed (wall clock) time (h:mm:ss or m:ss): 2:04.63
	Average shared text size (kbytes): 0
	Average unshared data size (kbytes): 0
	Average stack size (kbytes): 0
	Average total size (kbytes): 0
	Maximum resident set size (kbytes): 1370404
	Average resident set size (kbytes): 0
	Major (requiring I/O) page faults: 0
	Minor (reclaiming a frame) page faults: 3591792
	Voluntary context switches: 478
	Involuntary context switches: 1534
	Swaps: 0
	File system inputs: 0
	File system outputs: 1219536
	Socket messages sent: 0
	Socket messages received: 0
	Signals delivered: 0
	Page size (bytes): 4096
	Exit status: 1
