OpenROAD 26Q3-1510-g6cb3f2b704 
Features included (+) or not (-): +GPU +GUI +Python
This program is licensed under the BSD-3 license. See the LICENSE file for details.
Components of this program may be licensed under more restrictive licenses which must be honored.
[INFO ODB-0227] LEF file: /OpenROAD-flow-scripts/flow/platforms/asap7/lef/asap7_tech_1x_201209.lef, created 30 layers, 9 vias
[INFO ODB-0227] LEF file: /OpenROAD-flow-scripts/flow/platforms/asap7/lef/asap7sc7p5t_28_R_1x_220121a.lef, created 212 library cells
[WARNING STA-1212] /OpenROAD-flow-scripts/flow/platforms/asap7/lib/NLDM/asap7sc7p5t_SIMPLE_RVT_FF_nldm_211120.lib.gz line 9184, timing group from output port.
[WARNING STA-1212] /OpenROAD-flow-scripts/flow/platforms/asap7/lib/NLDM/asap7sc7p5t_SIMPLE_RVT_FF_nldm_211120.lib.gz line 9217, timing group from output port.
[WARNING STA-1212] /OpenROAD-flow-scripts/flow/platforms/asap7/lib/NLDM/asap7sc7p5t_SIMPLE_RVT_FF_nldm_211120.lib.gz line 9250, timing group from output port.
[WARNING STA-1212] /OpenROAD-flow-scripts/flow/platforms/asap7/lib/NLDM/asap7sc7p5t_SIMPLE_RVT_FF_nldm_211120.lib.gz line 9283, timing group from output port.
[WARNING STA-1212] /OpenROAD-flow-scripts/flow/platforms/asap7/lib/NLDM/asap7sc7p5t_SIMPLE_RVT_FF_nldm_211120.lib.gz line 9316, timing group from output port.
[WARNING STA-1212] /OpenROAD-flow-scripts/flow/platforms/asap7/lib/NLDM/asap7sc7p5t_SIMPLE_RVT_FF_nldm_211120.lib.gz line 9349, timing group from output port.
[WARNING STA-1212] /OpenROAD-flow-scripts/flow/platforms/asap7/lib/NLDM/asap7sc7p5t_SIMPLE_RVT_FF_nldm_211120.lib.gz line 9382, timing group from output port.
[WARNING STA-1212] /OpenROAD-flow-scripts/flow/platforms/asap7/lib/NLDM/asap7sc7p5t_SIMPLE_RVT_FF_nldm_211120.lib.gz line 10518, timing group from output port.
[WARNING STA-1212] /OpenROAD-flow-scripts/flow/platforms/asap7/lib/NLDM/asap7sc7p5t_SIMPLE_RVT_FF_nldm_211120.lib.gz line 10551, timing group from output port.
[WARNING STA-1212] /OpenROAD-flow-scripts/flow/platforms/asap7/lib/NLDM/asap7sc7p5t_SIMPLE_RVT_FF_nldm_211120.lib.gz line 10584, timing group from output port.
OT_CORNER ff
OT_WS 1.4147544247222754e-11
OT_TNS 0.0
Startpoint: rst_n (input port clocked by core_clk)
Endpoint: u_selector.lane[15][252]$_DFFE_PN0P_
          (removal check against rising-edge clock core_clk)
Path Group: asynchronous
Path Type: min

  Delay    Time   Description
---------------------------------------------------------
   0.00    0.00   clock core_clk (rise edge)
   0.00    0.00   clock network delay (propagated)
 166.60  166.60 ^ input external delay
   0.00  166.60 ^ rst_n (in)
  11.54  178.14 ^ hold47185/Y (BUFx2_ASAP7_75t_R)
  14.25  192.39 ^ hold47182/Y (BUFx2_ASAP7_75t_R)
  14.32  206.70 ^ hold47186/Y (BUFx2_ASAP7_75t_R)
  17.17  223.87 ^ input6088/Y (BUFx5_ASAP7_75t_R)
  19.50  243.37 ^ hold47187/Y (BUFx2_ASAP7_75t_R)
  22.07  265.44 ^ hold47183/Y (BUFx2_ASAP7_75t_R)
  20.62  286.06 ^ hold47188/Y (BUFx2_ASAP7_75t_R)
  16.14  302.20 ^ hold47191/Y (BUFx2_ASAP7_75t_R)
  29.25  331.45 ^ hold47196/Y (BUFx2_ASAP7_75t_R)
  32.61  364.06 ^ hold47197/Y (BUFx2_ASAP7_75t_R)
  21.05  385.12 ^ place45255/Y (BUFx6f_ASAP7_75t_R)
  33.46  418.58 ^ place45165/Y (BUFx3_ASAP7_75t_R)
   0.44  419.02 ^ u_selector.lane[15][252]$_DFFE_PN0P_/RESETN (DFFASRHQNx1_ASAP7_75t_R)
         419.02   data arrival time

   0.00    0.00   clock core_clk (rise edge)
   0.00    0.00   clock source latency
   0.00    0.00 ^ clk (in)
  50.89   50.89 ^ wire46404/Y (BUFx24_ASAP7_75t_R)
  48.17   99.05 ^ clkbuf_0_clk/Y (BUFx24_ASAP7_75t_R)
  22.52  121.58 ^ clkbuf_1_1_0_clk/Y (BUFx24_ASAP7_75t_R)
  22.72  144.30 ^ clkbuf_1_1_1_clk/Y (BUFx24_ASAP7_75t_R)
  23.74  168.04 ^ clkbuf_2_2_0_clk/Y (BUFx24_ASAP7_75t_R)
  23.23  191.27 ^ clkbuf_2_2_1_clk/Y (BUFx24_ASAP7_75t_R)
  23.35  214.63 ^ clkbuf_3_4_0_clk/Y (BUFx24_ASAP7_75t_R)
  26.40  241.02 ^ clkbuf_4_8_0_clk/Y (BUFx24_ASAP7_75t_R)
  26.21  267.23 ^ clkbuf_6_32_0_clk/Y (BUFx24_ASAP7_75t_R)
  24.79  292.02 ^ clkbuf_8_129__f_clk/Y (BUFx24_ASAP7_75t_R)
  24.95  316.97 ^ clkbuf_leaf_391_clk/Y (BUFx24_ASAP7_75t_R)
   2.62  319.59 ^ u_selector.lane[15][252]$_DFFE_PN0P_/CLK (DFFASRHQNx1_ASAP7_75t_R)
  25.00  344.59   clock uncertainty
   0.00  344.59   clock reconvergence pessimism
  23.41  368.00   library removal time
         368.00   data required time
---------------------------------------------------------
         368.00   data required time
        -419.02   data arrival time
---------------------------------------------------------
          51.02   slack (MET)


Startpoint: u_selector.g_node[0].g_bal.m.c2.q[41]$_DFF_P_
            (rising edge-triggered flip-flop clocked by core_clk)
Endpoint: u_selector.g_node[0].g_bal.m.c3.q[41]$_DFF_P_
          (rising edge-triggered flip-flop clocked by core_clk)
Path Group: core_clk
Path Type: min

  Delay    Time   Description
---------------------------------------------------------
   0.00    0.00   clock core_clk (rise edge)
   0.00    0.00   clock source latency
   0.00    0.00 ^ clk (in)
  49.37   49.37 ^ wire46404/Y (BUFx24_ASAP7_75t_R)
  46.53   95.90 ^ clkbuf_0_clk/Y (BUFx24_ASAP7_75t_R)
  21.83  117.73 ^ clkbuf_1_0_0_clk/Y (BUFx24_ASAP7_75t_R)
  22.12  139.85 ^ clkbuf_1_0_1_clk/Y (BUFx24_ASAP7_75t_R)
  22.90  162.74 ^ clkbuf_2_1_0_clk/Y (BUFx24_ASAP7_75t_R)
  22.81  185.55 ^ clkbuf_2_1_1_clk/Y (BUFx24_ASAP7_75t_R)
  22.90  208.45 ^ clkbuf_3_3_0_clk/Y (BUFx24_ASAP7_75t_R)
  25.05  233.51 ^ clkbuf_4_7_0_clk/Y (BUFx24_ASAP7_75t_R)
  25.18  258.69 ^ clkbuf_6_31_0_clk/Y (BUFx24_ASAP7_75t_R)
  23.27  281.96 ^ clkbuf_8_127__f_clk/Y (BUFx24_ASAP7_75t_R)
  23.47  305.43 ^ clkbuf_leaf_1416_clk/Y (BUFx24_ASAP7_75t_R)
   0.68  306.11 ^ u_selector.g_node[0].g_bal.m.c2.q[41]$_DFF_P_/CLK (DFFHQNx1_ASAP7_75t_R)
  46.48  352.59 ^ u_selector.g_node[0].g_bal.m.c2.q[41]$_DFF_P_/QN (DFFHQNx1_ASAP7_75t_R)
  14.12  366.71 v _326517_/Y (NAND2x1_ASAP7_75t_R)
   1.17  367.88 v u_selector.g_node[0].g_bal.m.c3.q[41]$_DFF_P_/D (DFFHQNx1_ASAP7_75t_R)
         367.88   data arrival time

   0.00    0.00   clock core_clk (rise edge)
   0.00    0.00   clock source latency
   0.00    0.00 ^ clk (in)
  50.89   50.89 ^ wire46404/Y (BUFx24_ASAP7_75t_R)
  48.17   99.05 ^ clkbuf_0_clk/Y (BUFx24_ASAP7_75t_R)
  22.52  121.58 ^ clkbuf_1_1_0_clk/Y (BUFx24_ASAP7_75t_R)
  22.72  144.30 ^ clkbuf_1_1_1_clk/Y (BUFx24_ASAP7_75t_R)
  23.73  168.02 ^ clkbuf_2_3_0_clk/Y (BUFx24_ASAP7_75t_R)
  23.09  191.12 ^ clkbuf_2_3_1_clk/Y (BUFx24_ASAP7_75t_R)
  23.67  214.78 ^ clkbuf_3_6_0_clk/Y (BUFx24_ASAP7_75t_R)
  26.15  240.93 ^ clkbuf_4_13_0_clk/Y (BUFx24_ASAP7_75t_R)
  26.67  267.61 ^ clkbuf_6_53_0_clk/Y (BUFx24_ASAP7_75t_R)
  25.87  293.47 ^ clkbuf_8_215__f_clk/Y (BUFx24_ASAP7_75t_R)
  27.76  321.24 ^ clkbuf_leaf_1090_clk/Y (BUFx24_ASAP7_75t_R)
   0.33  321.57 ^ u_selector.g_node[0].g_bal.m.c3.q[41]$_DFF_P_/CLK (DFFHQNx1_ASAP7_75t_R)
  25.00  346.57   clock uncertainty
  -3.16  343.41   clock reconvergence pessimism
  10.33  353.74   library hold time
         353.74   data required time
---------------------------------------------------------
         353.74   data required time
        -367.88   data arrival time
---------------------------------------------------------
          14.15   slack (MET)


OT_VIOL_D_PINS 0
OT_WS_REG_D 14.147544
OT_WS_OUT 506.582001
OT_WS_R2R 14.147544
OT_WS_I2R 51.021439
