OpenROAD 26Q3-1510-g6cb3f2b704 
Features included (+) or not (-): +GPU +GUI +Python
This program is licensed under the BSD-3 license. See the LICENSE file for details.
Components of this program may be licensed under more restrictive licenses which must be honored.
[INFO ORD-0030] Using 1 thread(s).
OT_CP_POST_INSERTION_MEMBERSHIP clock=61 repair=1185 shared=4
[INFO DPL-0006] Core area: 1866.24 um^2
[INFO DPL-0007] Movable instances area: 586.23 um^2
[INFO DPL-0008] Fixed instances area within core: 11.69 um^2
[INFO DPL-0009] Utilization: 32.0%
[INFO DPL-0005] Diamond search max displacement: +/- 500 sites horizontally, +/- 100 rows vertically.
[INFO DPL-1102] Legalizing using negotiation legalizer.
[INFO DPL-1103] Negotiation base search window: +/-20 sites horizontally, +/-5 rows vertically 
	Automatic search window extension enabled.
	Search window extendable up to the max displacement cap of +/-500 sites, +/-100 rows near walls.
[INFO DPL-1104] NegotiationLegalizer DRC penalty: 5.
[INFO DPL-0392] Negotiation cell height distribution (1 unique row-count(s)):
[INFO DPL-0393]   height 1 row(s): 5033 cells
          |      Total |  Illegal |  Illegal
Iteration | Violations |    Cells |    Sites
---------------------------------------------
        0 |      10037 |      1362 |      6438
        1 |       6533 |      1171 |      4048
        2 |       3527 |       933 |      2360
        3 |       2068 |       666 |      1387
        4 |       1344 |       506 |       829
        5 |        871 |       351 |       511
        6 |        754 |       278 |       449
        7 |        404 |       174 |       230
        8 |        248 |       108 |       140
        9 |         87 |        67 |        20
       10 |         74 |        62 |        12
       20 |         11 |        11 |         0
       23 |          0 |         0 |         0
Negotiation phase 1 converged at iteration 23.
[INFO DPL-0500] Runtime: 0.83s
Placement Analysis
---------------------------------
total displacement       6788.1 u
average displacement        1.3 u
max displacement           29.9 u
original HPWL           52709.4 u
legalized HPWL          49079.4 u
delta HPWL                   -7 %

OT_CP_CTS_MEMBERSHIP_DPL_PASS
