Warning: Replacing memory \hz_s with list of registers. See /home/ubuntu/rcl-20261003/src/rtl/v41rom/ot_v41_rom_elem_w10.sv:619
Warning: Replacing memory \bpre with list of registers. See /home/ubuntu/rcl-20261003/src/rtl/v41rom/ot_v41_rom_elem_w10.sv:618, /home/ubuntu/rcl-20261003/src/rtl/v41rom/ot_v41_rom_elem_w10.sv:446, /home/ubuntu/rcl-20261003/src/rtl/v41rom/ot_v41_rom_elem_w10.sv:444
Warning: Replacing memory \b_hi with list of registers. See /home/ubuntu/rcl-20261003/src/rtl/v41rom/ot_v41_rom_elem_w10.sv:409
Warning: Replacing memory \b_lo with list of registers. See /home/ubuntu/rcl-20261003/src/rtl/v41rom/ot_v41_rom_elem_w10.sv:409
Warning: Replacing memory \ps_r with list of registers. See /home/ubuntu/rcl-20261003/src/rtl/v41rom/ot_v41_rom_elem_w10.sv:394
Warning: Replacing memory \dk_r with list of registers. See /home/ubuntu/rcl-20261003/src/rtl/v41rom/ot_v41_rom_elem_w10.sv:392
Warning: Replacing memory \nhi_r with list of registers. See /home/ubuntu/rcl-20261003/src/rtl/v41rom/ot_v41_rom_elem_w10.sv:391
Warning: Replacing memory \nlo_r with list of registers. See /home/ubuntu/rcl-20261003/src/rtl/v41rom/ot_v41_rom_elem_w10.sv:391
Warning: Replacing memory \tb_r with list of registers. See /home/ubuntu/rcl-20261003/src/rtl/v41rom/ot_v41_rom_elem_w10.sv:379
Warning: Replacing memory \tq_r with list of registers. See /home/ubuntu/rcl-20261003/src/rtl/v41rom/ot_v41_rom_elem_w10.sv:377
Warning: Replacing memory \glb_r with list of registers. See /home/ubuntu/rcl-20261003/src/rtl/v41rom/ot_v41_rom_elem_w10.sv:368
Warning: Replacing memory \glq_r with list of registers. See /home/ubuntu/rcl-20261003/src/rtl/v41rom/ot_v41_rom_elem_w10.sv:368
Warning: Replacing memory \hi0b_r with list of registers. See /home/ubuntu/rcl-20261003/src/rtl/v41rom/ot_v41_rom_elem_w10.sv:367
Warning: Replacing memory \hi0q_r with list of registers. See /home/ubuntu/rcl-20261003/src/rtl/v41rom/ot_v41_rom_elem_w10.sv:367
Warning: Replacing memory \cend_r with list of registers. See /home/ubuntu/rcl-20261003/src/rtl/v41rom/ot_v41_rom_elem_w10.sv:360
Warning: Replacing memory \hi0 with list of registers. See /home/ubuntu/rcl-20261003/src/rtl/v41rom/ot_v41_rom_elem_w10.sv:334
Warning: Replacing memory \lo0 with list of registers. See /home/ubuntu/rcl-20261003/src/rtl/v41rom/ot_v41_rom_elem_w10.sv:334
Warning: Replacing memory \nhi with list of registers. See /home/ubuntu/rcl-20261003/src/rtl/v41rom/ot_v41_rom_elem_w10.sv:330, /home/ubuntu/rcl-20261003/src/rtl/v41rom/ot_v41_rom_elem_w10.sv:329
Warning: Replacing memory \nlo with list of registers. See /home/ubuntu/rcl-20261003/src/rtl/v41rom/ot_v41_rom_elem_w10.sv:329, /home/ubuntu/rcl-20261003/src/rtl/v41rom/ot_v41_rom_elem_w10.sv:328
Warning: Replacing memory \infl with list of registers. See /home/ubuntu/rcl-20261003/src/rtl/v41rom/ot_v41_segtree.sv:107
Warning: Replacing memory \held with list of registers. See /home/ubuntu/rcl-20261003/src/rtl/v41rom/ot_v41_segtree2.sv:169
Warning: Replacing memory \infl with list of registers. See /home/ubuntu/rcl-20261003/src/rtl/v41rom/ot_v41_segtree2.sv:142
Warning: Replacing memory \ps with list of registers. See /home/ubuntu/rcl-20261003/src/rtl/v41rom/ot_v41_chain.sv:97, /home/ubuntu/rcl-20261003/src/rtl/v41rom/ot_v41_chain.sv:95
Warning: Replacing memory \ps with list of registers. See /home/ubuntu/rcl-20261003/src/rtl/v41rom/ot_v41_chain2.sv:101, /home/ubuntu/rcl-20261003/src/rtl/v41rom/ot_v41_chain2.sv:99
Warning: Replacing memory \p1_sh with list of registers. See /home/ubuntu/rcl-20261003/src/rtl/v41rom/ot_v41_bterm.sv:151
Warning: Replacing memory \p1_p with list of registers. See /home/ubuntu/rcl-20261003/src/rtl/v41rom/ot_v41_bterm.sv:150
Warning: Replacing memory \p1_sh with list of registers. See /home/ubuntu/rcl-20261003/src/rtl/v41rom/ot_v41_bterm2_w10.sv:76
Warning: Replacing memory \p1_p with list of registers. See /home/ubuntu/rcl-20261003/src/rtl/v41rom/ot_v41_bterm2_w10.sv:75
Warning: Selection "ot_rom_4096x274_m8" did not match any module.
Warning: Selection "ot_rom_8192x274_m8" did not match any module.
Warning: Replacing memory \b_hi with list of registers. See /home/ubuntu/rcl-20261003/src/rtl/v41rom/ot_v41_rom_elem_w10.sv:406
Warning: Replacing memory \b_lo with list of registers. See /home/ubuntu/rcl-20261003/src/rtl/v41rom/ot_v41_rom_elem_w10.sv:405
Warning: Drivers conflicting with a constant 1'0 driver:
    port Q[3] of cell $procdff$20922 ($dff)
    port Q[4] of cell $procdff$20922 ($dff)
    port Q[5] of cell $procdff$20922 ($dff)
    port Q[6] of cell $procdff$20922 ($dff)
    port Q[7] of cell $procdff$20922 ($dff)
    port Q[8] of cell $procdff$20922 ($dff)
    port Q[9] of cell $procdff$20922 ($dff)
    port Q[10] of cell $procdff$20922 ($dff)
    port Q[11] of cell $procdff$20922 ($dff)
    port Q[12] of cell $procdff$20922 ($dff)
    port Q[13] of cell $procdff$20922 ($dff)
    port Q[14] of cell $procdff$20922 ($dff)
    port Q[15] of cell $procdff$20922 ($dff)
    port Q[16] of cell $procdff$20922 ($dff)
    port Q[17] of cell $procdff$20922 ($dff)
    port Q[18] of cell $procdff$20922 ($dff)
    port Q[19] of cell $procdff$20922 ($dff)
    port Q[20] of cell $procdff$20922 ($dff)
    port Q[21] of cell $procdff$20922 ($dff)
    port Q[22] of cell $procdff$20922 ($dff)
    port Q[23] of cell $procdff$20922 ($dff)
    port Q[24] of cell $procdff$20922 ($dff)
    port Q[25] of cell $procdff$20922 ($dff)
    port Q[26] of cell $procdff$20922 ($dff)
    port Q[27] of cell $procdff$20922 ($dff)
    port Q[28] of cell $procdff$20922 ($dff)
    port Q[29] of cell $procdff$20922 ($dff)
    port Q[30] of cell $procdff$20922 ($dff)
    port Q[31] of cell $procdff$20922 ($dff)
    port Q[0] of cell $procdff$20921 ($dff)
    port Q[1] of cell $procdff$20921 ($dff)
    port Q[3] of cell $procdff$20921 ($dff)
    port Q[4] of cell $procdff$20921 ($dff)
    port Q[5] of cell $procdff$20921 ($dff)
    port Q[6] of cell $procdff$20921 ($dff)
    port Q[7] of cell $procdff$20921 ($dff)
    port Q[8] of cell $procdff$20921 ($dff)
    port Q[9] of cell $procdff$20921 ($dff)
    port Q[10] of cell $procdff$20921 ($dff)
    port Q[11] of cell $procdff$20921 ($dff)
    port Q[12] of cell $procdff$20921 ($dff)
    port Q[13] of cell $procdff$20921 ($dff)
    port Q[14] of cell $procdff$20921 ($dff)
    port Q[15] of cell $procdff$20921 ($dff)
    port Q[16] of cell $procdff$20921 ($dff)
    port Q[17] of cell $procdff$20921 ($dff)
    port Q[18] of cell $procdff$20921 ($dff)
    port Q[19] of cell $procdff$20921 ($dff)
    port Q[20] of cell $procdff$20921 ($dff)
    port Q[21] of cell $procdff$20921 ($dff)
    port Q[22] of cell $procdff$20921 ($dff)
    port Q[23] of cell $procdff$20921 ($dff)
    port Q[24] of cell $procdff$20921 ($dff)
    port Q[25] of cell $procdff$20921 ($dff)
    port Q[26] of cell $procdff$20921 ($dff)
    port Q[27] of cell $procdff$20921 ($dff)
    port Q[28] of cell $procdff$20921 ($dff)
    port Q[29] of cell $procdff$20921 ($dff)
    port Q[30] of cell $procdff$20921 ($dff)
    port Q[31] of cell $procdff$20921 ($dff)
    port Q[0] of cell $procdff$21226 ($dff)
    port Q[1] of cell $procdff$21226 ($dff)
    port Q[2] of cell $procdff$21226 ($dff)
    port Q[4] of cell $procdff$21226 ($dff)
    port Q[5] of cell $procdff$21226 ($dff)
    port Q[6] of cell $procdff$21226 ($dff)
    port Q[7] of cell $procdff$21226 ($dff)
    port Q[8] of cell $procdff$21226 ($dff)
    port Q[9] of cell $procdff$21226 ($dff)
    port Q[10] of cell $procdff$21226 ($dff)
    port Q[11] of cell $procdff$21226 ($dff)
    port Q[12] of cell $procdff$21226 ($dff)
    port Q[13] of cell $procdff$21226 ($dff)
    port Q[14] of cell $procdff$21226 ($dff)
    port Q[15] of cell $procdff$21226 ($dff)
    port Q[16] of cell $procdff$21226 ($dff)
    port Q[17] of cell $procdff$21226 ($dff)
    port Q[18] of cell $procdff$21226 ($dff)
    port Q[19] of cell $procdff$21226 ($dff)
    port Q[20] of cell $procdff$21226 ($dff)
    port Q[21] of cell $procdff$21226 ($dff)
    port Q[22] of cell $procdff$21226 ($dff)
    port Q[23] of cell $procdff$21226 ($dff)
    port Q[24] of cell $procdff$21226 ($dff)
    port Q[25] of cell $procdff$21226 ($dff)
    port Q[26] of cell $procdff$21226 ($dff)
    port Q[27] of cell $procdff$21226 ($dff)
    port Q[28] of cell $procdff$21226 ($dff)
    port Q[29] of cell $procdff$21226 ($dff)
    port Q[30] of cell $procdff$21226 ($dff)
    port Q[31] of cell $procdff$21226 ($dff)
Warning: Drivers conflicting with a constant 1'1 driver:
    port Q[0] of cell $procdff$20922 ($dff)
    port Q[1] of cell $procdff$20922 ($dff)
    port Q[2] of cell $procdff$20922 ($dff)
    port Q[2] of cell $procdff$20921 ($dff)
    port Q[3] of cell $procdff$21226 ($dff)
Warning: multiple conflicting drivers for $paramod$80b37ef46024ae68f1bd57ef935b78d2a5c335cc\ot_v41_rom_elem_w10.\bf [31]:
    port Q[31] of cell $procdff$21245 ($dff)
    port Q[31] of cell $procdff$21274 ($dff)
    port Q[31] of cell $procdff$21288 ($dff)
    port Q[31] of cell $procdff$21337 ($dff)
Warning: multiple conflicting drivers for $paramod$80b37ef46024ae68f1bd57ef935b78d2a5c335cc\ot_v41_rom_elem_w10.\bf [30]:
    port Q[30] of cell $procdff$21245 ($dff)
    port Q[30] of cell $procdff$21274 ($dff)
    port Q[30] of cell $procdff$21288 ($dff)
    port Q[30] of cell $procdff$21337 ($dff)
Warning: multiple conflicting drivers for $paramod$80b37ef46024ae68f1bd57ef935b78d2a5c335cc\ot_v41_rom_elem_w10.\bf [29]:
    port Q[29] of cell $procdff$21245 ($dff)
    port Q[29] of cell $procdff$21274 ($dff)
    port Q[29] of cell $procdff$21288 ($dff)
    port Q[29] of cell $procdff$21337 ($dff)
Warning: multiple conflicting drivers for $paramod$80b37ef46024ae68f1bd57ef935b78d2a5c335cc\ot_v41_rom_elem_w10.\bf [28]:
    port Q[28] of cell $procdff$21245 ($dff)
    port Q[28] of cell $procdff$21274 ($dff)
    port Q[28] of cell $procdff$21288 ($dff)
    port Q[28] of cell $procdff$21337 ($dff)
Warning: multiple conflicting drivers for $paramod$80b37ef46024ae68f1bd57ef935b78d2a5c335cc\ot_v41_rom_elem_w10.\bf [27]:
    port Q[27] of cell $procdff$21245 ($dff)
    port Q[27] of cell $procdff$21274 ($dff)
    port Q[27] of cell $procdff$21288 ($dff)
    port Q[27] of cell $procdff$21337 ($dff)
Warning: multiple conflicting drivers for $paramod$80b37ef46024ae68f1bd57ef935b78d2a5c335cc\ot_v41_rom_elem_w10.\bf [26]:
    port Q[26] of cell $procdff$21245 ($dff)
    port Q[26] of cell $procdff$21274 ($dff)
    port Q[26] of cell $procdff$21288 ($dff)
    port Q[26] of cell $procdff$21337 ($dff)
Warning: multiple conflicting drivers for $paramod$80b37ef46024ae68f1bd57ef935b78d2a5c335cc\ot_v41_rom_elem_w10.\bf [25]:
    port Q[25] of cell $procdff$21245 ($dff)
    port Q[25] of cell $procdff$21274 ($dff)
    port Q[25] of cell $procdff$21288 ($dff)
    port Q[25] of cell $procdff$21337 ($dff)
Warning: multiple conflicting drivers for $paramod$80b37ef46024ae68f1bd57ef935b78d2a5c335cc\ot_v41_rom_elem_w10.\bf [24]:
    port Q[24] of cell $procdff$21245 ($dff)
    port Q[24] of cell $procdff$21274 ($dff)
    port Q[24] of cell $procdff$21288 ($dff)
    port Q[24] of cell $procdff$21337 ($dff)
Warning: multiple conflicting drivers for $paramod$80b37ef46024ae68f1bd57ef935b78d2a5c335cc\ot_v41_rom_elem_w10.\bf [23]:
    port Q[23] of cell $procdff$21245 ($dff)
    port Q[23] of cell $procdff$21274 ($dff)
    port Q[23] of cell $procdff$21288 ($dff)
    port Q[23] of cell $procdff$21337 ($dff)
Warning: multiple conflicting drivers for $paramod$80b37ef46024ae68f1bd57ef935b78d2a5c335cc\ot_v41_rom_elem_w10.\bf [22]:
    port Q[22] of cell $procdff$21245 ($dff)
    port Q[22] of cell $procdff$21274 ($dff)
    port Q[22] of cell $procdff$21288 ($dff)
    port Q[22] of cell $procdff$21337 ($dff)
Warning: multiple conflicting drivers for $paramod$80b37ef46024ae68f1bd57ef935b78d2a5c335cc\ot_v41_rom_elem_w10.\bf [21]:
    port Q[21] of cell $procdff$21245 ($dff)
    port Q[21] of cell $procdff$21274 ($dff)
    port Q[21] of cell $procdff$21288 ($dff)
    port Q[21] of cell $procdff$21337 ($dff)
Warning: multiple conflicting drivers for $paramod$80b37ef46024ae68f1bd57ef935b78d2a5c335cc\ot_v41_rom_elem_w10.\bf [20]:
    port Q[20] of cell $procdff$21245 ($dff)
    port Q[20] of cell $procdff$21274 ($dff)
    port Q[20] of cell $procdff$21288 ($dff)
    port Q[20] of cell $procdff$21337 ($dff)
Warning: multiple conflicting drivers for $paramod$80b37ef46024ae68f1bd57ef935b78d2a5c335cc\ot_v41_rom_elem_w10.\bf [19]:
    port Q[19] of cell $procdff$21245 ($dff)
    port Q[19] of cell $procdff$21274 ($dff)
    port Q[19] of cell $procdff$21288 ($dff)
    port Q[19] of cell $procdff$21337 ($dff)
Warning: multiple conflicting drivers for $paramod$80b37ef46024ae68f1bd57ef935b78d2a5c335cc\ot_v41_rom_elem_w10.\bf [18]:
    port Q[18] of cell $procdff$21245 ($dff)
    port Q[18] of cell $procdff$21274 ($dff)
    port Q[18] of cell $procdff$21288 ($dff)
    port Q[18] of cell $procdff$21337 ($dff)
Warning: multiple conflicting drivers for $paramod$80b37ef46024ae68f1bd57ef935b78d2a5c335cc\ot_v41_rom_elem_w10.\bf [17]:
    port Q[17] of cell $procdff$21245 ($dff)
    port Q[17] of cell $procdff$21274 ($dff)
    port Q[17] of cell $procdff$21288 ($dff)
    port Q[17] of cell $procdff$21337 ($dff)
Warning: multiple conflicting drivers for $paramod$80b37ef46024ae68f1bd57ef935b78d2a5c335cc\ot_v41_rom_elem_w10.\bf [16]:
    port Q[16] of cell $procdff$21245 ($dff)
    port Q[16] of cell $procdff$21274 ($dff)
    port Q[16] of cell $procdff$21288 ($dff)
    port Q[16] of cell $procdff$21337 ($dff)
Warning: multiple conflicting drivers for $paramod$80b37ef46024ae68f1bd57ef935b78d2a5c335cc\ot_v41_rom_elem_w10.\bf [15]:
    port Q[15] of cell $procdff$21245 ($dff)
    port Q[15] of cell $procdff$21274 ($dff)
    port Q[15] of cell $procdff$21288 ($dff)
    port Q[15] of cell $procdff$21337 ($dff)
Warning: multiple conflicting drivers for $paramod$80b37ef46024ae68f1bd57ef935b78d2a5c335cc\ot_v41_rom_elem_w10.\bf [14]:
    port Q[14] of cell $procdff$21245 ($dff)
    port Q[14] of cell $procdff$21274 ($dff)
    port Q[14] of cell $procdff$21288 ($dff)
    port Q[14] of cell $procdff$21337 ($dff)
Warning: multiple conflicting drivers for $paramod$80b37ef46024ae68f1bd57ef935b78d2a5c335cc\ot_v41_rom_elem_w10.\bf [13]:
    port Q[13] of cell $procdff$21245 ($dff)
    port Q[13] of cell $procdff$21274 ($dff)
    port Q[13] of cell $procdff$21288 ($dff)
    port Q[13] of cell $procdff$21337 ($dff)
Warning: multiple conflicting drivers for $paramod$80b37ef46024ae68f1bd57ef935b78d2a5c335cc\ot_v41_rom_elem_w10.\bf [12]:
    port Q[12] of cell $procdff$21245 ($dff)
    port Q[12] of cell $procdff$21274 ($dff)
    port Q[12] of cell $procdff$21288 ($dff)
    port Q[12] of cell $procdff$21337 ($dff)
Warning: multiple conflicting drivers for $paramod$80b37ef46024ae68f1bd57ef935b78d2a5c335cc\ot_v41_rom_elem_w10.\bf [11]:
    port Q[11] of cell $procdff$21245 ($dff)
    port Q[11] of cell $procdff$21274 ($dff)
    port Q[11] of cell $procdff$21288 ($dff)
    port Q[11] of cell $procdff$21337 ($dff)
Warning: multiple conflicting drivers for $paramod$80b37ef46024ae68f1bd57ef935b78d2a5c335cc\ot_v41_rom_elem_w10.\bf [10]:
    port Q[10] of cell $procdff$21245 ($dff)
    port Q[10] of cell $procdff$21274 ($dff)
    port Q[10] of cell $procdff$21288 ($dff)
    port Q[10] of cell $procdff$21337 ($dff)
Warning: multiple conflicting drivers for $paramod$80b37ef46024ae68f1bd57ef935b78d2a5c335cc\ot_v41_rom_elem_w10.\bf [9]:
    port Q[9] of cell $procdff$21245 ($dff)
    port Q[9] of cell $procdff$21274 ($dff)
    port Q[9] of cell $procdff$21288 ($dff)
    port Q[9] of cell $procdff$21337 ($dff)
Warning: multiple conflicting drivers for $paramod$80b37ef46024ae68f1bd57ef935b78d2a5c335cc\ot_v41_rom_elem_w10.\bf [8]:
    port Q[8] of cell $procdff$21245 ($dff)
    port Q[8] of cell $procdff$21274 ($dff)
    port Q[8] of cell $procdff$21288 ($dff)
    port Q[8] of cell $procdff$21337 ($dff)
Warning: multiple conflicting drivers for $paramod$80b37ef46024ae68f1bd57ef935b78d2a5c335cc\ot_v41_rom_elem_w10.\bf [7]:
    port Q[7] of cell $procdff$21245 ($dff)
    port Q[7] of cell $procdff$21274 ($dff)
    port Q[7] of cell $procdff$21288 ($dff)
    port Q[7] of cell $procdff$21337 ($dff)
Warning: multiple conflicting drivers for $paramod$80b37ef46024ae68f1bd57ef935b78d2a5c335cc\ot_v41_rom_elem_w10.\bf [6]:
    port Q[6] of cell $procdff$21245 ($dff)
    port Q[6] of cell $procdff$21274 ($dff)
    port Q[6] of cell $procdff$21288 ($dff)
    port Q[6] of cell $procdff$21337 ($dff)
Warning: multiple conflicting drivers for $paramod$80b37ef46024ae68f1bd57ef935b78d2a5c335cc\ot_v41_rom_elem_w10.\bf [5]:
    port Q[5] of cell $procdff$21245 ($dff)
    port Q[5] of cell $procdff$21274 ($dff)
    port Q[5] of cell $procdff$21288 ($dff)
    port Q[5] of cell $procdff$21337 ($dff)
Warning: multiple conflicting drivers for $paramod$80b37ef46024ae68f1bd57ef935b78d2a5c335cc\ot_v41_rom_elem_w10.\bf [4]:
    port Q[4] of cell $procdff$21245 ($dff)
    port Q[4] of cell $procdff$21274 ($dff)
    port Q[4] of cell $procdff$21288 ($dff)
    port Q[4] of cell $procdff$21337 ($dff)
Warning: multiple conflicting drivers for $paramod$80b37ef46024ae68f1bd57ef935b78d2a5c335cc\ot_v41_rom_elem_w10.\bf [3]:
    port Q[3] of cell $procdff$21245 ($dff)
    port Q[3] of cell $procdff$21274 ($dff)
    port Q[3] of cell $procdff$21288 ($dff)
    port Q[3] of cell $procdff$21337 ($dff)
Warning: multiple conflicting drivers for $paramod$80b37ef46024ae68f1bd57ef935b78d2a5c335cc\ot_v41_rom_elem_w10.\bf [2]:
    port Q[2] of cell $procdff$21245 ($dff)
    port Q[2] of cell $procdff$21274 ($dff)
    port Q[2] of cell $procdff$21288 ($dff)
    port Q[2] of cell $procdff$21337 ($dff)
Warning: multiple conflicting drivers for $paramod$80b37ef46024ae68f1bd57ef935b78d2a5c335cc\ot_v41_rom_elem_w10.\bf [1]:
    port Q[1] of cell $procdff$21245 ($dff)
    port Q[1] of cell $procdff$21274 ($dff)
    port Q[1] of cell $procdff$21288 ($dff)
    port Q[1] of cell $procdff$21337 ($dff)
Warning: multiple conflicting drivers for $paramod$80b37ef46024ae68f1bd57ef935b78d2a5c335cc\ot_v41_rom_elem_w10.\bf [0]:
    port Q[0] of cell $procdff$21245 ($dff)
    port Q[0] of cell $procdff$21274 ($dff)
    port Q[0] of cell $procdff$21288 ($dff)
    port Q[0] of cell $procdff$21337 ($dff)
Warning: Drivers conflicting with a constant 1'0 driver:
    port Q[0] of cell $procdff$21542 ($dff)
    port Q[1] of cell $procdff$21542 ($dff)
    port Q[2] of cell $procdff$21542 ($dff)
    port Q[3] of cell $procdff$21542 ($dff)
    port Q[4] of cell $procdff$21542 ($dff)
    port Q[6] of cell $procdff$21542 ($dff)
    port Q[7] of cell $procdff$21542 ($dff)
    port Q[8] of cell $procdff$21542 ($dff)
    port Q[9] of cell $procdff$21542 ($dff)
    port Q[10] of cell $procdff$21542 ($dff)
    port Q[11] of cell $procdff$21542 ($dff)
    port Q[12] of cell $procdff$21542 ($dff)
    port Q[13] of cell $procdff$21542 ($dff)
    port Q[14] of cell $procdff$21542 ($dff)
    port Q[15] of cell $procdff$21542 ($dff)
    port Q[16] of cell $procdff$21542 ($dff)
    port Q[17] of cell $procdff$21542 ($dff)
    port Q[18] of cell $procdff$21542 ($dff)
    port Q[19] of cell $procdff$21542 ($dff)
    port Q[20] of cell $procdff$21542 ($dff)
    port Q[21] of cell $procdff$21542 ($dff)
    port Q[22] of cell $procdff$21542 ($dff)
    port Q[23] of cell $procdff$21542 ($dff)
    port Q[24] of cell $procdff$21542 ($dff)
    port Q[25] of cell $procdff$21542 ($dff)
    port Q[26] of cell $procdff$21542 ($dff)
    port Q[27] of cell $procdff$21542 ($dff)
    port Q[28] of cell $procdff$21542 ($dff)
    port Q[29] of cell $procdff$21542 ($dff)
    port Q[30] of cell $procdff$21542 ($dff)
    port Q[31] of cell $procdff$21542 ($dff)
Warning: Drivers conflicting with a constant 1'1 driver:
    port Q[5] of cell $procdff$21542 ($dff)
Warning: Wire $paramod\ot_v41_bterm2_w10\TW=s32'00000000000000000000000000010001.\p5_first is used but has no driver.
Warning: Wire $paramod\ot_v41_bterm2_w10\TW=s32'00000000000000000000000000010001.\p5_last is used but has no driver.
Warning: Drivers conflicting with a constant 1'0 driver:
    port Q[3] of cell $procdff$21700 ($dff)
    port Q[4] of cell $procdff$21700 ($dff)
    port Q[5] of cell $procdff$21700 ($dff)
    port Q[6] of cell $procdff$21700 ($dff)
    port Q[7] of cell $procdff$21700 ($dff)
    port Q[8] of cell $procdff$21700 ($dff)
    port Q[9] of cell $procdff$21700 ($dff)
    port Q[10] of cell $procdff$21700 ($dff)
    port Q[11] of cell $procdff$21700 ($dff)
    port Q[12] of cell $procdff$21700 ($dff)
    port Q[13] of cell $procdff$21700 ($dff)
    port Q[14] of cell $procdff$21700 ($dff)
    port Q[15] of cell $procdff$21700 ($dff)
    port Q[16] of cell $procdff$21700 ($dff)
    port Q[17] of cell $procdff$21700 ($dff)
    port Q[18] of cell $procdff$21700 ($dff)
    port Q[19] of cell $procdff$21700 ($dff)
    port Q[20] of cell $procdff$21700 ($dff)
    port Q[21] of cell $procdff$21700 ($dff)
    port Q[22] of cell $procdff$21700 ($dff)
    port Q[23] of cell $procdff$21700 ($dff)
    port Q[24] of cell $procdff$21700 ($dff)
    port Q[25] of cell $procdff$21700 ($dff)
    port Q[26] of cell $procdff$21700 ($dff)
    port Q[27] of cell $procdff$21700 ($dff)
    port Q[28] of cell $procdff$21700 ($dff)
    port Q[29] of cell $procdff$21700 ($dff)
    port Q[30] of cell $procdff$21700 ($dff)
    port Q[31] of cell $procdff$21700 ($dff)
Warning: Drivers conflicting with a constant 1'1 driver:
    port Q[0] of cell $procdff$21700 ($dff)
    port Q[1] of cell $procdff$21700 ($dff)
    port Q[2] of cell $procdff$21700 ($dff)
Warning: Drivers conflicting with a constant 1'0 driver:
    port Q[0] of cell $procdff$21779 ($dff)
    port Q[1] of cell $procdff$21779 ($dff)
    port Q[2] of cell $procdff$21779 ($dff)
    port Q[3] of cell $procdff$21779 ($dff)
    port Q[5] of cell $procdff$21779 ($dff)
    port Q[7] of cell $procdff$21779 ($dff)
    port Q[8] of cell $procdff$21779 ($dff)
    port Q[9] of cell $procdff$21779 ($dff)
    port Q[10] of cell $procdff$21779 ($dff)
    port Q[11] of cell $procdff$21779 ($dff)
    port Q[12] of cell $procdff$21779 ($dff)
    port Q[13] of cell $procdff$21779 ($dff)
    port Q[14] of cell $procdff$21779 ($dff)
    port Q[15] of cell $procdff$21779 ($dff)
    port Q[16] of cell $procdff$21779 ($dff)
    port Q[17] of cell $procdff$21779 ($dff)
    port Q[18] of cell $procdff$21779 ($dff)
    port Q[19] of cell $procdff$21779 ($dff)
    port Q[20] of cell $procdff$21779 ($dff)
    port Q[21] of cell $procdff$21779 ($dff)
    port Q[22] of cell $procdff$21779 ($dff)
    port Q[23] of cell $procdff$21779 ($dff)
    port Q[24] of cell $procdff$21779 ($dff)
    port Q[25] of cell $procdff$21779 ($dff)
    port Q[26] of cell $procdff$21779 ($dff)
    port Q[27] of cell $procdff$21779 ($dff)
    port Q[28] of cell $procdff$21779 ($dff)
    port Q[29] of cell $procdff$21779 ($dff)
    port Q[30] of cell $procdff$21779 ($dff)
    port Q[31] of cell $procdff$21779 ($dff)
Warning: Drivers conflicting with a constant 1'1 driver:
    port Q[4] of cell $procdff$21779 ($dff)
    port Q[6] of cell $procdff$21779 ($dff)
