{
 "setup_tt": {
  "corner": "tt",
  "check": "setup",
  "worst_slack_ps": -28.62,
  "tns_ps": -5000.3,
  "worst_register_d_slack_ps": -28.622105,
  "worst_reg_to_reg_slack_ps": 21.0,
  "worst_input_to_reg_slack_ps": -28.62,
  "worst_output_port_slack_ps": 304.588257,
  "violating_d_pins": 427,
  "errors": [],
  "odb_sha256": "29909e4275962ff0b142951a458e7a522d6e4e3aa3241540a67a8c1d1dcc4031",
  "spef_sha256": "877b7ac4306653ac6d7ceebd32c08846b38866d3ca378673cab5e4c751c213f0",
  "sdc_name": "6_final.sdc",
  "sdc_sha256": "194af7306a1b8816f04e02cc06baf8c9635bdd467d5f884d263a891c4f56c5d6"
 },
 "setup_ss": {
  "corner": "ss",
  "check": "setup",
  "worst_slack_ps": -307.79,
  "tns_ps": -21123.6,
  "worst_register_d_slack_ps": -307.787354,
  "worst_reg_to_reg_slack_ps": -307.79,
  "worst_input_to_reg_slack_ps": -13.98,
  "worst_output_port_slack_ps": -11.408208,
  "violating_d_pins": 447,
  "errors": [],
  "odb_sha256": "29909e4275962ff0b142951a458e7a522d6e4e3aa3241540a67a8c1d1dcc4031",
  "spef_sha256": "877b7ac4306653ac6d7ceebd32c08846b38866d3ca378673cab5e4c751c213f0",
  "sdc_name": "6_final.sdc",
  "sdc_sha256": "194af7306a1b8816f04e02cc06baf8c9635bdd467d5f884d263a891c4f56c5d6"
 },
 "hold_ff": {
  "corner": "ff",
  "check": "hold",
  "worst_slack_ps": -66.87,
  "tns_ps": -3986.4,
  "worst_register_d_slack_ps": -12.514767,
  "worst_reg_to_reg_slack_ps": -12.51,
  "worst_input_to_reg_slack_ps": 86.54,
  "worst_output_port_slack_ps": -66.870956,
  "violating_d_pins": 2314,
  "errors": [],
  "odb_sha256": "29909e4275962ff0b142951a458e7a522d6e4e3aa3241540a67a8c1d1dcc4031",
  "spef_sha256": "877b7ac4306653ac6d7ceebd32c08846b38866d3ca378673cab5e4c751c213f0",
  "sdc_name": "6_final.sdc",
  "sdc_sha256": "194af7306a1b8816f04e02cc06baf8c9635bdd467d5f884d263a891c4f56c5d6"
 },
 "closes_signoff": false
}
