OpenROAD 26Q3-1510-g6cb3f2b704 
Features included (+) or not (-): +GPU +GUI +Python
This program is licensed under the BSD-3 license. See the LICENSE file for details.
Components of this program may be licensed under more restrictive licenses which must be honored.
[INFO ODB-0227] LEF file: /OpenROAD-flow-scripts/flow/platforms/asap7/lef/asap7_tech_1x_201209.lef, created 30 layers, 9 vias
[INFO ODB-0227] LEF file: /OpenROAD-flow-scripts/flow/platforms/asap7/lef/asap7sc7p5t_28_R_1x_220121a.lef, created 212 library cells
[WARNING STA-1212] /OpenROAD-flow-scripts/flow/platforms/asap7/lib/NLDM/asap7sc7p5t_SIMPLE_RVT_FF_nldm_211120.lib.gz line 9184, timing group from output port.
[WARNING STA-1212] /OpenROAD-flow-scripts/flow/platforms/asap7/lib/NLDM/asap7sc7p5t_SIMPLE_RVT_FF_nldm_211120.lib.gz line 9217, timing group from output port.
[WARNING STA-1212] /OpenROAD-flow-scripts/flow/platforms/asap7/lib/NLDM/asap7sc7p5t_SIMPLE_RVT_FF_nldm_211120.lib.gz line 9250, timing group from output port.
[WARNING STA-1212] /OpenROAD-flow-scripts/flow/platforms/asap7/lib/NLDM/asap7sc7p5t_SIMPLE_RVT_FF_nldm_211120.lib.gz line 9283, timing group from output port.
[WARNING STA-1212] /OpenROAD-flow-scripts/flow/platforms/asap7/lib/NLDM/asap7sc7p5t_SIMPLE_RVT_FF_nldm_211120.lib.gz line 9316, timing group from output port.
[WARNING STA-1212] /OpenROAD-flow-scripts/flow/platforms/asap7/lib/NLDM/asap7sc7p5t_SIMPLE_RVT_FF_nldm_211120.lib.gz line 9349, timing group from output port.
[WARNING STA-1212] /OpenROAD-flow-scripts/flow/platforms/asap7/lib/NLDM/asap7sc7p5t_SIMPLE_RVT_FF_nldm_211120.lib.gz line 9382, timing group from output port.
[WARNING STA-1212] /OpenROAD-flow-scripts/flow/platforms/asap7/lib/NLDM/asap7sc7p5t_SIMPLE_RVT_FF_nldm_211120.lib.gz line 10518, timing group from output port.
[WARNING STA-1212] /OpenROAD-flow-scripts/flow/platforms/asap7/lib/NLDM/asap7sc7p5t_SIMPLE_RVT_FF_nldm_211120.lib.gz line 10551, timing group from output port.
[WARNING STA-1212] /OpenROAD-flow-scripts/flow/platforms/asap7/lib/NLDM/asap7sc7p5t_SIMPLE_RVT_FF_nldm_211120.lib.gz line 10584, timing group from output port.
OT_CORNER ff
OT_WS 8.653175398443125e-12
OT_TNS 0.0
Startpoint: active.u_data.tg[2]$_DFF_P_
            (rising edge-triggered flip-flop clocked by wclk)
Endpoint: active.u_data.g1[2]$_DFF_P_
          (rising edge-triggered flip-flop clocked by rclk)
Path Group: path delay
Path Type: min

  Delay    Time   Description
---------------------------------------------------------
   0.00    0.00 ^ active.u_data.tg[2]$_DFF_P_/CLK (DFFHQNx1_ASAP7_75t_R)
  34.89   34.89 ^ active.u_data.tg[2]$_DFF_P_/QN (DFFHQNx1_ASAP7_75t_R)
   7.32   42.21 v _58666_/Y (INVx1_ASAP7_75t_R)
   0.07   42.28 v active.u_data.g1[2]$_DFF_P_/D (DFFHQNx1_ASAP7_75t_R)
          42.28   data arrival time

   0.00    0.00   min_delay
  11.46   11.46   library hold time
          11.46   data required time
---------------------------------------------------------
          11.46   data required time
         -42.28   data arrival time
---------------------------------------------------------
          30.83   slack (MET)


Startpoint: active.u_data.n2[0]$_DFF_P_
            (rising edge-triggered flip-flop clocked by rclk)
Endpoint: active.u_data.n3[0]$_DFF_P_
          (rising edge-triggered flip-flop clocked by rclk)
Path Group: rclk
Path Type: min

  Delay    Time   Description
---------------------------------------------------------
   0.00    0.00   clock rclk (rise edge)
   0.00    0.00   clock source latency
   0.00    0.00 ^ rclk (in)
  33.94   33.94 ^ clkbuf_0_rclk/Y (BUFx24_ASAP7_75t_R)
  23.76   57.70 ^ clkbuf_2_1_0_rclk/Y (BUFx24_ASAP7_75t_R)
  23.93   81.63 ^ clkbuf_3_3_0_rclk/Y (BUFx24_ASAP7_75t_R)
  24.20  105.82 ^ clkbuf_5_12__f_rclk/Y (BUFx24_ASAP7_75t_R)
  22.32  128.14 ^ clkbuf_leaf_38_rclk/Y (BUFx24_ASAP7_75t_R)
   1.18  129.32 ^ active.u_data.n2[0]$_DFF_P_/CLK (DFFHQNx1_ASAP7_75t_R)
  34.36  163.68 ^ active.u_data.n2[0]$_DFF_P_/QN (DFFHQNx1_ASAP7_75t_R)
  13.19  176.86 ^ hold7197/Y (BUFx2_ASAP7_75t_R)
   4.41  181.27 v _33083_/Y (INVx1_ASAP7_75t_R)
   0.04  181.31 v active.u_data.n3[0]$_DFF_P_/D (DFFHQNx1_ASAP7_75t_R)
         181.31   data arrival time

   0.00    0.00   clock rclk (rise edge)
   0.00    0.00   clock source latency
   0.00    0.00 ^ rclk (in)
  35.44   35.44 ^ clkbuf_0_rclk/Y (BUFx24_ASAP7_75t_R)
  25.09   60.52 ^ clkbuf_2_1_0_rclk/Y (BUFx24_ASAP7_75t_R)
  25.16   85.68 ^ clkbuf_3_3_0_rclk/Y (BUFx24_ASAP7_75t_R)
  26.20  111.87 ^ clkbuf_5_13__f_rclk/Y (BUFx24_ASAP7_75t_R)
  25.85  137.72 ^ clkbuf_leaf_97_rclk/Y (BUFx24_ASAP7_75t_R)
   2.10  139.82 ^ active.u_data.n3[0]$_DFF_P_/CLK (DFFHQNx1_ASAP7_75t_R)
  25.00  164.82   clock uncertainty
  -4.05  160.77   clock reconvergence pessimism
  11.89  172.66   library hold time
         172.66   data required time
---------------------------------------------------------
         172.66   data required time
        -181.31   data arrival time
---------------------------------------------------------
           8.65   slack (MET)


Startpoint: active.w_cnt[3]$_SDFFE_PN1P_
            (rising edge-triggered flip-flop clocked by wclk)
Endpoint: active.w_cnt[3]$_SDFFE_PN1P_
          (rising edge-triggered flip-flop clocked by wclk)
Path Group: wclk
Path Type: min

  Delay    Time   Description
---------------------------------------------------------
   0.00    0.00   clock wclk (rise edge)
   0.00    0.00   clock source latency
   0.00    0.00 ^ wclk (in)
  32.63   32.63 ^ clkbuf_0_wclk/Y (BUFx24_ASAP7_75t_R)
  23.48   56.11 ^ clkbuf_2_2_0_wclk/Y (BUFx24_ASAP7_75t_R)
  22.07   78.18 ^ clkbuf_3_4_0_wclk/Y (BUFx24_ASAP7_75t_R)
  21.18   99.36 ^ clkbuf_4_8__f_wclk/Y (BUFx24_ASAP7_75t_R)
  29.94  129.30 ^ clkbuf_leaf_24_wclk/Y (BUFx24_ASAP7_75t_R)
   1.11  130.41 ^ active.w_cnt[3]$_SDFFE_PN1P_/CLK (DFFHQNx1_ASAP7_75t_R)
  39.47  169.88 ^ active.w_cnt[3]$_SDFFE_PN1P_/QN (DFFHQNx1_ASAP7_75t_R)
   7.27  177.15 v _58749_/Y (OAI21x1_ASAP7_75t_R)
   0.04  177.19 v active.w_cnt[3]$_SDFFE_PN1P_/D (DFFHQNx1_ASAP7_75t_R)
         177.19   data arrival time

   0.00    0.00   clock wclk (rise edge)
   0.00    0.00   clock source latency
   0.00    0.00 ^ wclk (in)
  34.04   34.04 ^ clkbuf_0_wclk/Y (BUFx24_ASAP7_75t_R)
  24.83   58.86 ^ clkbuf_2_2_0_wclk/Y (BUFx24_ASAP7_75t_R)
  23.08   81.94 ^ clkbuf_3_4_0_wclk/Y (BUFx24_ASAP7_75t_R)
  22.09  104.03 ^ clkbuf_4_8__f_wclk/Y (BUFx24_ASAP7_75t_R)
  33.05  137.08 ^ clkbuf_leaf_24_wclk/Y (BUFx24_ASAP7_75t_R)
   1.35  138.43 ^ active.w_cnt[3]$_SDFFE_PN1P_/CLK (DFFHQNx1_ASAP7_75t_R)
  25.00  163.43   clock uncertainty
  -8.01  155.41   clock reconvergence pessimism
  11.72  167.14   library hold time
         167.14   data required time
---------------------------------------------------------
         167.14   data required time
        -177.19   data arrival time
---------------------------------------------------------
          10.05   slack (MET)


OT_VIOL_D_PINS 0
OT_WS_REG_D 8.653175
OT_WS_OUT 242.492035
OT_WS_R2R 30.825565
OT_WS_I2R 63.338448
