OpenROAD 26Q3-1510-g6cb3f2b704 
Features included (+) or not (-): +GPU +GUI +Python
This program is licensed under the BSD-3 license. See the LICENSE file for details.
Components of this program may be licensed under more restrictive licenses which must be honored.
[INFO ODB-0227] LEF file: /OpenROAD-flow-scripts/flow/platforms/asap7/lef/asap7_tech_1x_201209.lef, created 30 layers, 9 vias
[INFO ODB-0227] LEF file: /OpenROAD-flow-scripts/flow/platforms/asap7/lef/asap7sc7p5t_28_R_1x_220121a.lef, created 212 library cells
[WARNING STA-1212] /OpenROAD-flow-scripts/flow/platforms/asap7/lib/NLDM/asap7sc7p5t_SIMPLE_RVT_SS_nldm_211120.lib.gz line 13156, timing group from output port.
[WARNING STA-1212] /OpenROAD-flow-scripts/flow/platforms/asap7/lib/NLDM/asap7sc7p5t_SIMPLE_RVT_SS_nldm_211120.lib.gz line 13189, timing group from output port.
[WARNING STA-1212] /OpenROAD-flow-scripts/flow/platforms/asap7/lib/NLDM/asap7sc7p5t_SIMPLE_RVT_SS_nldm_211120.lib.gz line 13222, timing group from output port.
[WARNING STA-1212] /OpenROAD-flow-scripts/flow/platforms/asap7/lib/NLDM/asap7sc7p5t_SIMPLE_RVT_SS_nldm_211120.lib.gz line 13255, timing group from output port.
[WARNING STA-1212] /OpenROAD-flow-scripts/flow/platforms/asap7/lib/NLDM/asap7sc7p5t_SIMPLE_RVT_SS_nldm_211120.lib.gz line 13288, timing group from output port.
[WARNING STA-1212] /OpenROAD-flow-scripts/flow/platforms/asap7/lib/NLDM/asap7sc7p5t_SIMPLE_RVT_SS_nldm_211120.lib.gz line 13321, timing group from output port.
[WARNING STA-1212] /OpenROAD-flow-scripts/flow/platforms/asap7/lib/NLDM/asap7sc7p5t_SIMPLE_RVT_SS_nldm_211120.lib.gz line 13354, timing group from output port.
[WARNING STA-1212] /OpenROAD-flow-scripts/flow/platforms/asap7/lib/NLDM/asap7sc7p5t_SIMPLE_RVT_SS_nldm_211120.lib.gz line 14748, timing group from output port.
[WARNING STA-1212] /OpenROAD-flow-scripts/flow/platforms/asap7/lib/NLDM/asap7sc7p5t_SIMPLE_RVT_SS_nldm_211120.lib.gz line 14781, timing group from output port.
[WARNING STA-1212] /OpenROAD-flow-scripts/flow/platforms/asap7/lib/NLDM/asap7sc7p5t_SIMPLE_RVT_SS_nldm_211120.lib.gz line 14814, timing group from output port.
OT_CORNER ss
OT_WS -2.137562349346922e-11
OT_TNS -1.1162470947567726e-10
Startpoint: active.u_data.s_v1[2]$_DFF_P_
            (rising edge-triggered flip-flop clocked by wclk)
Endpoint: active.cnt[2]$_SDFF_PN0_
          (rising edge-triggered flip-flop clocked by rclk)
Path Group: path delay
Path Type: max

  Delay    Time   Description
---------------------------------------------------------
   0.00    0.00 ^ active.u_data.s_v1[2]$_DFF_P_/CLK (DFFHQNx1_ASAP7_75t_R)
  86.97   86.97 ^ active.u_data.s_v1[2]$_DFF_P_/QN (DFFHQNx1_ASAP7_75t_R)
  23.89  110.86 v _33341_/Y (OAI22x1_ASAP7_75t_R)
  94.96  205.82 v _33342_/Y (OR4x2_ASAP7_75t_R)
  58.13  263.95 v _33359_/Y (AO32x1_ASAP7_75t_R)
  27.63  291.58 v _33360_/Y (OA21x2_ASAP7_75t_R)
  42.53  334.12 ^ _33361_/Y (XNOR2x2_ASAP7_75t_R)
  28.23  362.35 ^ _33362_/Y (AND2x2_ASAP7_75t_R)
   0.05  362.40 ^ active.cnt[2]$_SDFF_PN0_/D (DFFHQNx1_ASAP7_75t_R)
         362.40   data arrival time

 356.67  356.67   max_delay
 -15.65  341.02   library setup time
         341.02   data required time
---------------------------------------------------------
         341.02   data required time
        -362.40   data arrival time
---------------------------------------------------------
         -21.38   slack (VIOLATED)


Startpoint: active.cnt[1]$_SDFF_PN0_
            (rising edge-triggered flip-flop clocked by rclk)
Endpoint: active.buf_d[2][227]$_DFFE_PP_
          (rising edge-triggered flip-flop clocked by rclk)
Path Group: rclk
Path Type: max

  Delay    Time   Description
---------------------------------------------------------
   0.00    0.00   clock rclk (rise edge)
   0.00    0.00   clock source latency
   0.00    0.00 ^ rclk (in)
  48.74   48.74 ^ clkbuf_0_rclk/Y (BUFx24_ASAP7_75t_R)
  41.06   89.80 ^ clkbuf_2_1_0_rclk/Y (BUFx24_ASAP7_75t_R)
  41.25  131.05 ^ clkbuf_3_3_0_rclk/Y (BUFx24_ASAP7_75t_R)
  44.56  175.61 ^ clkbuf_5_13__f_rclk/Y (BUFx24_ASAP7_75t_R)
  45.54  221.15 ^ clkbuf_leaf_44_rclk/Y (BUFx24_ASAP7_75t_R)
   2.01  223.16 ^ active.cnt[1]$_SDFF_PN0_/CLK (DFFHQNx1_ASAP7_75t_R)
  99.45  322.61 v active.cnt[1]$_SDFF_PN0_/QN (DFFHQNx1_ASAP7_75t_R)
  50.97  373.59 v _33324_/Y (AND3x1_ASAP7_75t_R)
  48.80  422.39 v _45034_/Y (AO21x1_ASAP7_75t_R)
 128.25  550.64 v _47309_/Y (OR3x4_ASAP7_75t_R)
 130.65  681.29 v place4219/Y (BUFx6f_ASAP7_75t_R)
 119.21  800.50 v place4211/Y (BUFx5_ASAP7_75t_R)
  47.88  848.37 ^ _47944_/Y (NAND2x1_ASAP7_75t_R)
  35.54  883.91 ^ _47945_/Y (OA21x2_ASAP7_75t_R)
   0.05  883.96 ^ active.buf_d[2][227]$_DFFE_PP_/D (DFFHQNx1_ASAP7_75t_R)
         883.96   data arrival time

 833.33  833.33   clock rclk (rise edge)
   0.00  833.33   clock source latency
   0.00  833.33 ^ rclk (in)
  46.70  880.03 ^ clkbuf_0_rclk/Y (BUFx24_ASAP7_75t_R)
  38.75  918.79 ^ clkbuf_2_2_0_rclk/Y (BUFx24_ASAP7_75t_R)
  39.25  958.03 ^ clkbuf_3_5_0_rclk/Y (BUFx24_ASAP7_75t_R)
  42.22 1000.25 ^ clkbuf_5_22__f_rclk/Y (BUFx24_ASAP7_75t_R)
  39.80 1040.05 ^ clkbuf_leaf_182_rclk/Y (BUFx24_ASAP7_75t_R)
   0.80 1040.85 ^ active.buf_d[2][227]$_DFFE_PP_/CLK (DFFHQNx1_ASAP7_75t_R)
 -60.00  980.85   clock uncertainty
   2.04  982.89   clock reconvergence pessimism
 -16.00  966.89   library setup time
         966.89   data required time
---------------------------------------------------------
         966.89   data required time
        -883.96   data arrival time
---------------------------------------------------------
          82.93   slack (MET)


Startpoint: active.ws[1]$_SDFFE_PN0P_
            (rising edge-triggered flip-flop clocked by wclk)
Endpoint: active.u_data.s_d[0][337]$_DFFE_PP_
          (rising edge-triggered flip-flop clocked by wclk)
Path Group: wclk
Path Type: max

  Delay    Time   Description
---------------------------------------------------------
   0.00    0.00   clock wclk (rise edge)
   0.00    0.00   clock source latency
   0.00    0.00 ^ wclk (in)
  51.34   51.34 ^ clkbuf_0_wclk/Y (BUFx24_ASAP7_75t_R)
  41.31   92.65 ^ clkbuf_2_2_0_wclk/Y (BUFx24_ASAP7_75t_R)
  39.05  131.70 ^ clkbuf_3_5_0_wclk/Y (BUFx24_ASAP7_75t_R)
  41.44  173.14 ^ clkbuf_4_10__f_wclk/Y (BUFx24_ASAP7_75t_R)
  46.68  219.81 ^ clkbuf_leaf_31_wclk/Y (BUFx24_ASAP7_75t_R)
   0.76  220.57 ^ active.ws[1]$_SDFFE_PN0P_/CLK (DFFHQNx1_ASAP7_75t_R)
  94.89  315.45 v active.ws[1]$_SDFFE_PN0P_/QN (DFFHQNx1_ASAP7_75t_R)
  45.75  361.20 ^ _32573_/Y (INVx4_ASAP7_75t_R)
  65.98  427.18 ^ _33114_/Y (AND4x1_ASAP7_75t_R)
  63.24  490.42 ^ _33119_/Y (AND3x2_ASAP7_75t_R)
  58.52  548.94 ^ _54132_/Y (AND3x1_ASAP7_75t_R)
  42.38  591.32 ^ place3839/Y (BUFx6f_ASAP7_75t_R)
  54.22  645.54 ^ place3817/Y (BUFx6f_ASAP7_75t_R)
 151.78  797.32 ^ place3812/Y (BUFx2_ASAP7_75t_R)
  44.55  841.87 v _54523_/Y (NOR2x1_ASAP7_75t_R)
  39.30  881.17 v _54524_/Y (AO21x1_ASAP7_75t_R)
  29.63  910.80 v hold5908/Y (BUFx2_ASAP7_75t_R)
   0.05  910.85 v active.u_data.s_d[0][337]$_DFFE_PP_/D (DFFHQNx1_ASAP7_75t_R)
         910.85   data arrival time

 833.33  833.33   clock wclk (rise edge)
   0.00  833.33   clock source latency
   0.00  833.33 ^ wclk (in)
  49.24  882.57 ^ clkbuf_0_wclk/Y (BUFx24_ASAP7_75t_R)
  39.24  921.82 ^ clkbuf_2_3_0_wclk/Y (BUFx24_ASAP7_75t_R)
  36.96  958.78 ^ clkbuf_3_7_0_wclk/Y (BUFx24_ASAP7_75t_R)
  39.99  998.77 ^ clkbuf_4_14__f_wclk/Y (BUFx24_ASAP7_75t_R)
  44.01 1042.77 ^ clkbuf_leaf_57_wclk/Y (BUFx24_ASAP7_75t_R)
   0.81 1043.59 ^ active.u_data.s_d[0][337]$_DFFE_PP_/CLK (DFFHQNx1_ASAP7_75t_R)
 -60.00  983.59   clock uncertainty
   2.10  985.68   clock reconvergence pessimism
  -1.35  984.34   library setup time
         984.34   data required time
---------------------------------------------------------
         984.34   data required time
        -910.85   data arrival time
---------------------------------------------------------
          73.49   slack (MET)


OT_VIOL_D_PINS 9
OT_WS_REG_D -21.375650
OT_WS_OUT 97.461487
OT_WS_R2R -21.375624
OT_WS_I2R 329.038361
