OpenROAD 26Q3-1510-g6cb3f2b704 
Features included (+) or not (-): +GPU +GUI +Python
This program is licensed under the BSD-3 license. See the LICENSE file for details.
Components of this program may be licensed under more restrictive licenses which must be honored.
[INFO ODB-0227] LEF file: /OpenROAD-flow-scripts/flow/platforms/asap7/lef/asap7_tech_1x_201209.lef, created 30 layers, 9 vias
[INFO ODB-0227] LEF file: /OpenROAD-flow-scripts/flow/platforms/asap7/lef/asap7sc7p5t_28_R_1x_220121a.lef, created 212 library cells
[WARNING STA-1212] /OpenROAD-flow-scripts/flow/platforms/asap7/lib/NLDM/asap7sc7p5t_SIMPLE_RVT_FF_nldm_211120.lib.gz line 9184, timing group from output port.
[WARNING STA-1212] /OpenROAD-flow-scripts/flow/platforms/asap7/lib/NLDM/asap7sc7p5t_SIMPLE_RVT_FF_nldm_211120.lib.gz line 9217, timing group from output port.
[WARNING STA-1212] /OpenROAD-flow-scripts/flow/platforms/asap7/lib/NLDM/asap7sc7p5t_SIMPLE_RVT_FF_nldm_211120.lib.gz line 9250, timing group from output port.
[WARNING STA-1212] /OpenROAD-flow-scripts/flow/platforms/asap7/lib/NLDM/asap7sc7p5t_SIMPLE_RVT_FF_nldm_211120.lib.gz line 9283, timing group from output port.
[WARNING STA-1212] /OpenROAD-flow-scripts/flow/platforms/asap7/lib/NLDM/asap7sc7p5t_SIMPLE_RVT_FF_nldm_211120.lib.gz line 9316, timing group from output port.
[WARNING STA-1212] /OpenROAD-flow-scripts/flow/platforms/asap7/lib/NLDM/asap7sc7p5t_SIMPLE_RVT_FF_nldm_211120.lib.gz line 9349, timing group from output port.
[WARNING STA-1212] /OpenROAD-flow-scripts/flow/platforms/asap7/lib/NLDM/asap7sc7p5t_SIMPLE_RVT_FF_nldm_211120.lib.gz line 9382, timing group from output port.
[WARNING STA-1212] /OpenROAD-flow-scripts/flow/platforms/asap7/lib/NLDM/asap7sc7p5t_SIMPLE_RVT_FF_nldm_211120.lib.gz line 10518, timing group from output port.
[WARNING STA-1212] /OpenROAD-flow-scripts/flow/platforms/asap7/lib/NLDM/asap7sc7p5t_SIMPLE_RVT_FF_nldm_211120.lib.gz line 10551, timing group from output port.
[WARNING STA-1212] /OpenROAD-flow-scripts/flow/platforms/asap7/lib/NLDM/asap7sc7p5t_SIMPLE_RVT_FF_nldm_211120.lib.gz line 10584, timing group from output port.
OT_CORNER ff
OT_WS 1.0289658014528413e-11
OT_TNS 0.0
Startpoint: active.u_data.tg[1]$_DFF_P_
            (rising edge-triggered flip-flop clocked by wclk)
Endpoint: active.u_data.g1[1]$_DFF_P_
          (rising edge-triggered flip-flop clocked by rclk)
Path Group: path delay
Path Type: min

  Delay    Time   Description
---------------------------------------------------------
   0.00    0.00 ^ active.u_data.tg[1]$_DFF_P_/CLK (DFFHQNx1_ASAP7_75t_R)
  34.99   34.99 ^ active.u_data.tg[1]$_DFF_P_/QN (DFFHQNx1_ASAP7_75t_R)
   7.54   42.54 v _33155_/Y (INVx1_ASAP7_75t_R)
   0.08   42.61 v active.u_data.g1[1]$_DFF_P_/D (DFFHQNx1_ASAP7_75t_R)
          42.61   data arrival time

   0.00    0.00   min_delay
  11.50   11.50   library hold time
          11.50   data required time
---------------------------------------------------------
          11.50   data required time
         -42.61   data arrival time
---------------------------------------------------------
          31.11   slack (MET)


Startpoint: active.o_d[407]$_DFFE_PP_
            (rising edge-triggered flip-flop clocked by rclk)
Endpoint: active.o_d[407]$_DFFE_PP_
          (rising edge-triggered flip-flop clocked by rclk)
Path Group: rclk
Path Type: min

  Delay    Time   Description
---------------------------------------------------------
   0.00    0.00   clock rclk (rise edge)
   0.00    0.00   clock source latency
   0.00    0.00 ^ rclk (in)
  32.35   32.35 ^ clkbuf_0_rclk/Y (BUFx24_ASAP7_75t_R)
  23.45   55.79 ^ clkbuf_2_1_0_rclk/Y (BUFx24_ASAP7_75t_R)
  24.03   79.82 ^ clkbuf_3_2_0_rclk/Y (BUFx24_ASAP7_75t_R)
  23.54  103.36 ^ clkbuf_5_11__f_rclk/Y (BUFx24_ASAP7_75t_R)
  26.06  129.42 ^ clkbuf_leaf_73_rclk/Y (BUFx24_ASAP7_75t_R)
   1.87  131.29 ^ active.o_d[407]$_DFFE_PP_/CLK (DFFHQNx1_ASAP7_75t_R)
  39.28  170.57 ^ active.o_d[407]$_DFFE_PP_/QN (DFFHQNx1_ASAP7_75t_R)
   7.47  178.04 v _35757_/Y (AOI22x1_ASAP7_75t_R)
   0.06  178.10 v active.o_d[407]$_DFFE_PP_/D (DFFHQNx1_ASAP7_75t_R)
         178.10   data arrival time

   0.00    0.00   clock rclk (rise edge)
   0.00    0.00   clock source latency
   0.00    0.00 ^ rclk (in)
  33.76   33.76 ^ clkbuf_0_rclk/Y (BUFx24_ASAP7_75t_R)
  24.74   58.50 ^ clkbuf_2_1_0_rclk/Y (BUFx24_ASAP7_75t_R)
  25.26   83.75 ^ clkbuf_3_2_0_rclk/Y (BUFx24_ASAP7_75t_R)
  25.02  108.77 ^ clkbuf_5_11__f_rclk/Y (BUFx24_ASAP7_75t_R)
  28.30  137.07 ^ clkbuf_leaf_73_rclk/Y (BUFx24_ASAP7_75t_R)
   2.23  139.30 ^ active.o_d[407]$_DFFE_PP_/CLK (DFFHQNx1_ASAP7_75t_R)
  25.00  164.30   clock uncertainty
  -8.01  156.29   clock reconvergence pessimism
  11.52  167.81   library hold time
         167.81   data required time
---------------------------------------------------------
         167.81   data required time
        -178.10   data arrival time
---------------------------------------------------------
          10.29   slack (MET)


Startpoint: active.w_ok$_SDFFE_PN0P_
            (rising edge-triggered flip-flop clocked by wclk)
Endpoint: active.w_ok$_SDFFE_PN0P_
          (rising edge-triggered flip-flop clocked by wclk)
Path Group: wclk
Path Type: min

  Delay    Time   Description
---------------------------------------------------------
   0.00    0.00   clock wclk (rise edge)
   0.00    0.00   clock source latency
   0.00    0.00 ^ wclk (in)
  34.45   34.45 ^ clkbuf_0_wclk/Y (BUFx24_ASAP7_75t_R)
  23.75   58.20 ^ clkbuf_2_2_0_wclk/Y (BUFx24_ASAP7_75t_R)
  22.81   81.01 ^ clkbuf_3_5_0_wclk/Y (BUFx24_ASAP7_75t_R)
  21.82  102.82 ^ clkbuf_4_10__f_wclk/Y (BUFx24_ASAP7_75t_R)
  25.76  128.59 ^ clkbuf_leaf_31_wclk/Y (BUFx24_ASAP7_75t_R)
   0.64  129.23 ^ active.w_ok$_SDFFE_PN0P_/CLK (DFFHQNx1_ASAP7_75t_R)
  38.95  168.18 ^ active.w_ok$_SDFFE_PN0P_/QN (DFFHQNx1_ASAP7_75t_R)
   8.78  176.96 v _58901_/Y (AOI21x1_ASAP7_75t_R)
   0.04  177.00 v active.w_ok$_SDFFE_PN0P_/D (DFFHQNx1_ASAP7_75t_R)
         177.00   data arrival time

   0.00    0.00   clock wclk (rise edge)
   0.00    0.00   clock source latency
   0.00    0.00 ^ wclk (in)
  35.91   35.91 ^ clkbuf_0_wclk/Y (BUFx24_ASAP7_75t_R)
  25.09   61.01 ^ clkbuf_2_2_0_wclk/Y (BUFx24_ASAP7_75t_R)
  23.99   84.99 ^ clkbuf_3_5_0_wclk/Y (BUFx24_ASAP7_75t_R)
  22.92  107.91 ^ clkbuf_4_10__f_wclk/Y (BUFx24_ASAP7_75t_R)
  27.74  135.66 ^ clkbuf_leaf_31_wclk/Y (BUFx24_ASAP7_75t_R)
   0.77  136.43 ^ active.w_ok$_SDFFE_PN0P_/CLK (DFFHQNx1_ASAP7_75t_R)
  25.00  161.43   clock uncertainty
  -7.20  154.23   clock reconvergence pessimism
  11.39  165.62   library hold time
         165.62   data required time
---------------------------------------------------------
         165.62   data required time
        -177.00   data arrival time
---------------------------------------------------------
          11.39   slack (MET)


OT_VIOL_D_PINS 0
OT_WS_REG_D 10.289658
OT_WS_OUT 244.370667
OT_WS_R2R 31.110254
OT_WS_I2R 60.044247
