%Error: /srv/opentallas-scratch2/jobs/rawls-hbm-pq-xmap-joint-p1-20261005-r1/source/rtl/test/tb_hbm_accel_sm_pq_xmap_seq.sv:215:132: Can't find definition of 'need_q' in dotted variable/method: 'dut.g_pq.u_issue.need_q'
  215 |                      cyc, dut.g_pq.u_issue.op_rows, dut.g_pq.u_issue.op_g, dut.g_pq.u_issue.op_bf, dut.g_pq.h_xb, dut.g_pq.u_issue.need_q,
      |                                                                                                                                    ^~~~~~
        ... See the manual at https://verilator.org/verilator_doc.html?v=5.050 for more assistance.
%Error: /srv/opentallas-scratch2/jobs/rawls-hbm-pq-xmap-joint-p1-20261005-r1/source/rtl/test/tb_hbm_accel_sm_pq_xmap_seq.sv:216:39: Can't find definition of 'since' in dotted variable/method: 'dut.g_pq.u_issue.since'
  216 |                      dut.g_pq.u_issue.since, dut.g_pq.u_issue.d_cur, dut.g_pq.u_issue.d_head, dut.g_pq.u_issue.on);
      |                                       ^~~~~
%Error: /srv/opentallas-scratch2/jobs/rawls-hbm-pq-xmap-joint-p1-20261005-r1/source/rtl/test/tb_hbm_accel_sm_pq_xmap_seq.sv:216:63: Can't find definition of 'd_cur' in dotted variable/method: 'dut.g_pq.u_issue.d_cur'
  216 |                      dut.g_pq.u_issue.since, dut.g_pq.u_issue.d_cur, dut.g_pq.u_issue.d_head, dut.g_pq.u_issue.on);
      |                                                               ^~~~~
%Error: /srv/opentallas-scratch2/jobs/rawls-hbm-pq-xmap-joint-p1-20261005-r1/source/rtl/test/tb_hbm_accel_sm_pq_xmap_seq.sv:216:87: Can't find definition of 'd_head' in dotted variable/method: 'dut.g_pq.u_issue.d_head'
  216 |                      dut.g_pq.u_issue.since, dut.g_pq.u_issue.d_cur, dut.g_pq.u_issue.d_head, dut.g_pq.u_issue.on);
      |                                                                                       ^~~~~~
%Error: /srv/opentallas-scratch2/jobs/rawls-hbm-pq-xmap-joint-p1-20261005-r1/source/rtl/test/tb_hbm_accel_sm_pq_xmap_seq.sv:216:112: Can't find definition of 'on' in dotted variable/method: 'dut.g_pq.u_issue.on'
  216 |                      dut.g_pq.u_issue.since, dut.g_pq.u_issue.d_cur, dut.g_pq.u_issue.d_head, dut.g_pq.u_issue.on);
      |                                                                                                                ^~
%Error: /srv/opentallas-scratch2/jobs/rawls-hbm-pq-xmap-joint-p1-20261005-r1/source/rtl/test/tb_hbm_accel_sm_pq_xmap_seq.sv:217:30: Can't find definition of 'op_end' in dotted variable/method: 'dut.g_pq.u_issue.op_end'
  217 |         if (dut.g_pq.u_issue.op_end) $display("T %0d OPEND", cyc);
      |                              ^~~~~~
%Error: /srv/opentallas-scratch2/jobs/rawls-hbm-pq-xmap-joint-p1-20261005-r1/source/rtl/test/tb_hbm_accel_sm_pq_xmap_seq.sv:218:130: Can't find definition of 'oh' in dotted variable/method: 'dut.g_pq.u_issue.oh'
  218 |         if (dut.g_pq.u_issue.rdone) $display("T %0d RDONE row %0d oh %0d ocnt %0d", cyc, dut.g_pq.crow[RW-1:0], dut.g_pq.u_issue.oh,
      |                                                                                                                                  ^~
%Error: /srv/opentallas-scratch2/jobs/rawls-hbm-pq-xmap-joint-p1-20261005-r1/source/rtl/test/tb_hbm_accel_sm_pq_xmap_seq.sv:219:58: Can't find definition of 'ocnt' in dotted variable/method: 'dut.g_pq.u_issue.ocnt'
  219 |                                         dut.g_pq.u_issue.ocnt[dut.g_pq.u_issue.oh]);
      |                                                          ^~~~
%Error: /srv/opentallas-scratch2/jobs/rawls-hbm-pq-xmap-joint-p1-20261005-r1/source/rtl/test/tb_hbm_accel_sm_pq_xmap_seq.sv:219:80: Can't find definition of 'oh' in dotted variable/method: 'dut.g_pq.u_issue.oh'
  219 |                                         dut.g_pq.u_issue.ocnt[dut.g_pq.u_issue.oh]);
      |                                                                                ^~
%Error: /srv/opentallas-scratch2/jobs/rawls-hbm-pq-xmap-joint-p1-20261005-r1/source/rtl/test/tb_hbm_accel_sm_pq_xmap_seq.sv:220:30: Can't find definition of 'head_done' in dotted variable/method: 'dut.g_pq.u_issue.head_done'
  220 |         if (dut.g_pq.u_issue.head_done) $display("T %0d HEADDONE oh %0d", cyc, dut.g_pq.u_issue.oh);
      |                              ^~~~~~~~~
%Error: /srv/opentallas-scratch2/jobs/rawls-hbm-pq-xmap-joint-p1-20261005-r1/source/rtl/test/tb_hbm_accel_sm_pq_xmap_seq.sv:220:97: Can't find definition of 'oh' in dotted variable/method: 'dut.g_pq.u_issue.oh'
  220 |         if (dut.g_pq.u_issue.head_done) $display("T %0d HEADDONE oh %0d", cyc, dut.g_pq.u_issue.oh);
      |                                                                                                 ^~
%Error: /srv/opentallas-scratch2/jobs/rawls-hbm-pq-xmap-joint-p1-20261005-r1/source/rtl/test/tb_hbm_accel_sm_pq_xmap_seq.sv:221:30: Can't find definition of 'adv' in dotted variable/method: 'dut.g_pq.u_issue.adv'
  221 |         if (dut.g_pq.u_issue.adv && cyc >= tr_from && cyc <= tr_to)
      |                              ^~~
%Error: /srv/opentallas-scratch2/jobs/rawls-hbm-pq-xmap-joint-p1-20261005-r1/source/rtl/test/tb_hbm_accel_sm_pq_xmap_seq.sv:223:44: Can't find definition of 'si' in dotted variable/method: 'dut.g_pq.u_issue.si'
  223 |                      cyc, dut.g_pq.u_issue.si, dut.g_pq.u_issue.ti, dut.g_pq.u_issue.row_ok, dut.g_pq.u_issue.row_now, dut.g_pq.u_issue.cr,
      |                                            ^~
%Error: /srv/opentallas-scratch2/jobs/rawls-hbm-pq-xmap-joint-p1-20261005-r1/source/rtl/test/tb_hbm_accel_sm_pq_xmap_seq.sv:223:65: Can't find definition of 'ti' in dotted variable/method: 'dut.g_pq.u_issue.ti'
  223 |                      cyc, dut.g_pq.u_issue.si, dut.g_pq.u_issue.ti, dut.g_pq.u_issue.row_ok, dut.g_pq.u_issue.row_now, dut.g_pq.u_issue.cr,
      |                                                                 ^~
%Error: /srv/opentallas-scratch2/jobs/rawls-hbm-pq-xmap-joint-p1-20261005-r1/source/rtl/test/tb_hbm_accel_sm_pq_xmap_seq.sv:223:86: Can't find definition of 'row_ok' in dotted variable/method: 'dut.g_pq.u_issue.row_ok'
  223 |                      cyc, dut.g_pq.u_issue.si, dut.g_pq.u_issue.ti, dut.g_pq.u_issue.row_ok, dut.g_pq.u_issue.row_now, dut.g_pq.u_issue.cr,
      |                                                                                      ^~~~~~
%Error: /srv/opentallas-scratch2/jobs/rawls-hbm-pq-xmap-joint-p1-20261005-r1/source/rtl/test/tb_hbm_accel_sm_pq_xmap_seq.sv:223:111: Can't find definition of 'row_now' in dotted variable/method: 'dut.g_pq.u_issue.row_now'
  223 |                      cyc, dut.g_pq.u_issue.si, dut.g_pq.u_issue.ti, dut.g_pq.u_issue.row_ok, dut.g_pq.u_issue.row_now, dut.g_pq.u_issue.cr,
      |                                                                                                               ^~~~~~~
%Error: /srv/opentallas-scratch2/jobs/rawls-hbm-pq-xmap-joint-p1-20261005-r1/source/rtl/test/tb_hbm_accel_sm_pq_xmap_seq.sv:223:137: Can't find definition of 'cr' in dotted variable/method: 'dut.g_pq.u_issue.cr'
  223 |                      cyc, dut.g_pq.u_issue.si, dut.g_pq.u_issue.ti, dut.g_pq.u_issue.row_ok, dut.g_pq.u_issue.row_now, dut.g_pq.u_issue.cr,
      |                                                                                                                                         ^~
%Error: /srv/opentallas-scratch2/jobs/rawls-hbm-pq-xmap-joint-p1-20261005-r1/source/rtl/test/tb_hbm_accel_sm_pq_xmap_seq.sv:225:39: Can't find definition of 'wave_adv' in dotted variable/method: 'dut.g_pq.u_issue.wave_adv'
  225 |                      dut.g_pq.u_issue.wave_adv, dut.g_pq.u_issue.lw_q, dut.g_pq.u_issue.valid_mask, dut.g_pq.u_issue.items_q,
      |                                       ^~~~~~~~
%Error: /srv/opentallas-scratch2/jobs/rawls-hbm-pq-xmap-joint-p1-20261005-r1/source/rtl/test/tb_hbm_accel_sm_pq_xmap_seq.sv:225:66: Can't find definition of 'lw_q' in dotted variable/method: 'dut.g_pq.u_issue.lw_q'
  225 |                      dut.g_pq.u_issue.wave_adv, dut.g_pq.u_issue.lw_q, dut.g_pq.u_issue.valid_mask, dut.g_pq.u_issue.items_q,
      |                                                                  ^~~~
%Error: /srv/opentallas-scratch2/jobs/rawls-hbm-pq-xmap-joint-p1-20261005-r1/source/rtl/test/tb_hbm_accel_sm_pq_xmap_seq.sv:225:89: Can't find definition of 'valid_mask' in dotted variable/method: 'dut.g_pq.u_issue.valid_mask'
  225 |                      dut.g_pq.u_issue.wave_adv, dut.g_pq.u_issue.lw_q, dut.g_pq.u_issue.valid_mask, dut.g_pq.u_issue.items_q,
      |                                                                                         ^~~~~~~~~~
%Error: /srv/opentallas-scratch2/jobs/rawls-hbm-pq-xmap-joint-p1-20261005-r1/source/rtl/test/tb_hbm_accel_sm_pq_xmap_seq.sv:225:118: Can't find definition of 'items_q' in dotted variable/method: 'dut.g_pq.u_issue.items_q'
  225 |                      dut.g_pq.u_issue.wave_adv, dut.g_pq.u_issue.lw_q, dut.g_pq.u_issue.valid_mask, dut.g_pq.u_issue.items_q,
      |                                                                                                                      ^~~~~~~
%Error: /srv/opentallas-scratch2/jobs/rawls-hbm-pq-xmap-joint-p1-20261005-r1/source/rtl/test/tb_hbm_accel_sm_pq_xmap_seq.sv:226:39: Can't find definition of 'wb_n' in dotted variable/method: 'dut.g_pq.u_issue.wb_n'
  226 |                      dut.g_pq.u_issue.wb_n);
      |                                       ^~~~
%Error: /srv/opentallas-scratch2/jobs/rawls-hbm-pq-xmap-joint-p1-20261005-r1/source/rtl/test/tb_hbm_accel_sm_pq_xmap_seq.sv:236:92: Can't find definition of 'on' in dotted variable/method: 'dut.g_pq.u_issue.on'
  236 |                 cyc, op, ndone, cur, nres[cur], start, start_ready, busy, dut.g_pq.u_issue.on, dut.g_pq.u_issue.issuing,
      |                                                                                            ^~
%Error: /srv/opentallas-scratch2/jobs/rawls-hbm-pq-xmap-joint-p1-20261005-r1/source/rtl/test/tb_hbm_accel_sm_pq_xmap_seq.sv:236:113: Can't find definition of 'issuing' in dotted variable/method: 'dut.g_pq.u_issue.issuing'
  236 |                 cyc, op, ndone, cur, nres[cur], start, start_ready, busy, dut.g_pq.u_issue.on, dut.g_pq.u_issue.issuing,
      |                                                                                                                 ^~~~~~~
%Error: /srv/opentallas-scratch2/jobs/rawls-hbm-pq-xmap-joint-p1-20261005-r1/source/rtl/test/tb_hbm_accel_sm_pq_xmap_seq.sv:237:34: Can't find definition of 'init_q' in dotted variable/method: 'dut.g_pq.u_issue.init_q'
  237 |                 dut.g_pq.u_issue.init_q, dut.g_pq.u_issue.start_v, dut.g_pq.u_issue.hv_q, dut.g_pq.u_issue.since, dut.g_pq.u_issue.need_q,
      |                                  ^~~~~~
%Error: /srv/opentallas-scratch2/jobs/rawls-hbm-pq-xmap-joint-p1-20261005-r1/source/rtl/test/tb_hbm_accel_sm_pq_xmap_seq.sv:237:85: Can't find definition of 'hv_q' in dotted variable/method: 'dut.g_pq.u_issue.hv_q'
  237 |                 dut.g_pq.u_issue.init_q, dut.g_pq.u_issue.start_v, dut.g_pq.u_issue.hv_q, dut.g_pq.u_issue.since, dut.g_pq.u_issue.need_q,
      |                                                                                     ^~~~
%Error: /srv/opentallas-scratch2/jobs/rawls-hbm-pq-xmap-joint-p1-20261005-r1/source/rtl/test/tb_hbm_accel_sm_pq_xmap_seq.sv:237:108: Can't find definition of 'since' in dotted variable/method: 'dut.g_pq.u_issue.since'
  237 |                 dut.g_pq.u_issue.init_q, dut.g_pq.u_issue.start_v, dut.g_pq.u_issue.hv_q, dut.g_pq.u_issue.since, dut.g_pq.u_issue.need_q,
      |                                                                                                            ^~~~~
%Error: /srv/opentallas-scratch2/jobs/rawls-hbm-pq-xmap-joint-p1-20261005-r1/source/rtl/test/tb_hbm_accel_sm_pq_xmap_seq.sv:237:132: Can't find definition of 'need_q' in dotted variable/method: 'dut.g_pq.u_issue.need_q'
  237 |                 dut.g_pq.u_issue.init_q, dut.g_pq.u_issue.start_v, dut.g_pq.u_issue.hv_q, dut.g_pq.u_issue.since, dut.g_pq.u_issue.need_q,
      |                                                                                                                                    ^~~~~~
%Error: Exiting due to 28 error(s)
