OpenROAD 26Q3-1510-g6cb3f2b704 
Features included (+) or not (-): +GPU +GUI +Python
This program is licensed under the BSD-3 license. See the LICENSE file for details.
Components of this program may be licensed under more restrictive licenses which must be honored.
[INFO ODB-0227] LEF file: /OpenROAD-flow-scripts/flow/platforms/asap7/lef/asap7_tech_1x_201209.lef, created 30 layers, 9 vias
[INFO ODB-0227] LEF file: /OpenROAD-flow-scripts/flow/platforms/asap7/lef/asap7sc7p5t_28_R_1x_220121a.lef, created 212 library cells
[WARNING STA-1212] /OpenROAD-flow-scripts/flow/platforms/asap7/lib/NLDM/asap7sc7p5t_SIMPLE_RVT_FF_nldm_211120.lib.gz line 9184, timing group from output port.
[WARNING STA-1212] /OpenROAD-flow-scripts/flow/platforms/asap7/lib/NLDM/asap7sc7p5t_SIMPLE_RVT_FF_nldm_211120.lib.gz line 9217, timing group from output port.
[WARNING STA-1212] /OpenROAD-flow-scripts/flow/platforms/asap7/lib/NLDM/asap7sc7p5t_SIMPLE_RVT_FF_nldm_211120.lib.gz line 9250, timing group from output port.
[WARNING STA-1212] /OpenROAD-flow-scripts/flow/platforms/asap7/lib/NLDM/asap7sc7p5t_SIMPLE_RVT_FF_nldm_211120.lib.gz line 9283, timing group from output port.
[WARNING STA-1212] /OpenROAD-flow-scripts/flow/platforms/asap7/lib/NLDM/asap7sc7p5t_SIMPLE_RVT_FF_nldm_211120.lib.gz line 9316, timing group from output port.
[WARNING STA-1212] /OpenROAD-flow-scripts/flow/platforms/asap7/lib/NLDM/asap7sc7p5t_SIMPLE_RVT_FF_nldm_211120.lib.gz line 9349, timing group from output port.
[WARNING STA-1212] /OpenROAD-flow-scripts/flow/platforms/asap7/lib/NLDM/asap7sc7p5t_SIMPLE_RVT_FF_nldm_211120.lib.gz line 9382, timing group from output port.
[WARNING STA-1212] /OpenROAD-flow-scripts/flow/platforms/asap7/lib/NLDM/asap7sc7p5t_SIMPLE_RVT_FF_nldm_211120.lib.gz line 10518, timing group from output port.
[WARNING STA-1212] /OpenROAD-flow-scripts/flow/platforms/asap7/lib/NLDM/asap7sc7p5t_SIMPLE_RVT_FF_nldm_211120.lib.gz line 10551, timing group from output port.
[WARNING STA-1212] /OpenROAD-flow-scripts/flow/platforms/asap7/lib/NLDM/asap7sc7p5t_SIMPLE_RVT_FF_nldm_211120.lib.gz line 10584, timing group from output port.
OT_CORNER ff
OT_WS 7.988276706782926e-12
OT_TNS 0.0
Startpoint: on.pc[0].u.on.bgs[3].ccdl[0]$_DFFE_PN0P_
            (rising edge-triggered flip-flop clocked by core_clk)
Endpoint: on.pc[0].u.on.bgs[3].ccdl[1]$_DFFE_PN0P_
          (rising edge-triggered flip-flop clocked by core_clk)
Path Group: core_clk
Path Type: min

  Delay    Time   Description
---------------------------------------------------------
   0.00    0.00   clock core_clk (rise edge)
   0.00    0.00   clock source latency
   0.00    0.00 ^ clk (in)
  27.72   27.72 ^ clkbuf_0_clk/Y (BUFx24_ASAP7_75t_R)
  26.13   53.84 ^ clkbuf_2_1_0_clk/Y (BUFx24_ASAP7_75t_R)
  25.81   79.66 ^ clkbuf_5_9__f_clk/Y (BUFx24_ASAP7_75t_R)
  23.94  103.59 ^ clkbuf_leaf_49_clk/Y (BUFx24_ASAP7_75t_R)
   1.32  104.92 ^ on.pc[0].u.on.bgs[3].ccdl[0]$_DFFE_PN0P_/CLK (DFFASRHQNx1_ASAP7_75t_R)
  43.71  148.63 ^ on.pc[0].u.on.bgs[3].ccdl[0]$_DFFE_PN0P_/QN (DFFASRHQNx1_ASAP7_75t_R)
   8.55  157.18 v _41269_/Y (OAI21x1_ASAP7_75t_R)
   0.06  157.24 v on.pc[0].u.on.bgs[3].ccdl[1]$_DFFE_PN0P_/D (DFFASRHQNx1_ASAP7_75t_R)
         157.24   data arrival time

   0.00    0.00   clock core_clk (rise edge)
   0.00    0.00   clock source latency
   0.00    0.00 ^ clk (in)
  28.93   28.93 ^ clkbuf_0_clk/Y (BUFx24_ASAP7_75t_R)
  27.68   56.60 ^ clkbuf_2_1_0_clk/Y (BUFx24_ASAP7_75t_R)
  27.90   84.50 ^ clkbuf_5_8__f_clk/Y (BUFx24_ASAP7_75t_R)
  28.48  112.98 ^ clkbuf_leaf_50_clk/Y (BUFx24_ASAP7_75t_R)
   1.61  114.59 ^ on.pc[0].u.on.bgs[3].ccdl[1]$_DFFE_PN0P_/CLK (DFFASRHQNx1_ASAP7_75t_R)
  25.00  139.59   clock uncertainty
  -2.76  136.83   clock reconvergence pessimism
  12.43  149.26   library hold time
         149.26   data required time
---------------------------------------------------------
         149.26   data required time
        -157.24   data arrival time
---------------------------------------------------------
           7.99   slack (MET)


OT_VIOL_D_PINS 0
OT_WS_REG_D 7.988277
OT_WS_OUT 144.013489
OT_WS_R2R 7.988277
OT_WS_I2R 12.508814
