OpenROAD 26Q3-1510-g6cb3f2b704 
Features included (+) or not (-): +GPU +GUI +Python
This program is licensed under the BSD-3 license. See the LICENSE file for details.
Components of this program may be licensed under more restrictive licenses which must be honored.
[INFO ODB-0227] LEF file: /OpenROAD-flow-scripts/flow/platforms/asap7/lef/asap7_tech_1x_201209.lef, created 30 layers, 9 vias
[INFO ODB-0227] LEF file: /OpenROAD-flow-scripts/flow/platforms/asap7/lef/asap7sc7p5t_28_R_1x_220121a.lef, created 212 library cells
[WARNING STA-1212] /OpenROAD-flow-scripts/flow/platforms/asap7/lib/NLDM/asap7sc7p5t_SIMPLE_RVT_SS_nldm_211120.lib.gz line 13156, timing group from output port.
[WARNING STA-1212] /OpenROAD-flow-scripts/flow/platforms/asap7/lib/NLDM/asap7sc7p5t_SIMPLE_RVT_SS_nldm_211120.lib.gz line 13189, timing group from output port.
[WARNING STA-1212] /OpenROAD-flow-scripts/flow/platforms/asap7/lib/NLDM/asap7sc7p5t_SIMPLE_RVT_SS_nldm_211120.lib.gz line 13222, timing group from output port.
[WARNING STA-1212] /OpenROAD-flow-scripts/flow/platforms/asap7/lib/NLDM/asap7sc7p5t_SIMPLE_RVT_SS_nldm_211120.lib.gz line 13255, timing group from output port.
[WARNING STA-1212] /OpenROAD-flow-scripts/flow/platforms/asap7/lib/NLDM/asap7sc7p5t_SIMPLE_RVT_SS_nldm_211120.lib.gz line 13288, timing group from output port.
[WARNING STA-1212] /OpenROAD-flow-scripts/flow/platforms/asap7/lib/NLDM/asap7sc7p5t_SIMPLE_RVT_SS_nldm_211120.lib.gz line 13321, timing group from output port.
[WARNING STA-1212] /OpenROAD-flow-scripts/flow/platforms/asap7/lib/NLDM/asap7sc7p5t_SIMPLE_RVT_SS_nldm_211120.lib.gz line 13354, timing group from output port.
[WARNING STA-1212] /OpenROAD-flow-scripts/flow/platforms/asap7/lib/NLDM/asap7sc7p5t_SIMPLE_RVT_SS_nldm_211120.lib.gz line 14748, timing group from output port.
[WARNING STA-1212] /OpenROAD-flow-scripts/flow/platforms/asap7/lib/NLDM/asap7sc7p5t_SIMPLE_RVT_SS_nldm_211120.lib.gz line 14781, timing group from output port.
[WARNING STA-1212] /OpenROAD-flow-scripts/flow/platforms/asap7/lib/NLDM/asap7sc7p5t_SIMPLE_RVT_SS_nldm_211120.lib.gz line 14814, timing group from output port.
OT_CORNER ss
OT_WS 7.453293537906802e-11
OT_TNS 0.0
Startpoint: a_bits_flat[74] (input port clocked by core_clk)
Endpoint: g_tree_margin.a_r[2][10]$_DFF_P_
          (rising edge-triggered flip-flop clocked by core_clk)
Path Group: core_clk
Path Type: max

  Delay    Time   Description
---------------------------------------------------------
   0.00    0.00   clock core_clk (rise edge)
   0.00    0.00   clock network delay (propagated)
 591.00  591.00 ^ input external delay
   0.00  591.00 ^ a_bits_flat[74] (in)
  31.05  622.05 ^ hold30743/Y (BUFx2_ASAP7_75t_R)
  40.43  662.49 ^ hold23967/Y (BUFx2_ASAP7_75t_R)
  38.91  701.39 ^ hold30744/Y (BUFx2_ASAP7_75t_R)
  40.23  741.63 ^ hold20670/Y (BUFx2_ASAP7_75t_R)
  34.83  776.46 ^ hold30745/Y (BUFx2_ASAP7_75t_R)
  38.10  814.55 ^ hold23968/Y (BUFx2_ASAP7_75t_R)
  44.03  858.58 ^ input141/Y (BUFx2_ASAP7_75t_R)
  45.26  903.84 ^ hold23969/Y (BUFx2_ASAP7_75t_R)
  40.62  944.46 ^ hold20671/Y (BUFx2_ASAP7_75t_R)
  35.39  979.85 ^ hold23970/Y (BUFx2_ASAP7_75t_R)
   0.73  980.58 ^ g_tree_margin.a_r[2][10]$_DFF_P_/D (DFFHQNx1_ASAP7_75t_R)
         980.58   data arrival time

 833.33  833.33   clock core_clk (rise edge)
   0.00  833.33   clock source latency
   0.00  833.33 ^ clk (in)
  30.60  863.93 ^ wire1249/Y (BUFx6f_ASAP7_75t_R)
  44.52  908.46 ^ clkbuf_0_clk/Y (BUFx24_ASAP7_75t_R)
  37.50  945.96 ^ clkbuf_1_0_0_clk/Y (BUFx24_ASAP7_75t_R)
  40.96  986.92 ^ clkbuf_2_0_0_clk/Y (BUFx24_ASAP7_75t_R)
  41.35 1028.28 ^ clkbuf_4_2_0_clk/Y (BUFx24_ASAP7_75t_R)
  45.48 1073.76 ^ clkbuf_6_10__f_clk/Y (BUFx24_ASAP7_75t_R)
  53.98 1127.74 ^ clkbuf_leaf_34_clk/Y (BUFx24_ASAP7_75t_R)
   3.78 1131.53 ^ g_tree_margin.a_r[2][10]$_DFF_P_/CLK (DFFHQNx1_ASAP7_75t_R)
 -60.00 1071.53   clock uncertainty
   0.00 1071.53   clock reconvergence pessimism
 -16.41 1055.12   library setup time
        1055.12   data required time
---------------------------------------------------------
        1055.12   data required time
        -980.58   data arrival time
---------------------------------------------------------
          74.53   slack (MET)


OT_VIOL_D_PINS 0
OT_WS_REG_D 74.532936
OT_WS_OUT 123.333397
OT_WS_R2R 111.371582
OT_WS_I2R 74.532936
