
==========================================================================
finish report_tns
--------------------------------------------------------------------------
tns max 0.00

==========================================================================
finish report_wns
--------------------------------------------------------------------------
wns max 0.00

==========================================================================
finish report_worst_slack
--------------------------------------------------------------------------
worst slack max 4.44

==========================================================================
finish report_clock_min_period
--------------------------------------------------------------------------
core_clk period_min = 915.56 fmax = 1092.23

==========================================================================
finish report_clock_skew
--------------------------------------------------------------------------
Clock core_clk
 143.46 source latency g_bank[1].valid[31]$_DFF_PN0_/CLK ^
-124.77 target latency g_bank[1].q_valid$_DFFE_PN0P_/CLK ^
  60.00 clock uncertainty
  -1.47 CRPR
--------------
  77.22 setup skew


==========================================================================
finish report_checks -path_delay min
--------------------------------------------------------------------------
Startpoint: g_bank[2].tag[5][4]$_DFFE_PP_
            (rising edge-triggered flip-flop clocked by core_clk)
Endpoint: g_bank[2].tag[5][4]$_DFFE_PP_
          (rising edge-triggered flip-flop clocked by core_clk)
Path Group: core_clk
Path Type: min

Fanout     Cap    Slew   Delay    Time   Description
-----------------------------------------------------------------------------
                          0.00    0.00   clock core_clk (rise edge)
                          0.00    0.00   clock source latency
     1   10.22    0.00    0.00    0.00 ^ clk (in)
                                         clk (net)
                 16.12    5.08    5.08 ^ clkbuf_0_clk/A (BUFx16f_ASAP7_75t_R)
     4   16.53   18.11   23.08   28.17 ^ clkbuf_0_clk/Y (BUFx16f_ASAP7_75t_R)
                                         clknet_0_clk (net)
                 21.17    3.86   32.03 ^ clkbuf_2_3_0_clk/A (BUFx24_ASAP7_75t_R)
     8   23.73   21.29   29.92   61.95 ^ clkbuf_2_3_0_clk/Y (BUFx24_ASAP7_75t_R)
                                         clknet_2_3_0_clk (net)
                 22.81    2.95   64.91 ^ clkbuf_5_25__f_clk/A (BUFx16f_ASAP7_75t_R)
     7   20.99   20.16   27.70   92.61 ^ clkbuf_5_25__f_clk/Y (BUFx16f_ASAP7_75t_R)
                                         clknet_5_25__leaf_clk (net)
                 20.70    1.77   94.38 ^ clkbuf_leaf_161_clk/A (BUFx24_ASAP7_75t_R)
    16    8.95   12.18   27.35  121.73 ^ clkbuf_leaf_161_clk/Y (BUFx24_ASAP7_75t_R)
                                         clknet_leaf_161_clk (net)
                 12.28    0.46  122.19 ^ g_bank[2].tag[5][4]$_DFFE_PP_/CLK (DFFHQNx1_ASAP7_75t_R)
     2    3.04   39.02   62.67  184.86 ^ g_bank[2].tag[5][4]$_DFFE_PP_/QN (DFFHQNx1_ASAP7_75t_R)
                                         _01271_ (net)
                 39.02    0.17  185.03 ^ _26929_/A (NAND2x1_ASAP7_75t_R)
     1    0.53   10.48   12.26  197.30 v _26929_/Y (NAND2x1_ASAP7_75t_R)
                                         _07209_ (net)
                 10.48    0.04  197.34 v g_bank[2].tag[5][4]$_DFFE_PP_/D (DFFHQNx1_ASAP7_75t_R)
                                197.34   data arrival time

                          0.00    0.00   clock core_clk (rise edge)
                          0.00    0.00   clock source latency
     1   10.86    0.00    0.00    0.00 ^ clk (in)
                                         clk (net)
                 17.81    5.62    5.62 ^ clkbuf_0_clk/A (BUFx16f_ASAP7_75t_R)
     4   18.88   20.08   24.02   29.64 ^ clkbuf_0_clk/Y (BUFx16f_ASAP7_75t_R)
                                         clknet_0_clk (net)
                 23.75    4.44   34.08 ^ clkbuf_2_3_0_clk/A (BUFx24_ASAP7_75t_R)
     8   28.89   24.63   31.55   65.63 ^ clkbuf_2_3_0_clk/Y (BUFx24_ASAP7_75t_R)
                                         clknet_2_3_0_clk (net)
                 26.52    3.59   69.22 ^ clkbuf_5_25__f_clk/A (BUFx16f_ASAP7_75t_R)
     7   27.36   24.39   30.58   99.80 ^ clkbuf_5_25__f_clk/Y (BUFx16f_ASAP7_75t_R)
                                         clknet_5_25__leaf_clk (net)
                 25.13    2.28  102.07 ^ clkbuf_leaf_161_clk/A (BUFx24_ASAP7_75t_R)
    16   10.86   13.30   29.19  131.27 ^ clkbuf_leaf_161_clk/Y (BUFx24_ASAP7_75t_R)
                                         clknet_leaf_161_clk (net)
                 13.43    0.57  131.83 ^ g_bank[2].tag[5][4]$_DFFE_PP_/CLK (DFFHQNx1_ASAP7_75t_R)
                         60.00  191.83   clock uncertainty
                         -9.64  182.19   clock reconvergence pessimism
                         12.45  194.64   library hold time
                                194.64   data required time
-----------------------------------------------------------------------------
                                194.64   data required time
                               -197.34   data arrival time
-----------------------------------------------------------------------------
                                  2.70   slack (MET)



==========================================================================
finish report_checks -path_delay max
--------------------------------------------------------------------------
Startpoint: req_first_row[1] (input port clocked by core_clk)
Endpoint: g_bank[1].q_valid$_DFFE_PN0P_
          (rising edge-triggered flip-flop clocked by core_clk)
Path Group: core_clk
Path Type: max

Fanout     Cap    Slew   Delay    Time   Description
-----------------------------------------------------------------------------
                          0.00    0.00   clock core_clk (rise edge)
                          0.00    0.00   clock network delay (propagated)
                        314.00  314.00 ^ input external delay
     1    1.59    0.00    0.00  314.00 ^ req_first_row[1] (in)
                                         req_first_row[1] (net)
                  0.45    0.14  314.14 ^ input269/A (BUFx6f_ASAP7_75t_R)
     2    3.12    9.19   13.11  327.25 ^ input269/Y (BUFx6f_ASAP7_75t_R)
                                         net268 (net)
                  9.33    0.61  327.86 ^ place5652/A (BUFx3_ASAP7_75t_R)
     9   15.38   52.77   34.77  362.63 ^ place5652/Y (BUFx3_ASAP7_75t_R)
                                         net5638 (net)
                 53.76    4.01  366.63 ^ place5651/A (BUFx3_ASAP7_75t_R)
    11   13.82   49.58   42.81  409.44 ^ place5651/Y (BUFx3_ASAP7_75t_R)
                                         net5637 (net)
                 52.25    6.19  415.63 ^ _19824_/C (AND5x2_ASAP7_75t_R)
     2    2.10   20.48   48.44  464.06 ^ _19824_/Y (AND5x2_ASAP7_75t_R)
                                         _18778_ (net)
                 20.49    0.28  464.34 ^ _19825_/B (XNOR2x2_ASAP7_75t_R)
     3    5.54   27.75   46.33  510.67 v _19825_/Y (XNOR2x2_ASAP7_75t_R)
                                         _18779_ (net)
                 28.53    2.54  513.21 v place5460/A (BUFx10_ASAP7_75t_R)
    26   33.61   35.70   35.62  548.83 v place5460/Y (BUFx10_ASAP7_75t_R)
                                         net5446 (net)
                 65.41   18.30  567.12 v _30134_/A (NAND2x1_ASAP7_75t_R)
     2    2.02   36.91   34.68  601.80 ^ _30134_/Y (NAND2x1_ASAP7_75t_R)
                                         _14040_ (net)
                 36.91    0.12  601.92 ^ place4525/A (BUFx6f_ASAP7_75t_R)
     6    8.29   19.43   26.20  628.13 ^ place4525/Y (BUFx6f_ASAP7_75t_R)
                                         net4511 (net)
                 25.73    5.72  633.84 ^ place4519/A (BUFx3_ASAP7_75t_R)
     6    5.52   21.83   27.38  661.23 ^ place4519/Y (BUFx3_ASAP7_75t_R)
                                         net4505 (net)
                 22.04    1.21  662.44 ^ _30935_/B1 (OA33x2_ASAP7_75t_R)
     1    1.31   12.59   30.54  692.98 ^ _30935_/Y (OA33x2_ASAP7_75t_R)
                                         _14841_ (net)
                 12.62    0.29  693.27 ^ _30937_/C (AND4x1_ASAP7_75t_R)
     1    0.75   14.63   30.79  724.06 ^ _30937_/Y (AND4x1_ASAP7_75t_R)
                                         _14843_ (net)
                 14.64    0.06  724.12 ^ _30946_/A (AND4x1_ASAP7_75t_R)
     1    1.05   17.34   30.61  754.73 ^ _30946_/Y (AND4x1_ASAP7_75t_R)
                                         _14852_ (net)
                 17.34    0.13  754.86 ^ _30957_/A (AND4x1_ASAP7_75t_R)
     1    3.03   35.27   40.76  795.62 ^ _30957_/Y (AND4x1_ASAP7_75t_R)
                                         _14863_ (net)
                 35.38    1.07  796.70 ^ _30958_/B (XNOR2x2_ASAP7_75t_R)
     1    1.28   11.36   40.80  837.49 v _30958_/Y (XNOR2x2_ASAP7_75t_R)
                                         _14864_ (net)
                 11.38    0.22  837.72 v _30959_/D (OR4x1_ASAP7_75t_R)
     1    1.24   17.81   40.80  878.52 v _30959_/Y (OR4x1_ASAP7_75t_R)
                                         _14865_ (net)
                 17.82    0.19  878.71 v _31091_/A1 (AOI211x1_ASAP7_75t_R)
     1    0.60   18.50   15.57  894.28 ^ _31091_/Y (AOI211x1_ASAP7_75t_R)
                                         _14997_ (net)
                 18.50    0.05  894.33 ^ _31092_/E (AND5x1_ASAP7_75t_R)
     1    1.40   21.94   45.08  939.40 ^ _31092_/Y (AND5x1_ASAP7_75t_R)
                                         _14998_ (net)
                 21.96    0.29  939.69 ^ _31449_/B1 (AO22x2_ASAP7_75t_R)
     1    1.15   13.66   24.31  964.00 ^ _31449_/Y (AO22x2_ASAP7_75t_R)
                                         _08156_ (net)
                 13.68    0.20  964.20 ^ g_bank[1].q_valid$_DFFE_PN0P_/D (DFFASRHQNx1_ASAP7_75t_R)
                                964.20   data arrival time

                        920.00  920.00   clock core_clk (rise edge)
                          0.00  920.00   clock source latency
     1   10.22    0.00    0.00  920.00 ^ clk (in)
                                         clk (net)
                 16.12    5.08  925.08 ^ clkbuf_0_clk/A (BUFx16f_ASAP7_75t_R)
     4   16.53   18.11   23.08  948.17 ^ clkbuf_0_clk/Y (BUFx16f_ASAP7_75t_R)
                                         clknet_0_clk (net)
                 21.17    3.86  952.03 ^ clkbuf_2_3_0_clk/A (BUFx24_ASAP7_75t_R)
     8   23.73   21.29   29.92  981.95 ^ clkbuf_2_3_0_clk/Y (BUFx24_ASAP7_75t_R)
                                         clknet_2_3_0_clk (net)
                 23.48    3.53  985.48 ^ clkbuf_5_24__f_clk/A (BUFx16f_ASAP7_75t_R)
     8   21.79   21.52   27.63 1013.12 ^ clkbuf_5_24__f_clk/Y (BUFx16f_ASAP7_75t_R)
                                         clknet_5_24__leaf_clk (net)
                 22.90    2.90 1016.02 ^ clkbuf_leaf_99_clk/A (BUFx24_ASAP7_75t_R)
    17    8.97   12.26   28.08 1044.10 ^ clkbuf_leaf_99_clk/Y (BUFx24_ASAP7_75t_R)
                                         clknet_leaf_99_clk (net)
                 12.45    0.67 1044.77 ^ g_bank[1].q_valid$_DFFE_PN0P_/CLK (DFFASRHQNx1_ASAP7_75t_R)
                        -60.00  984.77   clock uncertainty
                          0.00  984.77   clock reconvergence pessimism
                        -16.14  968.64   library setup time
                                968.64   data required time
-----------------------------------------------------------------------------
                                968.64   data required time
                               -964.20   data arrival time
-----------------------------------------------------------------------------
                                  4.44   slack (MET)



==========================================================================
finish report_checks -unconstrained
--------------------------------------------------------------------------
Startpoint: req_first_row[1] (input port clocked by core_clk)
Endpoint: g_bank[1].q_valid$_DFFE_PN0P_
          (rising edge-triggered flip-flop clocked by core_clk)
Path Group: core_clk
Path Type: max

Fanout     Cap    Slew   Delay    Time   Description
-----------------------------------------------------------------------------
                          0.00    0.00   clock core_clk (rise edge)
                          0.00    0.00   clock network delay (propagated)
                        314.00  314.00 ^ input external delay
     1    1.59    0.00    0.00  314.00 ^ req_first_row[1] (in)
                                         req_first_row[1] (net)
                  0.45    0.14  314.14 ^ input269/A (BUFx6f_ASAP7_75t_R)
     2    3.12    9.19   13.11  327.25 ^ input269/Y (BUFx6f_ASAP7_75t_R)
                                         net268 (net)
                  9.33    0.61  327.86 ^ place5652/A (BUFx3_ASAP7_75t_R)
     9   15.38   52.77   34.77  362.63 ^ place5652/Y (BUFx3_ASAP7_75t_R)
                                         net5638 (net)
                 53.76    4.01  366.63 ^ place5651/A (BUFx3_ASAP7_75t_R)
    11   13.82   49.58   42.81  409.44 ^ place5651/Y (BUFx3_ASAP7_75t_R)
                                         net5637 (net)
                 52.25    6.19  415.63 ^ _19824_/C (AND5x2_ASAP7_75t_R)
     2    2.10   20.48   48.44  464.06 ^ _19824_/Y (AND5x2_ASAP7_75t_R)
                                         _18778_ (net)
                 20.49    0.28  464.34 ^ _19825_/B (XNOR2x2_ASAP7_75t_R)
     3    5.54   27.75   46.33  510.67 v _19825_/Y (XNOR2x2_ASAP7_75t_R)
                                         _18779_ (net)
                 28.53    2.54  513.21 v place5460/A (BUFx10_ASAP7_75t_R)
    26   33.61   35.70   35.62  548.83 v place5460/Y (BUFx10_ASAP7_75t_R)
                                         net5446 (net)
                 65.41   18.30  567.12 v _30134_/A (NAND2x1_ASAP7_75t_R)
     2    2.02   36.91   34.68  601.80 ^ _30134_/Y (NAND2x1_ASAP7_75t_R)
                                         _14040_ (net)
                 36.91    0.12  601.92 ^ place4525/A (BUFx6f_ASAP7_75t_R)
     6    8.29   19.43   26.20  628.13 ^ place4525/Y (BUFx6f_ASAP7_75t_R)
                                         net4511 (net)
                 25.73    5.72  633.84 ^ place4519/A (BUFx3_ASAP7_75t_R)
     6    5.52   21.83   27.38  661.23 ^ place4519/Y (BUFx3_ASAP7_75t_R)
                                         net4505 (net)
                 22.04    1.21  662.44 ^ _30935_/B1 (OA33x2_ASAP7_75t_R)
     1    1.31   12.59   30.54  692.98 ^ _30935_/Y (OA33x2_ASAP7_75t_R)
                                         _14841_ (net)
                 12.62    0.29  693.27 ^ _30937_/C (AND4x1_ASAP7_75t_R)
     1    0.75   14.63   30.79  724.06 ^ _30937_/Y (AND4x1_ASAP7_75t_R)
                                         _14843_ (net)
                 14.64    0.06  724.12 ^ _30946_/A (AND4x1_ASAP7_75t_R)
     1    1.05   17.34   30.61  754.73 ^ _30946_/Y (AND4x1_ASAP7_75t_R)
                                         _14852_ (net)
                 17.34    0.13  754.86 ^ _30957_/A (AND4x1_ASAP7_75t_R)
     1    3.03   35.27   40.76  795.62 ^ _30957_/Y (AND4x1_ASAP7_75t_R)
                                         _14863_ (net)
                 35.38    1.07  796.70 ^ _30958_/B (XNOR2x2_ASAP7_75t_R)
     1    1.28   11.36   40.80  837.49 v _30958_/Y (XNOR2x2_ASAP7_75t_R)
                                         _14864_ (net)
                 11.38    0.22  837.72 v _30959_/D (OR4x1_ASAP7_75t_R)
     1    1.24   17.81   40.80  878.52 v _30959_/Y (OR4x1_ASAP7_75t_R)
                                         _14865_ (net)
                 17.82    0.19  878.71 v _31091_/A1 (AOI211x1_ASAP7_75t_R)
     1    0.60   18.50   15.57  894.28 ^ _31091_/Y (AOI211x1_ASAP7_75t_R)
                                         _14997_ (net)
                 18.50    0.05  894.33 ^ _31092_/E (AND5x1_ASAP7_75t_R)
     1    1.40   21.94   45.08  939.40 ^ _31092_/Y (AND5x1_ASAP7_75t_R)
                                         _14998_ (net)
                 21.96    0.29  939.69 ^ _31449_/B1 (AO22x2_ASAP7_75t_R)
     1    1.15   13.66   24.31  964.00 ^ _31449_/Y (AO22x2_ASAP7_75t_R)
                                         _08156_ (net)
                 13.68    0.20  964.20 ^ g_bank[1].q_valid$_DFFE_PN0P_/D (DFFASRHQNx1_ASAP7_75t_R)
                                964.20   data arrival time

                        920.00  920.00   clock core_clk (rise edge)
                          0.00  920.00   clock source latency
     1   10.22    0.00    0.00  920.00 ^ clk (in)
                                         clk (net)
                 16.12    5.08  925.08 ^ clkbuf_0_clk/A (BUFx16f_ASAP7_75t_R)
     4   16.53   18.11   23.08  948.17 ^ clkbuf_0_clk/Y (BUFx16f_ASAP7_75t_R)
                                         clknet_0_clk (net)
                 21.17    3.86  952.03 ^ clkbuf_2_3_0_clk/A (BUFx24_ASAP7_75t_R)
     8   23.73   21.29   29.92  981.95 ^ clkbuf_2_3_0_clk/Y (BUFx24_ASAP7_75t_R)
                                         clknet_2_3_0_clk (net)
                 23.48    3.53  985.48 ^ clkbuf_5_24__f_clk/A (BUFx16f_ASAP7_75t_R)
     8   21.79   21.52   27.63 1013.12 ^ clkbuf_5_24__f_clk/Y (BUFx16f_ASAP7_75t_R)
                                         clknet_5_24__leaf_clk (net)
                 22.90    2.90 1016.02 ^ clkbuf_leaf_99_clk/A (BUFx24_ASAP7_75t_R)
    17    8.97   12.26   28.08 1044.10 ^ clkbuf_leaf_99_clk/Y (BUFx24_ASAP7_75t_R)
                                         clknet_leaf_99_clk (net)
                 12.45    0.67 1044.77 ^ g_bank[1].q_valid$_DFFE_PN0P_/CLK (DFFASRHQNx1_ASAP7_75t_R)
                        -60.00  984.77   clock uncertainty
                          0.00  984.77   clock reconvergence pessimism
                        -16.14  968.64   library setup time
                                968.64   data required time
-----------------------------------------------------------------------------
                                968.64   data required time
                               -964.20   data arrival time
-----------------------------------------------------------------------------
                                  4.44   slack (MET)



==========================================================================
finish report_check_types -max_slew -max_cap -max_fanout -violators
--------------------------------------------------------------------------

==========================================================================
finish max_slew_check_slack
--------------------------------------------------------------------------
83.08287048339844

==========================================================================
finish max_slew_check_limit
--------------------------------------------------------------------------
320.0

==========================================================================
finish max_slew_check_slack_limit
--------------------------------------------------------------------------
0.2596

==========================================================================
finish max_fanout_check_slack
--------------------------------------------------------------------------
0.0

==========================================================================
finish max_fanout_check_limit
--------------------------------------------------------------------------
32.0

==========================================================================
finish max_fanout_check_slack_limit
--------------------------------------------------------------------------
0.0000

==========================================================================
finish max_capacitance_check_slack
--------------------------------------------------------------------------
15.913812637329102

==========================================================================
finish max_capacitance_check_limit
--------------------------------------------------------------------------
23.040000915527344

==========================================================================
finish max_capacitance_check_slack_limit
--------------------------------------------------------------------------
0.6907

==========================================================================
finish max_slew_violation_count
--------------------------------------------------------------------------
max slew violation count 0

==========================================================================
finish max_fanout_violation_count
--------------------------------------------------------------------------
max fanout violation count 0

==========================================================================
finish max_cap_violation_count
--------------------------------------------------------------------------
max cap violation count 0

==========================================================================
finish setup_violation_count
--------------------------------------------------------------------------
setup violation count 0

==========================================================================
finish hold_violation_count
--------------------------------------------------------------------------
hold violation count 0

==========================================================================
finish report_checks -path_delay max reg to reg
--------------------------------------------------------------------------
Startpoint: first1[1]$_DFFE_PN0P_
            (rising edge-triggered flip-flop clocked by core_clk)
Endpoint: rsp_fault$_DFF_PN0_
          (rising edge-triggered flip-flop clocked by core_clk)
Path Group: core_clk
Path Type: max

  Delay    Time   Description
---------------------------------------------------------
   0.00    0.00   clock core_clk (rise edge)
   0.00    0.00   clock source latency
   0.00    0.00 ^ clk (in)
  29.64   29.64 ^ clkbuf_0_clk/Y (BUFx16f_ASAP7_75t_R)
  36.07   65.71 ^ clkbuf_2_1_0_clk/Y (BUFx24_ASAP7_75t_R)
  39.89  105.60 ^ clkbuf_5_14__f_clk/Y (BUFx16f_ASAP7_75t_R)
  34.92  140.51 ^ clkbuf_leaf_88_clk/Y (BUFx24_ASAP7_75t_R)
   1.06  141.58 ^ first1[1]$_DFFE_PN0P_/CLK (DFFASRHQNx1_ASAP7_75t_R)
 116.14  257.71 v first1[1]$_DFFE_PN0P_/QN (DFFASRHQNx1_ASAP7_75t_R)
  76.33  334.04 ^ _19417_/Y (INVx1_ASAP7_75t_R)
  46.30  380.35 v _34754_/CON (HAxp5_ASAP7_75t_R)
  34.19  414.54 v _28779_/Y (OR2x2_ASAP7_75t_R)
  21.27  435.80 v _28780_/Y (AO21x1_ASAP7_75t_R)
  34.34  470.14 v _28781_/Y (OA211x2_ASAP7_75t_R)
  25.97  496.11 v _28782_/Y (AO21x1_ASAP7_75t_R)
  36.46  532.57 v _28801_/Y (OR4x1_ASAP7_75t_R)
  42.85  575.42 v _28802_/Y (OA211x2_ASAP7_75t_R)
  27.10  602.52 v _34705_/Y (OA21x2_ASAP7_75t_R)
  17.39  619.91 v _34706_/Y (OA21x2_ASAP7_75t_R)
  19.91  639.81 v _34707_/Y (OA21x2_ASAP7_75t_R)
  10.30  650.11 ^ _34708_/Y (NOR2x1_ASAP7_75t_R)
  17.34  667.46 ^ hold5993/Y (BUFx2_ASAP7_75t_R)
   0.05  667.50 ^ rsp_fault$_DFF_PN0_/D (DFFASRHQNx1_ASAP7_75t_R)
         667.50   data arrival time

 920.00  920.00   clock core_clk (rise edge)
   0.00  920.00   clock source latency
   0.00  920.00 ^ clk (in)
  28.17  948.17 ^ clkbuf_0_clk/Y (BUFx16f_ASAP7_75t_R)
  33.88  982.05 ^ clkbuf_2_1_0_clk/Y (BUFx24_ASAP7_75t_R)
  37.66 1019.71 ^ clkbuf_5_11__f_clk/Y (BUFx16f_ASAP7_75t_R)
  32.39 1052.10 ^ clkbuf_leaf_79_clk/Y (BUFx24_ASAP7_75t_R)
   1.21 1053.30 ^ rsp_fault$_DFF_PN0_/CLK (DFFASRHQNx1_ASAP7_75t_R)
 -60.00  993.30   clock uncertainty
   3.66  996.96   clock reconvergence pessimism
 -15.04  981.92   library setup time
         981.92   data required time
---------------------------------------------------------
         981.92   data required time
        -667.50   data arrival time
---------------------------------------------------------
         314.42   slack (MET)



==========================================================================
finish report_checks -path_delay min reg to reg
--------------------------------------------------------------------------
Startpoint: g_bank[2].tag[5][4]$_DFFE_PP_
            (rising edge-triggered flip-flop clocked by core_clk)
Endpoint: g_bank[2].tag[5][4]$_DFFE_PP_
          (rising edge-triggered flip-flop clocked by core_clk)
Path Group: core_clk
Path Type: min

  Delay    Time   Description
---------------------------------------------------------
   0.00    0.00   clock core_clk (rise edge)
   0.00    0.00   clock source latency
   0.00    0.00 ^ clk (in)
  28.17   28.17 ^ clkbuf_0_clk/Y (BUFx16f_ASAP7_75t_R)
  33.78   61.95 ^ clkbuf_2_3_0_clk/Y (BUFx24_ASAP7_75t_R)
  30.66   92.61 ^ clkbuf_5_25__f_clk/Y (BUFx16f_ASAP7_75t_R)
  29.12  121.73 ^ clkbuf_leaf_161_clk/Y (BUFx24_ASAP7_75t_R)
   0.46  122.19 ^ g_bank[2].tag[5][4]$_DFFE_PP_/CLK (DFFHQNx1_ASAP7_75t_R)
  62.67  184.86 ^ g_bank[2].tag[5][4]$_DFFE_PP_/QN (DFFHQNx1_ASAP7_75t_R)
  12.44  197.30 v _26929_/Y (NAND2x1_ASAP7_75t_R)
   0.04  197.34 v g_bank[2].tag[5][4]$_DFFE_PP_/D (DFFHQNx1_ASAP7_75t_R)
         197.34   data arrival time

   0.00    0.00   clock core_clk (rise edge)
   0.00    0.00   clock source latency
   0.00    0.00 ^ clk (in)
  29.64   29.64 ^ clkbuf_0_clk/Y (BUFx16f_ASAP7_75t_R)
  35.99   65.63 ^ clkbuf_2_3_0_clk/Y (BUFx24_ASAP7_75t_R)
  34.17   99.80 ^ clkbuf_5_25__f_clk/Y (BUFx16f_ASAP7_75t_R)
  31.47  131.27 ^ clkbuf_leaf_161_clk/Y (BUFx24_ASAP7_75t_R)
   0.57  131.83 ^ g_bank[2].tag[5][4]$_DFFE_PP_/CLK (DFFHQNx1_ASAP7_75t_R)
  60.00  191.83   clock uncertainty
  -9.64  182.19   clock reconvergence pessimism
  12.45  194.64   library hold time
         194.64   data required time
---------------------------------------------------------
         194.64   data required time
        -197.34   data arrival time
---------------------------------------------------------
           2.70   slack (MET)



==========================================================================
finish critical path target clock latency max path
--------------------------------------------------------------------------
124.7720

==========================================================================
finish critical path target clock latency min path
--------------------------------------------------------------------------
143.5549

==========================================================================
finish critical path source clock latency min path
--------------------------------------------------------------------------
0.0000

==========================================================================
finish critical path delay
--------------------------------------------------------------------------
964.1966

==========================================================================
finish critical path slack
--------------------------------------------------------------------------
4.4391

==========================================================================
finish slack div critical path delay
--------------------------------------------------------------------------
0.460394

==========================================================================
finish report_power
--------------------------------------------------------------------------
Group                  Internal  Switching    Leakage      Total
                          Power      Power      Power      Power (Watts)
----------------------------------------------------------------
Sequential             5.42e-03   3.73e-05   8.80e-07   5.45e-03  44.4%
Combinational          7.45e-04   8.59e-04   2.06e-06   1.61e-03  13.1%
Clock                  3.25e-03   1.98e-03   2.20e-07   5.23e-03  42.5%
Macro                  0.00e+00   0.00e+00   0.00e+00   0.00e+00   0.0%
Pad                    0.00e+00   0.00e+00   0.00e+00   0.00e+00   0.0%
----------------------------------------------------------------
Total                  9.41e-03   2.87e-03   3.16e-06   1.23e-02 100.0%
                          76.6%      23.4%       0.0%
