physical/hbm_die_abstracts_20261006/integration/tb_vm_publication_parent.sv:6: syntax error
physical/hbm_die_abstracts_20261006/integration/tb_vm_publication_parent.sv:6: error: invalid module item.
physical/hbm_die_abstracts_20261006/integration/tb_vm_publication_parent.sv:8: syntax error
physical/hbm_die_abstracts_20261006/integration/tb_vm_publication_parent.sv:8: error: invalid module item.
physical/hbm_die_abstracts_20261006/integration/tb_vm_publication_parent.sv:10: syntax error
physical/hbm_die_abstracts_20261006/integration/tb_vm_publication_parent.sv:10: error: invalid module item.
physical/hbm_die_abstracts_20261006/integration/tb_vm_publication_parent.sv:12: syntax error
physical/hbm_die_abstracts_20261006/integration/tb_vm_publication_parent.sv:12: error: invalid module item.
physical/hbm_die_abstracts_20261006/integration/tb_vm_publication_parent.sv:14: syntax error
physical/hbm_die_abstracts_20261006/integration/tb_vm_publication_parent.sv:14: error: invalid module item.
physical/hbm_die_abstracts_20261006/integration/tb_vm_publication_parent.sv:18: syntax error
physical/hbm_die_abstracts_20261006/integration/tb_vm_publication_parent.sv:18: error: invalid module item.
physical/hbm_die_abstracts_20261006/integration/tb_vm_publication_parent.sv:20: syntax error
physical/hbm_die_abstracts_20261006/integration/tb_vm_publication_parent.sv:20: error: invalid module item.
physical/hbm_die_abstracts_20261006/integration/tb_vm_publication_parent.sv:22: syntax error
physical/hbm_die_abstracts_20261006/integration/tb_vm_publication_parent.sv:22: error: invalid module item.
physical/hbm_die_abstracts_20261006/integration/tb_vm_publication_parent.sv:24: syntax error
physical/hbm_die_abstracts_20261006/integration/tb_vm_publication_parent.sv:24: error: invalid module item.
physical/hbm_die_abstracts_20261006/integration/tb_vm_publication_parent.sv:26: syntax error
physical/hbm_die_abstracts_20261006/integration/tb_vm_publication_parent.sv:26: error: invalid module item.
physical/hbm_die_abstracts_20261006/integration/tb_vm_publication_parent.sv:28: syntax error
physical/hbm_die_abstracts_20261006/integration/tb_vm_publication_parent.sv:28: error: invalid module item.
physical/hbm_die_abstracts_20261006/integration/tb_vm_publication_parent.sv:30: syntax error
physical/hbm_die_abstracts_20261006/integration/tb_vm_publication_parent.sv:30: error: invalid module item.
physical/hbm_die_abstracts_20261006/integration/tb_vm_publication_parent.sv:32: syntax error
physical/hbm_die_abstracts_20261006/integration/tb_vm_publication_parent.sv:32: error: invalid module item.
physical/hbm_die_abstracts_20261006/integration/tb_vm_publication_parent.sv:34: syntax error
physical/hbm_die_abstracts_20261006/integration/tb_vm_publication_parent.sv:34: error: invalid module item.
physical/hbm_die_abstracts_20261006/integration/tb_vm_publication_parent.sv:36: syntax error
physical/hbm_die_abstracts_20261006/integration/tb_vm_publication_parent.sv:36: error: invalid module item.
physical/hbm_die_abstracts_20261006/integration/tb_vm_publication_parent.sv:38: syntax error
physical/hbm_die_abstracts_20261006/integration/tb_vm_publication_parent.sv:38: error: invalid module item.
physical/hbm_die_abstracts_20261006/integration/tb_vm_publication_parent.sv:40: syntax error
physical/hbm_die_abstracts_20261006/integration/tb_vm_publication_parent.sv:40: error: invalid module item.
physical/hbm_die_abstracts_20261006/integration/tb_vm_publication_parent.sv:42: syntax error
physical/hbm_die_abstracts_20261006/integration/tb_vm_publication_parent.sv:42: error: invalid module item.
physical/hbm_die_abstracts_20261006/integration/tb_vm_publication_parent.sv:44: syntax error
physical/hbm_die_abstracts_20261006/integration/tb_vm_publication_parent.sv:44: error: invalid module item.
physical/hbm_die_abstracts_20261006/integration/tb_vm_publication_parent.sv:46: syntax error
physical/hbm_die_abstracts_20261006/integration/tb_vm_publication_parent.sv:46: error: invalid module item.
physical/hbm_die_abstracts_20261006/integration/tb_vm_publication_parent.sv:48: syntax error
physical/hbm_die_abstracts_20261006/integration/tb_vm_publication_parent.sv:48: error: invalid module item.
physical/hbm_die_abstracts_20261006/integration/tb_vm_publication_parent.sv:50: syntax error
physical/hbm_die_abstracts_20261006/integration/tb_vm_publication_parent.sv:50: error: invalid module item.
physical/hbm_die_abstracts_20261006/integration/tb_vm_publication_parent.sv:52: syntax error
physical/hbm_die_abstracts_20261006/integration/tb_vm_publication_parent.sv:52: error: invalid module item.
physical/hbm_die_abstracts_20261006/integration/tb_vm_publication_parent.sv:54: syntax error
physical/hbm_die_abstracts_20261006/integration/tb_vm_publication_parent.sv:54: error: invalid module item.
physical/hbm_die_abstracts_20261006/integration/tb_vm_publication_parent.sv:56: syntax error
physical/hbm_die_abstracts_20261006/integration/tb_vm_publication_parent.sv:56: error: invalid module item.
physical/hbm_die_abstracts_20261006/integration/tb_vm_publication_parent.sv:58: syntax error
physical/hbm_die_abstracts_20261006/integration/tb_vm_publication_parent.sv:58: error: invalid module item.
physical/hbm_die_abstracts_20261006/integration/tb_vm_publication_parent.sv:60: syntax error
physical/hbm_die_abstracts_20261006/integration/tb_vm_publication_parent.sv:60: error: invalid module item.
physical/hbm_die_abstracts_20261006/integration/tb_vm_publication_parent.sv:62: syntax error
physical/hbm_die_abstracts_20261006/integration/tb_vm_publication_parent.sv:62: error: invalid module item.
physical/hbm_die_abstracts_20261006/integration/tb_vm_publication_parent.sv:64: syntax error
physical/hbm_die_abstracts_20261006/integration/tb_vm_publication_parent.sv:64: error: invalid module item.
physical/hbm_die_abstracts_20261006/integration/tb_vm_publication_parent.sv:66: syntax error
physical/hbm_die_abstracts_20261006/integration/tb_vm_publication_parent.sv:66: error: invalid module item.
physical/hbm_die_abstracts_20261006/integration/tb_vm_publication_parent.sv:68: syntax error
physical/hbm_die_abstracts_20261006/integration/tb_vm_publication_parent.sv:68: error: invalid module item.
physical/hbm_die_abstracts_20261006/integration/tb_vm_publication_parent.sv:70: syntax error
physical/hbm_die_abstracts_20261006/integration/tb_vm_publication_parent.sv:70: error: invalid module item.
physical/hbm_die_abstracts_20261006/integration/tb_vm_publication_parent.sv:72: syntax error
physical/hbm_die_abstracts_20261006/integration/tb_vm_publication_parent.sv:72: error: invalid module item.
physical/hbm_die_abstracts_20261006/integration/tb_vm_publication_parent.sv:74: syntax error
physical/hbm_die_abstracts_20261006/integration/tb_vm_publication_parent.sv:74: error: invalid module item.
physical/hbm_die_abstracts_20261006/integration/tb_vm_publication_parent.sv:76: syntax error
physical/hbm_die_abstracts_20261006/integration/tb_vm_publication_parent.sv:76: error: invalid module item.
physical/hbm_die_abstracts_20261006/integration/tb_vm_publication_parent.sv:83: syntax error
physical/hbm_die_abstracts_20261006/integration/tb_vm_publication_parent.sv:79: error: Syntax error in instance port expression(s).
physical/hbm_die_abstracts_20261006/integration/tb_vm_publication_parent.sv:79: error: Invalid module instantiation
physical/hbm_die_abstracts_20261006/integration/tb_vm_publication_parent.sv:156: warning: extra digits given for sized hex constant.
physical/hbm_die_abstracts_20261006/integration/tb_vm_publication_parent.sv:156: warning: Numeric constant truncated to 192 bits.
Command exited with non-zero status 73
	Command being timed: "iverilog -g2012 -DOT_MEM_NO_INIT -s tb_vm_publication_parent -o /tmp/turing-vm-parent-joined.vvp rtl/gpu/w6/ot_gpu_w6_secded_pkg.sv rtl/hbm_accel/collective/ot_hbm_accel_gu_metadata.sv rtl/hbm_accel/integrated_20261005/w2_parent/ot_hbm_w2_protected_bank.sv physical/asap7_memory_macros/ot_sram_1r1w_128x256_m1_r2c2/ot_sram_1r1w_128x256_m1_r2c2.v physical/asap7_memory_macros/ot_sram_1r1w_512x128_m4_r2c2/ot_sram_1r1w_512x128_m4_r2c2.v physical/hbm_die_abstracts_20261006/memory_control/ot_hbm_die_vm_multicast_root.sv physical/hbm_die_abstracts_20261006/memory_control/ot_hbm_index_fp32_sram_adapter.sv physical/hbm_die_abstracts_20261006/integration/ot_hbm_vm_publication_parent.sv physical/hbm_die_abstracts_20261006/integration/tb_vm_publication_parent.sv"
	User time (seconds): 0.01
	System time (seconds): 0.00
	Percent of CPU this job got: 81%
	Elapsed (wall clock) time (h:mm:ss or m:ss): 0:00.01
	Average shared text size (kbytes): 0
	Average unshared data size (kbytes): 0
	Average stack size (kbytes): 0
	Average total size (kbytes): 0
	Maximum resident set size (kbytes): 7152
	Average resident set size (kbytes): 0
	Major (requiring I/O) page faults: 0
	Minor (reclaiming a frame) page faults: 918
	Voluntary context switches: 7
	Involuntary context switches: 4
	Swaps: 0
	File system inputs: 0
	File system outputs: 48
	Socket messages sent: 0
	Socket messages received: 0
	Signals delivered: 0
	Page size (bytes): 4096
	Exit status: 73
