physical/hbm_die_abstracts_20261006/integration/tb_vm_publication_parent.sv:158: warning: extra digits given for sized hex constant.
physical/hbm_die_abstracts_20261006/integration/tb_vm_publication_parent.sv:158: warning: Numeric constant truncated to 192 bits.
	Command being timed: "iverilog -g2012 -DOT_MEM_NO_INIT -s tb_vm_publication_parent -o /tmp/turing-vm-parent-joined.vvp rtl/gpu/w6/ot_gpu_w6_secded_pkg.sv rtl/hbm_accel/collective/ot_hbm_accel_gu_metadata.sv rtl/hbm_accel/integrated_20261005/w2_parent/ot_hbm_w2_protected_bank.sv physical/asap7_memory_macros/ot_sram_1r1w_128x256_m1_r2c2/ot_sram_1r1w_128x256_m1_r2c2.v physical/asap7_memory_macros/ot_sram_1r1w_512x128_m4_r2c2/ot_sram_1r1w_512x128_m4_r2c2.v physical/hbm_die_abstracts_20261006/memory_control/ot_hbm_die_vm_multicast_root.sv physical/hbm_die_abstracts_20261006/memory_control/ot_hbm_index_fp32_sram_adapter.sv physical/hbm_die_abstracts_20261006/integration/ot_hbm_vm_publication_parent.sv physical/hbm_die_abstracts_20261006/integration/tb_vm_publication_parent.sv"
	User time (seconds): 0.08
	System time (seconds): 0.01
	Percent of CPU this job got: 101%
	Elapsed (wall clock) time (h:mm:ss or m:ss): 0:00.09
	Average shared text size (kbytes): 0
	Average unshared data size (kbytes): 0
	Average stack size (kbytes): 0
	Average total size (kbytes): 0
	Maximum resident set size (kbytes): 43256
	Average resident set size (kbytes): 0
	Major (requiring I/O) page faults: 0
	Minor (reclaiming a frame) page faults: 9768
	Voluntary context switches: 8
	Involuntary context switches: 2
	Swaps: 0
	File system inputs: 0
	File system outputs: 6368
	Socket messages sent: 0
	Socket messages received: 0
	Signals delivered: 0
	Page size (bytes): 4096
	Exit status: 0
