RESULT ref_mode=1 hint=100 b2b=0 phase=41 cred=32 layers=36
LAYER 0 go=65 first_ps=24576 stream_ps=1083392 data_ps=1058816
LAYER 1 go=5176 first_ps=24576 stream_ps=1080320 data_ps=1055744
LAYER 2 go=10288 first_ps=24576 stream_ps=1077248 data_ps=1052672
LAYER 3 go=15399 first_ps=24576 stream_ps=1085440 data_ps=1060864
LAYER 4 go=20511 first_ps=24576 stream_ps=1081344 data_ps=1056768
LAYER 5 go=25622 first_ps=24576 stream_ps=1076224 data_ps=1051648
LAYER 6 go=30734 first_ps=24576 stream_ps=1083392 data_ps=1058816
LAYER 7 go=35845 first_ps=24576 stream_ps=1082368 data_ps=1057792
LAYER 8 go=40957 first_ps=24576 stream_ps=1076224 data_ps=1051648
LAYER 9 go=46068 first_ps=24576 stream_ps=1083392 data_ps=1058816
LAYER 10 go=51180 first_ps=24576 stream_ps=1082368 data_ps=1057792
LAYER 11 go=56291 first_ps=24576 stream_ps=1076224 data_ps=1051648
LAYER 12 go=61403 first_ps=24576 stream_ps=1084416 data_ps=1059840
LAYER 13 go=66514 first_ps=24576 stream_ps=1083392 data_ps=1058816
LAYER 14 go=71626 first_ps=176128 stream_ps=1244160 data_ps=1068032
LAYER 15 go=76737 first_ps=24576 stream_ps=1083392 data_ps=1058816
LAYER 16 go=81849 first_ps=24576 stream_ps=1081344 data_ps=1056768
LAYER 17 go=86960 first_ps=71680 stream_ps=1246208 data_ps=1174528
LAYER 18 go=92072 first_ps=24576 stream_ps=1084416 data_ps=1059840
LAYER 19 go=97183 first_ps=24576 stream_ps=1083392 data_ps=1058816
LAYER 20 go=102295 first_ps=24576 stream_ps=1240064 data_ps=1215488
LAYER 21 go=107406 first_ps=24576 stream_ps=1083392 data_ps=1058816
LAYER 22 go=112518 first_ps=24576 stream_ps=1113088 data_ps=1088512
LAYER 23 go=117629 first_ps=24576 stream_ps=1242112 data_ps=1217536
LAYER 24 go=122741 first_ps=24576 stream_ps=1081344 data_ps=1056768
LAYER 25 go=127852 first_ps=24576 stream_ps=1113088 data_ps=1088512
LAYER 26 go=132964 first_ps=24576 stream_ps=1244160 data_ps=1219584
LAYER 27 go=138075 first_ps=24576 stream_ps=1082368 data_ps=1057792
LAYER 28 go=143187 first_ps=24576 stream_ps=1111040 data_ps=1086464
LAYER 29 go=148298 first_ps=24576 stream_ps=1143808 data_ps=1119232
LAYER 30 go=153410 first_ps=24576 stream_ps=1082368 data_ps=1057792
LAYER 31 go=158521 first_ps=24576 stream_ps=1110016 data_ps=1085440
LAYER 32 go=163633 first_ps=24576 stream_ps=1085440 data_ps=1060864
LAYER 33 go=168744 first_ps=24576 stream_ps=1083392 data_ps=1058816
LAYER 34 go=173856 first_ps=24576 stream_ps=1111040 data_ps=1086464
LAYER 35 go=178967 first_ps=24576 stream_ps=1086464 data_ps=1061888
SUMMARY worst_stream_ps=1246208 mean_stream_ps=1110328 first_data_ps_min=24576 first_data_ps_max=176128 layers_over_need=5
SUMMARY bytes_per_layer=1048576 worst_Bps=841413311422 mean_Bps=944383245805
SUMMARY sectors_good=1179648 sectors_bad=0 violations=0 cmds ACT=36865 PRE=36865 PREab=0 REF=48379 RD=1179648 max_ref_gap_ps=121856 max_landing=32
SUMMARY verdict=PASS
- rtl/test/model_ready_hbm_r14/tb_hbm_stream_bw.sv:220: Verilog $finish
- S i m u l a t i o n   R e p o r t: Verilator 5.050 2026-07-01
- Verilator: $finish at 184us; walltime 32.150 s; speed 5.734 us/s
- Verilator: cpu 19.048 s on 1 threads; allocated 44 MB
