%Error: rtl/qwen_r25_su_dispatch/ot_qwen_r25_causal_mask_pipe.sv:5:2: syntax error, unexpected parameter, expecting '('
    5 |  parameter integer ENABLE=0, CAPACITY=8224
      |  ^~~~~~~~~
%Error: rtl/qwen_r25_su_dispatch/ot_qwen_r25_causal_mask_pipe.sv:6:1: syntax error, unexpected ')', expecting ';'
    6 | )(
      | ^
%Error: rtl/qwen_r25_su_dispatch/ot_qwen_r25_causal_mask_pipe.sv:8:2: syntax error, unexpected input, expecting IDENTIFIER or do or final or randomize
    8 |  input wire in_v,output wire in_rdy,input wire [1:0] in_checked,
      |  ^~~~~
%Error: rtl/qwen_r25_su_dispatch/ot_qwen_r25_causal_mask_pipe.sv:8:18: syntax error, unexpected output, expecting IDENTIFIER or do or final or randomize
    8 |  input wire in_v,output wire in_rdy,input wire [1:0] in_checked,
      |                  ^~~~~~
%Error: rtl/qwen_r25_su_dispatch/ot_qwen_r25_causal_mask_pipe.sv:8:37: syntax error, unexpected input, expecting IDENTIFIER or do or final or randomize
    8 |  input wire in_v,output wire in_rdy,input wire [1:0] in_checked,
      |                                     ^~~~~
%Error: rtl/qwen_r25_su_dispatch/ot_qwen_r25_causal_mask_pipe.sv:9:2: syntax error, unexpected input, expecting IDENTIFIER or do or final or randomize
    9 |  input wire [72:0] in_owner,input wire [79:0] in_query_positions,
      |  ^~~~~
%Error: rtl/qwen_r25_su_dispatch/ot_qwen_r25_causal_mask_pipe.sv:9:29: syntax error, unexpected input, expecting IDENTIFIER or do or final or randomize
    9 |  input wire [72:0] in_owner,input wire [79:0] in_query_positions,
      |                             ^~~~~
%Error: rtl/qwen_r25_su_dispatch/ot_qwen_r25_causal_mask_pipe.sv:10:2: syntax error, unexpected input, expecting IDENTIFIER or do or final or randomize
   10 |  input wire [2:0] in_queries,input wire [19:0] in_row0,
      |  ^~~~~
%Error: rtl/qwen_r25_su_dispatch/ot_qwen_r25_causal_mask_pipe.sv:10:30: syntax error, unexpected input, expecting IDENTIFIER or do or final or randomize
   10 |  input wire [2:0] in_queries,input wire [19:0] in_row0,
      |                              ^~~~~
%Error: rtl/qwen_r25_su_dispatch/ot_qwen_r25_causal_mask_pipe.sv:11:2: syntax error, unexpected output, expecting IDENTIFIER or do or final or randomize
   11 |  output wire out_v,input wire out_rdy,output wire [72:0] out_owner,
      |  ^~~~~~
%Error: rtl/qwen_r25_su_dispatch/ot_qwen_r25_causal_mask_pipe.sv:11:20: syntax error, unexpected input, expecting IDENTIFIER or do or final or randomize
   11 |  output wire out_v,input wire out_rdy,output wire [72:0] out_owner,
      |                    ^~~~~
%Error: rtl/qwen_r25_su_dispatch/ot_qwen_r25_causal_mask_pipe.sv:11:39: syntax error, unexpected output, expecting IDENTIFIER or do or final or randomize
   11 |  output wire out_v,input wire out_rdy,output wire [72:0] out_owner,
      |                                       ^~~~~~
%Error: rtl/qwen_r25_su_dispatch/ot_qwen_r25_causal_mask_pipe.sv:12:2: syntax error, unexpected output, expecting IDENTIFIER or do or final or randomize
   12 |  output wire [19:0] out_row0,output wire [83:0] out_valid_lengths,
      |  ^~~~~~
%Error: rtl/qwen_r25_su_dispatch/ot_qwen_r25_causal_mask_pipe.sv:12:30: syntax error, unexpected output, expecting IDENTIFIER or do or final or randomize
   12 |  output wire [19:0] out_row0,output wire [83:0] out_valid_lengths,
      |                              ^~~~~~
%Error: rtl/qwen_r25_su_dispatch/ot_qwen_r25_causal_mask_pipe.sv:13:2: syntax error, unexpected output, expecting IDENTIFIER or do or final or randomize
   13 |  output wire [127:0] out_live,output wire fault
      |  ^~~~~~
%Error: rtl/qwen_r25_su_dispatch/ot_qwen_r25_causal_mask_pipe.sv:13:31: syntax error, unexpected output, expecting IDENTIFIER or do or final or randomize
   13 |  output wire [127:0] out_live,output wire fault
      |                               ^~~~~~
%Error: rtl/qwen_r25_su_dispatch/ot_qwen_r25_causal_mask_pipe.sv:16:2: syntax error, unexpected generate
   16 |  generate if (!ENABLE) begin:disabled
      |  ^~~~~~~~
%Error: rtl/qwen_r25_su_dispatch/ot_qwen_r25_causal_mask_pipe.sv:53:3: syntax error, unexpected for
   53 |   for(genvar b=0;b<16;b=b+1)begin:byte_decode
      |   ^~~
%Error: rtl/qwen_r25_su_dispatch/ot_qwen_r25_causal_mask_pipe.sv:64:3: syntax error, unexpected for
   64 |   for(genvar k=0;k<6;k=k+1)begin:decode
      |   ^~~
%Error: rtl/qwen_r25_su_dispatch/ot_qwen_r25_causal_mask_pipe.sv:70:3: syntax error, unexpected assign
   70 |   assign fault=(|ue)||failed||(|pue)||(|pctxue)||pfailed;
      |   ^~~~~~
%Error: rtl/qwen_r25_su_dispatch/ot_qwen_r25_causal_mask_pipe.sv:82:3: syntax error, unexpected always
   82 |   always @* begin
      |   ^~~~~~
%Error: rtl/qwen_r25_su_dispatch/ot_qwen_r25_causal_mask_pipe.sv:100:3: syntax error, unexpected always
  100 |   always @(posedge clk or negedge rst_n)begin
      |   ^~~~~~
%Error: Exiting due to 22 error(s)
