
==========================================================================
floorplan final report_tns
--------------------------------------------------------------------------
tns max -6345122.00

==========================================================================
floorplan final report_wns
--------------------------------------------------------------------------
wns max -196.67

==========================================================================
floorplan final report_worst_slack
--------------------------------------------------------------------------
worst slack max -196.67

==========================================================================
floorplan final report_clock_min_period
--------------------------------------------------------------------------
core_clk period_min = 1030.00 fmax = 970.87

==========================================================================
floorplan final report_checks -path_delay min
--------------------------------------------------------------------------
Startpoint: rst_n (input port clocked by core_clk)
Endpoint: u_src.g_pipeline.u_pipe.g_la.u_la.pdone[0]$_DFFE_PN1P_
          (removal check against rising-edge clock core_clk)
Path Group: asynchronous
Path Type: min
Corner: WC

Fanout     Cap    Slew   Delay    Time   Description
-----------------------------------------------------------------------------
                  0.00    0.00    0.00   clock core_clk (rise edge)
                          0.00    0.00   clock network delay (ideal)
                        166.67  166.67 ^ input external delay
 42178 24792.93    0.00    0.00  166.67 ^ rst_n (in)
                                         rst_n (net)
                  0.00    0.00  166.67 ^ u_src.g_pipeline.u_pipe.g_la.u_la.pdone[0]$_DFFE_PN1P_/SETN (DFFASRHQNx1_ASAP7_75t_R)
                                166.67   data arrival time

                  0.00    0.00    0.00   clock core_clk (rise edge)
                          0.00    0.00   clock network delay (ideal)
                         25.00   25.00   clock uncertainty
                          0.00   25.00   clock reconvergence pessimism
                                 25.00 ^ u_src.g_pipeline.u_pipe.g_la.u_la.pdone[0]$_DFFE_PN1P_/CLK (DFFASRHQNx1_ASAP7_75t_R)
                         42.84   67.84   library removal time
                                 67.84   data required time
-----------------------------------------------------------------------------
                                 67.84   data required time
                               -166.67   data arrival time
-----------------------------------------------------------------------------
                                 98.82   slack (MET)


Startpoint: u_src.g_pipeline.u_pipe.g_la.u_la.rng2[0]$_DFF_PN0_
            (rising edge-triggered flip-flop clocked by core_clk)
Endpoint: u_src.g_pipeline.u_pipe.g_la.u_la.rng3[0]$_DFF_PN0_
          (rising edge-triggered flip-flop clocked by core_clk)
Path Group: core_clk
Path Type: min
Corner: BC

Fanout     Cap    Slew   Delay    Time   Description
-----------------------------------------------------------------------------
                  0.00    0.00    0.00   clock core_clk (rise edge)
                          0.00    0.00   clock network delay (ideal)
                  0.00    0.00    0.00 ^ u_src.g_pipeline.u_pipe.g_la.u_la.rng2[0]$_DFF_PN0_/CLK (DFFASRHQNx1_ASAP7_75t_R)
     1    0.51   12.01   34.42   34.42 ^ u_src.g_pipeline.u_pipe.g_la.u_la.rng2[0]$_DFF_PN0_/QN (DFFASRHQNx1_ASAP7_75t_R)
                                         _0789511_ (net)
                 12.01    0.00   34.42 ^ _5621590_/A (INVx1_ASAP7_75t_R)
     1    0.55    6.18    5.69   40.11 v _5621590_/Y (INVx1_ASAP7_75t_R)
                                         u_src.g_pipeline.u_pipe.g_la.u_la.rng2[0] (net)
                  6.18    0.00   40.11 v u_src.g_pipeline.u_pipe.g_la.u_la.rng3[0]$_DFF_PN0_/D (DFFASRHQNx1_ASAP7_75t_R)
                                 40.11   data arrival time

                  0.00    0.00    0.00   clock core_clk (rise edge)
                          0.00    0.00   clock network delay (ideal)
                         25.00   25.00   clock uncertainty
                          0.00   25.00   clock reconvergence pessimism
                                 25.00 ^ u_src.g_pipeline.u_pipe.g_la.u_la.rng3[0]$_DFF_PN0_/CLK (DFFASRHQNx1_ASAP7_75t_R)
                          9.28   34.28   library hold time
                                 34.28   data required time
-----------------------------------------------------------------------------
                                 34.28   data required time
                                -40.11   data arrival time
-----------------------------------------------------------------------------
                                  5.83   slack (MET)



==========================================================================
floorplan final report_checks -path_delay max
--------------------------------------------------------------------------
Startpoint: rst_n (input port clocked by core_clk)
Endpoint: u_src.g_pipeline.u_pipe.g_la.u_la.pdone[0]$_DFFE_PN1P_
          (recovery check against rising-edge clock core_clk)
Path Group: asynchronous
Path Type: max
Corner: BC

Fanout     Cap    Slew   Delay    Time   Description
-----------------------------------------------------------------------------
                  0.00    0.00    0.00   clock core_clk (rise edge)
                          0.00    0.00   clock network delay (ideal)
                        166.67  166.67 ^ input external delay
 42178 33874.68    0.00    0.00  166.67 ^ rst_n (in)
                                         rst_n (net)
                  0.00    0.00  166.67 ^ u_src.g_pipeline.u_pipe.g_la.u_la.pdone[0]$_DFFE_PN1P_/SETN (DFFASRHQNx1_ASAP7_75t_R)
                                166.67   data arrival time

                  0.00  833.33  833.33   clock core_clk (rise edge)
                          0.00  833.33   clock network delay (ideal)
                        -60.00  773.33   clock uncertainty
                          0.00  773.33   clock reconvergence pessimism
                                773.33 ^ u_src.g_pipeline.u_pipe.g_la.u_la.pdone[0]$_DFFE_PN1P_/CLK (DFFASRHQNx1_ASAP7_75t_R)
                          6.99  780.33   library recovery time
                                780.33   data required time
-----------------------------------------------------------------------------
                                780.33   data required time
                               -166.67   data arrival time
-----------------------------------------------------------------------------
                                613.66   slack (MET)


Startpoint: region_sector_count[8] (input port clocked by core_clk)
Endpoint: m_wdata[0] (output port clocked by core_clk)
Path Group: core_clk
Path Type: max
Corner: WC

Fanout     Cap    Slew   Delay    Time   Description
-----------------------------------------------------------------------------
                  0.00    0.00    0.00   clock core_clk (rise edge)
                          0.00    0.00   clock network delay (ideal)
                        166.67  166.67 v input external delay
     4    2.80    0.00    0.00  166.67 v region_sector_count[8] (in)
                                         region_sector_count[8] (net)
                  0.00    0.00  166.67 v _5622367_/B (XOR2x2_ASAP7_75t_R)
     2    1.03   17.35   44.65  211.32 ^ _5622367_/Y (XOR2x2_ASAP7_75t_R)
                                         _2108648_ (net)
                 17.35    0.00  211.32 ^ _5622374_/D (AND4x1_ASAP7_75t_R)
     1    0.48   19.71   43.75  255.07 ^ _5622374_/Y (AND4x1_ASAP7_75t_R)
                                         _2108655_ (net)
                 19.71    0.00  255.07 ^ _5622382_/A (AND5x1_ASAP7_75t_R)
     1    0.48   22.15   52.74  307.81 ^ _5622382_/Y (AND5x1_ASAP7_75t_R)
                                         _2108663_ (net)
                 22.15    0.00  307.81 ^ _5622395_/A (AND5x1_ASAP7_75t_R)
     1    0.43   21.52   53.09  360.90 ^ _5622395_/Y (AND5x1_ASAP7_75t_R)
                                         _2108676_ (net)
                 21.52    0.00  360.90 ^ _5622396_/B (AND5x1_ASAP7_75t_R)
     1    0.55   23.84   56.59  417.49 ^ _5622396_/Y (AND5x1_ASAP7_75t_R)
                                         _2108677_ (net)
                 23.84    0.00  417.49 ^ _5622397_/A (AND4x1_ASAP7_75t_R)
     2    1.09   28.14   47.01  464.50 ^ _5622397_/Y (AND4x1_ASAP7_75t_R)
                                         _2108678_ (net)
                 28.14    0.00  464.50 ^ _5622398_/A (INVx1_ASAP7_75t_R)
     1    0.51   13.13   13.87  478.36 v _5622398_/Y (INVx1_ASAP7_75t_R)
                                         _2108679_ (net)
                 13.13    0.00  478.36 v _5622416_/B (OR4x1_ASAP7_75t_R)
     1    0.58   20.91   53.77  532.14 v _5622416_/Y (OR4x1_ASAP7_75t_R)
                                         _2108697_ (net)
                 20.91    0.00  532.14 v _5622417_/A (INVx1_ASAP7_75t_R)
     1    1.17   22.83   18.48  550.62 ^ _5622417_/Y (INVx1_ASAP7_75t_R)
                                         _2108698_ (net)
                 22.83    0.00  550.62 ^ _5622418_/B (OAI21x1_ASAP7_75t_R)
     5    4.86   52.97   35.69  586.31 v _5622418_/Y (OAI21x1_ASAP7_75t_R)
                                         _2108699_ (net)
                 52.97    0.00  586.31 v _5622649_/A (OR2x2_ASAP7_75t_R)
     7    4.18   31.57   56.06  642.37 v _5622649_/Y (OR2x2_ASAP7_75t_R)
                                         _2108778_ (net)
                 31.57    0.00  642.37 v _5622650_/A (BUFx6f_ASAP7_75t_R)
    10    5.37   16.74   35.73  678.10 v _5622650_/Y (BUFx6f_ASAP7_75t_R)
                                         _2108779_ (net)
                 16.74    0.00  678.10 v _5622821_/B (OR3x1_ASAP7_75t_R)
     1    1.12   23.40   47.99  726.08 v _5622821_/Y (OR3x1_ASAP7_75t_R)
                                         _2108830_ (net)
                 23.40    0.00  726.08 v _5622822_/A (BUFx6f_ASAP7_75t_R)
     8    7.31   19.66   34.89  760.97 v _5622822_/Y (BUFx6f_ASAP7_75t_R)
                                         _2108831_ (net)
                 19.66    0.00  760.97 v _5622830_/B2 (OAI22x1_ASAP7_75t_R)
     1    3.90   76.75   42.37  803.33 ^ _5622830_/Y (OAI22x1_ASAP7_75t_R)
                                         m_wdata[0] (net)
                 76.75    0.00  803.33 ^ m_wdata[0] (out)
                                803.33   data arrival time

                  0.00  833.33  833.33   clock core_clk (rise edge)
                          0.00  833.33   clock network delay (ideal)
                        -60.00  773.33   clock uncertainty
                          0.00  773.33   clock reconvergence pessimism
                       -166.67  606.67   output external delay
                                606.67   data required time
-----------------------------------------------------------------------------
                                606.67   data required time
                               -803.33   data arrival time
-----------------------------------------------------------------------------
                               -196.67   slack (VIOLATED)



==========================================================================
floorplan final report_checks -unconstrained
--------------------------------------------------------------------------
Startpoint: rst_n (input port clocked by core_clk)
Endpoint: u_src.g_pipeline.u_pipe.g_la.u_la.pdone[0]$_DFFE_PN1P_
          (recovery check against rising-edge clock core_clk)
Path Group: asynchronous
Path Type: max
Corner: BC

Fanout     Cap    Slew   Delay    Time   Description
-----------------------------------------------------------------------------
                  0.00    0.00    0.00   clock core_clk (rise edge)
                          0.00    0.00   clock network delay (ideal)
                        166.67  166.67 ^ input external delay
 42178 33874.68    0.00    0.00  166.67 ^ rst_n (in)
                                         rst_n (net)
                  0.00    0.00  166.67 ^ u_src.g_pipeline.u_pipe.g_la.u_la.pdone[0]$_DFFE_PN1P_/SETN (DFFASRHQNx1_ASAP7_75t_R)
                                166.67   data arrival time

                  0.00  833.33  833.33   clock core_clk (rise edge)
                          0.00  833.33   clock network delay (ideal)
                        -60.00  773.33   clock uncertainty
                          0.00  773.33   clock reconvergence pessimism
                                773.33 ^ u_src.g_pipeline.u_pipe.g_la.u_la.pdone[0]$_DFFE_PN1P_/CLK (DFFASRHQNx1_ASAP7_75t_R)
                          6.99  780.33   library recovery time
                                780.33   data required time
-----------------------------------------------------------------------------
                                780.33   data required time
                               -166.67   data arrival time
-----------------------------------------------------------------------------
                                613.66   slack (MET)


Startpoint: region_sector_count[8] (input port clocked by core_clk)
Endpoint: m_wdata[0] (output port clocked by core_clk)
Path Group: core_clk
Path Type: max
Corner: WC

Fanout     Cap    Slew   Delay    Time   Description
-----------------------------------------------------------------------------
                  0.00    0.00    0.00   clock core_clk (rise edge)
                          0.00    0.00   clock network delay (ideal)
                        166.67  166.67 v input external delay
     4    2.80    0.00    0.00  166.67 v region_sector_count[8] (in)
                                         region_sector_count[8] (net)
                  0.00    0.00  166.67 v _5622367_/B (XOR2x2_ASAP7_75t_R)
     2    1.03   17.35   44.65  211.32 ^ _5622367_/Y (XOR2x2_ASAP7_75t_R)
                                         _2108648_ (net)
                 17.35    0.00  211.32 ^ _5622374_/D (AND4x1_ASAP7_75t_R)
     1    0.48   19.71   43.75  255.07 ^ _5622374_/Y (AND4x1_ASAP7_75t_R)
                                         _2108655_ (net)
                 19.71    0.00  255.07 ^ _5622382_/A (AND5x1_ASAP7_75t_R)
     1    0.48   22.15   52.74  307.81 ^ _5622382_/Y (AND5x1_ASAP7_75t_R)
                                         _2108663_ (net)
                 22.15    0.00  307.81 ^ _5622395_/A (AND5x1_ASAP7_75t_R)
     1    0.43   21.52   53.09  360.90 ^ _5622395_/Y (AND5x1_ASAP7_75t_R)
                                         _2108676_ (net)
                 21.52    0.00  360.90 ^ _5622396_/B (AND5x1_ASAP7_75t_R)
     1    0.55   23.84   56.59  417.49 ^ _5622396_/Y (AND5x1_ASAP7_75t_R)
                                         _2108677_ (net)
                 23.84    0.00  417.49 ^ _5622397_/A (AND4x1_ASAP7_75t_R)
     2    1.09   28.14   47.01  464.50 ^ _5622397_/Y (AND4x1_ASAP7_75t_R)
                                         _2108678_ (net)
                 28.14    0.00  464.50 ^ _5622398_/A (INVx1_ASAP7_75t_R)
     1    0.51   13.13   13.87  478.36 v _5622398_/Y (INVx1_ASAP7_75t_R)
                                         _2108679_ (net)
                 13.13    0.00  478.36 v _5622416_/B (OR4x1_ASAP7_75t_R)
     1    0.58   20.91   53.77  532.14 v _5622416_/Y (OR4x1_ASAP7_75t_R)
                                         _2108697_ (net)
                 20.91    0.00  532.14 v _5622417_/A (INVx1_ASAP7_75t_R)
     1    1.17   22.83   18.48  550.62 ^ _5622417_/Y (INVx1_ASAP7_75t_R)
                                         _2108698_ (net)
                 22.83    0.00  550.62 ^ _5622418_/B (OAI21x1_ASAP7_75t_R)
     5    4.86   52.97   35.69  586.31 v _5622418_/Y (OAI21x1_ASAP7_75t_R)
                                         _2108699_ (net)
                 52.97    0.00  586.31 v _5622649_/A (OR2x2_ASAP7_75t_R)
     7    4.18   31.57   56.06  642.37 v _5622649_/Y (OR2x2_ASAP7_75t_R)
                                         _2108778_ (net)
                 31.57    0.00  642.37 v _5622650_/A (BUFx6f_ASAP7_75t_R)
    10    5.37   16.74   35.73  678.10 v _5622650_/Y (BUFx6f_ASAP7_75t_R)
                                         _2108779_ (net)
                 16.74    0.00  678.10 v _5622821_/B (OR3x1_ASAP7_75t_R)
     1    1.12   23.40   47.99  726.08 v _5622821_/Y (OR3x1_ASAP7_75t_R)
                                         _2108830_ (net)
                 23.40    0.00  726.08 v _5622822_/A (BUFx6f_ASAP7_75t_R)
     8    7.31   19.66   34.89  760.97 v _5622822_/Y (BUFx6f_ASAP7_75t_R)
                                         _2108831_ (net)
                 19.66    0.00  760.97 v _5622830_/B2 (OAI22x1_ASAP7_75t_R)
     1    3.90   76.75   42.37  803.33 ^ _5622830_/Y (OAI22x1_ASAP7_75t_R)
                                         m_wdata[0] (net)
                 76.75    0.00  803.33 ^ m_wdata[0] (out)
                                803.33   data arrival time

                  0.00  833.33  833.33   clock core_clk (rise edge)
                          0.00  833.33   clock network delay (ideal)
                        -60.00  773.33   clock uncertainty
                          0.00  773.33   clock reconvergence pessimism
                       -166.67  606.67   output external delay
                                606.67   data required time
-----------------------------------------------------------------------------
                                606.67   data required time
                               -803.33   data arrival time
-----------------------------------------------------------------------------
                               -196.67   slack (VIOLATED)



==========================================================================
floorplan final report_power
--------------------------------------------------------------------------
Corner: WC
Group                  Internal  Switching    Leakage      Total
                          Power      Power      Power      Power (Watts)
----------------------------------------------------------------
Sequential             9.95e-01   3.08e-02   2.55e-03   1.03e+00  87.8%
Combinational          9.06e-02   4.58e-02   5.87e-03   1.42e-01  12.2%
Clock                  0.00e+00   0.00e+00   0.00e+00   0.00e+00   0.0%
Macro                  0.00e+00   0.00e+00   0.00e+00   0.00e+00   0.0%
Pad                    0.00e+00   0.00e+00   0.00e+00   0.00e+00   0.0%
----------------------------------------------------------------
Total                  1.09e+00   7.64e-02   8.44e-03   1.17e+00 100.0%
                          92.7%       6.5%       0.7%
Corner: BC
Group                  Internal  Switching    Leakage      Total
                          Power      Power      Power      Power (Watts)
----------------------------------------------------------------
Sequential             1.61e+00   5.43e-02   9.91e-05   1.67e+00  87.7%
Combinational          1.51e-01   8.06e-02   3.11e-04   2.32e-01  12.2%
Clock                  0.00e+00   0.00e+00   0.00e+00   0.00e+00   0.0%
Macro                  0.00e+00   0.00e+00   0.00e+00   0.00e+00   0.0%
Pad                    0.00e+00   0.00e+00   0.00e+00   0.00e+00   0.0%
----------------------------------------------------------------
Total                  1.76e+00   1.35e-01   4.05e-04   1.90e+00 100.0%
                          92.9%       7.1%       0.0%
