PAIR n=0 acceptD=9616 offerE=9617 acceptE=9617 returnD=9668 returnE=9671 publish=9674
PAIR n=1 acceptD=9677 offerE=9678 acceptE=9678 returnD=9729 returnE=9730 publish=9733
PAIR n=2 acceptD=9736 offerE=9737 acceptE=9739 returnD=9788 returnE=9789 publish=9792
PAIR n=3 acceptD=9795 offerE=9796 acceptE=9796 returnD=9847 returnE=9848 publish=9851
PAIR n=4 acceptD=9854 offerE=9855 acceptE=9855 returnD=9906 returnE=9909 publish=9912
PAIR n=5 acceptD=9915 offerE=9916 acceptE=9916 returnD=9967 returnE=9968 publish=9971
PAIR n=6 acceptD=9974 offerE=9975 acceptE=9977 returnD=10026 returnE=10027 publish=10030
PAIR n=7 acceptD=10033 offerE=10034 acceptE=10034 returnD=10085 returnE=10086 publish=10089
PAIR n=8 acceptD=10092 offerE=10093 acceptE=10093 returnD=10144 returnE=10147 publish=10150
PAIR n=9 acceptD=10153 offerE=10154 acceptE=10154 returnD=10221 returnE=10222 publish=10225
PAIR n=10 acceptD=10229 offerE=10230 acceptE=10230 returnD=10281 returnE=10282 publish=10285
PAIR n=11 acceptD=10288 offerE=10289 acceptE=10289 returnD=10340 returnE=10341 publish=10344
PAIR n=12 acceptD=10348 offerE=10349 acceptE=10349 returnD=10400 returnE=10417 publish=10420
PAIR n=13 acceptD=10425 offerE=10426 acceptE=10426 returnD=10493 returnE=10494 publish=10497
PAIR n=14 acceptD=10502 offerE=10503 acceptE=10503 returnD=10554 returnE=10555 publish=10558
PAIR n=15 acceptD=10561 offerE=10562 acceptE=10562 returnD=10613 returnE=10614 publish=10617
PAIR n=16 acceptD=10621 offerE=10622 acceptE=10622 returnD=10689 returnE=10692 publish=10695
PAIR n=17 acceptD=10698 offerE=10699 acceptE=10699 returnD=10750 returnE=10751 publish=10754
PAIR n=18 acceptD=10757 offerE=10758 acceptE=10758 returnD=10809 returnE=10810 publish=10813
PAIR n=19 acceptD=10817 offerE=10818 acceptE=10818 returnD=10869 returnE=10870 publish=10873
PAIR n=20 acceptD=10876 offerE=10877 acceptE=10877 returnD=10944 returnE=10947 publish=10950
PAIR n=21 acceptD=10953 offerE=10954 acceptE=10954 returnD=11005 returnE=11006 publish=11009
PAIR n=22 acceptD=11013 offerE=11014 acceptE=11014 returnD=11065 returnE=11066 publish=11069
PAIR n=23 acceptD=11072 offerE=11073 acceptE=11073 returnD=11124 returnE=11125 publish=11128
PAIR n=24 acceptD=11132 offerE=11133 acceptE=11133 returnD=11200 returnE=11203 publish=11206
PAIR n=25 acceptD=11209 offerE=11210 acceptE=11210 returnD=11261 returnE=11262 publish=11265
PAIR n=26 acceptD=11268 offerE=11269 acceptE=11269 returnD=11336 returnE=11337 publish=11340
PAIR n=27 acceptD=11343 offerE=11344 acceptE=11344 returnD=11411 returnE=11412 publish=11415
PAIR n=28 acceptD=11419 offerE=11420 acceptE=11420 returnD=11487 returnE=11490 publish=11493
PAIR n=29 acceptD=11496 offerE=11497 acceptE=11497 returnD=11564 returnE=11565 publish=11568
PAIR n=30 acceptD=11573 offerE=11574 acceptE=11574 returnD=11641 returnE=11642 publish=11645
PAIR n=31 acceptD=11650 offerE=11651 acceptE=11651 returnD=11718 returnE=11719 publish=11722
PAIR n=32 acceptD=11727 offerE=11728 acceptE=11728 returnD=11795 returnE=11797 publish=11800
PAIR n=33 acceptD=11804 offerE=11805 acceptE=11805 returnD=11872 returnE=11875 publish=11878
PAIR n=34 acceptD=11881 offerE=11882 acceptE=11882 returnD=11949 returnE=11950 publish=11953
PAIR n=35 acceptD=11958 offerE=11959 acceptE=11959 returnD=12026 returnE=12027 publish=12030
PAIR n=36 acceptD=12035 offerE=12036 acceptE=12036 returnD=12103 returnE=12105 publish=12108
PAIR n=37 acceptD=12112 offerE=12113 acceptE=12113 returnD=12180 returnE=12183 publish=12186
PAIR n=38 acceptD=12189 offerE=12190 acceptE=12190 returnD=12257 returnE=12258 publish=12261
PAIR n=39 acceptD=12266 offerE=12267 acceptE=12267 returnD=12659 returnE=12661 publish=12664
PAIR n=40 acceptD=12667 offerE=12668 acceptE=12668 returnD=12719 returnE=12722 publish=12725
PAIR n=41 acceptD=12728 offerE=12729 acceptE=12729 returnD=12780 returnE=12783 publish=12786
PAIR n=42 acceptD=12791 offerE=12792 acceptE=12792 returnD=12843 returnE=12844 publish=12847
PAIR n=43 acceptD=12850 offerE=12851 acceptE=12851 returnD=12902 returnE=12903 publish=12906
PAIR n=44 acceptD=12910 offerE=12911 acceptE=12911 returnD=12962 returnE=12965 publish=12968
PAIR n=45 acceptD=12973 offerE=12974 acceptE=12974 returnD=13025 returnE=13028 publish=13031
PAIR n=46 acceptD=13036 offerE=13037 acceptE=13037 returnD=13088 returnE=13089 publish=13092
PAIR n=47 acceptD=13095 offerE=13096 acceptE=13096 returnD=13147 returnE=13148 publish=13151
PAIR n=48 acceptD=13155 offerE=13156 acceptE=13156 returnD=13207 returnE=13210 publish=13213
PAIR n=49 acceptD=13218 offerE=13219 acceptE=13219 returnD=13270 returnE=13273 publish=13276
PAIR n=50 acceptD=13281 offerE=13282 acceptE=13282 returnD=13333 returnE=13334 publish=13337
PAIR n=51 acceptD=13340 offerE=13341 acceptE=13341 returnD=13392 returnE=13393 publish=13396
PAIR n=52 acceptD=13400 offerE=13401 acceptE=13401 returnD=13452 returnE=13455 publish=13458
PAIR n=53 acceptD=13463 offerE=13464 acceptE=13464 returnD=13531 returnE=13534 publish=13537
PAIR n=54 acceptD=13540 offerE=13541 acceptE=13541 returnD=13592 returnE=13593 publish=13596
PAIR n=55 acceptD=13599 offerE=13600 acceptE=13600 returnD=13651 returnE=13652 publish=13655
PAIR n=56 acceptD=13659 offerE=13660 acceptE=13660 returnD=13711 returnE=13728 publish=13731
PAIR n=57 acceptD=13736 offerE=13737 acceptE=13737 returnD=13804 returnE=13807 publish=13810
PAIR n=58 acceptD=13813 offerE=13814 acceptE=13814 returnD=13865 returnE=13866 publish=13869
PAIR n=59 acceptD=13872 offerE=13873 acceptE=13873 returnD=13924 returnE=13925 publish=13928
PAIR n=60 acceptD=13932 offerE=13933 acceptE=13933 returnD=13984 returnE=14001 publish=14004
PAIR n=61 acceptD=14009 offerE=14010 acceptE=14010 returnD=14077 returnE=14080 publish=14083
PAIR n=62 acceptD=14086 offerE=14087 acceptE=14087 returnD=14138 returnE=14139 publish=14142
PAIR n=63 acceptD=14145 offerE=14146 acceptE=14146 returnD=14197 returnE=14198 publish=14201
latency coreHBM1024ps WR min=126 sum=9486 max=504 RD min=57 sum=4460 max=401 ACT=163 conflicts=46
PASS 64 WR 64 RD writes=128 reads=320 cycles=14202 parallel real256 two-slot taggedmetadata boot-onlyWR OOO=2
PAIR n=0 acceptD=14205 offerE=14206 acceptE=14206 returnD=14257 returnE=14274 publish=14277
PAIR n=0 acceptD=14282 offerE=14283 acceptE=14283 returnD=14315 returnE=14318 publish=14321
pairpublication vsmaxrealphysicalreturn extra_sum=198 extra_max=3 LONGSTALL=0
PASS actualphysicaldata CE corrected and UE retained againstreal sidecarchecks
trace_protected_bank_pair.sv:80: $finish called at 14670848 (1ps)
