%Warning-UNOPTFLAT: /tmp/opentallas-core-frontend-result-20261002-r1/baseline/sources/rtl/test/w17_window_core_cancel_join_r7/actual_fastpp_core_selected_cone.sv:2553:10: Signal unoptimizable: Circular combinational logic: 'tb.core.g_cancel.u_impl.rec_stop'
 2553 |     wire rec_stop = rec_frozen || rec_violation || rec_request ||
      |          ^~~~~~~~
                    ... For warning description see https://verilator.org/warn/UNOPTFLAT?v=5.050
                    ... Use "/* verilator lint_off UNOPTFLAT */" and lint_on around source to disable this message.
                    /tmp/opentallas-core-frontend-result-20261002-r1/baseline/sources/rtl/test/w17_window_core_cancel_join_r7/actual_fastpp_core_selected_cone.sv:2553:10:      Example path: tb.core.g_cancel.u_impl.rec_stop
                    /tmp/opentallas-core-frontend-result-20261002-r1/baseline/sources/rtl/test/w17_window_actual_producer_cancel_declaration_repaired/ot_hdc_v41x_window_kv_blocks_cancel.sv:268:10:      Example path: ASSIGNW
                    /tmp/opentallas-core-frontend-result-20261002-r1/baseline/sources/rtl/test/w17_window_actual_producer_cancel_declaration_repaired/ot_hdc_v41x_window_kv_blocks_cancel.sv:268:10:      Example path: tb.core.g_cancel.u_impl.g_packed_window_write.u_blocks.g_cancel.u_impl.rec_stop
                    /tmp/opentallas-core-frontend-result-20261002-r1/baseline/sources/rtl/test/w17_window_core_cancel_join_r7/actual_fastpp_core_selected_cone.sv:2508:20:      Example path: ASSIGNW
                    /tmp/opentallas-core-frontend-result-20261002-r1/baseline/sources/rtl/test/w17_window_core_cancel_join_r7/actual_fastpp_core_selected_cone.sv:2508:20:      Example path: tb.core.g_cancel.u_impl.win_issue_ready
                    /tmp/opentallas-core-frontend-result-20261002-r1/baseline/sources/rtl/test/w17_window_core_cancel_join_r7/actual_fastpp_core_selected_cone.sv:2604:10:      Example path: ASSIGNW
                    /tmp/opentallas-core-frontend-result-20261002-r1/baseline/sources/rtl/test/w17_window_core_cancel_join_r7/actual_fastpp_core_selected_cone.sv:2604:10:      Example path: tb.core.g_cancel.u_impl.win_issue
                    /tmp/opentallas-core-frontend-result-20261002-r1/baseline/sources/rtl/test/w17_window_actual_producer_cancel_declaration_repaired/ot_hdc_v41x_window_kv_blocks_cancel.sv:284:10:      Example path: ASSIGNW
                    /tmp/opentallas-core-frontend-result-20261002-r1/baseline/sources/rtl/test/w17_window_actual_producer_cancel_declaration_repaired/ot_hdc_v41x_window_kv_blocks_cancel.sv:284:10:      Example path: tb.core.g_cancel.u_impl.g_packed_window_write.u_blocks.g_cancel.u_impl.rec_local_bad
                    /tmp/opentallas-core-frontend-result-20261002-r1/baseline/sources/tb.sv:398:7:      Example path: ASSIGNW
                    /tmp/opentallas-core-frontend-result-20261002-r1/baseline/sources/tb.sv:398:7:      Example path: tb.core_win_blk_v
                    /tmp/opentallas-core-frontend-result-20261002-r1/baseline/sources/tb.sv:1222:23:      Example path: ASSIGNW
                    /tmp/opentallas-core-frontend-result-20261002-r1/baseline/sources/tb.sv:518:8:      Example path: tb.core_rec_fault_inject
                    /tmp/opentallas-core-frontend-result-20261002-r1/baseline/sources/rtl/test/w17_window_core_cancel_join_r7/actual_fastpp_core_selected_cone.sv:2553:10:      Example path: ASSIGNW
                    /tmp/opentallas-core-frontend-result-20261002-r1/baseline/sources/rtl/test/w17_window_core_cancel_join_r7/actual_fastpp_core_selected_cone.sv:2553:10:      Example path: tb.core.g_cancel.u_impl.rec_stop
