OpenROAD 26Q3-1510-g6cb3f2b704 
Features included (+) or not (-): +GPU +GUI +Python
This program is licensed under the BSD-3 license. See the LICENSE file for details.
Components of this program may be licensed under more restrictive licenses which must be honored.
[INFO ODB-0227] LEF file: /OpenROAD-flow-scripts/flow/platforms/asap7/lef/asap7_tech_1x_201209.lef, created 30 layers, 9 vias
[INFO ODB-0227] LEF file: /OpenROAD-flow-scripts/flow/platforms/asap7/lef/asap7sc7p5t_28_R_1x_220121a.lef, created 212 library cells
[WARNING STA-1212] /OpenROAD-flow-scripts/flow/platforms/asap7/lib/NLDM/asap7sc7p5t_SIMPLE_RVT_SS_nldm_211120.lib.gz line 13156, timing group from output port.
[WARNING STA-1212] /OpenROAD-flow-scripts/flow/platforms/asap7/lib/NLDM/asap7sc7p5t_SIMPLE_RVT_SS_nldm_211120.lib.gz line 13189, timing group from output port.
[WARNING STA-1212] /OpenROAD-flow-scripts/flow/platforms/asap7/lib/NLDM/asap7sc7p5t_SIMPLE_RVT_SS_nldm_211120.lib.gz line 13222, timing group from output port.
[WARNING STA-1212] /OpenROAD-flow-scripts/flow/platforms/asap7/lib/NLDM/asap7sc7p5t_SIMPLE_RVT_SS_nldm_211120.lib.gz line 13255, timing group from output port.
[WARNING STA-1212] /OpenROAD-flow-scripts/flow/platforms/asap7/lib/NLDM/asap7sc7p5t_SIMPLE_RVT_SS_nldm_211120.lib.gz line 13288, timing group from output port.
[WARNING STA-1212] /OpenROAD-flow-scripts/flow/platforms/asap7/lib/NLDM/asap7sc7p5t_SIMPLE_RVT_SS_nldm_211120.lib.gz line 13321, timing group from output port.
[WARNING STA-1212] /OpenROAD-flow-scripts/flow/platforms/asap7/lib/NLDM/asap7sc7p5t_SIMPLE_RVT_SS_nldm_211120.lib.gz line 13354, timing group from output port.
[WARNING STA-1212] /OpenROAD-flow-scripts/flow/platforms/asap7/lib/NLDM/asap7sc7p5t_SIMPLE_RVT_SS_nldm_211120.lib.gz line 14748, timing group from output port.
[WARNING STA-1212] /OpenROAD-flow-scripts/flow/platforms/asap7/lib/NLDM/asap7sc7p5t_SIMPLE_RVT_SS_nldm_211120.lib.gz line 14781, timing group from output port.
[WARNING STA-1212] /OpenROAD-flow-scripts/flow/platforms/asap7/lib/NLDM/asap7sc7p5t_SIMPLE_RVT_SS_nldm_211120.lib.gz line 14814, timing group from output port.
OT_CORNER ss
OT_WS -1.1938600108507558e-10
OT_TNS -6.994300139062659e-10
Startpoint: por_n (input port clocked by core_clk)
Endpoint: on.registered_header.decoder.data_q[124]$_DFFE_PN0P_
          (recovery check against rising-edge clock core_clk)
Path Group: asynchronous
Path Type: max

  Delay    Time   Description
---------------------------------------------------------
   0.00    0.00   clock core_clk (rise edge)
   0.00    0.00   clock network delay (propagated)
 166.67  166.67 ^ input external delay
   0.00  166.67 ^ por_n (in)
 111.30  277.97 ^ input600/Y (BUFx2_ASAP7_75t_R)
 136.75  414.71 ^ place1042/Y (BUFx5_ASAP7_75t_R)
  82.56  497.28 ^ place1041/Y (BUFx5_ASAP7_75t_R)
   5.13  502.40 ^ on.registered_header.decoder.data_q[124]$_DFFE_PN0P_/RESETN (DFFASRHQNx1_ASAP7_75t_R)
         502.40   data arrival time

 833.33  833.33   clock core_clk (rise edge)
   0.00  833.33   clock source latency
   0.00  833.33 ^ clk (in)
  33.53  866.86 ^ clkbuf_0_clk/Y (BUFx8_ASAP7_75t_R)
  51.26  918.12 ^ clkbuf_2_0__f_clk/Y (BUFx8_ASAP7_75t_R)
  41.56  959.68 ^ clkbuf_leaf_27_clk/Y (BUFx16f_ASAP7_75t_R)
   1.07  960.76 ^ on.registered_header.decoder.data_q[124]$_DFFE_PN0P_/CLK (DFFASRHQNx1_ASAP7_75t_R)
 -60.00  900.76   clock uncertainty
   0.00  900.76   clock reconvergence pessimism
  30.13  930.89   library recovery time
         930.89   data required time
---------------------------------------------------------
         930.89   data required time
        -502.40   data arrival time
---------------------------------------------------------
         428.48   slack (MET)


Startpoint: on.registered_header.decoder.data_q[81]$_DFFE_PN0P_
            (rising edge-triggered flip-flop clocked by core_clk)
Endpoint: lease_v (output port clocked by core_clk)
Path Group: core_clk
Path Type: max

  Delay    Time   Description
---------------------------------------------------------
   0.00    0.00   clock core_clk (rise edge)
   0.00    0.00   clock source latency
   0.00    0.00 ^ clk (in)
  34.49   34.49 ^ clkbuf_0_clk/Y (BUFx8_ASAP7_75t_R)
  55.84   90.33 ^ clkbuf_2_1__f_clk/Y (BUFx8_ASAP7_75t_R)
  46.95  137.28 ^ clkbuf_leaf_6_clk/Y (BUFx16f_ASAP7_75t_R)
   2.88  140.15 ^ on.registered_header.decoder.data_q[81]$_DFFE_PN0P_/CLK (DFFASRHQNx1_ASAP7_75t_R)
  98.50  238.65 v on.registered_header.decoder.data_q[81]$_DFFE_PN0P_/QN (DFFASRHQNx1_ASAP7_75t_R)
  60.53  299.17 ^ _4344_/Y (XOR2x2_ASAP7_75t_R)
  61.70  360.88 ^ _4345_/Y (AND4x2_ASAP7_75t_R)
  59.64  420.51 ^ _4350_/Y (AND5x1_ASAP7_75t_R)
  48.84  469.35 ^ _4351_/Y (AND4x1_ASAP7_75t_R)
  31.91  501.26 ^ place967/Y (BUFx6f_ASAP7_75t_R)
  59.82  561.08 ^ _4472_/Y (AND5x2_ASAP7_75t_R)
  47.47  608.55 ^ _4634_/Y (AND3x1_ASAP7_75t_R)
  35.35  643.89 ^ _4646_/Y (AND2x2_ASAP7_75t_R)
  52.22  696.11 ^ _4660_/Y (AND4x2_ASAP7_75t_R)
  29.50  725.61 ^ output682/Y (BUFx6f_ASAP7_75t_R)
   0.44  726.05 ^ lease_v (out)
         726.05   data arrival time

 833.33  833.33   clock core_clk (rise edge)
   0.00  833.33   clock network delay (propagated)
 -60.00  773.33   clock uncertainty
   0.00  773.33   clock reconvergence pessimism
-166.67  606.67   output external delay
         606.67   data required time
---------------------------------------------------------
         606.67   data required time
        -726.05   data arrival time
---------------------------------------------------------
        -119.39   slack (VIOLATED)


OT_VIOL_D_PINS 65
OT_WS_REG_D -119.385880
OT_WS_OUT -119.386002
OT_WS_R2R 95.599586
OT_WS_I2R 428.484375
