OpenROAD 26Q3-1510-g6cb3f2b704 
Features included (+) or not (-): +GPU +GUI +Python
This program is licensed under the BSD-3 license. See the LICENSE file for details.
Components of this program may be licensed under more restrictive licenses which must be honored.
[INFO ORD-0030] Using 16 thread(s).
source /OpenROAD-flow-scripts/flow/platforms/asap7/liberty_suppressions.tcl
read_liberty -corner WC /OpenROAD-flow-scripts/flow/platforms/asap7/lib/NLDM/asap7sc7p5t_AO_RVT_SS_nldm_211120.lib.gz
read_liberty -corner WC /OpenROAD-flow-scripts/flow/platforms/asap7/lib/NLDM/asap7sc7p5t_INVBUF_RVT_SS_nldm_220122.lib.gz
read_liberty -corner WC /OpenROAD-flow-scripts/flow/platforms/asap7/lib/NLDM/asap7sc7p5t_OA_RVT_SS_nldm_211120.lib.gz
read_liberty -corner WC /OpenROAD-flow-scripts/flow/platforms/asap7/lib/NLDM/asap7sc7p5t_SEQ_RVT_SS_nldm_220123.lib
read_liberty -corner WC /OpenROAD-flow-scripts/flow/platforms/asap7/lib/NLDM/asap7sc7p5t_SIMPLE_RVT_SS_nldm_211120.lib.gz
read_liberty -corner WC /src/physical/hbm_fmax_attn_context/ot_attn_hgrp_m6h1/ot_attn_hgrp_m6h1_ss.lib
read_liberty -corner BC /OpenROAD-flow-scripts/flow/platforms/asap7/lib/NLDM/asap7sc7p5t_AO_RVT_FF_nldm_211120.lib.gz
read_liberty -corner BC /OpenROAD-flow-scripts/flow/platforms/asap7/lib/NLDM/asap7sc7p5t_INVBUF_RVT_FF_nldm_220122.lib.gz
read_liberty -corner BC /OpenROAD-flow-scripts/flow/platforms/asap7/lib/NLDM/asap7sc7p5t_OA_RVT_FF_nldm_211120.lib.gz
read_liberty -corner BC /OpenROAD-flow-scripts/flow/platforms/asap7/lib/NLDM/asap7sc7p5t_SIMPLE_RVT_FF_nldm_211120.lib.gz
read_liberty -corner BC /OpenROAD-flow-scripts/flow/platforms/asap7/lib/NLDM/asap7sc7p5t_SEQ_RVT_FF_nldm_220123.lib
read_liberty -corner BC /src/physical/hbm_fmax_attn_context/ot_attn_hgrp_m6h1/ot_attn_hgrp_m6h1_ff.lib
read_db /work/results/asap7/opentallas_ot_attn_registered_parent_phys_asap7_codex_h16_registered_parent_r1/base/3_place.odb
read_sdc /work/results/asap7/opentallas_ot_attn_registered_parent_phys_asap7_codex_h16_registered_parent_r1/base/3_place.sdc
source /OpenROAD-flow-scripts/flow/platforms/asap7/setRC.tcl
source /work/hooks/pre_cts_clock_rc.tcl
clock_tree_synthesis -sink_clustering_enable -repair_clock_nets
[INFO CTS-0050] Root buffer is BUFx24_ASAP7_75t_R.
[INFO CTS-0051] Sink buffer is BUFx24_ASAP7_75t_R.
[INFO CTS-0052] The following clock buffers will be used for CTS:
                    BUFx24_ASAP7_75t_R
[INFO CTS-0049] Characterization buffer is BUFx24_ASAP7_75t_R.
[INFO CTS-0007] Net "clk" found for clock "core_clk".
[INFO CTS-0011]  Clock net "clk" for macros has 16 sinks.
[INFO CTS-0011]  Clock net "clk_regs" for registers has 35614 sinks.
[INFO CTS-0008] TritonCTS found 2 clock nets.
[INFO CTS-0097] Characterization used 1 buffer(s) types.
[INFO CTS-0201] 16 blockages from hard placement blockages and placed macros will be used.
[INFO CTS-0027] Generating H-Tree topology for net clk.
[INFO CTS-0028]  Total number of sinks: 16.
[INFO CTS-0029]  Macro  sinks will be clustered in groups of up to 4 and with maximum cluster diameter of 589.6 um.
[INFO CTS-0030]  Number of static layers: 0.
[INFO CTS-0020]  Wire segment unit: 1350  dbu (1 um).
[INFO CTS-0204] A clustering solution was found from clustering size of 4 and clustering diameter of 590.
[INFO CTS-0205] Better solution may be possible if either -sink_clustering_size, -sink_clustering_max_diameter, or both options are omitted to enable automatic clustering.
[INFO CTS-0019]  Total number of sinks after clustering: 8.
[INFO CTS-0024]  Normalized sink region: [(2.5037, 222.061), (648.146, 995.354)].
[INFO CTS-0025]     Width:  645.6422.
[INFO CTS-0026]     Height: 773.2933.
 Level 1
    Direction: Vertical
    Sinks per sub-region: 4
    Sub-region size: 645.6422 X 386.6467
[INFO CTS-0034]     Segment length (rounded): 194.
 Level 2
    Direction: Horizontal
    Sinks per sub-region: 2
    Sub-region size: 322.8211 X 386.6467
[INFO CTS-0034]     Segment length (rounded): 162.
 Level 3
    Direction: Vertical
    Sinks per sub-region: 1
    Sub-region size: 322.8211 X 193.3233
[INFO CTS-0034]     Segment length (rounded): 96.
[INFO CTS-0038]  Stop criterion found. Sink region hpwl is smaller than max wirelength (200.682 um) and max number of sinks is 15.
[INFO CTS-0035]  Number of sinks covered: 8.
[INFO CTS-0201] 16 blockages from hard placement blockages and placed macros will be used.
[INFO CTS-0027] Generating H-Tree topology for net clk_regs.
[INFO CTS-0028]  Total number of sinks: 35614.
[INFO CTS-0060]  Register sinks will be clustered in groups of up to 32 and based on buffer max cap.
[INFO CTS-0030]  Number of static layers: 0.
[INFO CTS-0020]  Wire segment unit: 1350  dbu (1 um).
[INFO CTS-0204] A clustering solution was found from clustering size of 32 and max clustering diameter of 75.
[INFO CTS-0205] Better solution may be possible if either -sink_clustering_size, -sink_clustering_max_diameter, or both options are omitted to enable automatic clustering.
[INFO CTS-0019]  Total number of sinks after clustering: 2306.
[INFO CTS-0024]  Normalized sink region: [(12.7896, 4.30899), (871.886, 996.04)].
[INFO CTS-0025]     Width:  859.0967.
[INFO CTS-0026]     Height: 991.7307.
 Level 1
    Direction: Vertical
    Sinks per sub-region: 1153
    Sub-region size: 859.0967 X 495.8654
[INFO CTS-0034]     Segment length (rounded): 248.
 Level 2
    Direction: Horizontal
    Sinks per sub-region: 577
    Sub-region size: 429.5484 X 495.8654
[INFO CTS-0034]     Segment length (rounded): 214.
 Level 3
    Direction: Vertical
    Sinks per sub-region: 289
    Sub-region size: 429.5484 X 247.9327
[INFO CTS-0034]     Segment length (rounded): 124.
 Level 4
    Direction: Horizontal
    Sinks per sub-region: 145
    Sub-region size: 214.7742 X 247.9327
[INFO CTS-0034]     Segment length (rounded): 108.
 Level 5
    Direction: Vertical
    Sinks per sub-region: 73
    Sub-region size: 214.7742 X 123.9663
[INFO CTS-0034]     Segment length (rounded): 62.
 Level 6
    Direction: Horizontal
    Sinks per sub-region: 37
    Sub-region size: 107.3871 X 123.9663
[INFO CTS-0034]     Segment length (rounded): 54.
 Level 7
    Direction: Vertical
    Sinks per sub-region: 19
    Sub-region size: 107.3871 X 61.9832
[INFO CTS-0034]     Segment length (rounded): 30.
 Level 8
    Direction: Horizontal
    Sinks per sub-region: 10
    Sub-region size: 53.6935 X 61.9832
[INFO CTS-0034]     Segment length (rounded): 26.
 Level 9
    Direction: Vertical
    Sinks per sub-region: 5
    Sub-region size: 53.6935 X 30.9916
[INFO CTS-0034]     Segment length (rounded): 16.
 Level 10
    Direction: Horizontal
    Sinks per sub-region: 3
    Sub-region size: 26.8468 X 30.9916
[INFO CTS-0034]     Segment length (rounded): 14.
[INFO CTS-0038]  Stop criterion found. Sink region hpwl is smaller than max wirelength (200.682 um) and max number of sinks is 15.
[INFO CTS-0035]  Number of sinks covered: 2306.
[INFO CTS-0018]     Created 65 clock buffers.
[INFO CTS-0012]     Minimum number of buffers in the clock path: 16.
[INFO CTS-0013]     Maximum number of buffers in the clock path: 16.
[INFO CTS-0015]     Created 65 clock nets.
[INFO CTS-0016]     Fanout distribution for the current clock = 1:8, 2:8..
[INFO CTS-0017]     Max level of the clock tree: 3.
[INFO CTS-0018]     Created 4482 clock buffers.
[INFO CTS-0012]     Minimum number of buffers in the clock path: 31.
[INFO CTS-0013]     Maximum number of buffers in the clock path: 31.
[INFO CTS-0015]     Created 4482 clock nets.
[INFO CTS-0016]     Fanout distribution for the current clock = 1:265, 2:371, 3:254, 4:113, 5:27, 6:24, 7:10, 8:22, 9:48, 10:39, 11:55, 12:70, 13:110, 14:210, 15:343, 16:437, 17:445, 18:289, 19:130, 20:38, 21:16, 22:2, 23:1..
[INFO CTS-0017]     Max level of the clock tree: 10.
[INFO CTS-0098] Clock net "clk"
[INFO CTS-0099]  Sinks 16
[INFO CTS-0100]  Leaf buffers 8
[INFO CTS-0101]  Average sink wire length 2353.17 um
[INFO CTS-0102]  Path depth 16 - 16
[INFO CTS-0207]  Dummy loads inserted 0
[INFO CTS-0098] Clock net "clk_regs"
[INFO CTS-0099]  Sinks 37001
[INFO CTS-0100]  Leaf buffers 2306
[INFO CTS-0101]  Average sink wire length 1411.39 um
[INFO CTS-0102]  Path depth 29 - 31
[INFO CTS-0207]  Dummy loads inserted 1387
[INFO RSZ-0047] Found 395 long wires.
[INFO RSZ-0048] Inserted 576 buffers in 395 nets.
[INFO CTS-0033] Balancing latency for clock core_clk
[INFO CTS-0036]  inserted 1 delay buffers
[INFO CTS-0037] Total number of delay buffers: 1
[INFO CTS-0500] Runtime: 173.64s
Took 173 seconds: clock_tree_synthesis -sink_clustering_enable -repair_clock_nets
estimate_parasitics -placement
Took 6 seconds: estimate_parasitics -placement
detailed_placement
[INFO DPL-0006] Core area: 1820896.45 um^2
[INFO DPL-0007] Movable instances area: 30372.98 um^2
[INFO DPL-0008] Fixed instances area within core: 1392003.71 um^2
[INFO DPL-0009] Utilization: 78.1%
[INFO DPL-0005] Diamond search max displacement: +/- 500 sites horizontally, +/- 100 rows vertically.
[INFO DPL-1102] Legalizing using negotiation legalizer.
[INFO DPL-1103] Negotiation base search window: +/-20 sites horizontally, +/-5 rows vertically 
	Automatic search window extension enabled.
	Search window extendable up to the max displacement cap of +/-500 sites, +/-100 rows near walls.
[INFO DPL-1104] NegotiationLegalizer DRC penalty: 5.
[INFO DPL-0392] Negotiation cell height distribution (2 unique row-count(s)):
[INFO DPL-0393]   height 1 row(s): 269025 cells
[INFO DPL-0393]   height 1092 row(s): 16 cells
          |      Total |  Illegal |  Illegal
Iteration | Violations |    Cells |    Sites
---------------------------------------------
        0 |        568 |       148 |       420
        1 |         86 |        14 |        72
        2 |         56 |         6 |        50
        3 |          6 |         2 |         4
        4 |          0 |         0 |         0
Negotiation phase 1 converged at iteration 4.
[INFO DPL-0500] Runtime: 7.68s
Placement Analysis
---------------------------------
total displacement      84352.5 u
average displacement        0.3 u
max displacement          231.1 u
original HPWL        11783841.6 u
legalized HPWL       11852913.7 u
delta HPWL                    1 %

Took 8 seconds: detailed_placement
estimate_parasitics -placement
Took 6 seconds: estimate_parasitics -placement
repair_timing -setup_margin 0 -hold_margin 10 -repair_tns 100 -verbose
[INFO RSZ-0100] Repair move sequence: UnbufferMove SizeUpMove SwapPinsMove BufferMove CloneMove SplitLoadMove 
[INFO RSZ-0094] Found 55341 endpoints with setup violations.
[INFO RSZ-0099] Repairing 55341 out of 55341 (100.00%) violating endpoints...
   Iter   | Removed | Resized | Inserted | Cloned |  Pin  |   Area   |    WNS   |   StTNS    |   EnTNS    |  Viol  |  Worst  
          | Buffers |  Gates  | Buffers  |  Gates | Swaps |          |          |            |            | Endpts | St/EnPt 
------------------------------------------------------------------------------------------------------------------------------
       0* |       0 |       0 |        0 |      0 |     0 |    +0.0% | -2712.054 | -8684858.0 | -13884983.0 |  55341 | u_tile/registered_parent.row\[0\].head\[0\].u_g/ib[160]
       1* |       0 |       0 |        0 |      0 |     0 |    +0.0% | -2712.054 | -8684858.0 | -13884983.0 |  55341 | u_tile/registered_parent.row\[0\].head\[0\].u_g/ib[160]
       2* |       0 |       0 |        0 |      0 |     0 |    +0.0% | -2712.054 | -8684858.0 | -13884983.0 |  55341 | u_tile/registered_parent.row\[0\].head\[0\].u_g/ib[160]
       3* |       0 |       0 |        0 |      0 |     0 |    +0.0% | -2712.054 | -8684858.0 | -13884983.0 |  55341 | u_tile/registered_parent.row\[0\].head\[0\].u_g/ib[160]
       4* |       0 |       0 |        0 |      0 |     0 |    +0.0% | -2712.054 | -8684858.0 | -13884983.0 |  55341 | u_tile/registered_parent.row\[0\].head\[0\].u_g/ib[160]
       5* |       0 |       0 |        0 |      0 |     0 |    +0.0% | -2712.054 | -8684858.0 | -13884983.0 |  55341 | u_tile/registered_parent.row\[0\].head\[0\].u_g/ib[160]
       6* |       0 |       0 |        0 |      0 |     0 |    +0.0% | -2712.054 | -8684858.0 | -13884983.0 |  55341 | u_tile/registered_parent.row\[0\].head\[0\].u_g/ib[160]
       7* |       0 |       0 |        0 |      0 |     0 |    +0.0% | -2712.054 | -8684858.0 | -13884983.0 |  55341 | u_tile/registered_parent.row\[0\].head\[0\].u_g/ib[160]
       8* |       0 |       0 |        0 |      0 |     0 |    +0.0% | -2712.054 | -8684858.0 | -13884983.0 |  55341 | u_tile/registered_parent.row\[0\].head\[0\].u_g/ib[160]
       9* |       0 |       0 |        0 |      0 |     0 |    +0.0% | -2712.054 | -8684858.0 | -13884983.0 |  55341 | u_tile/registered_parent.row\[0\].head\[0\].u_g/ib[160]
      10* |       0 |       0 |        0 |      0 |     0 |    +0.0% | -2712.054 | -8684858.0 | -13884983.0 |  55341 | u_tile/registered_parent.row\[0\].head\[0\].u_g/ib[160]
      10* |       0 |       0 |        0 |      0 |     0 |    +0.0% | -2712.054 | -8684858.0 | -13884983.0 |  55341 | u_tile/registered_parent.row\[0\].head\[0\].u_g/ib[160]
      11* |       0 |       0 |        0 |      0 |     0 |    +0.0% | -2712.054 | -8684858.0 | -13884983.0 |  55341 | u_tile/registered_parent.row\[0\].head\[0\].u_g/ib[160]
      12* |       0 |       0 |        0 |      0 |     0 |    +0.0% | -2712.054 | -8684858.0 | -13884983.0 |  55341 | u_tile/registered_parent.row\[0\].head\[0\].u_g/ib[160]
      13* |       0 |       0 |        0 |      0 |     0 |    +0.0% | -2712.054 | -8684858.0 | -13884983.0 |  55341 | u_tile/registered_parent.row\[0\].head\[0\].u_g/ib[160]
      20* |       0 |       5 |        1 |      0 |     0 |    +0.0% | -2712.054 | -8684834.0 | -13885137.0 |  55341 | u_tile/registered_parent.row\[0\].head\[0\].u_g/ib[160]
      30* |       2 |      10 |        6 |      0 |     0 |    +0.0% | -2712.054 | -8684770.0 | -13884827.0 |  55341 | u_tile/registered_parent.row\[0\].head\[0\].u_g/ib[160]
      40* |       7 |      10 |       11 |      0 |     0 |    +0.0% | -2712.054 | -8684770.0 | -13884827.0 |  55341 | u_tile/registered_parent.row\[0\].head\[0\].u_g/ib[160]
      50* |      12 |      10 |       16 |      0 |     0 |    +0.0% | -2712.054 | -8684770.0 | -13884827.0 |  55341 | u_tile/registered_parent.row\[0\].head\[0\].u_g/ib[160]
      60* |      17 |      10 |       21 |      0 |     0 |    +0.0% | -2712.054 | -8684770.0 | -13884827.0 |  55341 | u_tile/registered_parent.row\[0\].head\[0\].u_g/ib[160]
      70* |      22 |      10 |       26 |      0 |     0 |    +0.0% | -2712.054 | -8684770.0 | -13884827.0 |  55341 | u_tile/registered_parent.row\[0\].head\[0\].u_g/ib[160]
      79* |       1 |      10 |        6 |      0 |     0 |    +0.0% | -2712.054 | -8684761.0 | -13884819.0 |  55341 | u_tile/registered_parent.row\[0\].head\[0\].u_g/ib[160]
      80* |       1 |      10 |        6 |      0 |     0 |    +0.0% | -2712.054 | -8684761.0 | -13884819.0 |  55341 | u_tile/registered_parent.row\[0\].head\[0\].u_g/ib[160]
      90* |       1 |      20 |        6 |      0 |     0 |    +0.0% | -2712.054 | -8684126.0 | -13884185.0 |  55341 | u_tile/registered_parent.row\[0\].head\[0\].u_g/ib[160]
     100* |       1 |      30 |        6 |      0 |     0 |    +0.0% | -2712.054 | -8683977.0 | -13884037.0 |  55341 | u_tile/registered_parent.row\[0\].head\[0\].u_g/ib[160]
     105* |       1 |      33 |        6 |      0 |     0 |    +0.0% | -2712.054 | -8683972.0 | -13884031.0 |  55341 | u_tile/registered_parent.row\[0\].head\[0\].u_g/ib[160]
     110* |       1 |      37 |        6 |      0 |     0 |    +0.0% | -2712.054 | -8683595.0 | -13883655.0 |  55341 | u_tile/registered_parent.row\[0\].head\[0\].u_g/ib[160]
     120* |       1 |      47 |        6 |      0 |     0 |    +0.0% | -2712.054 | -8683270.0 | -13883330.0 |  55341 | u_tile/registered_parent.row\[0\].head\[0\].u_g/ib[160]
     130* |       1 |      57 |        6 |      0 |     0 |    +0.0% | -2712.054 | -8683190.0 | -13883249.0 |  55341 | u_tile/registered_parent.row\[0\].head\[0\].u_g/ib[160]
     131* |       1 |      56 |        6 |      0 |     0 |    +0.0% | -2712.054 | -8683186.0 | -13883247.0 |  55341 | u_tile/registered_parent.row\[0\].head\[0\].u_g/ib[160]
     140* |       1 |      64 |        6 |      0 |     0 |    +0.0% | -2712.054 | -8682615.0 | -13882674.0 |  55341 | u_tile/registered_parent.row\[0\].head\[0\].u_g/ib[160]
     150* |       1 |      74 |        6 |      0 |     0 |    +0.0% | -2712.054 | -8682449.0 | -13882508.0 |  55341 | u_tile/registered_parent.row\[0\].head\[0\].u_g/ib[160]
     157* |       1 |      79 |        6 |      0 |     0 |    +0.0% | -2712.054 | -8682426.0 | -13882484.0 |  55341 | u_tile/registered_parent.row\[0\].head\[0\].u_g/ib[160]
     160* |       1 |      81 |        6 |      0 |     0 |    +0.0% | -2712.054 | -8682242.0 | -13882299.0 |  55341 | u_tile/registered_parent.row\[0\].head\[0\].u_g/ib[160]
     170* |       1 |      91 |        6 |      0 |     0 |    +0.0% | -2712.054 | -8681856.0 | -13881912.0 |  55341 | u_tile/registered_parent.row\[0\].head\[0\].u_g/ib[160]
     180* |       1 |     101 |        6 |      0 |     0 |    +0.0% | -2712.054 | -8681735.0 | -13881791.0 |  55341 | u_tile/registered_parent.row\[0\].head\[0\].u_g/ib[160]
     182* |       1 |     100 |        6 |      0 |     0 |    +0.0% | -2712.054 | -8681733.0 | -13881788.0 |  55341 | u_tile/registered_parent.row\[0\].head\[0\].u_g/ib[160]
     190* |       1 |     107 |        6 |      0 |     0 |    +0.0% | -2712.054 | -8681203.0 | -13881258.0 |  55341 | u_tile/registered_parent.row\[0\].head\[0\].u_g/ib[160]
     200* |       1 |     117 |        6 |      0 |     0 |    +0.0% | -2712.054 | -8681011.0 | -13881065.0 |  55341 | u_tile/registered_parent.row\[0\].head\[0\].u_g/ib[160]
     208* |       1 |     123 |        6 |      0 |     0 |    +0.0% | -2712.054 | -8680980.0 | -13881033.0 |  55341 | u_tile/registered_parent.row\[0\].head\[0\].u_g/ib[160]
     210* |       1 |     124 |        6 |      0 |     0 |    +0.0% | -2712.054 | -8680863.0 | -13880917.0 |  55341 | u_tile/registered_parent.row\[0\].head\[0\].u_g/ib[160]
     220* |       1 |     134 |        6 |      0 |     0 |    +0.0% | -2712.054 | -8680325.0 | -13880378.0 |  55341 | u_tile/registered_parent.row\[0\].head\[0\].u_g/ib[160]
     230* |       1 |     144 |        6 |      0 |     0 |    +0.0% | -2712.054 | -8680236.0 | -13880289.0 |  55341 | u_tile/registered_parent.row\[0\].head\[0\].u_g/ib[160]
     232* |       1 |     144 |        6 |      0 |     0 |    +0.0% | -2712.054 | -8680236.0 | -13880289.0 |  55341 | u_tile/registered_parent.row\[0\].head\[0\].u_g/ib[160]
     240* |       2 |     150 |        6 |      0 |     0 |    +0.0% | -2712.054 | -8679688.0 | -13879740.0 |  55341 | u_tile/registered_parent.row\[0\].head\[0\].u_g/ib[160]
     250* |       2 |     160 |        6 |      0 |     0 |    +0.0% | -2712.054 | -8679559.0 | -13879611.0 |  55341 | u_tile/registered_parent.row\[0\].head\[0\].u_g/ib[160]
     256* |       2 |     164 |        6 |      0 |     0 |    +0.0% | -2712.054 | -8679544.0 | -13879597.0 |  55341 | u_tile/registered_parent.row\[0\].head\[0\].u_g/ib[160]
     260* |       2 |     167 |        6 |      0 |     0 |    +0.0% | -2712.054 | -8679239.0 | -13879291.0 |  55341 | u_tile/registered_parent.row\[0\].head\[0\].u_g/ib[160]
     270* |       2 |     177 |        6 |      0 |     0 |    +0.0% | -2712.054 | -8678897.0 | -13878951.0 |  55341 | u_tile/registered_parent.row\[0\].head\[0\].u_g/ib[160]
     280* |       2 |     187 |        6 |      0 |     0 |    +0.0% | -2712.054 | -8678806.0 | -13878860.0 |  55341 | u_tile/registered_parent.row\[0\].head\[0\].u_g/ib[160]
     282* |       2 |     187 |        6 |      0 |     0 |    +0.0% | -2712.054 | -8678806.0 | -13878860.0 |  55341 | u_tile/registered_parent.row\[0\].head\[0\].u_g/ib[160]
     290* |       2 |     194 |        6 |      0 |     0 |    +0.0% | -2712.054 | -8678368.0 | -13878420.0 |  55341 | u_tile/registered_parent.row\[0\].head\[0\].u_g/ib[160]
     300* |       2 |     204 |        6 |      0 |     0 |    +0.0% | -2712.054 | -8678193.0 | -13878246.0 |  55341 | u_tile/registered_parent.row\[0\].head\[0\].u_g/ib[160]
     305* |       2 |     206 |        6 |      0 |     0 |    +0.0% | -2712.054 | -8678177.0 | -13878230.0 |  55341 | u_tile/registered_parent.row\[0\].head\[0\].u_g/ib[160]
     310* |       3 |     209 |        6 |      0 |     0 |    +0.0% | -2712.054 | -8677727.0 | -13877780.0 |  55341 | u_tile/registered_parent.row\[0\].head\[0\].u_g/ib[160]
     320* |       3 |     219 |        6 |      0 |     0 |    +0.0% | -2712.054 | -8677540.0 | -13877593.0 |  55341 | u_tile/registered_parent.row\[0\].head\[0\].u_g/ib[160]
     329* |       3 |     226 |        6 |      0 |     0 |    +0.0% | -2712.054 | -8677489.0 | -13877542.0 |  55341 | u_tile/registered_parent.row\[0\].head\[0\].u_g/ib[160]
     330* |       3 |     226 |        6 |      0 |     0 |    +0.0% | -2712.054 | -8677489.0 | -13877542.0 |  55341 | u_tile/registered_parent.row\[0\].head\[0\].u_g/ib[160]
     340* |       3 |     236 |        6 |      0 |     0 |    +0.0% | -2712.054 | -8676854.0 | -13876907.0 |  55341 | u_tile/registered_parent.row\[0\].head\[0\].u_g/ib[160]
     350* |       3 |     246 |        6 |      0 |     0 |    +0.0% | -2712.054 | -8676754.0 | -13876808.0 |  55341 | u_tile/registered_parent.row\[0\].head\[0\].u_g/ib[160]
     353* |       3 |     247 |        6 |      0 |     0 |    +0.0% | -2712.054 | -8676750.0 | -13876805.0 |  55341 | u_tile/registered_parent.row\[0\].head\[0\].u_g/ib[160]
     360* |       3 |     253 |        6 |      0 |     0 |    +0.0% | -2712.054 | -8676316.0 | -13876370.0 |  55341 | u_tile/registered_parent.row\[0\].head\[0\].u_g/ib[160]
     370* |       3 |     263 |        6 |      0 |     0 |    +0.0% | -2712.054 | -8676152.0 | -13876207.0 |  55341 | u_tile/registered_parent.row\[0\].head\[0\].u_g/ib[160]
     376* |       4 |     268 |        6 |      0 |     0 |    +0.0% | -2712.054 | -8676119.0 | -13876174.0 |  55341 | u_tile/registered_parent.row\[0\].head\[0\].u_g/ib[160]
     380* |       4 |     271 |        6 |      0 |     0 |    +0.0% | -2712.054 | -8675814.0 | -13875869.0 |  55341 | u_tile/registered_parent.row\[0\].head\[0\].u_g/ib[160]
     390* |       4 |     281 |        6 |      0 |     0 |    +0.0% | -2712.054 | -8675448.0 | -13875503.0 |  55341 | u_tile/registered_parent.row\[0\].head\[0\].u_g/ib[160]
     400* |       4 |     291 |        6 |      0 |     0 |    +0.0% | -2712.054 | -8675394.0 | -13875448.0 |  55341 | u_tile/registered_parent.row\[0\].head\[0\].u_g/ib[160]
     400* |       4 |     289 |        6 |      0 |     0 |    +0.0% | -2712.054 | -8675386.0 | -13875440.0 |  55341 | u_tile/registered_parent.row\[0\].head\[0\].u_g/ib[160]
     410* |       4 |     298 |        6 |      0 |     0 |    +0.0% | -2712.054 | -8674895.0 | -13874950.0 |  55341 | u_tile/registered_parent.row\[0\].head\[0\].u_g/ib[160]
     420* |       4 |     308 |        6 |      0 |     0 |    +0.0% | -2712.054 | -8674761.0 | -13874816.0 |  55341 | u_tile/registered_parent.row\[0\].head\[0\].u_g/ib[160]
     423* |       4 |     308 |        6 |      0 |     0 |    +0.0% | -2712.054 | -8674761.0 | -13874816.0 |  55341 | u_tile/registered_parent.row\[0\].head\[0\].u_g/ib[160]
     430* |       4 |     314 |        6 |      0 |     0 |    +0.0% | -2712.054 | -8674331.0 | -13874388.0 |  55341 | u_tile/registered_parent.row\[0\].head\[0\].u_g/ib[160]
     440* |       6 |     322 |        6 |      0 |     0 |    +0.0% | -2712.054 | -8674235.0 | -13874294.0 |  55341 | u_tile/registered_parent.row\[0\].head\[0\].u_g/ib[160]
     448* |       5 |     322 |        6 |      0 |     0 |    +0.0% | -2712.054 | -8674191.0 | -13874250.0 |  55341 | u_tile/registered_parent.row\[0\].head\[0\].u_g/ib[160]
     450* |       5 |     323 |        6 |      0 |     0 |    +0.0% | -2712.054 | -8674038.0 | -13874096.0 |  55341 | u_tile/registered_parent.row\[0\].head\[0\].u_g/ib[160]
     460* |       5 |     333 |        6 |      0 |     0 |    +0.0% | -2712.054 | -8673680.0 | -13873737.0 |  55341 | u_tile/registered_parent.row\[0\].head\[0\].u_g/ib[160]
     470* |       7 |     341 |        6 |      0 |     0 |    +0.0% | -2712.054 | -8673649.0 | -13873707.0 |  55341 | u_tile/registered_parent.row\[0\].head\[0\].u_g/ib[160]
     473* |       6 |     336 |        6 |      0 |     0 |    +0.0% | -2712.054 | -8673625.0 | -13873683.0 |  55341 | u_tile/registered_parent.row\[0\].head\[0\].u_g/ib[160]
     480* |       6 |     342 |        6 |      0 |     0 |    +0.0% | -2712.054 | -8673591.0 | -13871659.0 |  55341 | u_tile/registered_parent.row\[0\].head\[0\].u_g/ib[160]
     483* |       6 |     343 |        8 |      0 |     0 |    +0.0% | -2712.054 | -8673587.0 | -13915018.0 |  55341 | u_tile/registered_parent.row\[0\].head\[0\].u_g/ib[160]
     490* |       6 |     349 |        8 |      0 |     0 |    +0.0% | -2712.054 | -8673176.0 | -13914605.0 |  55341 | u_tile/registered_parent.row\[0\].head\[0\].u_g/ib[160]
     500* |       6 |     359 |        8 |      0 |     0 |    +0.0% | -2712.054 | -8672971.0 | -13914400.0 |  55341 | u_tile/registered_parent.row\[0\].head\[0\].u_g/ib[160]
     508* |       6 |     365 |        8 |      0 |     0 |    +0.0% | -2712.054 | -8672936.0 | -13914364.0 |  55341 | u_tile/registered_parent.row\[0\].head\[0\].u_g/ib[160]
     510* |       6 |     366 |        8 |      0 |     0 |    +0.0% | -2712.054 | -8672820.0 | -13914249.0 |  55341 | u_tile/registered_parent.row\[0\].head\[0\].u_g/ib[160]
     520* |       6 |     376 |        8 |      0 |     0 |    +0.0% | -2712.054 | -8672294.0 | -13913721.0 |  55341 | u_tile/registered_parent.row\[0\].head\[0\].u_g/ib[160]
     530* |       6 |     386 |        8 |      0 |     0 |    +0.0% | -2712.054 | -8672208.0 | -13913635.0 |  55341 | u_tile/registered_parent.row\[0\].head\[0\].u_g/ib[160]
     532* |       6 |     386 |        8 |      0 |     0 |    +0.0% | -2712.054 | -8672208.0 | -13913635.0 |  55341 | u_tile/registered_parent.row\[0\].head\[0\].u_g/ib[160]
     540* |       6 |     393 |        8 |      0 |     0 |    +0.0% | -2712.054 | -8671652.0 | -13913077.0 |  55341 | u_tile/registered_parent.row\[0\].head\[0\].u_g/ib[160]
     550* |       6 |     403 |        8 |      0 |     0 |    +0.0% | -2712.054 | -8671497.0 | -13912921.0 |  55341 | u_tile/registered_parent.row\[0\].head\[0\].u_g/ib[160]
     556* |       6 |     407 |        8 |      0 |     0 |    +0.0% | -2712.054 | -8671483.0 | -13912906.0 |  55341 | u_tile/registered_parent.row\[0\].head\[0\].u_g/ib[160]
     560* |       6 |     410 |        8 |      0 |     0 |    +0.0% | -2712.054 | -8671204.0 | -13912628.0 |  55341 | u_tile/registered_parent.row\[0\].head\[0\].u_g/ib[160]
     570* |       6 |     420 |        8 |      0 |     0 |    +0.0% | -2712.054 | -8670924.0 | -13912346.0 |  55341 | u_tile/registered_parent.row\[0\].head\[0\].u_g/ib[160]
     580* |       6 |     430 |        8 |      0 |     0 |    +0.0% | -2712.054 | -8670842.0 | -13912264.0 |  55341 | u_tile/registered_parent.row\[0\].head\[0\].u_g/ib[160]
     581* |       6 |     429 |        8 |      0 |     0 |    +0.0% | -2712.054 | -8670839.0 | -13912260.0 |  55341 | u_tile/registered_parent.row\[0\].head\[0\].u_g/ib[160]
     590* |       6 |     437 |        8 |      0 |     0 |    +0.0% | -2712.054 | -8670246.0 | -13911666.0 |  55341 | u_tile/registered_parent.row\[0\].head\[0\].u_g/ib[160]
     600* |       6 |     447 |        8 |      0 |     0 |    +0.0% | -2712.054 | -8670126.0 | -13911545.0 |  55341 | u_tile/registered_parent.row\[0\].head\[0\].u_g/ib[160]
     605* |       6 |     450 |        8 |      0 |     0 |    +0.0% | -2712.054 | -8670120.0 | -13911539.0 |  55341 | u_tile/registered_parent.row\[0\].head\[0\].u_g/ib[160]
     610* |       6 |     454 |        8 |      0 |     0 |    +0.0% | -2712.054 | -8669740.0 | -13911159.0 |  55341 | u_tile/registered_parent.row\[0\].head\[0\].u_g/ib[160]
     620* |       6 |     464 |        8 |      0 |     0 |    +0.0% | -2712.054 | -8669582.0 | -13911001.0 |  55341 | u_tile/registered_parent.row\[0\].head\[0\].u_g/ib[160]
     630* |       8 |     472 |        8 |      0 |     0 |    +0.0% | -2712.054 | -8669584.0 | -13911003.0 |  55341 | u_tile/registered_parent.row\[0\].head\[0\].u_g/ib[160]
     630* |       7 |     464 |        8 |      0 |     0 |    +0.0% | -2712.054 | -8669560.0 | -13910979.0 |  55341 | u_tile/registered_parent.row\[0\].head\[0\].u_g/ib[160]
     640* |       7 |     473 |        8 |      0 |     0 |    +0.0% | -2712.054 | -8669078.0 | -13910498.0 |  55341 | u_tile/registered_parent.row\[0\].head\[0\].u_g/ib[160]
     650* |       7 |     483 |        8 |      0 |     0 |    +0.0% | -2712.054 | -8668954.0 | -13910373.0 |  55341 | u_tile/registered_parent.row\[0\].head\[0\].u_g/ib[160]
     653* |       7 |     483 |        8 |      0 |     0 |    +0.0% | -2712.054 | -8668954.0 | -13910373.0 |  55341 | u_tile/registered_parent.row\[0\].head\[0\].u_g/ib[160]
     660* |       7 |     489 |        8 |      0 |     0 |    +0.0% | -2712.054 | -8668525.0 | -13909945.0 |  55341 | u_tile/registered_parent.row\[0\].head\[0\].u_g/ib[160]
     670* |       7 |     499 |        8 |      0 |     0 |    +0.0% | -2712.054 | -8668398.0 | -13909817.0 |  55341 | u_tile/registered_parent.row\[0\].head\[0\].u_g/ib[160]
     675* |       7 |     502 |        8 |      0 |     0 |    +0.0% | -2712.054 | -8668392.0 | -13909811.0 |  55341 | u_tile/registered_parent.row\[0\].head\[0\].u_g/ib[160]
     680* |       7 |     506 |        8 |      0 |     0 |    +0.0% | -2712.054 | -8668010.0 | -13909429.0 |  55341 | u_tile/registered_parent.row\[0\].head\[0\].u_g/ib[160]
     690* |       7 |     516 |        8 |      0 |     0 |    +0.0% | -2712.054 | -8667865.0 | -13909284.0 |  55341 | u_tile/registered_parent.row\[0\].head\[0\].u_g/ib[160]
     700* |       9 |     524 |        8 |      0 |     0 |    +0.0% | -2712.054 | -8667861.0 | -13909280.0 |  55341 | u_tile/registered_parent.row\[0\].head\[0\].u_g/ib[160]
     700* |       8 |     516 |        8 |      0 |     0 |    +0.0% | -2712.054 | -8667841.0 | -13909261.0 |  55341 | u_tile/registered_parent.row\[0\].head\[0\].u_g/ib[160]
     710* |       8 |     525 |        8 |      0 |     0 |    +0.0% | -2712.054 | -8667366.0 | -13908787.0 |  55341 | u_tile/registered_parent.row\[0\].head\[0\].u_g/ib[160]
     720* |       9 |     534 |        8 |      0 |     0 |    +0.0% | -2712.054 | -8667255.0 | -13908675.0 |  55341 | u_tile/registered_parent.row\[0\].head\[0\].u_g/ib[160]
     724* |       9 |     536 |        8 |      0 |     0 |    +0.0% | -2712.054 | -8667254.0 | -13908672.0 |  55341 | u_tile/registered_parent.row\[0\].head\[0\].u_g/ib[160]
     730* |       9 |     541 |        8 |      0 |     0 |    +0.0% | -2712.054 | -8666844.0 | -13908266.0 |  55341 | u_tile/registered_parent.row\[0\].head\[0\].u_g/ib[160]
     740* |       9 |     551 |        8 |      0 |     0 |    +0.0% | -2712.054 | -8666655.0 | -13908077.0 |  55341 | u_tile/registered_parent.row\[0\].head\[0\].u_g/ib[160]
     747* |       9 |     556 |        8 |      0 |     0 |    +0.0% | -2712.054 | -8666635.0 | -13908055.0 |  55341 | u_tile/registered_parent.row\[0\].head\[0\].u_g/ib[160]
     750* |       9 |     558 |        8 |      0 |     0 |    +0.0% | -2712.054 | -8666390.0 | -13907809.0 |  55341 | u_tile/registered_parent.row\[0\].head\[0\].u_g/ib[160]
     760* |       9 |     568 |        8 |      0 |     0 |    +0.0% | -2712.054 | -8666146.0 | -13907565.0 |  55341 | u_tile/registered_parent.row\[0\].head\[0\].u_g/ib[160]
     770* |      11 |     576 |        8 |      0 |     0 |    +0.0% | -2712.054 | -8666104.0 | -13907525.0 |  55341 | u_tile/registered_parent.row\[0\].head\[0\].u_g/ib[160]
     771* |      11 |     575 |        8 |      0 |     0 |    +0.0% | -2712.054 | -8666100.0 | -13907520.0 |  55341 | u_tile/registered_parent.row\[0\].head\[0\].u_g/ib[160]
     776* |      11 |     579 |        8 |      0 |     0 |    +0.0% | -2712.054 | -8666077.0 | -13905768.0 |  55341 | u_tile/registered_parent.row\[0\].head\[0\].u_g/ib[160]
     780* |      11 |     582 |        8 |      0 |     0 |    +0.0% | -2712.054 | -8665753.0 | -13905442.0 |  55341 | u_tile/registered_parent.row\[0\].head\[0\].u_g/ib[160]
     790* |      11 |     592 |        8 |      0 |     0 |    +0.0% | -2712.054 | -8665578.0 | -13905267.0 |  55341 | u_tile/registered_parent.row\[0\].head\[0\].u_g/ib[160]
     800* |      13 |     600 |        8 |      0 |     0 |    +0.0% | -2712.054 | -8665558.0 | -13905247.0 |  55341 | u_tile/registered_parent.row\[0\].head\[0\].u_g/ib[160]
     800* |      13 |     598 |        8 |      0 |     0 |    +0.0% | -2712.054 | -8665551.0 | -13905241.0 |  55341 | u_tile/registered_parent.row\[0\].head\[0\].u_g/ib[160]
     810* |      13 |     607 |        8 |      0 |     0 |    +0.0% | -2712.054 | -8665098.0 | -13904789.0 |  55341 | u_tile/registered_parent.row\[0\].head\[0\].u_g/ib[160]
     820* |      15 |     615 |        8 |      0 |     0 |    +0.0% | -2712.054 | -8665036.0 | -13904726.0 |  55341 | u_tile/registered_parent.row\[0\].head\[0\].u_g/ib[160]
     824* |      14 |     611 |        8 |      0 |     0 |    +0.0% | -2712.054 | -8665029.0 | -13904721.0 |  55341 | u_tile/registered_parent.row\[0\].head\[0\].u_g/ib[160]
     830* |      14 |     616 |        8 |      0 |     0 |    +0.0% | -2712.054 | -8664660.0 | -13904351.0 |  55341 | u_tile/registered_parent.row\[0\].head\[0\].u_g/ib[160]
     840* |      16 |     624 |        8 |      0 |     0 |    +0.0% | -2712.054 | -8664538.0 | -13904229.0 |  55341 | u_tile/registered_parent.row\[0\].head\[0\].u_g/ib[160]
     848* |      15 |     624 |        8 |      0 |     0 |    +0.0% | -2712.054 | -8664507.0 | -13904199.0 |  55341 | u_tile/registered_parent.row\[0\].head\[0\].u_g/ib[160]
     850* |      16 |     624 |        8 |      0 |     0 |    +0.0% | -2712.054 | -8664487.0 | -13904180.0 |  55341 | u_tile/registered_parent.row\[0\].head\[0\].u_g/ib[160]
     856* |      16 |     630 |        8 |      0 |     0 |    +0.0% | -2712.054 | -8664465.0 | -13902934.0 |  55341 | u_tile/registered_parent.row\[0\].head\[0\].u_g/ib[160]
     860* |      16 |     633 |        8 |      0 |     0 |    +0.0% | -2712.054 | -8664139.0 | -13902610.0 |  55341 | u_tile/registered_parent.row\[0\].head\[0\].u_g/ib[160]
     870* |      16 |     643 |        8 |      0 |     0 |    +0.0% | -2712.054 | -8663967.0 | -13902438.0 |  55341 | u_tile/registered_parent.row\[0\].head\[0\].u_g/ib[160]
     880* |      18 |     651 |        8 |      0 |     0 |    +0.0% | -2712.054 | -8663943.0 | -13902413.0 |  55341 | u_tile/registered_parent.row\[0\].head\[0\].u_g/ib[160]
     880* |      18 |     649 |        8 |      0 |     0 |    +0.0% | -2712.054 | -8663936.0 | -13902407.0 |  55341 | u_tile/registered_parent.row\[0\].head\[0\].u_g/ib[160]
     890* |      18 |     658 |        8 |      0 |     0 |    +0.0% | -2712.054 | -8663485.0 | -13901958.0 |  55341 | u_tile/registered_parent.row\[0\].head\[0\].u_g/ib[160]
     900* |      20 |     666 |        8 |      0 |     0 |    +0.0% | -2712.054 | -8663428.0 | -13901901.0 |  55341 | u_tile/registered_parent.row\[0\].head\[0\].u_g/ib[160]
     904* |      19 |     662 |        8 |      0 |     0 |    +0.0% | -2712.054 | -8663417.0 | -13901890.0 |  55341 | u_tile/registered_parent.row\[0\].head\[0\].u_g/ib[160]
     910* |      19 |     667 |        8 |      0 |     0 |    +0.0% | -2712.054 | -8663055.0 | -13901529.0 |  55341 | u_tile/registered_parent.row\[0\].head\[0\].u_g/ib[160]
     920* |      21 |     675 |        8 |      0 |     0 |    +0.0% | -2712.054 | -8662981.0 | -13901453.0 |  55341 | u_tile/registered_parent.row\[0\].head\[0\].u_g/ib[160]
     928* |      20 |     675 |        8 |      0 |     0 |    +0.0% | -2712.054 | -8662913.0 | -13901387.0 |  55341 | u_tile/registered_parent.row\[0\].head\[0\].u_g/ib[160]
     930* |      20 |     676 |        8 |      0 |     0 |    +0.0% | -2712.054 | -8662755.0 | -13901227.0 |  55341 | u_tile/registered_parent.row\[0\].head\[0\].u_g/ib[160]
     940* |      20 |     686 |        8 |      0 |     0 |    +0.0% | -2712.054 | -8662450.0 | -13900922.0 |  55341 | u_tile/registered_parent.row\[0\].head\[0\].u_g/ib[160]
     950* |      21 |     695 |        8 |      0 |     0 |    +0.0% | -2712.054 | -8662386.0 | -13900856.0 |  55341 | u_tile/registered_parent.row\[0\].head\[0\].u_g/ib[160]
     952* |      21 |     693 |        8 |      0 |     0 |    +0.0% | -2712.054 | -8662379.0 | -13900849.0 |  55341 | u_tile/registered_parent.row\[0\].head\[0\].u_g/ib[160]
     957* |      21 |     697 |        8 |      0 |     0 |    +0.0% | -2712.054 | -8662360.0 | -13898567.0 |  55341 | u_tile/registered_parent.row\[0\].head\[0\].u_g/ib[160]
     960* |      21 |     699 |        8 |      0 |     0 |    +0.0% | -2712.054 | -8662119.0 | -13898323.0 |  55341 | u_tile/registered_parent.row\[0\].head\[0\].u_g/ib[160]
     970* |      21 |     709 |        8 |      0 |     0 |    +0.0% | -2712.054 | -8661886.0 | -13898091.0 |  55341 | u_tile/registered_parent.row\[0\].head\[0\].u_g/ib[160]
     980* |      23 |     717 |        8 |      0 |     0 |    +0.0% | -2712.054 | -8661871.0 | -13898076.0 |  55341 | u_tile/registered_parent.row\[0\].head\[0\].u_g/ib[160]
     981* |      22 |     710 |        8 |      0 |     0 |    +0.0% | -2712.054 | -8661855.0 | -13898060.0 |  55341 | u_tile/registered_parent.row\[0\].head\[0\].u_g/ib[160]
     990* |      22 |     718 |        8 |      0 |     0 |    +0.0% | -2712.054 | -8661407.0 | -13897610.0 |  55341 | u_tile/registered_parent.row\[0\].head\[0\].u_g/ib[160]
    1000* |      23 |     727 |        8 |      0 |     0 |    +0.0% | -2712.054 | -8661293.0 | -13897497.0 |  55341 | u_tile/registered_parent.row\[0\].head\[0\].u_g/ib[160]
    1005* |      23 |     728 |        8 |      0 |     0 |    +0.0% | -2712.054 | -8661291.0 | -13897494.0 |  55341 | u_tile/registered_parent.row\[0\].head\[0\].u_g/ib[160]
    1010* |      23 |     732 |        8 |      0 |     0 |    +0.0% | -2712.054 | -8660916.0 | -13897116.0 |  55341 | u_tile/registered_parent.row\[0\].head\[0\].u_g/ib[160]
    1020* |      23 |     742 |        8 |      0 |     0 |    +0.0% | -2712.054 | -8660609.0 | -13896810.0 |  55341 | u_tile/registered_parent.row\[0\].head\[0\].u_g/ib[160]
    1030* |      23 |     752 |        8 |      0 |     0 |    +0.0% | -2712.054 | -8660521.0 | -13896722.0 |  55341 | u_tile/registered_parent.row\[0\].head\[0\].u_g/ib[160]
    1031* |      23 |     751 |        8 |      0 |     0 |    +0.0% | -2712.054 | -8660518.0 | -13896718.0 |  55341 | u_tile/registered_parent.row\[0\].head\[0\].u_g/ib[160]
    1040* |      23 |     759 |        8 |      0 |     0 |    +0.0% | -2712.054 | -8660070.0 | -13896271.0 |  55341 | u_tile/registered_parent.row\[0\].head\[0\].u_g/ib[160]
    1050* |      25 |     767 |        8 |      0 |     0 |    +0.0% | -2712.054 | -8660012.0 | -13896213.0 |  55341 | u_tile/registered_parent.row\[0\].head\[0\].u_g/ib[160]
    1055* |      24 |     764 |        8 |      0 |     0 |    +0.0% | -2712.054 | -8659996.0 | -13896196.0 |  55341 | u_tile/registered_parent.row\[0\].head\[0\].u_g/ib[160]
    1060* |      24 |     768 |        8 |      0 |     0 |    +0.0% | -2712.054 | -8659634.0 | -13895835.0 |  55341 | u_tile/registered_parent.row\[0\].head\[0\].u_g/ib[160]
    1070* |      25 |     777 |        8 |      0 |     0 |    +0.0% | -2712.054 | -8659506.0 | -13895707.0 |  55341 | u_tile/registered_parent.row\[0\].head\[0\].u_g/ib[160]
    1079* |      25 |     777 |        8 |      0 |     0 |    +0.0% | -2712.054 | -8659506.0 | -13895707.0 |  55341 | u_tile/registered_parent.row\[0\].head\[0\].u_g/ib[160]
    1080* |      25 |     777 |        8 |      0 |     0 |    +0.0% | -2712.054 | -8659506.0 | -13895707.0 |  55341 | u_tile/registered_parent.row\[0\].head\[0\].u_g/ib[160]
    1090* |      25 |     787 |        8 |      0 |     0 |    +0.0% | -2712.054 | -8659048.0 | -13895249.0 |  55341 | u_tile/registered_parent.row\[0\].head\[0\].u_g/ib[160]
    1100* |      27 |     795 |        8 |      0 |     0 |    +0.0% | -2712.054 | -8659041.0 | -13895242.0 |  55341 | u_tile/registered_parent.row\[0\].head\[0\].u_g/ib[160]
    1100* |      26 |     790 |        8 |      0 |     0 |    +0.0% | -2712.054 | -8659008.0 | -13895208.0 |  55341 | u_tile/registered_parent.row\[0\].head\[0\].u_g/ib[160]
    1110* |      26 |     799 |        8 |      0 |     0 |    +0.0% | -2712.054 | -8658570.0 | -13894772.0 |  55341 | u_tile/registered_parent.row\[0\].head\[0\].u_g/ib[160]
    1120* |      28 |     807 |        8 |      0 |     0 |    +0.0% | -2712.054 | -8658517.0 | -13894718.0 |  55341 | u_tile/registered_parent.row\[0\].head\[0\].u_g/ib[160]
    1124* |      27 |     803 |        8 |      0 |     0 |    +0.0% | -2712.054 | -8658504.0 | -13894705.0 |  55341 | u_tile/registered_parent.row\[0\].head\[0\].u_g/ib[160]
    1127* |      27 |     804 |        9 |      0 |     0 |    +0.0% | -2712.054 | -8658504.0 | -13919444.0 |  55341 | u_tile/registered_parent.row\[0\].head\[0\].u_g/ib[160]
    1130* |      27 |     806 |        9 |      0 |     0 |    +0.0% | -2712.054 | -8658259.0 | -13919198.0 |  55341 | u_tile/registered_parent.row\[0\].head\[0\].u_g/ib[160]
    1140* |      27 |     816 |        9 |      0 |     0 |    +0.0% | -2712.054 | -8658031.0 | -13918972.0 |  55341 | u_tile/registered_parent.row\[0\].head\[0\].u_g/ib[160]
    1150* |      29 |     824 |        9 |      0 |     0 |    +0.0% | -2712.054 | -8657984.0 | -13918924.0 |  55341 | u_tile/registered_parent.row\[0\].head\[0\].u_g/ib[160]
    1151* |      29 |     823 |        9 |      0 |     0 |    +0.0% | -2712.054 | -8657979.0 | -13918920.0 |  55341 | u_tile/registered_parent.row\[0\].head\[0\].u_g/ib[160]
    1160* |      29 |     831 |        9 |      0 |     0 |    +0.0% | -2712.054 | -8657431.0 | -13918371.0 |  55341 | u_tile/registered_parent.row\[0\].head\[0\].u_g/ib[160]
    1170* |      29 |     841 |        9 |      0 |     0 |    +0.0% | -2712.054 | -8657333.0 | -13918273.0 |  55341 | u_tile/registered_parent.row\[0\].head\[0\].u_g/ib[160]
    1174* |      29 |     843 |        9 |      0 |     0 |    +0.0% | -2712.054 | -8657331.0 | -13918271.0 |  55341 | u_tile/registered_parent.row\[0\].head\[0\].u_g/ib[160]
    1180* |      29 |     848 |        9 |      0 |     0 |    +0.0% | -2712.054 | -8656847.0 | -13917787.0 |  55341 | u_tile/registered_parent.row\[0\].head\[0\].u_g/ib[160]
    1190* |      29 |     858 |        9 |      0 |     0 |    +0.0% | -2712.054 | -8656631.0 | -13917572.0 |  55341 | u_tile/registered_parent.row\[0\].head\[0\].u_g/ib[160]
    1200* |      29 |     868 |        9 |      0 |     0 |    +0.0% | -2712.054 | -8656571.0 | -13917511.0 |  55341 | u_tile/registered_parent.row\[0\].head\[0\].u_g/ib[160]
    1200* |      29 |     866 |        9 |      0 |     0 |    +0.0% | -2712.054 | -8656563.0 | -13917505.0 |  55341 | u_tile/registered_parent.row\[0\].head\[0\].u_g/ib[160]
    1200* |      29 |     866 |        9 |      0 |     0 |    +0.0% | -2712.054 | -8656563.0 | -13917505.0 |  55341 | u_tile/registered_parent.row\[0\].head\[0\].u_g/ib[160]
    1200+ |      29 |     866 |        9 |      0 |     0 |    +0.0% | -2712.054 | -8656563.0 | -13917505.0 |  55622 | u_tile/registered_parent.row\[0\].head\[0\].u_g/ib[160]
    1201+ |      29 |     866 |        9 |      0 |     0 |    +0.0% | -2712.054 | -8656563.0 | -13917505.0 |  55622 | u_tile/registered_parent.row\[0\].head\[0\].u_g/ib[160]
    1202+ |      29 |     866 |        9 |      0 |     0 |    +0.0% | -2712.054 | -8656563.0 | -13917505.0 |  55622 | u_tile/registered_parent.row\[0\].head\[0\].u_g/ib[160]
    1203+ |      29 |     866 |        9 |      0 |     0 |    +0.0% | -2712.054 | -8656563.0 | -13917505.0 |  55622 | u_tile/registered_parent.row\[0\].head\[0\].u_g/ib[160]
    1204+ |      29 |     866 |        9 |      0 |     0 |    +0.0% | -2712.054 | -8656563.0 | -13917505.0 |  55622 | u_tile/registered_parent.row\[0\].head\[0\].u_g/ib[160]
    1205+ |      29 |     866 |        9 |      0 |     0 |    +0.0% | -2712.054 | -8656563.0 | -13917505.0 |  55622 | u_tile/registered_parent.row\[0\].head\[0\].u_g/ib[160]
    1206+ |      29 |     866 |        9 |      0 |     0 |    +0.0% | -2712.054 | -8656563.0 | -13917505.0 |  55622 | u_tile/registered_parent.row\[0\].head\[0\].u_g/ib[160]
    1207+ |      29 |     866 |        9 |      0 |     0 |    +0.0% | -2712.054 | -8656563.0 | -13917505.0 |  55622 | u_tile/registered_parent.row\[0\].head\[0\].u_g/ib[160]
    1208+ |      29 |     866 |        9 |      0 |     0 |    +0.0% | -2712.054 | -8656563.0 | -13917505.0 |  55622 | u_tile/registered_parent.row\[0\].head\[0\].u_g/ib[160]
    1209+ |      29 |     866 |        9 |      0 |     0 |    +0.0% | -2712.054 | -8656563.0 | -13917505.0 |  55622 | u_tile/registered_parent.row\[0\].head\[0\].u_g/ib[160]
    1210+ |      29 |     866 |        9 |      0 |     0 |    +0.0% | -2712.054 | -8656563.0 | -13917505.0 |  55622 | u_tile/registered_parent.row\[0\].head\[0\].u_g/ib[160]
    1210+ |      29 |     866 |        9 |      0 |     0 |    +0.0% | -2712.054 | -8656563.0 | -13917505.0 |  55622 | u_tile/registered_parent.row\[0\].head\[0\].u_g/ib[160]
    1211+ |      29 |     866 |        9 |      0 |     0 |    +0.0% | -2712.054 | -8656563.0 | -13917505.0 |  55622 | u_tile/registered_parent.row\[0\].head\[0\].u_g/ib[160]
    1212+ |      29 |     866 |        9 |      0 |     0 |    +0.0% | -2712.054 | -8656563.0 | -13917505.0 |  55622 | u_tile/registered_parent.row\[0\].head\[0\].u_g/ib[160]
    1213+ |      29 |     866 |        9 |      0 |     0 |    +0.0% | -2712.054 | -8656563.0 | -13917505.0 |  55622 | u_tile/registered_parent.row\[0\].head\[0\].u_g/ib[160]
    1216+ |      29 |     868 |        9 |      0 |     0 |    +0.0% | -2712.054 | -8656556.0 | -13916146.0 |  55622 | u_tile/registered_parent.row\[0\].head\[0\].u_g/ib[160]
    1217+ |      29 |     868 |        9 |      0 |     0 |    +0.0% | -2712.054 | -8656556.0 | -13916146.0 |  55622 | u_tile/registered_parent.row\[0\].head\[0\].u_g/ib[160]
    1218+ |      29 |     868 |        9 |      0 |     0 |    +0.0% | -2712.054 | -8656556.0 | -13916146.0 |  55622 | u_tile/registered_parent.row\[0\].head\[0\].u_g/ib[160]
    1219+ |      29 |     868 |        9 |      0 |     0 |    +0.0% | -2712.054 | -8656556.0 | -13916146.0 |  55622 | u_tile/registered_parent.row\[0\].head\[0\].u_g/ib[160]
    1220+ |      29 |     868 |        9 |      0 |     0 |    +0.0% | -2712.054 | -8656556.0 | -13916146.0 |  55622 | u_tile/registered_parent.row\[0\].head\[0\].u_g/ib[160]
    1220+ |      29 |     868 |        9 |      0 |     0 |    +0.0% | -2712.054 | -8656556.0 | -13916146.0 |  55622 | u_tile/registered_parent.row\[0\].head\[0\].u_g/ib[160]
    1221+ |      29 |     868 |        9 |      0 |     0 |    +0.0% | -2712.054 | -8656556.0 | -13916146.0 |  55622 | u_tile/registered_parent.row\[0\].head\[0\].u_g/ib[160]
    1230+ |      29 |     876 |        9 |      0 |     0 |    +0.0% | -2712.054 | -8656119.0 | -13915708.0 |  55622 | u_tile/registered_parent.row\[0\].head\[0\].u_g/ib[160]
    1231+ |      29 |     878 |        9 |      0 |     0 |    +0.0% | -2712.054 | -8656098.0 | -13915686.0 |  55622 | u_tile/registered_parent.row\[0\].head\[0\].u_g/ib[160]
    1240+ |      29 |     886 |        9 |      0 |     0 |    +0.0% | -2712.054 | -8655667.0 | -13915256.0 |  55622 | u_tile/registered_parent.row\[0\].head\[0\].u_g/ib[160]
    1241+ |      29 |     888 |        9 |      0 |     0 |    +0.0% | -2712.054 | -8655645.0 | -13915233.0 |  55622 | u_tile/registered_parent.row\[0\].head\[0\].u_g/ib[160]
    1250+ |      29 |     896 |        9 |      0 |     0 |    +0.0% | -2712.054 | -8655214.0 | -13914802.0 |  55622 | u_tile/registered_parent.row\[0\].head\[0\].u_g/ib[160]
    1251+ |      29 |     898 |        9 |      0 |     0 |    +0.0% | -2712.054 | -8655190.0 | -13914780.0 |  55622 | u_tile/registered_parent.row\[0\].head\[0\].u_g/ib[160]
    1260+ |      29 |     906 |        9 |      0 |     0 |    +0.0% | -2712.054 | -8654752.0 | -13914343.0 |  55622 | u_tile/registered_parent.row\[0\].head\[0\].u_g/ib[160]
    1261+ |      29 |     908 |        9 |      0 |     0 |    +0.0% | -2712.054 | -8654730.0 | -13914320.0 |  55622 | u_tile/registered_parent.row\[0\].head\[0\].u_g/ib[160]
    1270+ |      29 |     916 |        9 |      0 |     0 |    +0.0% | -2712.054 | -8654293.0 | -13913886.0 |  55622 | u_tile/registered_parent.row\[0\].head\[0\].u_g/ib[160]
    1271+ |      29 |     918 |        9 |      0 |     0 |    +0.0% | -2712.054 | -8654270.0 | -13913862.0 |  55622 | u_tile/registered_parent.row\[0\].head\[0\].u_g/ib[160]
    1280+ |      29 |     926 |        9 |      0 |     0 |    +0.0% | -2712.054 | -8653826.0 | -13913420.0 |  55622 | u_tile/registered_parent.row\[0\].head\[0\].u_g/ib[160]
    1281+ |      29 |     928 |        9 |      0 |     0 |    +0.0% | -2712.054 | -8653802.0 | -13913396.0 |  55622 | u_tile/registered_parent.row\[0\].head\[0\].u_g/ib[160]
    1290+ |      29 |     936 |        9 |      0 |     0 |    +0.0% | -2712.054 | -8653367.0 | -13912962.0 |  55622 | u_tile/registered_parent.row\[0\].head\[0\].u_g/ib[160]
    1291+ |      29 |     938 |        9 |      0 |     0 |    +0.0% | -2712.054 | -8653344.0 | -13912939.0 |  55622 | u_tile/registered_parent.row\[0\].head\[0\].u_g/ib[160]
    1300+ |      29 |     946 |        9 |      0 |     0 |    +0.0% | -2712.054 | -8652913.0 | -13912510.0 |  55622 | u_tile/registered_parent.row\[0\].head\[0\].u_g/ib[160]
    1301+ |      29 |     946 |        9 |      0 |     0 |    +0.0% | -2712.054 | -8652913.0 | -13912510.0 |  55622 | u_tile/registered_parent.row\[0\].head\[0\].u_g/ib[160]
    1310+ |      29 |     954 |        9 |      0 |     0 |    +0.0% | -2712.054 | -8652476.0 | -13912074.0 |  55622 | u_tile/registered_parent.row\[0\].head\[0\].u_g/ib[160]
    1311+ |      29 |     956 |        9 |      0 |     0 |    +0.0% | -2712.054 | -8652454.0 | -13912052.0 |  55622 | u_tile/registered_parent.row\[0\].head\[0\].u_g/ib[160]
    1320+ |      29 |     964 |        9 |      0 |     0 |    +0.0% | -2712.054 | -8652025.0 | -13911622.0 |  55622 | u_tile/registered_parent.row\[0\].head\[0\].u_g/ib[160]
    1321+ |      29 |     966 |        9 |      0 |     0 |    +0.0% | -2712.054 | -8652001.0 | -13911599.0 |  55622 | u_tile/registered_parent.row\[0\].head\[0\].u_g/ib[160]
    1330+ |      29 |     974 |        9 |      0 |     0 |    +0.0% | -2712.054 | -8651572.0 | -13911168.0 |  55622 | u_tile/registered_parent.row\[0\].head\[0\].u_g/ib[160]
    1331+ |      29 |     976 |        9 |      0 |     0 |    +0.0% | -2712.054 | -8651548.0 | -13911145.0 |  55622 | u_tile/registered_parent.row\[0\].head\[0\].u_g/ib[160]
    1340+ |      29 |     984 |        9 |      0 |     0 |    +0.0% | -2712.054 | -8651119.0 | -13910714.0 |  55622 | u_tile/registered_parent.row\[0\].head\[0\].u_g/ib[160]
    1341+ |      29 |     986 |        9 |      0 |     0 |    +0.0% | -2712.054 | -8651097.0 | -13910692.0 |  55622 | u_tile/registered_parent.row\[0\].head\[0\].u_g/ib[160]
    1350+ |      29 |     994 |        9 |      0 |     0 |    +0.0% | -2712.054 | -8650661.0 | -13910254.0 |  55622 | u_tile/registered_parent.row\[0\].head\[0\].u_g/ib[160]
    1351+ |      29 |     996 |        9 |      0 |     0 |    +0.0% | -2712.054 | -8650637.0 | -13910230.0 |  55622 | u_tile/registered_parent.row\[0\].head\[0\].u_g/ib[160]
    1360+ |      29 |    1004 |        9 |      0 |     0 |    +0.0% | -2712.054 | -8650217.0 | -13909809.0 |  55622 | u_tile/registered_parent.row\[0\].head\[0\].u_g/ib[160]
    1361+ |      29 |    1006 |        9 |      0 |     0 |    +0.0% | -2712.054 | -8650195.0 | -13909787.0 |  55622 | u_tile/registered_parent.row\[0\].head\[0\].u_g/ib[160]
    1370+ |      29 |    1014 |        9 |      0 |     0 |    +0.0% | -2712.054 | -8649768.0 | -13909358.0 |  55622 | u_tile/registered_parent.row\[0\].head\[0\].u_g/ib[160]
    1371+ |      29 |    1016 |        9 |      0 |     0 |    +0.0% | -2712.054 | -8649744.0 | -13909335.0 |  55622 | u_tile/registered_parent.row\[0\].head\[0\].u_g/ib[160]
    1380+ |      29 |    1024 |        9 |      0 |     0 |    +0.0% | -2712.054 | -8649316.0 | -13908907.0 |  55622 | u_tile/registered_parent.row\[0\].head\[0\].u_g/ib[160]
    1381+ |      29 |    1026 |        9 |      0 |     0 |    +0.0% | -2712.054 | -8649295.0 | -13908884.0 |  55622 | u_tile/registered_parent.row\[0\].head\[0\].u_g/ib[160]
    1390+ |      29 |    1034 |        9 |      0 |     0 |    +0.0% | -2712.054 | -8648869.0 | -13908457.0 |  55622 | u_tile/registered_parent.row\[0\].head\[0\].u_g/ib[160]
    1391+ |      29 |    1036 |        9 |      0 |     0 |    +0.0% | -2712.054 | -8648847.0 | -13908435.0 |  55622 | u_tile/registered_parent.row\[0\].head\[0\].u_g/ib[160]
    1400+ |      29 |    1044 |        9 |      0 |     0 |    +0.0% | -2712.054 | -8648420.0 | -13908007.0 |  55622 | u_tile/registered_parent.row\[0\].head\[0\].u_g/ib[160]
    final |      29 |    1044 |        9 |      0 |     0 |    +0.0% | -2712.054 | -8648420.0 | -13908007.0 |  55621 | u_tile/registered_parent.row\[0\].head\[0\].u_g/ib[160]
------------------------------------------------------------------------------------------------------------------------------
[INFO RSZ-0059] Removed 29 buffers.
[INFO RSZ-0040] Inserted 9 buffers.
[INFO RSZ-0051] Resized 1044 instances: 1043 up, 1 up match, 0 down, 0 VT
[WARNING RSZ-0062] Unable to repair all setup violations.
[INFO RSZ-0505] Runtime: 89.93s
[INFO RSZ-0046] Found 2657 endpoints with hold violations.
Iteration | Resized | Buffers | Cloned Gates |   Area   |   WNS   |   TNS   | Endpoint
--------------------------------------------------------------------------------------
        0 |       0 |       0 |            0 |    +0.0% | -1460.852 | -1367581.250 | producer[665]$_DFF_PN0_/RESETN
       10 |       1 |      45 |            0 |    +0.0% | -1209.504 | -244801.094 | producer[665]$_DFF_PN0_/RESETN
       20 |       3 |      92 |            0 |    +0.0% | -986.169 | -11155.304 | producer[665]$_DFF_PN0_/RESETN
       30 |       3 |     108 |            0 |    +0.0% | -760.010 | -10923.237 | producer[665]$_DFF_PN0_/RESETN
       40 |       3 |     118 |            0 |    +0.0% | -536.941 | -10810.797 | producer[665]$_DFF_PN0_/RESETN
       50 |       3 |     128 |            0 |    +0.0% | -313.871 | -10698.355 | producer[665]$_DFF_PN0_/RESETN
       60 |       3 |     138 |            0 |    +0.0% | -182.329 | -10585.914 | producer[665]$_DFF_PN0_/RESETN
       70 |       3 |     148 |            0 |    +0.0% | -108.367 | -10473.473 | producer[964]$_DFF_PN0_/D
       80 |       3 |     156 |            0 |    +0.0% | -108.367 | -10403.586 | producer[964]$_DFF_PN0_/D
       90 |       3 |     156 |            0 |    +0.0% | -108.367 | -10403.586 | producer[964]$_DFF_PN0_/D
      100 |       3 |     156 |            0 |    +0.0% | -108.367 | -10403.586 | producer[964]$_DFF_PN0_/D
      110 |       3 |     156 |            0 |    +0.0% | -108.367 | -10403.586 | producer[964]$_DFF_PN0_/D
      120 |       3 |     156 |            0 |    +0.0% | -108.367 | -10403.586 | producer[964]$_DFF_PN0_/D
      130 |       3 |     156 |            0 |    +0.0% | -108.367 | -10403.586 | producer[964]$_DFF_PN0_/D
      140 |       3 |     156 |            0 |    +0.0% | -108.367 | -10403.586 | producer[964]$_DFF_PN0_/D
      150 |       3 |     156 |            0 |    +0.0% | -108.367 | -10403.586 | producer[964]$_DFF_PN0_/D
      160 |       3 |     156 |            0 |    +0.0% | -108.367 | -10403.586 | producer[964]$_DFF_PN0_/D
      170 |       3 |     156 |            0 |    +0.0% | -108.367 | -10403.586 | producer[964]$_DFF_PN0_/D
      180 |       3 |     156 |            0 |    +0.0% | -108.367 | -10403.586 | producer[964]$_DFF_PN0_/D
      190 |       3 |     156 |            0 |    +0.0% | -108.367 | -10403.586 | producer[964]$_DFF_PN0_/D
      200 |       3 |     156 |            0 |    +0.0% | -108.367 | -10403.586 | producer[964]$_DFF_PN0_/D
      210 |       3 |     156 |            0 |    +0.0% | -108.367 | -10403.586 | producer[964]$_DFF_PN0_/D
      220 |       3 |     156 |            0 |    +0.0% | -108.367 | -10403.586 | producer[964]$_DFF_PN0_/D
      230 |       3 |     156 |            0 |    +0.0% | -108.367 | -10403.586 | producer[964]$_DFF_PN0_/D
      240 |       3 |     156 |            0 |    +0.0% | -108.367 | -10403.586 | producer[964]$_DFF_PN0_/D
      250 |       3 |     156 |            0 |    +0.0% | -108.367 | -10403.586 | producer[964]$_DFF_PN0_/D
      260 |       3 |     156 |            0 |    +0.0% | -108.367 | -10403.586 | producer[964]$_DFF_PN0_/D
      270 |       3 |     156 |            0 |    +0.0% | -108.367 | -10403.586 | producer[964]$_DFF_PN0_/D
      280 |       3 |     156 |            0 |    +0.0% | -108.367 | -10403.586 | producer[964]$_DFF_PN0_/D
      290 |       3 |     156 |            0 |    +0.0% | -108.367 | -10403.586 | producer[964]$_DFF_PN0_/D
      300 |       3 |     156 |            0 |    +0.0% | -108.367 | -10403.586 | producer[964]$_DFF_PN0_/D
      310 |       3 |     156 |            0 |    +0.0% | -108.367 | -10403.586 | producer[964]$_DFF_PN0_/D
      320 |       3 |     156 |            0 |    +0.0% | -108.367 | -10403.586 | producer[964]$_DFF_PN0_/D
      330 |       3 |     156 |            0 |    +0.0% | -108.367 | -10403.586 | producer[964]$_DFF_PN0_/D
      340 |       3 |     156 |            0 |    +0.0% | -108.367 | -10403.586 | producer[964]$_DFF_PN0_/D
      350 |       3 |     156 |            0 |    +0.0% | -108.367 | -10403.586 | producer[964]$_DFF_PN0_/D
      360 |       3 |     156 |            0 |    +0.0% | -108.367 | -10403.586 | producer[964]$_DFF_PN0_/D
      370 |       3 |     156 |            0 |    +0.0% | -108.367 | -10403.586 | producer[964]$_DFF_PN0_/D
      380 |       3 |     156 |            0 |    +0.0% | -108.367 | -10403.586 | producer[964]$_DFF_PN0_/D
      390 |       3 |     156 |            0 |    +0.0% | -108.367 | -10403.586 | producer[964]$_DFF_PN0_/D
      400 |       3 |     156 |            0 |    +0.0% | -108.367 | -10403.586 | producer[964]$_DFF_PN0_/D
      410 |       3 |     156 |            0 |    +0.0% | -108.367 | -10403.586 | producer[964]$_DFF_PN0_/D
      420 |       3 |     156 |            0 |    +0.0% | -108.367 | -10403.586 | producer[964]$_DFF_PN0_/D
      430 |       3 |     156 |            0 |    +0.0% | -108.367 | -10403.586 | producer[964]$_DFF_PN0_/D
      440 |       3 |     156 |            0 |    +0.0% | -108.367 | -10403.586 | producer[964]$_DFF_PN0_/D
      450 |       3 |     156 |            0 |    +0.0% | -108.367 | -10403.586 | producer[964]$_DFF_PN0_/D
      460 |       3 |     156 |            0 |    +0.0% | -108.367 | -10403.586 | producer[964]$_DFF_PN0_/D
      470 |       3 |     156 |            0 |    +0.0% | -108.367 | -10403.586 | producer[964]$_DFF_PN0_/D
      480 |       3 |     156 |            0 |    +0.0% | -108.367 | -10403.586 | producer[964]$_DFF_PN0_/D
      490 |       3 |     156 |            0 |    +0.0% | -108.367 | -10403.586 | producer[964]$_DFF_PN0_/D
      500 |       3 |     156 |            0 |    +0.0% | -108.367 | -10403.586 | producer[964]$_DFF_PN0_/D
      510 |       3 |     156 |            0 |    +0.0% | -108.367 | -10403.586 | producer[964]$_DFF_PN0_/D
      520 |       3 |     156 |            0 |    +0.0% | -108.367 | -10403.586 | producer[964]$_DFF_PN0_/D
      530 |       3 |     156 |            0 |    +0.0% | -108.367 | -10403.586 | producer[964]$_DFF_PN0_/D
      540 |       3 |     156 |            0 |    +0.0% | -108.367 | -10403.586 | producer[964]$_DFF_PN0_/D
      550 |       3 |     156 |            0 |    +0.0% | -108.367 | -10403.586 | producer[964]$_DFF_PN0_/D
      560 |       3 |     156 |            0 |    +0.0% | -108.367 | -10403.586 | producer[964]$_DFF_PN0_/D
      570 |       3 |     156 |            0 |    +0.0% | -108.367 | -10403.586 | producer[964]$_DFF_PN0_/D
      580 |       3 |     156 |            0 |    +0.0% | -108.367 | -10403.586 | producer[964]$_DFF_PN0_/D
      590 |       3 |     156 |            0 |    +0.0% | -108.367 | -10403.586 | producer[964]$_DFF_PN0_/D
      600 |       3 |     156 |            0 |    +0.0% | -108.367 | -10403.586 | producer[964]$_DFF_PN0_/D
      610 |       3 |     156 |            0 |    +0.0% | -108.367 | -10403.586 | producer[964]$_DFF_PN0_/D
      620 |       3 |     156 |            0 |    +0.0% | -108.367 | -10403.586 | producer[964]$_DFF_PN0_/D
      630 |       3 |     156 |            0 |    +0.0% | -108.367 | -10403.586 | producer[964]$_DFF_PN0_/D
      640 |       3 |     156 |            0 |    +0.0% | -108.367 | -10403.586 | producer[964]$_DFF_PN0_/D
      650 |       3 |     156 |            0 |    +0.0% | -108.367 | -10403.586 | producer[964]$_DFF_PN0_/D
      660 |       3 |     156 |            0 |    +0.0% | -108.367 | -10403.586 | producer[964]$_DFF_PN0_/D
      670 |       3 |     156 |            0 |    +0.0% | -108.367 | -10403.586 | producer[964]$_DFF_PN0_/D
      680 |       3 |     156 |            0 |    +0.0% | -108.367 | -10403.586 | producer[964]$_DFF_PN0_/D
      690 |       3 |     156 |            0 |    +0.0% | -108.367 | -10403.586 | producer[964]$_DFF_PN0_/D
      700 |       3 |     156 |            0 |    +0.0% | -108.367 | -10403.586 | producer[964]$_DFF_PN0_/D
      710 |       3 |     156 |            0 |    +0.0% | -108.367 | -10403.586 | producer[964]$_DFF_PN0_/D
      720 |       3 |     156 |            0 |    +0.0% | -108.367 | -10403.586 | producer[964]$_DFF_PN0_/D
      730 |       3 |     156 |            0 |    +0.0% | -108.367 | -10403.586 | producer[964]$_DFF_PN0_/D
      740 |       3 |     156 |            0 |    +0.0% | -108.367 | -10403.586 | producer[964]$_DFF_PN0_/D
      750 |       3 |     156 |            0 |    +0.0% | -108.367 | -10403.586 | producer[964]$_DFF_PN0_/D
      760 |       3 |     156 |            0 |    +0.0% | -108.367 | -10403.586 | producer[964]$_DFF_PN0_/D
      770 |       3 |     156 |            0 |    +0.0% | -108.367 | -10403.586 | producer[964]$_DFF_PN0_/D
      780 |       3 |     156 |            0 |    +0.0% | -108.367 | -10403.586 | producer[964]$_DFF_PN0_/D
      790 |       3 |     156 |            0 |    +0.0% | -108.367 | -10403.586 | producer[964]$_DFF_PN0_/D
      800 |       3 |     156 |            0 |    +0.0% | -108.367 | -10403.586 | producer[964]$_DFF_PN0_/D
      810 |       3 |     156 |            0 |    +0.0% | -108.367 | -10403.586 | producer[964]$_DFF_PN0_/D
      820 |       3 |     156 |            0 |    +0.0% | -108.367 | -10403.586 | producer[964]$_DFF_PN0_/D
      830 |       3 |     156 |            0 |    +0.0% | -108.367 | -10403.586 | producer[964]$_DFF_PN0_/D
      840 |       3 |     156 |            0 |    +0.0% | -108.367 | -10403.586 | producer[964]$_DFF_PN0_/D
      850 |       3 |     156 |            0 |    +0.0% | -108.367 | -10403.586 | producer[964]$_DFF_PN0_/D
      860 |       3 |     156 |            0 |    +0.0% | -108.367 | -10403.586 | producer[964]$_DFF_PN0_/D
      870 |       3 |     156 |            0 |    +0.0% | -108.367 | -10403.586 | producer[964]$_DFF_PN0_/D
      880 |       3 |     156 |            0 |    +0.0% | -108.367 | -10403.586 | producer[964]$_DFF_PN0_/D
      890 |       3 |     156 |            0 |    +0.0% | -108.367 | -10403.586 | producer[964]$_DFF_PN0_/D
      900 |       3 |     156 |            0 |    +0.0% | -108.367 | -10403.586 | producer[964]$_DFF_PN0_/D
      910 |       3 |     156 |            0 |    +0.0% | -108.367 | -10403.586 | producer[964]$_DFF_PN0_/D
      920 |       3 |     156 |            0 |    +0.0% | -108.367 | -10403.586 | producer[964]$_DFF_PN0_/D
      930 |       3 |     156 |            0 |    +0.0% | -108.367 | -10403.586 | producer[964]$_DFF_PN0_/D
      940 |       3 |     156 |            0 |    +0.0% | -108.367 | -10403.586 | producer[964]$_DFF_PN0_/D
      950 |       3 |     156 |            0 |    +0.0% | -108.367 | -10403.586 | producer[964]$_DFF_PN0_/D
      960 |       3 |     156 |            0 |    +0.0% | -108.367 | -10403.586 | producer[964]$_DFF_PN0_/D
      970 |       3 |     156 |            0 |    +0.0% | -108.367 | -10403.586 | producer[964]$_DFF_PN0_/D
      980 |       3 |     156 |            0 |    +0.0% | -108.367 | -10403.586 | producer[964]$_DFF_PN0_/D
      990 |       3 |     156 |            0 |    +0.0% | -108.367 | -10403.586 | producer[964]$_DFF_PN0_/D
     1000 |       3 |     156 |            0 |    +0.0% | -108.367 | -10403.586 | producer[964]$_DFF_PN0_/D
     1010 |       3 |     156 |            0 |    +0.0% | -108.367 | -10403.586 | producer[964]$_DFF_PN0_/D
     1020 |       3 |     156 |            0 |    +0.0% | -108.367 | -10403.586 | producer[964]$_DFF_PN0_/D
     1030 |       3 |     156 |            0 |    +0.0% | -108.367 | -10403.586 | producer[964]$_DFF_PN0_/D
     1040 |       3 |     156 |            0 |    +0.0% | -108.367 | -10403.586 | producer[964]$_DFF_PN0_/D
     1050 |       3 |     156 |            0 |    +0.0% | -108.367 | -10403.586 | producer[964]$_DFF_PN0_/D
     1060 |       3 |     156 |            0 |    +0.0% | -108.367 | -10403.586 | producer[964]$_DFF_PN0_/D
     1070 |       3 |     156 |            0 |    +0.0% | -108.367 | -10403.586 | producer[964]$_DFF_PN0_/D
     1080 |       3 |     156 |            0 |    +0.0% | -108.367 | -10403.586 | producer[964]$_DFF_PN0_/D
     1090 |       3 |     156 |            0 |    +0.0% | -108.367 | -10403.586 | producer[964]$_DFF_PN0_/D
     1100 |       3 |     156 |            0 |    +0.0% | -108.367 | -10403.586 | producer[964]$_DFF_PN0_/D
     1110 |       3 |     156 |            0 |    +0.0% | -108.367 | -10403.586 | producer[964]$_DFF_PN0_/D
     1120 |       3 |     156 |            0 |    +0.0% | -108.367 | -10403.586 | producer[964]$_DFF_PN0_/D
     1130 |       3 |     156 |            0 |    +0.0% | -108.367 | -10403.586 | producer[964]$_DFF_PN0_/D
     1140 |       3 |     156 |            0 |    +0.0% | -108.367 | -10403.586 | producer[964]$_DFF_PN0_/D
     1150 |       3 |     156 |            0 |    +0.0% | -108.367 | -10403.586 | producer[964]$_DFF_PN0_/D
     1160 |       3 |     156 |            0 |    +0.0% | -108.367 | -10403.586 | producer[964]$_DFF_PN0_/D
     1170 |       3 |     156 |            0 |    +0.0% | -108.367 | -10403.586 | producer[964]$_DFF_PN0_/D
     1180 |       3 |     156 |            0 |    +0.0% | -108.367 | -10403.586 | producer[964]$_DFF_PN0_/D
     1190 |       3 |     156 |            0 |    +0.0% | -108.367 | -10403.586 | producer[964]$_DFF_PN0_/D
     1200 |       3 |     156 |            0 |    +0.0% | -108.367 | -10403.586 | producer[964]$_DFF_PN0_/D
     1210 |       3 |     156 |            0 |    +0.0% | -108.367 | -10403.586 | producer[964]$_DFF_PN0_/D
     1220 |       3 |     156 |            0 |    +0.0% | -108.367 | -10403.586 | producer[964]$_DFF_PN0_/D
     1230 |       3 |     156 |            0 |    +0.0% | -108.367 | -10403.586 | producer[964]$_DFF_PN0_/D
     1240 |       3 |     156 |            0 |    +0.0% | -108.367 | -10403.586 | producer[964]$_DFF_PN0_/D
     1250 |       3 |     156 |            0 |    +0.0% | -108.367 | -10403.586 | producer[964]$_DFF_PN0_/D
     1260 |       3 |     156 |            0 |    +0.0% | -108.367 | -10403.586 | producer[964]$_DFF_PN0_/D
     1270 |       3 |     156 |            0 |    +0.0% | -108.367 | -10403.586 | producer[964]$_DFF_PN0_/D
     1280 |       3 |     156 |            0 |    +0.0% | -108.367 | -10403.586 | producer[964]$_DFF_PN0_/D
     1290 |       3 |     156 |            0 |    +0.0% | -108.367 | -10403.586 | producer[964]$_DFF_PN0_/D
     1300 |       3 |     156 |            0 |    +0.0% | -108.367 | -10403.586 | producer[964]$_DFF_PN0_/D
     1310 |       3 |     156 |            0 |    +0.0% | -108.367 | -10403.586 | producer[964]$_DFF_PN0_/D
     1320 |       3 |     156 |            0 |    +0.0% | -108.367 | -10403.586 | producer[964]$_DFF_PN0_/D
     1330 |       3 |     156 |            0 |    +0.0% | -108.367 | -10403.586 | producer[964]$_DFF_PN0_/D
     1340 |       3 |     156 |            0 |    +0.0% | -108.367 | -10403.586 | producer[964]$_DFF_PN0_/D
     1350 |       3 |     156 |            0 |    +0.0% | -108.367 | -10403.586 | producer[964]$_DFF_PN0_/D
     1360 |       3 |     156 |            0 |    +0.0% | -108.367 | -10403.586 | producer[964]$_DFF_PN0_/D
     1370 |       3 |     156 |            0 |    +0.0% | -108.367 | -10403.586 | producer[964]$_DFF_PN0_/D
     1380 |       3 |     156 |            0 |    +0.0% | -108.367 | -10403.586 | producer[964]$_DFF_PN0_/D
     1390 |       3 |     156 |            0 |    +0.0% | -108.367 | -10403.586 | producer[964]$_DFF_PN0_/D
     1400 |       3 |     156 |            0 |    +0.0% | -108.367 | -10403.586 | producer[964]$_DFF_PN0_/D
     1410 |       3 |     156 |            0 |    +0.0% | -108.367 | -10403.586 | producer[964]$_DFF_PN0_/D
     1420 |       3 |     156 |            0 |    +0.0% | -108.367 | -10403.586 | producer[964]$_DFF_PN0_/D
     1430 |       3 |     156 |            0 |    +0.0% | -108.367 | -10403.586 | producer[964]$_DFF_PN0_/D
     1440 |       3 |     156 |            0 |    +0.0% | -108.367 | -10403.586 | producer[964]$_DFF_PN0_/D
     1450 |       3 |     156 |            0 |    +0.0% | -108.367 | -10403.586 | producer[964]$_DFF_PN0_/D
     1460 |       3 |     156 |            0 |    +0.0% | -108.367 | -10403.586 | producer[964]$_DFF_PN0_/D
     1470 |       3 |     156 |            0 |    +0.0% | -108.367 | -10403.586 | producer[964]$_DFF_PN0_/D
     1480 |       3 |     156 |            0 |    +0.0% | -108.367 | -10403.586 | producer[964]$_DFF_PN0_/D
     1490 |       3 |     156 |            0 |    +0.0% | -108.367 | -10403.586 | producer[964]$_DFF_PN0_/D
     1500 |       3 |     156 |            0 |    +0.0% | -108.367 | -10403.586 | producer[964]$_DFF_PN0_/D
     1510 |       3 |     156 |            0 |    +0.0% | -108.367 | -10403.586 | producer[964]$_DFF_PN0_/D
     1520 |       3 |     156 |            0 |    +0.0% | -108.367 | -10403.586 | producer[964]$_DFF_PN0_/D
     1530 |       3 |     156 |            0 |    +0.0% | -108.367 | -10403.586 | producer[964]$_DFF_PN0_/D
     1540 |       3 |     156 |            0 |    +0.0% | -108.367 | -10403.586 | producer[964]$_DFF_PN0_/D
     1550 |       3 |     156 |            0 |    +0.0% | -108.367 | -10403.586 | producer[964]$_DFF_PN0_/D
     1560 |       3 |     156 |            0 |    +0.0% | -108.367 | -10403.586 | producer[964]$_DFF_PN0_/D
     1570 |       3 |     156 |            0 |    +0.0% | -108.367 | -10403.586 | producer[964]$_DFF_PN0_/D
     1580 |       3 |     156 |            0 |    +0.0% | -108.367 | -10403.586 | producer[964]$_DFF_PN0_/D
     1590 |       3 |     156 |            0 |    +0.0% | -108.367 | -10403.586 | producer[964]$_DFF_PN0_/D
     1600 |       3 |     156 |            0 |    +0.0% | -108.367 | -10403.586 | producer[964]$_DFF_PN0_/D
     1610 |       3 |     156 |            0 |    +0.0% | -108.367 | -10403.586 | producer[964]$_DFF_PN0_/D
     1620 |       3 |     156 |            0 |    +0.0% | -108.367 | -10403.586 | producer[964]$_DFF_PN0_/D
     1630 |       3 |     178 |            0 |    +0.0% | -91.190 | -10014.045 | u_tile/registered_parent.row[1].u_row_launch/q[121]$_DFF_PN0_/D
     1640 |       3 |     194 |            0 |    +0.0% | -85.424 | -9709.992 | producer[262]$_DFF_PN0_/D
     1650 |       3 |     210 |            0 |    +0.0% | -85.424 | -9469.425 | producer[262]$_DFF_PN0_/D
     1660 |       3 |     234 |            0 |    +0.0% | -85.424 | -9022.309 | producer[262]$_DFF_PN0_/D
     1670 |       3 |     259 |            0 |    +0.0% | -85.424 | -8554.960 | producer[262]$_DFF_PN0_/D
     1680 |       3 |     283 |            0 |    +0.0% | -85.424 | -8163.028 | producer[262]$_DFF_PN0_/D
     1690 |       3 |     306 |            0 |    +0.0% | -85.424 | -7771.062 | producer[262]$_DFF_PN0_/D
     1700 |       3 |     333 |            0 |    +0.0% | -85.424 | -6912.702 | producer[262]$_DFF_PN0_/D
     1710 |       3 |     360 |            0 |    +0.0% | -85.424 | -6506.259 | producer[262]$_DFF_PN0_/D
     1720 |       3 |     382 |            0 |    +0.0% | -85.424 | -6152.508 | producer[262]$_DFF_PN0_/D
     1730 |       3 |     402 |            0 |    +0.0% | -85.424 | -5847.723 | producer[262]$_DFF_PN0_/D
     1740 |       3 |     425 |            0 |    +0.0% | -85.424 | -5540.550 | producer[262]$_DFF_PN0_/D
     1750 |       3 |     448 |            0 |    +0.0% | -85.424 | -5208.894 | producer[262]$_DFF_PN0_/D
     1760 |       3 |     468 |            0 |    +0.0% | -85.424 | -4938.991 | producer[262]$_DFF_PN0_/D
     1770 |       3 |     482 |            0 |    +0.0% | -85.424 | -4767.057 | producer[262]$_DFF_PN0_/D
     1780 |       3 |     502 |            0 |    +0.0% | -85.424 | -4508.557 | producer[262]$_DFF_PN0_/D
     1790 |       3 |     525 |            0 |    +0.0% | -85.424 | -4263.253 | producer[262]$_DFF_PN0_/D
     1800 |       3 |     547 |            0 |    +0.0% | -85.424 | -4025.041 | producer[262]$_DFF_PN0_/D
     1810 |       3 |     565 |            0 |    +0.0% | -85.424 | -3820.094 | producer[262]$_DFF_PN0_/D
     1820 |       3 |     583 |            0 |    +0.0% | -85.424 | -3643.570 | producer[262]$_DFF_PN0_/D
     1830 |       3 |     601 |            0 |    +0.0% | -85.424 | -3483.565 | producer[262]$_DFF_PN0_/D
     1840 |       3 |     611 |            0 |    +0.0% | -85.424 | -3401.413 | producer[262]$_DFF_PN0_/D
     1850 |       3 |     626 |            0 |    +0.0% | -85.424 | -3294.497 | producer[262]$_DFF_PN0_/D
     1860 |       3 |     640 |            0 |    +0.0% | -85.424 | -3208.343 | producer[262]$_DFF_PN0_/D
     1870 |       3 |     658 |            0 |    +0.0% | -85.424 | -3083.711 | producer[262]$_DFF_PN0_/D
     1880 |       3 |     671 |            0 |    +0.0% | -85.424 | -3012.543 | producer[262]$_DFF_PN0_/D
     1890 |       3 |     678 |            0 |    +0.0% | -85.424 | -2973.390 | producer[262]$_DFF_PN0_/D
     1900 |       3 |     694 |            0 |    +0.0% | -85.424 | -2888.847 | producer[262]$_DFF_PN0_/D
     1910 |       3 |     704 |            0 |    +0.0% | -85.424 | -2829.201 | producer[262]$_DFF_PN0_/D
     1920 |       3 |     720 |            0 |    +0.0% | -85.424 | -2737.343 | producer[262]$_DFF_PN0_/D
     1930 |       3 |     730 |            0 |    +0.0% | -85.424 | -2695.713 | producer[262]$_DFF_PN0_/D
     1940 |       3 |     743 |            0 |    +0.0% | -85.424 | -2634.591 | producer[262]$_DFF_PN0_/D
     1950 |       3 |     759 |            0 |    +0.0% | -85.424 | -2588.267 | producer[262]$_DFF_PN0_/D
     1960 |       3 |     777 |            0 |    +0.0% | -85.424 | -2547.647 | producer[262]$_DFF_PN0_/D
     1970 |       3 |     794 |            0 |    +0.0% | -85.424 | -2518.259 | producer[262]$_DFF_PN0_/D
     1980 |       3 |     808 |            0 |    +0.0% | -85.424 | -2496.296 | producer[262]$_DFF_PN0_/D
     1990 |       3 |     823 |            0 |    +0.0% | -85.424 | -2483.073 | producer[262]$_DFF_PN0_/D
     2000 |       3 |     833 |            0 |    +0.0% | -85.424 | -2473.734 | producer[262]$_DFF_PN0_/D
     2010 |       3 |     844 |            0 |    +0.0% | -85.424 | -2468.681 | producer[262]$_DFF_PN0_/D
     2020 |       3 |     853 |            0 |    +0.0% | -85.424 | -2467.878 | producer[262]$_DFF_PN0_/D
     2030 |       3 |     862 |            0 |    +0.0% | -85.424 | -2467.878 | producer[262]$_DFF_PN0_/D
     2040 |       3 |     868 |            0 |    +0.0% | -85.424 | -2467.878 | producer[262]$_DFF_PN0_/D
     2050 |       3 |     876 |            0 |    +0.0% | -85.424 | -2467.878 | producer[262]$_DFF_PN0_/D
     2060 |       3 |     885 |            0 |    +0.0% | -85.424 | -2467.878 | producer[262]$_DFF_PN0_/D
     2070 |       3 |     888 |            0 |    +0.0% | -85.424 | -2467.878 | producer[262]$_DFF_PN0_/D
     2080 |       3 |     895 |            0 |    +0.0% | -85.424 | -2467.878 | producer[262]$_DFF_PN0_/D
     2090 |       3 |     901 |            0 |    +0.0% | -85.424 | -2467.878 | producer[262]$_DFF_PN0_/D
     2100 |       3 |     911 |            0 |    +0.0% | -85.424 | -2467.878 | producer[262]$_DFF_PN0_/D
     2110 |       3 |     916 |            0 |    +0.0% | -85.424 | -2467.878 | producer[262]$_DFF_PN0_/D
     2120 |       3 |     923 |            0 |    +0.0% | -85.424 | -2467.878 | producer[262]$_DFF_PN0_/D
     2130 |       3 |     930 |            0 |    +0.0% | -85.424 | -2467.878 | producer[262]$_DFF_PN0_/D
     2140 |       3 |     939 |            0 |    +0.0% | -85.424 | -2467.878 | producer[262]$_DFF_PN0_/D
     2150 |       3 |     944 |            0 |    +0.0% | -85.424 | -2467.878 | producer[262]$_DFF_PN0_/D
     2160 |       3 |     951 |            0 |    +0.0% | -85.424 | -2467.878 | producer[262]$_DFF_PN0_/D
     2170 |       3 |     958 |            0 |    +0.0% | -85.424 | -2467.878 | producer[262]$_DFF_PN0_/D
     2180 |       3 |     965 |            0 |    +0.0% | -85.424 | -2467.878 | producer[262]$_DFF_PN0_/D
     2190 |       3 |     973 |            0 |    +0.0% | -85.424 | -2467.878 | producer[262]$_DFF_PN0_/D
     2200 |       3 |     978 |            0 |    +0.0% | -85.424 | -2467.878 | producer[262]$_DFF_PN0_/D
     2210 |       3 |     985 |            0 |    +0.0% | -85.424 | -2467.878 | producer[262]$_DFF_PN0_/D
     2220 |       3 |     991 |            0 |    +0.0% | -85.424 | -2467.878 | producer[262]$_DFF_PN0_/D
     2230 |       3 |     997 |            0 |    +0.0% | -85.424 | -2467.878 | producer[262]$_DFF_PN0_/D
     2240 |       3 |    1001 |            0 |    +0.0% | -85.424 | -2467.878 | producer[262]$_DFF_PN0_/D
     2250 |       3 |    1009 |            0 |    +0.0% | -85.424 | -2467.878 | producer[262]$_DFF_PN0_/D
     2260 |       3 |    1015 |            0 |    +0.0% | -85.424 | -2467.878 | producer[262]$_DFF_PN0_/D
     2270 |       3 |    1023 |            0 |    +0.0% | -85.424 | -2467.878 | producer[262]$_DFF_PN0_/D
     2280 |       3 |    1028 |            0 |    +0.0% | -85.424 | -2467.878 | producer[262]$_DFF_PN0_/D
     2290 |       3 |    1034 |            0 |    +0.0% | -85.424 | -2467.878 | producer[262]$_DFF_PN0_/D
     2300 |       3 |    1042 |            0 |    +0.0% | -85.424 | -2461.680 | producer[262]$_DFF_PN0_/D
     2310 |       3 |    1049 |            0 |    +0.0% | -85.424 | -2461.680 | producer[262]$_DFF_PN0_/D
     2320 |       3 |    1056 |            0 |    +0.0% | -85.424 | -2461.680 | producer[262]$_DFF_PN0_/D
     2330 |       3 |    1063 |            0 |    +0.0% | -85.424 | -2461.680 | producer[262]$_DFF_PN0_/D
     2340 |       3 |    1070 |            0 |    +0.0% | -85.424 | -2461.680 | producer[262]$_DFF_PN0_/D
     2350 |       3 |    1078 |            0 |    +0.0% | -85.424 | -2461.680 | producer[262]$_DFF_PN0_/D
     2360 |       3 |    1084 |            0 |    +0.0% | -85.424 | -2461.680 | producer[262]$_DFF_PN0_/D
     2370 |       3 |    1091 |            0 |    +0.0% | -85.424 | -2461.680 | producer[262]$_DFF_PN0_/D
     2380 |       3 |    1094 |            0 |    +0.0% | -85.424 | -2461.680 | producer[262]$_DFF_PN0_/D
     2390 |       3 |    1099 |            0 |    +0.0% | -85.424 | -2461.680 | producer[262]$_DFF_PN0_/D
     2400 |       3 |    1106 |            0 |    +0.0% | -85.424 | -2461.680 | producer[262]$_DFF_PN0_/D
     2410 |       3 |    1111 |            0 |    +0.0% | -85.424 | -2461.680 | producer[262]$_DFF_PN0_/D
     2420 |       3 |    1117 |            0 |    +0.0% | -85.424 | -2461.680 | producer[262]$_DFF_PN0_/D
     2430 |       3 |    1121 |            0 |    +0.0% | -85.424 | -2461.680 | producer[262]$_DFF_PN0_/D
     2440 |       3 |    1124 |            0 |    +0.0% | -85.424 | -2461.680 | producer[262]$_DFF_PN0_/D
     2450 |       3 |    1131 |            0 |    +0.0% | -85.424 | -2461.680 | producer[262]$_DFF_PN0_/D
     2460 |       3 |    1138 |            0 |    +0.0% | -85.424 | -2461.680 | producer[262]$_DFF_PN0_/D
     2470 |       3 |    1144 |            0 |    +0.0% | -85.424 | -2461.680 | producer[262]$_DFF_PN0_/D
     2480 |       3 |    1150 |            0 |    +0.0% | -85.424 | -2461.680 | producer[262]$_DFF_PN0_/D
     2490 |       3 |    1157 |            0 |    +0.0% | -85.424 | -2461.680 | producer[262]$_DFF_PN0_/D
     2500 |       3 |    1163 |            0 |    +0.0% | -85.424 | -2461.680 | producer[262]$_DFF_PN0_/D
     2510 |       3 |    1167 |            0 |    +0.0% | -85.424 | -2461.680 | producer[262]$_DFF_PN0_/D
     2520 |       3 |    1175 |            0 |    +0.0% | -85.424 | -2461.680 | producer[262]$_DFF_PN0_/D
     2530 |       3 |    1181 |            0 |    +0.0% | -85.424 | -2461.680 | producer[262]$_DFF_PN0_/D
     2540 |       3 |    1186 |            0 |    +0.0% | -85.424 | -2461.680 | producer[262]$_DFF_PN0_/D
     2550 |       3 |    1193 |            0 |    +0.0% | -85.424 | -2461.680 | producer[262]$_DFF_PN0_/D
     2560 |       3 |    1200 |            0 |    +0.0% | -85.424 | -2461.680 | producer[262]$_DFF_PN0_/D
     2570 |       3 |    1204 |            0 |    +0.0% | -85.424 | -2461.680 | producer[262]$_DFF_PN0_/D
     2580 |       3 |    1209 |            0 |    +0.0% | -85.424 | -2461.680 | producer[262]$_DFF_PN0_/D
     2590 |       3 |    1215 |            0 |    +0.0% | -85.424 | -2461.680 | producer[262]$_DFF_PN0_/D
     2600 |       3 |    1221 |            0 |    +0.0% | -85.424 | -2461.680 | producer[262]$_DFF_PN0_/D
     2610 |       3 |    1230 |            0 |    +0.0% | -85.424 | -2461.680 | producer[262]$_DFF_PN0_/D
     2620 |       3 |    1237 |            0 |    +0.0% | -85.424 | -2461.680 | producer[262]$_DFF_PN0_/D
     2630 |       3 |    1243 |            0 |    +0.0% | -85.424 | -2461.680 | producer[262]$_DFF_PN0_/D
     2640 |       3 |    1249 |            0 |    +0.0% | -85.424 | -2461.680 | producer[262]$_DFF_PN0_/D
     2650 |       3 |    1254 |            0 |    +0.0% | -85.424 | -2461.680 | producer[262]$_DFF_PN0_/D
     2660 |       3 |    1264 |            0 |    +0.0% | -72.111 | -2390.850 | producer[143]$_DFF_PN0_/D
     2670 |       3 |    1292 |            0 |    +0.0% | -60.421 | -2052.153 | u_tile/registered_parent.row[1].u_row_launch/q[560]$_DFF_PN0_/D
     2680 |       3 |    1325 |            0 |    +0.0% | -48.373 | -1668.927 | u_tile/registered_parent.row[1].u_row_launch/q[121]$_DFF_PN0_/D
     2690 |       3 |    1356 |            0 |    +0.0% | -48.373 | -1339.128 | u_tile/registered_parent.row[1].u_row_launch/q[121]$_DFF_PN0_/D
     2700 |       3 |    1381 |            0 |    +0.0% | -48.373 | -1059.645 | u_tile/registered_parent.row[1].u_row_launch/q[121]$_DFF_PN0_/D
     2710 |       3 |    1412 |            0 |    +0.0% | -48.373 | -848.690 | u_tile/registered_parent.row[1].u_row_launch/q[121]$_DFF_PN0_/D
     2720 |       3 |    1436 |            0 |    +0.0% | -48.373 | -714.116 | u_tile/registered_parent.row[1].u_row_launch/q[121]$_DFF_PN0_/D
     2730 |       3 |    1452 |            0 |    +0.0% | -48.373 | -643.457 | u_tile/registered_parent.row[1].u_row_launch/q[121]$_DFF_PN0_/D
     2740 |       3 |    1468 |            0 |    +0.0% | -48.373 | -628.370 | u_tile/registered_parent.row[1].u_row_launch/q[121]$_DFF_PN0_/D
     2750 |       3 |    1477 |            0 |    +0.0% | -48.373 | -628.370 | u_tile/registered_parent.row[1].u_row_launch/q[121]$_DFF_PN0_/D
     2760 |       3 |    1485 |            0 |    +0.0% | -48.373 | -628.370 | u_tile/registered_parent.row[1].u_row_launch/q[121]$_DFF_PN0_/D
     2770 |       3 |    1496 |            0 |    +0.0% | -45.935 | -580.454 | u_tile/registered_parent.row[1].u_row_launch/q[561]$_DFF_PN0_/D
     2780 |       3 |    1537 |            0 |    +0.0% | -24.727 | -199.839 | producer[776]$_DFF_PN0_/D
     2790 |       3 |    1569 |            0 |    +0.0% | -10.374 | -15.592 | u_tile/registered_parent.row[1].u_row_launch/q[259]$_DFF_PN0_/D
     2800 |       3 |    1581 |            0 |    +0.0% |  -0.457 |  -0.457 | u_tile/registered_parent.row[1].u_row_launch/q[121]$_DFF_PN0_/D
    final |       3 |    1590 |            0 |    +0.0% |  10.004 |   0.000 | producer[1490]$_DFF_PN0_/D
--------------------------------------------------------------------------------------
[INFO RSZ-0132] Resized 3 instances.
[INFO RSZ-0032] Inserted 1590 hold buffers.
[INFO RSZ-0506] Runtime: 23.27s
Took 113 seconds: repair_timing -setup_margin 0 -hold_margin 10 -repair_tns 100 -verbose
detailed_placement
[INFO DPL-0006] Core area: 1820896.45 um^2
[INFO DPL-0007] Movable instances area: 30514.60 um^2
[INFO DPL-0008] Fixed instances area within core: 1392003.71 um^2
[INFO DPL-0009] Utilization: 78.1%
[INFO DPL-0005] Diamond search max displacement: +/- 500 sites horizontally, +/- 100 rows vertically.
[INFO DPL-1102] Legalizing using negotiation legalizer.
[INFO DPL-1103] Negotiation base search window: +/-20 sites horizontally, +/-5 rows vertically 
	Automatic search window extension enabled.
	Search window extendable up to the max displacement cap of +/-500 sites, +/-100 rows near walls.
[INFO DPL-1104] NegotiationLegalizer DRC penalty: 5.
[INFO DPL-0392] Negotiation cell height distribution (2 unique row-count(s)):
[INFO DPL-0393]   height 1 row(s): 270595 cells
[INFO DPL-0393]   height 1092 row(s): 16 cells
          |      Total |  Illegal |  Illegal
Iteration | Violations |    Cells |    Sites
---------------------------------------------
        0 |       3370 |       486 |      2800
        1 |       3003 |       339 |      2436
        2 |       2278 |       270 |      1790
        3 |       1751 |       218 |      1321
        4 |       1228 |       196 |      1023
        5 |        979 |       166 |       804
        6 |        761 |       142 |       619
        7 |        596 |       113 |       483
        8 |        492 |       100 |       386
        9 |        448 |       110 |       332
       10 |        351 |        88 |       257
       20 |        107 |        25 |        82
       30 |         48 |        10 |        38
       40 |          0 |         0 |         0
Negotiation phase 1 converged at iteration 40.
[INFO DPL-0500] Runtime: 19.55s
Placement Analysis
---------------------------------
total displacement       1753.4 u
average displacement        0.0 u
max displacement          105.2 u
original HPWL        11858248.8 u
legalized HPWL       11859344.7 u
delta HPWL                    0 %

Took 20 seconds: detailed_placement
estimate_parasitics -placement
Took 7 seconds: estimate_parasitics -placement
Report metrics stage 4, cts final...

==========================================================================
cts final report_design_area
--------------------------------------------------------------------------
Design area 1422518 um^2 78% utilization.
write_db /work/results/asap7/opentallas_ot_attn_registered_parent_phys_asap7_codex_h16_registered_parent_r1/base/4_1_cts.odb
write_sdc -no_timestamp /work/results/asap7/opentallas_ot_attn_registered_parent_phys_asap7_codex_h16_registered_parent_r1/base/4_cts.sdc
Elapsed time: 6:45.93[h:]min:sec. CPU time: user 463.01 sys 40.63 (124%). Peak memory: 8052500KB.
Log                       Ext     Elapsed/s Peak Memory/MB sha1sum result [0:20)
4_1_cts                   .odb          405           7863 87599b25b7bde5c0a3fb
