OpenROAD 26Q3-1510-g6cb3f2b704 
Features included (+) or not (-): +GPU +GUI +Python
This program is licensed under the BSD-3 license. See the LICENSE file for details.
Components of this program may be licensed under more restrictive licenses which must be honored.
[INFO ORD-0030] Using 16 thread(s).
source /OpenROAD-flow-scripts/flow/platforms/asap7/liberty_suppressions.tcl
read_liberty -corner WC /OpenROAD-flow-scripts/flow/platforms/asap7/lib/NLDM/asap7sc7p5t_AO_RVT_SS_nldm_211120.lib.gz
read_liberty -corner WC /OpenROAD-flow-scripts/flow/platforms/asap7/lib/NLDM/asap7sc7p5t_INVBUF_RVT_SS_nldm_220122.lib.gz
read_liberty -corner WC /OpenROAD-flow-scripts/flow/platforms/asap7/lib/NLDM/asap7sc7p5t_OA_RVT_SS_nldm_211120.lib.gz
read_liberty -corner WC /OpenROAD-flow-scripts/flow/platforms/asap7/lib/NLDM/asap7sc7p5t_SEQ_RVT_SS_nldm_220123.lib
read_liberty -corner WC /OpenROAD-flow-scripts/flow/platforms/asap7/lib/NLDM/asap7sc7p5t_SIMPLE_RVT_SS_nldm_211120.lib.gz
read_liberty -corner WC /src/physical/asap7_memory_macros/ot_sram_1r1w_1024x256_m2_r2c2/ot_sram_1r1w_1024x256_m2_r2c2_ss.lib
read_liberty -corner WC /src/physical/asap7_memory_macros/ot_sram_1r1w_128x256_m1_r2c2/ot_sram_1r1w_128x256_m1_r2c2_ss.lib
read_liberty -corner BC /OpenROAD-flow-scripts/flow/platforms/asap7/lib/NLDM/asap7sc7p5t_AO_RVT_FF_nldm_211120.lib.gz
read_liberty -corner BC /OpenROAD-flow-scripts/flow/platforms/asap7/lib/NLDM/asap7sc7p5t_INVBUF_RVT_FF_nldm_220122.lib.gz
read_liberty -corner BC /OpenROAD-flow-scripts/flow/platforms/asap7/lib/NLDM/asap7sc7p5t_OA_RVT_FF_nldm_211120.lib.gz
read_liberty -corner BC /OpenROAD-flow-scripts/flow/platforms/asap7/lib/NLDM/asap7sc7p5t_SIMPLE_RVT_FF_nldm_211120.lib.gz
read_liberty -corner BC /OpenROAD-flow-scripts/flow/platforms/asap7/lib/NLDM/asap7sc7p5t_SEQ_RVT_FF_nldm_220123.lib
read_liberty -corner BC /src/physical/asap7_memory_macros/ot_sram_1r1w_1024x256_m2_r2c2/ot_sram_1r1w_1024x256_m2_r2c2_ff.lib
read_liberty -corner BC /src/physical/asap7_memory_macros/ot_sram_1r1w_128x256_m1_r2c2/ot_sram_1r1w_128x256_m1_r2c2_ff.lib
read_db /work/results/asap7/kant_code_banklocal_reverse_ac019_r1/base/2_floorplan.odb
read_sdc /work/results/asap7/kant_code_banklocal_reverse_ac019_r1/base/2_floorplan.sdc
source /OpenROAD-flow-scripts/flow/platforms/asap7/setRC.tcl
All pins are placed. Skipping global placement without IOs
Design area 166627 um^2 30% utilization.
write_db /work/results/asap7/kant_code_banklocal_reverse_ac019_r1/base/3_1_place_gp_skip_io.odb
Elapsed time: 0:04.06[h:]min:sec. CPU time: user 3.57 sys 0.49 (99%). Peak memory: 420092KB.
Log                       Ext     Elapsed/s Peak Memory/MB sha1sum result [0:20)
3_1_place_gp_skip_io      .odb            4            410 9929b200681acbc96c5e
