OpenROAD 26Q3-1510-g6cb3f2b704 
Features included (+) or not (-): +GPU +GUI +Python
This program is licensed under the BSD-3 license. See the LICENSE file for details.
Components of this program may be licensed under more restrictive licenses which must be honored.
[WARNING STA-1212] /OpenROAD-flow-scripts/flow/platforms/asap7/lib/NLDM/asap7sc7p5t_SIMPLE_RVT_TT_nldm_211120.lib.gz line 13178, timing group from output port.
[WARNING STA-1212] /OpenROAD-flow-scripts/flow/platforms/asap7/lib/NLDM/asap7sc7p5t_SIMPLE_RVT_TT_nldm_211120.lib.gz line 13211, timing group from output port.
[WARNING STA-1212] /OpenROAD-flow-scripts/flow/platforms/asap7/lib/NLDM/asap7sc7p5t_SIMPLE_RVT_TT_nldm_211120.lib.gz line 13244, timing group from output port.
[WARNING STA-1212] /OpenROAD-flow-scripts/flow/platforms/asap7/lib/NLDM/asap7sc7p5t_SIMPLE_RVT_TT_nldm_211120.lib.gz line 13277, timing group from output port.
[WARNING STA-1212] /OpenROAD-flow-scripts/flow/platforms/asap7/lib/NLDM/asap7sc7p5t_SIMPLE_RVT_TT_nldm_211120.lib.gz line 13310, timing group from output port.
[WARNING STA-1212] /OpenROAD-flow-scripts/flow/platforms/asap7/lib/NLDM/asap7sc7p5t_SIMPLE_RVT_TT_nldm_211120.lib.gz line 13343, timing group from output port.
[WARNING STA-1212] /OpenROAD-flow-scripts/flow/platforms/asap7/lib/NLDM/asap7sc7p5t_SIMPLE_RVT_TT_nldm_211120.lib.gz line 13376, timing group from output port.
[WARNING STA-1212] /OpenROAD-flow-scripts/flow/platforms/asap7/lib/NLDM/asap7sc7p5t_SIMPLE_RVT_TT_nldm_211120.lib.gz line 14772, timing group from output port.
[WARNING STA-1212] /OpenROAD-flow-scripts/flow/platforms/asap7/lib/NLDM/asap7sc7p5t_SIMPLE_RVT_TT_nldm_211120.lib.gz line 14805, timing group from output port.
[WARNING STA-1212] /OpenROAD-flow-scripts/flow/platforms/asap7/lib/NLDM/asap7sc7p5t_SIMPLE_RVT_TT_nldm_211120.lib.gz line 14838, timing group from output port.
[INFO DRT-0149] Reading tech and libs.

Units:                1000
Number of layers:     21
Number of macros:     212
Number of vias:       9
Number of viarulegen: 11

[INFO DRT-0150] Reading design.
[WARNING DRT-0120] Large net one_ has 4148 pins which may impact routing performance. Consider optimization.

Design:                   ot_qwen_o4_scale_registered_probe
Die area:                 ( 0 0 ) ( 240000 240000 )
Number of track patterns: 32
Number of DEF vias:       0
Number of components:     42835
Number of terminals:      1299
Number of snets:          0
Number of nets:           43584

[INFO DRT-0167] List of default vias:
  Layer V2
    default via: VIA23
  Layer V3
    default via: VIA34
  Layer V4
    default via: VIA45
  Layer V5
    default via: VIA56
  Layer V6
    default via: VIA67
  Layer V7
    default via: VIA78
  Layer V8
    default via: VIA89
  Layer V9
    default via: VIA9Pad
[INFO DRT-0162] Library cell analysis.
[INFO DRT-0163] Instance analysis.
[INFO DRT-0164] Number of unique instances = 386.
[INFO DRT-0168] Init region query.
[INFO DRT-0024]   Complete Active.
[INFO DRT-0024]   Complete V0.
[INFO DRT-0024]   Complete M1.
[INFO DRT-0024]   Complete V1.
[INFO DRT-0024]   Complete M2.
[INFO DRT-0024]   Complete V2.
[INFO DRT-0024]   Complete M3.
[INFO DRT-0024]   Complete V3.
[INFO DRT-0024]   Complete M4.
[INFO DRT-0024]   Complete V4.
[INFO DRT-0024]   Complete M5.
[INFO DRT-0024]   Complete V5.
[INFO DRT-0024]   Complete M6.
[INFO DRT-0024]   Complete V6.
[INFO DRT-0024]   Complete M7.
[INFO DRT-0024]   Complete V7.
[INFO DRT-0024]   Complete M8.
[INFO DRT-0024]   Complete V8.
[INFO DRT-0024]   Complete M9.
[INFO DRT-0024]   Complete V9.
[INFO DRT-0024]   Complete Pad.
[INFO DRT-0033] Active shape region query size = 0.
[INFO DRT-0033] V0 shape region query size = 0.
[INFO DRT-0033] M1 shape region query size = 738768.
[INFO DRT-0033] V1 shape region query size = 100964.
[INFO DRT-0033] M2 shape region query size = 37808.
[INFO DRT-0033] V2 shape region query size = 0.
[INFO DRT-0033] M3 shape region query size = 0.
[INFO DRT-0033] V3 shape region query size = 0.
[INFO DRT-0033] M4 shape region query size = 601.
[INFO DRT-0033] V4 shape region query size = 0.
[INFO DRT-0033] M5 shape region query size = 698.
[INFO DRT-0033] V5 shape region query size = 0.
[INFO DRT-0033] M6 shape region query size = 0.
[INFO DRT-0033] V6 shape region query size = 0.
[INFO DRT-0033] M7 shape region query size = 0.
[INFO DRT-0033] V7 shape region query size = 0.
[INFO DRT-0033] M8 shape region query size = 0.
[INFO DRT-0033] V8 shape region query size = 0.
[INFO DRT-0033] M9 shape region query size = 0.
[INFO DRT-0033] V9 shape region query size = 0.
[INFO DRT-0033] Pad shape region query size = 0.
[INFO DRT-0165] Start pin access.
[INFO DRT-0076]   Complete 1000 pins.
[INFO DRT-0076]   Complete 2000 pins.
[INFO DRT-0078]   Complete 2348 pins.
[INFO DRT-0079]   Complete 100 unique inst patterns.
[INFO DRT-0079]   Complete 200 unique inst patterns.
[INFO DRT-0079]   Complete 300 unique inst patterns.
[INFO DRT-0081]   Complete 386 unique inst patterns.
[INFO DRT-0082]   Complete 10000 groups.
[INFO DRT-0082]   Complete 20000 groups.
[INFO DRT-0082]   Complete 30000 groups.
[INFO DRT-0084]   Complete 33613 groups.
#scanned instances     = 42835
#unique  instances     = 386
#stdCellGenAp          = 10965
#stdCellValidPlanarAp  = 35
#stdCellValidViaAp     = 8720
#stdCellPinNoAp        = 0
#stdCellPinCnt         = 150081
#instTermValidViaApCnt = 0
#macroGenAp            = 0
#macroValidPlanarAp    = 0
#macroValidViaAp       = 0
#macroNoAp             = 0
[INFO DRT-0166] Complete pin access.
[INFO DRT-0267] cpu time = 00:05:22, elapsed time = 00:05:22, memory = 383.23 (MB), peak = 393.97 (MB)
[INFO DRT-0156] guideIn read 100000 guides.
[INFO DRT-0156] guideIn read 200000 guides.
[INFO DRT-0156] guideIn read 300000 guides.

[INFO DRT-0157] Number of guides:     374767

[INFO DRT-0169] Post process guides.
[INFO DRT-0176] GCELLGRID X 0 DO 421 STEP 570 ;
[INFO DRT-0177] GCELLGRID Y 0 DO 421 STEP 570 ;
[INFO DRT-0026]   Complete 100000 origin guides.
[INFO DRT-0026]   Complete 200000 origin guides.
[INFO DRT-0026]   Complete 300000 origin guides.
[INFO DRT-0028]   Complete Active.
[INFO DRT-0028]   Complete V0.
[INFO DRT-0028]   Complete M1.
[INFO DRT-0028]   Complete V1.
[INFO DRT-0028]   Complete M2.
[INFO DRT-0028]   Complete V2.
[INFO DRT-0028]   Complete M3.
[INFO DRT-0028]   Complete V3.
[INFO DRT-0028]   Complete M4.
[INFO DRT-0028]   Complete V4.
[INFO DRT-0028]   Complete M5.
[INFO DRT-0028]   Complete V5.
[INFO DRT-0028]   Complete M6.
[INFO DRT-0028]   Complete V6.
[INFO DRT-0028]   Complete M7.
[INFO DRT-0028]   Complete V7.
[INFO DRT-0028]   Complete M8.
[INFO DRT-0028]   Complete V8.
[INFO DRT-0028]   Complete M9.
[INFO DRT-0028]   Complete V9.
[INFO DRT-0028]   Complete Pad.
[INFO DRT-0178] Init guide query.
[INFO DRT-0035]   Complete Active (guide).
[INFO DRT-0035]   Complete V0 (guide).
[INFO DRT-0035]   Complete M1 (guide).
[INFO DRT-0035]   Complete V1 (guide).
[INFO DRT-0035]   Complete M2 (guide).
[INFO DRT-0035]   Complete V2 (guide).
[INFO DRT-0035]   Complete M3 (guide).
[INFO DRT-0035]   Complete V3 (guide).
[INFO DRT-0035]   Complete M4 (guide).
[INFO DRT-0035]   Complete V4 (guide).
[INFO DRT-0035]   Complete M5 (guide).
[INFO DRT-0035]   Complete V5 (guide).
[INFO DRT-0035]   Complete M6 (guide).
[INFO DRT-0035]   Complete V6 (guide).
[INFO DRT-0035]   Complete M7 (guide).
[INFO DRT-0035]   Complete V7 (guide).
[INFO DRT-0035]   Complete M8 (guide).
[INFO DRT-0035]   Complete V8 (guide).
[INFO DRT-0035]   Complete M9 (guide).
[INFO DRT-0035]   Complete V9 (guide).
[INFO DRT-0035]   Complete Pad (guide).
[INFO DRT-0036] Active guide region query size = 0.
[INFO DRT-0036] V0 guide region query size = 0.
[INFO DRT-0036] M1 guide region query size = 124013.
[INFO DRT-0036] V1 guide region query size = 0.
[INFO DRT-0036] M2 guide region query size = 119202.
[INFO DRT-0036] V2 guide region query size = 0.
[INFO DRT-0036] M3 guide region query size = 63282.
[INFO DRT-0036] V3 guide region query size = 0.
[INFO DRT-0036] M4 guide region query size = 2634.
[INFO DRT-0036] V4 guide region query size = 0.
[INFO DRT-0036] M5 guide region query size = 1449.
[INFO DRT-0036] V5 guide region query size = 0.
[INFO DRT-0036] M6 guide region query size = 10.
[INFO DRT-0036] V6 guide region query size = 0.
[INFO DRT-0036] M7 guide region query size = 5.
[INFO DRT-0036] V7 guide region query size = 0.
[INFO DRT-0036] M8 guide region query size = 0.
[INFO DRT-0036] V8 guide region query size = 0.
[INFO DRT-0036] M9 guide region query size = 0.
[INFO DRT-0036] V9 guide region query size = 0.
[INFO DRT-0036] Pad guide region query size = 0.
[INFO DRT-0179] Init gr pin query.
[INFO DRT-0267] cpu time = 00:00:01, elapsed time = 00:00:01, memory = 520.57 (MB), peak = 520.57 (MB)
[INFO DRT-0245] skipped writing guide updates to database.
[INFO DRT-0181] Start track assignment.
[INFO DRT-0184] Done with 188749 vertical wires in 9 frboxes and 121846 horizontal wires in 9 frboxes.
[INFO DRT-0186] Done with 24602 vertical wires in 9 frboxes and 34637 horizontal wires in 9 frboxes.
[INFO DRT-0182] Complete track assignment.
[INFO DRT-0267] cpu time = 00:00:26, elapsed time = 00:00:26, memory = 936.79 (MB), peak = 936.79 (MB)
[INFO DRT-0187] Start routing data preparation.
[INFO DRT-0267] cpu time = 00:00:00, elapsed time = 00:00:00, memory = 936.79 (MB), peak = 936.79 (MB)
[INFO DRT-0194] Start detail routing.
[INFO DRT-0195] Start 0th optimization iteration.
    Completing 10% with 0 violations.
    elapsed time = 00:02:31, memory = 1469.46 (MB).
    Completing 20% with 0 violations.
    elapsed time = 00:06:02, memory = 2701.99 (MB).
    Completing 30% with 2333 violations.
    elapsed time = 00:07:21, memory = 2798.75 (MB).
    Completing 40% with 2333 violations.
    elapsed time = 00:11:42, memory = 2798.75 (MB).
    Completing 50% with 2333 violations.
    elapsed time = 00:13:16, memory = 3183.44 (MB).
    Completing 60% with 5064 violations.
    elapsed time = 00:15:56, memory = 3221.08 (MB).
    Completing 70% with 5064 violations.
    elapsed time = 00:20:29, memory = 3523.80 (MB).
    Completing 80% with 7311 violations.
    elapsed time = 00:22:09, memory = 3655.86 (MB).
    Completing 90% with 7311 violations.
    elapsed time = 00:27:25, memory = 3655.86 (MB).
    Completing 100% with 9573 violations.
    elapsed time = 00:28:55, memory = 3985.23 (MB).
[INFO DRT-0199]   Number of violations = 13699.
Viol/Layer          M1     M2     V2     M3     V3     M4     V4     M5
CutSpcTbl            0      0      0      0     83      0     23      0
EOL                  0    850      0    157      0     29      0      0
Metal Spacing      781    409      0    147      0      5      0      0
Recheck              1   2584      0   1297      0    224      0     20
Short                0   1127     26    178      1     15      0      0
eolKeepOut           0   5082      0    543      0    117      0      0
[INFO DRT-0267] cpu time = 00:28:53, elapsed time = 00:28:58, memory = 3985.23 (MB), peak = 3986.75 (MB)
Total wire length = 264723 um.
Total wire length on LAYER M1 = 0 um.
Total wire length on LAYER M2 = 89449 um.
Total wire length on LAYER M3 = 115978 um.
Total wire length on LAYER M4 = 35288 um.
Total wire length on LAYER M5 = 23591 um.
Total wire length on LAYER M6 = 282 um.
Total wire length on LAYER M7 = 132 um.
Total wire length on LAYER M8 = 0 um.
Total wire length on LAYER M9 = 0 um.
Total wire length on LAYER Pad = 0 um.
Total number of vias = 426953.
Up-via summary (total 426953):

-----------------
 Active         0
     M1    141805
     M2    253211
     M3     26927
     M4      4822
     M5       170
     M6        18
     M7         0
     M8         0
     M9         0
-----------------
       426953


[INFO DRT-0195] Start 1st optimization iteration.
    Completing 10% with 13699 violations.
    elapsed time = 00:02:20, memory = 3985.23 (MB).
    Completing 20% with 13699 violations.
    elapsed time = 00:06:08, memory = 3985.23 (MB).
    Completing 30% with 10304 violations.
    elapsed time = 00:07:02, memory = 3985.55 (MB).
    Completing 40% with 10304 violations.
    elapsed time = 00:11:14, memory = 3985.55 (MB).
    Completing 50% with 10304 violations.
    elapsed time = 00:12:31, memory = 3985.55 (MB).
    Completing 60% with 7718 violations.
    elapsed time = 00:14:40, memory = 3985.55 (MB).
    Completing 70% with 7718 violations.
    elapsed time = 00:18:38, memory = 3985.55 (MB).
    Completing 80% with 4331 violations.
    elapsed time = 00:19:45, memory = 3985.55 (MB).
    Completing 90% with 4331 violations.
    elapsed time = 00:23:55, memory = 3985.55 (MB).
    Completing 100% with 1747 violations.
    elapsed time = 00:25:06, memory = 3985.55 (MB).
[INFO DRT-0199]   Number of violations = 1790.
Viol/Layer          M1     M2     V2     M3     V3     M4     V4     M5
CutSpcTbl            0      0      0      0     12      0     12      0
EOL                  0    163      0     25      0      9      0      1
Metal Spacing      339     43      0     19      0      4      0      0
Recheck              0     31      0     16      0      1      0      0
Short                0    121      1     20      0      1      0      0
eolKeepOut           0    852      0     84      0     30      0      6
[INFO DRT-0267] cpu time = 00:25:02, elapsed time = 00:25:09, memory = 3991.73 (MB), peak = 4025.88 (MB)
Total wire length = 263468 um.
Total wire length on LAYER M1 = 0 um.
Total wire length on LAYER M2 = 88512 um.
Total wire length on LAYER M3 = 115456 um.
Total wire length on LAYER M4 = 35527 um.
Total wire length on LAYER M5 = 23509 um.
Total wire length on LAYER M6 = 329 um.
Total wire length on LAYER M7 = 132 um.
Total wire length on LAYER M8 = 0 um.
Total wire length on LAYER M9 = 0 um.
Total wire length on LAYER Pad = 0 um.
Total number of vias = 408323.
Up-via summary (total 408323):

-----------------
 Active         0
     M1    141710
     M2    238316
     M3     23588
     M4      4497
     M5       198
     M6        14
     M7         0
     M8         0
     M9         0
-----------------
       408323


[INFO DRT-0195] Start 2nd optimization iteration.
    Completing 10% with 1790 violations.
    elapsed time = 00:01:18, memory = 3991.73 (MB).
    Completing 20% with 1790 violations.
    elapsed time = 00:03:14, memory = 3991.73 (MB).
    Completing 30% with 1653 violations.
    elapsed time = 00:03:31, memory = 3991.73 (MB).
    Completing 40% with 1653 violations.
    elapsed time = 00:05:45, memory = 3991.73 (MB).
    Completing 50% with 1653 violations.
    elapsed time = 00:06:25, memory = 3991.73 (MB).
    Completing 60% with 1598 violations.
    elapsed time = 00:07:23, memory = 3991.73 (MB).
    Completing 70% with 1598 violations.
    elapsed time = 00:09:32, memory = 3991.73 (MB).
    Completing 80% with 1550 violations.
    elapsed time = 00:10:00, memory = 3991.73 (MB).
    Completing 90% with 1550 violations.
    elapsed time = 00:11:54, memory = 3991.73 (MB).
    Completing 100% with 1425 violations.
    elapsed time = 00:12:31, memory = 3991.73 (MB).
[INFO DRT-0199]   Number of violations = 1453.
Viol/Layer          M1     M2     V2     M3     V3     M4     V4
CutSpcTbl            0      0      0      0      9      0      9
EOL                  0    143      0     18      0      3      0
Metal Spacing      297     28      0     18      0      2      0
Recheck              0     21      0     13      0      1      0
Short                0    112      1     22      0      0      0
eolKeepOut           0    690      0     54      0     12      0
[INFO DRT-0267] cpu time = 00:12:31, elapsed time = 00:12:33, memory = 3991.73 (MB), peak = 4025.88 (MB)
Total wire length = 263292 um.
Total wire length on LAYER M1 = 0 um.
Total wire length on LAYER M2 = 88569 um.
Total wire length on LAYER M3 = 115475 um.
Total wire length on LAYER M4 = 35329 um.
Total wire length on LAYER M5 = 23456 um.
Total wire length on LAYER M6 = 331 um.
Total wire length on LAYER M7 = 131 um.
Total wire length on LAYER M8 = 0 um.
Total wire length on LAYER M9 = 0 um.
Total wire length on LAYER Pad = 0 um.
Total number of vias = 406196.
Up-via summary (total 406196):

-----------------
 Active         0
     M1    141708
     M2    236571
     M3     23295
     M4      4428
     M5       182
     M6        12
     M7         0
     M8         0
     M9         0
-----------------
       406196


[INFO DRT-0195] Start 3rd optimization iteration.
    Completing 10% with 1453 violations.
    elapsed time = 00:00:51, memory = 3991.73 (MB).
    Completing 20% with 1453 violations.
    elapsed time = 00:01:47, memory = 3991.73 (MB).
    Completing 30% with 1135 violations.
    elapsed time = 00:02:05, memory = 3991.73 (MB).
    Completing 40% with 1135 violations.
    elapsed time = 00:03:02, memory = 3991.73 (MB).
    Completing 50% with 1135 violations.
    elapsed time = 00:03:29, memory = 3991.73 (MB).
    Completing 60% with 794 violations.
    elapsed time = 00:04:08, memory = 3991.73 (MB).
    Completing 70% with 794 violations.
    elapsed time = 00:05:36, memory = 3991.73 (MB).
    Completing 80% with 454 violations.
    elapsed time = 00:06:15, memory = 3991.73 (MB).
    Completing 90% with 454 violations.
    elapsed time = 00:07:07, memory = 3991.73 (MB).
    Completing 100% with 114 violations.
    elapsed time = 00:07:32, memory = 3991.73 (MB).
[INFO DRT-0199]   Number of violations = 114.
Viol/Layer          M1     M2     M3     V3     M4
CutSpcTbl            0      0      0      1      0
EOL                  0      8      0      0      0
Metal Spacing       13      5      0      0      0
Short                0     20      3      0      1
eolKeepOut           0     63      0      0      0
[INFO DRT-0267] cpu time = 00:07:33, elapsed time = 00:07:33, memory = 3991.73 (MB), peak = 4025.88 (MB)
Total wire length = 263274 um.
Total wire length on LAYER M1 = 0 um.
Total wire length on LAYER M2 = 87851 um.
Total wire length on LAYER M3 = 115302 um.
Total wire length on LAYER M4 = 36050 um.
Total wire length on LAYER M5 = 23581 um.
Total wire length on LAYER M6 = 345 um.
Total wire length on LAYER M7 = 143 um.
Total wire length on LAYER M8 = 0 um.
Total wire length on LAYER M9 = 0 um.
Total wire length on LAYER Pad = 0 um.
Total number of vias = 406699.
Up-via summary (total 406699):

-----------------
 Active         0
     M1    141709
     M2    235137
     M3     24902
     M4      4715
     M5       214
     M6        22
     M7         0
     M8         0
     M9         0
-----------------
       406699


[INFO DRT-0195] Start 4th optimization iteration.
    Completing 10% with 114 violations.
    elapsed time = 00:00:08, memory = 3991.73 (MB).
    Completing 20% with 114 violations.
    elapsed time = 00:00:24, memory = 3991.73 (MB).
    Completing 30% with 103 violations.
    elapsed time = 00:00:30, memory = 3991.73 (MB).
    Completing 40% with 103 violations.
    elapsed time = 00:00:45, memory = 3991.73 (MB).
    Completing 50% with 103 violations.
    elapsed time = 00:00:48, memory = 3991.73 (MB).
    Completing 60% with 88 violations.
    elapsed time = 00:00:53, memory = 3991.73 (MB).
    Completing 70% with 88 violations.
    elapsed time = 00:01:17, memory = 3991.73 (MB).
    Completing 80% with 38 violations.
    elapsed time = 00:01:34, memory = 3991.73 (MB).
    Completing 90% with 38 violations.
    elapsed time = 00:01:37, memory = 3991.73 (MB).
    Completing 100% with 12 violations.
    elapsed time = 00:01:42, memory = 3991.73 (MB).
[INFO DRT-0199]   Number of violations = 12.
Viol/Layer          M2     M3
Short                5      1
eolKeepOut           6      0
[INFO DRT-0267] cpu time = 00:01:42, elapsed time = 00:01:42, memory = 3991.73 (MB), peak = 4025.88 (MB)
Total wire length = 263267 um.
Total wire length on LAYER M1 = 0 um.
Total wire length on LAYER M2 = 87795 um.
Total wire length on LAYER M3 = 115291 um.
Total wire length on LAYER M4 = 36104 um.
Total wire length on LAYER M5 = 23586 um.
Total wire length on LAYER M6 = 346 um.
Total wire length on LAYER M7 = 143 um.
Total wire length on LAYER M8 = 0 um.
Total wire length on LAYER M9 = 0 um.
Total wire length on LAYER Pad = 0 um.
Total number of vias = 406748.
Up-via summary (total 406748):

-----------------
 Active         0
     M1    141709
     M2    234993
     M3     25075
     M4      4731
     M5       218
     M6        22
     M7         0
     M8         0
     M9         0
-----------------
       406748


[INFO DRT-0195] Start 5th guides tiles iteration.
    Completing 10% with 12 violations.
    elapsed time = 00:00:01, memory = 3991.73 (MB).
    Completing 20% with 12 violations.
    elapsed time = 00:00:01, memory = 3991.73 (MB).
    Completing 30% with 12 violations.
    elapsed time = 00:00:02, memory = 3991.73 (MB).
    Completing 40% with 12 violations.
    elapsed time = 00:00:04, memory = 3991.73 (MB).
    Completing 50% with 6 violations.
    elapsed time = 00:00:04, memory = 3991.73 (MB).
    Completing 60% with 6 violations.
    elapsed time = 00:00:04, memory = 3991.73 (MB).
    Completing 70% with 6 violations.
    elapsed time = 00:00:05, memory = 3991.73 (MB).
    Completing 80% with 4 violations.
    elapsed time = 00:00:05, memory = 3991.73 (MB).
    Completing 100% with 4 violations.
    elapsed time = 00:00:05, memory = 3991.73 (MB).
[INFO DRT-0199]   Number of violations = 4.
Viol/Layer          M2
Short                1
eolKeepOut           3
[INFO DRT-0267] cpu time = 00:00:05, elapsed time = 00:00:05, memory = 3991.73 (MB), peak = 4025.88 (MB)
Total wire length = 263265 um.
Total wire length on LAYER M1 = 0 um.
Total wire length on LAYER M2 = 87792 um.
Total wire length on LAYER M3 = 115289 um.
Total wire length on LAYER M4 = 36105 um.
Total wire length on LAYER M5 = 23587 um.
Total wire length on LAYER M6 = 346 um.
Total wire length on LAYER M7 = 143 um.
Total wire length on LAYER M8 = 0 um.
Total wire length on LAYER M9 = 0 um.
Total wire length on LAYER Pad = 0 um.
Total number of vias = 406747.
Up-via summary (total 406747):

-----------------
 Active         0
     M1    141709
     M2    234993
     M3     25072
     M4      4731
     M5       220
     M6        22
     M7         0
     M8         0
     M9         0
-----------------
       406747


[INFO DRT-0195] Start 6th guides tiles iteration.
    Completing 100% with 0 violations.
    elapsed time = 00:00:01, memory = 3991.73 (MB).
[INFO DRT-0199]   Number of violations = 0.
[INFO DRT-0267] cpu time = 00:00:01, elapsed time = 00:00:01, memory = 3991.73 (MB), peak = 4025.88 (MB)
Total wire length = 263265 um.
Total wire length on LAYER M1 = 0 um.
Total wire length on LAYER M2 = 87792 um.
Total wire length on LAYER M3 = 115289 um.
Total wire length on LAYER M4 = 36106 um.
Total wire length on LAYER M5 = 23587 um.
Total wire length on LAYER M6 = 346 um.
Total wire length on LAYER M7 = 143 um.
Total wire length on LAYER M8 = 0 um.
Total wire length on LAYER M9 = 0 um.
Total wire length on LAYER Pad = 0 um.
Total number of vias = 406748.
Up-via summary (total 406748):

-----------------
 Active         0
     M1    141709
     M2    234992
     M3     25074
     M4      4731
     M5       220
     M6        22
     M7         0
     M8         0
     M9         0
-----------------
       406748


[INFO DRT-0198] Complete detail routing.
Total wire length = 263265 um.
Total wire length on LAYER M1 = 0 um.
Total wire length on LAYER M2 = 87792 um.
Total wire length on LAYER M3 = 115289 um.
Total wire length on LAYER M4 = 36106 um.
Total wire length on LAYER M5 = 23587 um.
Total wire length on LAYER M6 = 346 um.
Total wire length on LAYER M7 = 143 um.
Total wire length on LAYER M8 = 0 um.
Total wire length on LAYER M9 = 0 um.
Total wire length on LAYER Pad = 0 um.
Total number of vias = 406748.
Up-via summary (total 406748):

-----------------
 Active         0
     M1    141709
     M2    234992
     M3     25074
     M4      4731
     M5       220
     M6        22
     M7         0
     M8         0
     M9         0
-----------------
       406748


[INFO DRT-0267] cpu time = 01:15:51, elapsed time = 01:16:06, memory = 3991.73 (MB), peak = 4025.88 (MB)

[INFO DRT-0180] Post processing.
[INFO DRT-0501] Runtime: 4919.39s
[WARNING RCX-0514] The ext_model_file option is deprecated. Use set_extraction_rules_file command instead.
[INFO RCX-0435] Reading extraction model file /OpenROAD-flow-scripts/flow/platforms/asap7/rcx_patterns.rules ...
[INFO RCX-0434] Defined process_corner MinMax0 with ext_model_index 0 (using extRulesFile defaults)
[INFO RCX-0436] RC segment generation ot_qwen_o4_scale_registered_probe (max_merge_res 50.0) ...
[INFO RCX-0040] Final 325787 rc segments
[INFO RCX-0439] Coupling Cap extraction ot_qwen_o4_scale_registered_probe ...
[INFO RCX-0440] Coupling threshhold is 0.1000 fF, coupling capacitance less than 0.1000 fF will be grounded.
[INFO RCX-0442] 13% of 322165 wires extracted
[INFO RCX-0442] 34% of 322165 wires extracted
[INFO RCX-0442] 46% of 322165 wires extracted
[INFO RCX-0442] 53% of 322165 wires extracted
[INFO RCX-0442] 58% of 322165 wires extracted
[INFO RCX-0442] 67% of 322165 wires extracted
[INFO RCX-0442] 76% of 322165 wires extracted
[INFO RCX-0442] 93% of 322165 wires extracted
[INFO RCX-0442] 99% of 322165 wires extracted
[INFO RCX-0442] 100% of 322165 wires extracted
[INFO RCX-0045] Extract 43582 nets, 368937 rsegs, 368937 caps, 610141 ccs
POST_DRT_SETUP
Startpoint: rst_n (input port clocked by core_clk)
Endpoint: _74194_ (recovery check against rising-edge clock core_clk)
Path Group: asynchronous
Path Type: max

  Delay    Time   Description
---------------------------------------------------------
   0.00    0.00   clock core_clk (rise edge)
   0.00    0.00   clock network delay (propagated)
 184.00  184.00 ^ input external delay
   0.00  184.00 ^ rst_n (in)
  23.21  207.21 ^ gain2214/Y (BUFx24_ASAP7_75t_R)
  29.73  236.95 ^ gain2177/Y (BUFx24_ASAP7_75t_R)
   0.00  236.95 ^ _74194_/RESETN (DFFASRHQNx1_ASAP7_75t_R)
         236.95   data arrival time

 920.00  920.00   clock core_clk (rise edge)
 157.15 1077.15   clock network delay (propagated)
   0.00 1077.15   clock reconvergence pessimism
        1077.15 ^ _74194_/CLK (DFFASRHQNx1_ASAP7_75t_R)
  18.98 1096.13   library recovery time
        1096.13   data required time
---------------------------------------------------------
        1096.13   data required time
        -236.95   data arrival time
---------------------------------------------------------
         859.18   slack (MET)


Startpoint: _71087_ (rising edge-triggered flip-flop clocked by core_clk)
Endpoint: _71016_ (rising edge-triggered flip-flop clocked by core_clk)
Path Group: core_clk
Path Type: max

  Delay    Time   Description
---------------------------------------------------------
   0.00    0.00   clock core_clk (rise edge)
 180.66  180.66   clock network delay (propagated)
   0.00  180.66 ^ _71087_/CLK (DFFASRHQNx1_ASAP7_75t_R)
  74.10  254.76 ^ _71087_/QN (DFFASRHQNx1_ASAP7_75t_R)
  34.60  289.36 ^ gain1528/Y (BUFx24_ASAP7_75t_R)
  39.25  328.61 ^ _41085_/Y (AND4x1_ASAP7_75t_R)
  21.68  350.29 v _41229_/Y (NAND3xp33_ASAP7_75t_R)
  32.11  382.40 v gain407/Y (BUFx10_ASAP7_75t_R)
  32.23  414.63 ^ _41234_/Y (NAND3x1_ASAP7_75t_R)
  21.50  436.13 v _41241_/Y (NOR2xp33_ASAP7_75t_R)
  22.64  458.77 ^ _41242_/Y (AOI211xp5_ASAP7_75t_R)
  13.78  472.55 v _41243_/Y (A2O1A1Ixp33_ASAP7_75t_R)
  27.95  500.49 ^ _41251_/Y (A2O1A1O1Ixp25_ASAP7_75t_R)
  22.54  523.04 v _41272_/Y (OAI211xp5_ASAP7_75t_R)
  26.07  549.10 v gain132/Y (BUFx3_ASAP7_75t_R)
  46.10  595.20 v _41273_/Y (OR5x1_ASAP7_75t_R)
  22.38  617.58 v gain95/Y (BUFx3_ASAP7_75t_R)
  37.35  654.93 v _41275_/Y (OR4x1_ASAP7_75t_R)
  20.94  675.88 v gain65/Y (BUFx3_ASAP7_75t_R)
  27.54  703.42 ^ _41277_/Y (NOR3xp33_ASAP7_75t_R)
  34.23  737.65 v _41278_/Y (NAND4xp25_ASAP7_75t_R)
  41.47  779.12 v _41279_/Y (OR3x1_ASAP7_75t_R)
  29.62  808.74 ^ _41281_/Y (NOR3xp33_ASAP7_75t_R)
  34.77  843.51 v _41282_/Y (NAND4xp25_ASAP7_75t_R)
  40.49  884.00 ^ _41284_/Y (NOR4xp25_ASAP7_75t_R)
  42.16  926.16 ^ _41285_/Y (AND4x1_ASAP7_75t_R)
  30.02  956.18 ^ _41286_/Y (AND3x1_ASAP7_75t_R)
  22.45  978.63 v _41287_/Y (NAND3xp33_ASAP7_75t_R)
  45.57 1024.20 ^ _41288_/Y (NOR4xp25_ASAP7_75t_R)
  41.61 1065.81 ^ _41289_/Y (AND4x1_ASAP7_75t_R)
  30.00 1095.81 ^ _41290_/Y (AND3x1_ASAP7_75t_R)
  34.14 1129.95 v _55045_/Y (NAND4xp25_ASAP7_75t_R)
  40.57 1170.52 ^ _55046_/Y (NOR4xp25_ASAP7_75t_R)
  24.57 1195.09 ^ _58659_/Y (XNOR2xp5_ASAP7_75t_R)
   0.00 1195.09 ^ _71016_/D (DFFASRHQNx1_ASAP7_75t_R)
        1195.09   data arrival time

 920.00  920.00   clock core_clk (rise edge)
 168.55 1088.55   clock network delay (propagated)
   6.87 1095.42   clock reconvergence pessimism
        1095.42 ^ _71016_/CLK (DFFASRHQNx1_ASAP7_75t_R)
 -14.46 1080.96   library setup time
        1080.96   data required time
---------------------------------------------------------
        1080.96   data required time
        -1195.09   data arrival time
---------------------------------------------------------
        -114.13   slack (VIOLATED)


wns max -114.13
POST_DRT_HOLD
Startpoint: rst_n (input port clocked by core_clk)
Endpoint: _74424_ (removal check against rising-edge clock core_clk)
Path Group: asynchronous
Path Type: min

  Delay    Time   Description
---------------------------------------------------------
   0.00    0.00   clock core_clk (rise edge)
   0.00    0.00   clock network delay (propagated)
 184.00  184.00 ^ input external delay
   0.00  184.00 ^ rst_n (in)
  22.36  206.36 ^ gain2185/Y (BUFx24_ASAP7_75t_R)
   0.00  206.36 ^ _74424_/RESETN (DFFASRHQNx1_ASAP7_75t_R)
         206.36   data arrival time

   0.00    0.00   clock core_clk (rise edge)
 187.14  187.14   clock network delay (propagated)
   0.00  187.14   clock reconvergence pessimism
         187.14 ^ _74424_/CLK (DFFASRHQNx1_ASAP7_75t_R)
  39.95  227.09   library removal time
         227.09   data required time
---------------------------------------------------------
         227.09   data required time
        -206.36   data arrival time
---------------------------------------------------------
         -20.73   slack (VIOLATED)


Startpoint: completed_sum[442] (input port clocked by core_clk)
Endpoint: _70104_ (rising edge-triggered flip-flop clocked by core_clk)
Path Group: core_clk
Path Type: min

  Delay    Time   Description
---------------------------------------------------------
   0.00    0.00   clock core_clk (rise edge)
   0.00    0.00   clock network delay (propagated)
 184.00  184.00 v input external delay
   0.00  184.00 v completed_sum[442] (in)
   0.00  184.00 v _70104_/D (DFFHQNx1_ASAP7_75t_R)
         184.00   data arrival time

   0.00    0.00   clock core_clk (rise edge)
 186.89  186.89   clock network delay (propagated)
   0.00  186.89   clock reconvergence pessimism
         186.89 ^ _70104_/CLK (DFFHQNx1_ASAP7_75t_R)
  30.52  217.41   library hold time
         217.41   data required time
---------------------------------------------------------
         217.41   data required time
        -184.00   data arrival time
---------------------------------------------------------
         -33.41   slack (VIOLATED)


[INFO RCX-0443] 43584 nets finished
