OpenROAD 26Q3-1510-g6cb3f2b704 
Features included (+) or not (-): +GPU +GUI +Python
This program is licensed under the BSD-3 license. See the LICENSE file for details.
Components of this program may be licensed under more restrictive licenses which must be honored.
[INFO ODB-0227] LEF file: /OpenROAD-flow-scripts/flow/platforms/asap7/lef/asap7_tech_1x_201209.lef, created 30 layers, 9 vias
[INFO ODB-0227] LEF file: /OpenROAD-flow-scripts/flow/platforms/asap7/lef/asap7sc7p5t_28_R_1x_220121a.lef, created 212 library cells
[WARNING STA-1212] /OpenROAD-flow-scripts/flow/platforms/asap7/lib/NLDM/asap7sc7p5t_SIMPLE_RVT_TT_nldm_211120.lib.gz line 13178, timing group from output port.
[WARNING STA-1212] /OpenROAD-flow-scripts/flow/platforms/asap7/lib/NLDM/asap7sc7p5t_SIMPLE_RVT_TT_nldm_211120.lib.gz line 13211, timing group from output port.
[WARNING STA-1212] /OpenROAD-flow-scripts/flow/platforms/asap7/lib/NLDM/asap7sc7p5t_SIMPLE_RVT_TT_nldm_211120.lib.gz line 13244, timing group from output port.
[WARNING STA-1212] /OpenROAD-flow-scripts/flow/platforms/asap7/lib/NLDM/asap7sc7p5t_SIMPLE_RVT_TT_nldm_211120.lib.gz line 13277, timing group from output port.
[WARNING STA-1212] /OpenROAD-flow-scripts/flow/platforms/asap7/lib/NLDM/asap7sc7p5t_SIMPLE_RVT_TT_nldm_211120.lib.gz line 13310, timing group from output port.
[WARNING STA-1212] /OpenROAD-flow-scripts/flow/platforms/asap7/lib/NLDM/asap7sc7p5t_SIMPLE_RVT_TT_nldm_211120.lib.gz line 13343, timing group from output port.
[WARNING STA-1212] /OpenROAD-flow-scripts/flow/platforms/asap7/lib/NLDM/asap7sc7p5t_SIMPLE_RVT_TT_nldm_211120.lib.gz line 13376, timing group from output port.
[WARNING STA-1212] /OpenROAD-flow-scripts/flow/platforms/asap7/lib/NLDM/asap7sc7p5t_SIMPLE_RVT_TT_nldm_211120.lib.gz line 14772, timing group from output port.
[WARNING STA-1212] /OpenROAD-flow-scripts/flow/platforms/asap7/lib/NLDM/asap7sc7p5t_SIMPLE_RVT_TT_nldm_211120.lib.gz line 14805, timing group from output port.
[WARNING STA-1212] /OpenROAD-flow-scripts/flow/platforms/asap7/lib/NLDM/asap7sc7p5t_SIMPLE_RVT_TT_nldm_211120.lib.gz line 14838, timing group from output port.
[WARNING IFP-0028] Core area lower left (15.000, 15.000) snapped to (15.012, 15.120).
[INFO IFP-0001] Added 777 rows of 3888 site asap7sc7p5t.
[INFO IFP-0100] Die BBox:  (  0.000  0.000 ) ( 240.000 240.000 ) um
[INFO IFP-0101] Core BBox: ( 15.012 15.120 ) ( 224.964 224.910 ) um
[INFO IFP-0102] Core area:                        44045.830 um^2
[INFO IFP-0103] Total instances area:              4792.913 um^2
[INFO IFP-0104] Effective utilization:                0.109
[INFO IFP-0105] Number of instances:                  39573
[WARNING EST-0027] no estimated parasitics. Using wire load models.
[WARNING RSZ-0065] max wire length less than 184u increases wire delays.
Iteration |   Area    | Resized | Buffers | Nets repaired | Remaining
---------------------------------------------------------------------
        0 |    +12.0% |       0 |    2214 |          9654 |     42572
    final |    +12.0% |       0 |    2214 |          9654 |         0
---------------------------------------------------------------------
[INFO RSZ-0038] Inserted 2214 buffers in 9654 nets.
[INFO RSZ-0504] Runtime: 14.48s
Found 0 macro blocks.
Using 2 tracks default min distance between IO pins.
[INFO PPL-0001] Number of available slots 9936
[INFO PPL-0002] Number of I/O             1299
[INFO PPL-0003] Number of I/O w/sink      1286
[INFO PPL-0004] Number of I/O w/o sink    13
[INFO PPL-0005] Slots per section         200
[INFO PPL-0008] Successfully assigned pins to sections.
[INFO PPL-0012] I/O nets HPWL: 165477.98 um.
[INFO GPL-0001] ---- Initialize GPL Main Data Structures
[INFO GPL-0002] DBU: 1000
[INFO GPL-0003] SiteSize: (  0.054  0.270 ) um
[INFO GPL-0004] CoreBBox: ( 15.012 15.120 ) ( 224.964 224.910 ) um
[INFO GPL-0016] Core area:                   44045.830 um^2
[INFO GPL-0036] Movable instances area:       5368.823 um^2
[INFO GPL-0037] Total instances area:         5368.823 um^2
[INFO GPL-0035] Pin density area adjust:       440.556 um^2
[INFO GPL-0032] ---- Initialize Region: Top-level
[INFO GPL-0006] Number of instances:             41787
[INFO GPL-0007] Movable instances:               41787
[INFO GPL-0008] Fixed instances:                     0
[INFO GPL-0009] Dummy instances:                     0
[INFO GPL-0010] Number of nets:                  42975
[INFO GPL-0011] Number of pins:                 145513
[INFO GPL-0012] Die BBox:       (  0.000  0.000 ) ( 240.000 240.000 ) um
[INFO GPL-0013] Placement BBox: ( 15.012 15.120 ) ( 224.964 224.910 ) um
[INFO GPL-0014] Region name: top-level.
[INFO GPL-0015] Region area:                 44045.830 um^2
[INFO GPL-0017] Fixed instances area:            0.000 um^2
[INFO GPL-0018] Movable instances area:       5809.378 um^2
[INFO GPL-0019] Utilization:                    13.189 %
[INFO GPL-0020] Standard cells area:          5809.378 um^2
[INFO GPL-0021] Large instances area:            0.000 um^2
[INFO GPL-0005] ---- Execute Conjugate Gradient Initial Placement.
[INFO GPL-0051] Source of initial instance position counters:
	Odb location = 2214	Core center = 39573	Region center = 0
[InitialPlace]  Iter: 1 conjugate gradient residual: 0.00094155 HPWL: 465278430
[InitialPlace]  Iter: 2 conjugate gradient residual: 0.00015140 HPWL: 214496142
[InitialPlace]  Iter: 3 conjugate gradient residual: 0.00009208 HPWL: 208837395
[InitialPlace]  Iter: 4 conjugate gradient residual: 0.00004891 HPWL: 207654367
[InitialPlace]  Iter: 5 conjugate gradient residual: 0.00005385 HPWL: 206636476
[InitialPlace]  Iter: 6 conjugate gradient residual: 0.00003183 HPWL: 205907008
[InitialPlace]  Iter: 7 conjugate gradient residual: 0.00004175 HPWL: 204982762
[InitialPlace]  Iter: 8 conjugate gradient residual: 0.00011124 HPWL: 204336189
[InitialPlace]  Iter: 9 conjugate gradient residual: 0.00003988 HPWL: 203532529
[InitialPlace]  Iter: 10 conjugate gradient residual: 0.00003324 HPWL: 202997641
[InitialPlace]  Iter: 11 conjugate gradient residual: 0.00002393 HPWL: 202349194
[InitialPlace]  Iter: 12 conjugate gradient residual: 0.00003761 HPWL: 201961682
[InitialPlace]  Iter: 13 conjugate gradient residual: 0.00002386 HPWL: 201532292
[InitialPlace]  Iter: 14 conjugate gradient residual: 0.00001926 HPWL: 201345856
[InitialPlace]  Iter: 15 conjugate gradient residual: 0.00001517 HPWL: 201042949
[InitialPlace]  Iter: 16 conjugate gradient residual: 0.00001559 HPWL: 201027182
[InitialPlace]  Iter: 17 conjugate gradient residual: 0.00001452 HPWL: 200819918
[InitialPlace]  Iter: 18 conjugate gradient residual: 0.00001602 HPWL: 200817047
[InitialPlace]  Iter: 19 conjugate gradient residual: 0.00001317 HPWL: 200756933
[InitialPlace]  Iter: 20 conjugate gradient residual: 0.00001264 HPWL: 200811479
[INFO GPL-0033] ---- Initialize Nesterov Region: Top-level
[INFO GPL-0023] Placement target density:       0.4500
[INFO GPL-0024] Movable insts average area:      0.139 um^2
[INFO GPL-0025] Ideal bin area:                  0.309 um^2
[INFO GPL-0026] Ideal bin count:                142570
[INFO GPL-0027] Total bin area:              44045.830 um^2
[INFO GPL-0028] Bin count (X, Y):         128 ,    128
[INFO GPL-0029] Bin size (W * H):       1.640 *  1.639 um
[INFO GPL-0030] Number of bins:                  16384
[INFO GPL-0084] ---- Execute Nesterov Global Placement.
[INFO GPL-0031] HPWL: Half-Perimeter Wirelength
Iteration | Overflow |     HPWL (um) |  HPWL(%) |   Penalty | Group
---------------------------------------------------------------
        0 |   0.8298 |  1.749977e+05 |   +0.00% |  4.68e-13 |      
       10 |   0.7334 |  2.022769e+05 |  +15.59% |  7.60e-13 |      
       20 |   0.6691 |  2.140468e+05 |   +5.82% |  1.24e-12 |      
       30 |   0.6332 |  2.218205e+05 |   +3.63% |  2.01e-12 |      
       40 |   0.6196 |  2.236844e+05 |   +0.84% |  3.28e-12 |      
       50 |   0.6151 |  2.237351e+05 |   +0.02% |  5.34e-12 |      
       60 |   0.6174 |  2.232504e+05 |   -0.22% |  8.70e-12 |      
       70 |   0.6157 |  2.238878e+05 |   +0.29% |  1.42e-11 |      
       80 |   0.6132 |  2.246965e+05 |   +0.36% |  2.31e-11 |      
       90 |   0.6138 |  2.251020e+05 |   +0.18% |  3.76e-11 |      
      100 |   0.6148 |  2.253053e+05 |   +0.09% |  6.12e-11 |      
      110 |   0.6072 |  2.256421e+05 |   +0.15% |  9.97e-11 |      
      120 |   0.6044 |  2.260438e+05 |   +0.18% |  1.62e-10 |      
      130 |   0.6037 |  2.267454e+05 |   +0.31% |  2.65e-10 |      
      140 |   0.6010 |  2.274635e+05 |   +0.32% |  4.31e-10 |      
      150 |   0.5946 |  2.280447e+05 |   +0.26% |  7.02e-10 |      
      160 |   0.5873 |  2.287123e+05 |   +0.29% |  1.14e-09 |      
      170 |   0.5827 |  2.299010e+05 |   +0.52% |  1.86e-09 |      
      180 |   0.5743 |  2.320676e+05 |   +0.94% |  3.03e-09 |      
      190 |   0.5666 |  2.351030e+05 |   +1.31% |  4.94e-09 |      
      200 |   0.5521 |  2.376544e+05 |   +1.09% |  8.04e-09 |      
      210 |   0.5395 |  2.357019e+05 |   -0.82% |  1.31e-08 |      
      220 |   0.5242 |  2.301454e+05 |   -2.36% |  2.13e-08 |      
      230 |   0.5039 |  2.339786e+05 |   +1.67% |  3.47e-08 |      
      240 |   0.4874 |  2.359643e+05 |   +0.85% |  5.66e-08 |      
      250 |   0.4631 |  2.319115e+05 |   -1.72% |  9.21e-08 |      
      260 |   0.4354 |  2.310452e+05 |   -0.37% |  1.50e-07 |      
      270 |   0.4053 |  2.302531e+05 |   -0.34% |  2.44e-07 |      
      280 |   0.3906 |  2.279546e+05 |   -1.00% |  3.98e-07 |      
      290 |   0.3436 |  2.266286e+05 |   -0.58% |  6.48e-07 |      
      300 |   0.3154 |  2.257513e+05 |   -0.39% |  9.54e-07 |      
      310 |   0.2862 |  2.246714e+05 |   -0.48% |  1.41e-06 |      
      320 |   0.2562 |  2.246042e+05 |   -0.03% |  2.07e-06 |      
      330 |   0.2235 |  2.245157e+05 |   -0.04% |  3.05e-06 |      
      340 |   0.1908 |  2.245889e+05 |   +0.03% |  4.49e-06 |      
      350 |   0.1602 |  2.248163e+05 |   +0.10% |  6.62e-06 |      
      360 |   0.1329 |  2.253140e+05 |   +0.22% |  9.75e-06 |      
      370 |   0.1076 |  2.255941e+05 |   +0.12% |  1.44e-05 |      
      374 |   0.0993 |  2.256825e+05 |          |  1.74e-05 |      
---------------------------------------------------------------
[INFO GPL-1001] Global placement finished at iteration 374
[INFO GPL-1002] Placed Cell Area             5809.3781
[INFO GPL-1003] Available Free Area         44045.8301
[INFO GPL-1004] Minimum Feasible Density        0.1400 (cell_area / free_area)
[INFO GPL-1006]   Suggested Target Densities:
[INFO GPL-1007]     - For 90% usage of free space: 0.1465
[INFO GPL-1008]     - For 80% usage of free space: 0.1649
[INFO GPL-1009]     - For 50% usage of free space: 0.2638
[INFO GPL-1014] Final placement area: 5809.38 (+0.00%)
[INFO DPL-0006] Core area: 44045.83 um^2
[INFO DPL-0007] Movable instances area: 5368.82 um^2
[INFO DPL-0008] Fixed instances area within core: 0.00 um^2
[INFO DPL-0009] Utilization: 12.2%
[INFO DPL-0005] Diamond search max displacement: +/- 18518 sites horizontally, +/- 740 rows vertically.
[INFO DPL-1102] Legalizing using negotiation legalizer.
[INFO DPL-1103] Negotiation base search window: +/-20 sites horizontally, +/-5 rows vertically 
	Automatic search window extension enabled.
	Search window extendable up to the max displacement cap of +/-18518 sites, +/-740 rows near walls.
[INFO DPL-1104] NegotiationLegalizer DRC penalty: 5.
[INFO DPL-0392] Negotiation cell height distribution (1 unique row-count(s)):
[INFO DPL-0393]   height 1 row(s): 41787 cells
          |      Total |  Illegal |  Illegal
Iteration | Violations |    Cells |    Sites
---------------------------------------------
        0 |        524 |       154 |       370
        1 |          0 |         0 |         0
Negotiation phase 1 converged at iteration 1.
[INFO DPL-0500] Runtime: 6.23s
Placement Analysis
---------------------------------
total displacement      13752.8 u
average displacement        0.3 u
max displacement            2.0 u
original HPWL          225896.2 u
legalized HPWL         234830.7 u
delta HPWL                    4 %

POST_PLACE_SETUP
Startpoint: rst_n (input port clocked by core_clk)
Endpoint: _72484_ (recovery check against rising-edge clock core_clk)
Path Group: asynchronous
Path Type: max

  Delay    Time   Description
---------------------------------------------------------
   0.00    0.00   clock core_clk (rise edge)
   0.00    0.00   clock network delay (ideal)
 184.00  184.00 ^ input external delay
   0.00  184.00 ^ rst_n (in)
 913.90 1097.90 ^ gain2207/Y (BUFx24_ASAP7_75t_R)
  74.87 1172.76 ^ gain2116/Y (BUFx24_ASAP7_75t_R)
  46.93 1219.70 ^ _72484_/RESETN (DFFASRHQNx1_ASAP7_75t_R)
        1219.70   data arrival time

 920.00  920.00   clock core_clk (rise edge)
   0.00  920.00   clock network delay (ideal)
   0.00  920.00   clock reconvergence pessimism
         920.00 ^ _72484_/CLK (DFFASRHQNx1_ASAP7_75t_R)
  21.68  941.68   library recovery time
         941.68   data required time
---------------------------------------------------------
         941.68   data required time
        -1219.70   data arrival time
---------------------------------------------------------
        -278.01   slack (VIOLATED)


Startpoint: _71091_ (rising edge-triggered flip-flop clocked by core_clk)
Endpoint: _71016_ (rising edge-triggered flip-flop clocked by core_clk)
Path Group: core_clk
Path Type: max

  Delay    Time   Description
---------------------------------------------------------
   0.00    0.00   clock core_clk (rise edge)
   0.00    0.00   clock network delay (ideal)
   0.00    0.00 ^ _71091_/CLK (DFFASRHQNx1_ASAP7_75t_R)
  63.65   63.65 v _71091_/QN (DFFASRHQNx1_ASAP7_75t_R)
  38.45  102.10 v gain1521/Y (BUFx24_ASAP7_75t_R)
  43.10  145.20 ^ _40865_/Y (NOR2xp67_ASAP7_75t_R)
  34.71  179.91 v _41111_/Y (AOI21xp33_ASAP7_75t_R)
  38.84  218.75 v gain409/Y (BUFx8_ASAP7_75t_R)
  35.22  253.98 ^ _41234_/Y (NAND3x1_ASAP7_75t_R)
  25.73  279.71 v _41241_/Y (NOR2xp33_ASAP7_75t_R)
  25.79  305.50 ^ _41242_/Y (AOI211xp5_ASAP7_75t_R)
  16.28  321.77 v _41243_/Y (A2O1A1Ixp33_ASAP7_75t_R)
  32.90  354.67 ^ _41251_/Y (A2O1A1O1Ixp25_ASAP7_75t_R)
  31.11  385.78 v _41272_/Y (OAI211xp5_ASAP7_75t_R)
  32.77  418.56 v gain132/Y (BUFx3_ASAP7_75t_R)
  48.89  467.45 v _41273_/Y (OR5x1_ASAP7_75t_R)
  23.38  490.82 v gain95/Y (BUFx3_ASAP7_75t_R)
  38.39  529.21 v _41275_/Y (OR4x1_ASAP7_75t_R)
  21.90  551.11 v gain65/Y (BUFx3_ASAP7_75t_R)
  33.45  584.56 ^ _41277_/Y (NOR3xp33_ASAP7_75t_R)
  39.15  623.71 v _41278_/Y (NAND4xp25_ASAP7_75t_R)
  44.31  668.02 v _41279_/Y (OR3x1_ASAP7_75t_R)
  32.81  700.83 ^ _41281_/Y (NOR3xp33_ASAP7_75t_R)
  37.76  738.59 v _41282_/Y (NAND4xp25_ASAP7_75t_R)
  45.26  783.85 ^ _41284_/Y (NOR4xp25_ASAP7_75t_R)
  46.54  830.39 ^ _41285_/Y (AND4x1_ASAP7_75t_R)
  32.77  863.16 ^ _41286_/Y (AND3x1_ASAP7_75t_R)
  28.50  891.67 v _41287_/Y (NAND3xp33_ASAP7_75t_R)
  52.90  944.57 ^ _41288_/Y (NOR4xp25_ASAP7_75t_R)
  44.81  989.37 ^ _41289_/Y (AND4x1_ASAP7_75t_R)
  33.33 1022.70 ^ _41290_/Y (AND3x1_ASAP7_75t_R)
  38.81 1061.51 v _55045_/Y (NAND4xp25_ASAP7_75t_R)
  43.56 1105.08 ^ _55046_/Y (NOR4xp25_ASAP7_75t_R)
  28.21 1133.29 ^ _58659_/Y (XNOR2xp5_ASAP7_75t_R)
   0.13 1133.41 ^ _71016_/D (DFFASRHQNx1_ASAP7_75t_R)
        1133.41   data arrival time

 920.00  920.00   clock core_clk (rise edge)
   0.00  920.00   clock network delay (ideal)
   0.00  920.00   clock reconvergence pessimism
         920.00 ^ _71016_/CLK (DFFASRHQNx1_ASAP7_75t_R)
 -22.00  898.00   library setup time
         898.00   data required time
---------------------------------------------------------
         898.00   data required time
        -1133.41   data arrival time
---------------------------------------------------------
        -235.41   slack (VIOLATED)


[INFO CTS-0050] Root buffer is BUFx2_ASAP7_75t_R.
[INFO CTS-0051] Sink buffer is BUFx24_ASAP7_75t_R.
[INFO CTS-0052] The following clock buffers will be used for CTS:
                    BUFx2_ASAP7_75t_R
                    BUFx4_ASAP7_75t_R
                    BUFx10_ASAP7_75t_R
                    BUFx16f_ASAP7_75t_R
                    BUFx24_ASAP7_75t_R
[INFO CTS-0049] Characterization buffer is BUFx24_ASAP7_75t_R.
[INFO CTS-0007] Net "clk" found for clock "core_clk".
[INFO CTS-0010]  Clock net "clk" has 5684 sinks.
[INFO CTS-0008] TritonCTS found 1 clock nets.
[INFO CTS-0097] Characterization used 5 buffer(s) types.
[INFO CTS-0201] 0 blockages from hard placement blockages and placed macros will be used.
[INFO CTS-0027] Generating H-Tree topology for net clk.
[INFO CTS-0028]  Total number of sinks: 5684.
[INFO CTS-0030]  Number of static layers: 0.
[INFO CTS-0020]  Wire segment unit: 1350  dbu (1 um).
[INFO CTS-0023]  Original sink region: [(15703, 19845), (215827, 222841)].
[INFO CTS-0024]  Normalized sink region: [(11.6319, 14.7), (159.872, 165.067)].
[INFO CTS-0025]     Width:  148.2400.
[INFO CTS-0026]     Height: 150.3674.
 Level 1
    Direction: Vertical
    Sinks per sub-region: 2842
    Sub-region size: 148.2400 X 75.1837
[INFO CTS-0034]     Segment length (rounded): 38.
 Level 2
    Direction: Horizontal
    Sinks per sub-region: 1421
    Sub-region size: 74.1200 X 75.1837
[INFO CTS-0034]     Segment length (rounded): 38.
 Level 3
    Direction: Vertical
    Sinks per sub-region: 711
    Sub-region size: 74.1200 X 37.5919
[INFO CTS-0034]     Segment length (rounded): 18.
 Level 4
    Direction: Horizontal
    Sinks per sub-region: 356
    Sub-region size: 37.0600 X 37.5919
[INFO CTS-0034]     Segment length (rounded): 18.
 Level 5
    Direction: Vertical
    Sinks per sub-region: 178
    Sub-region size: 37.0600 X 18.7959
[INFO CTS-0034]     Segment length (rounded): 10.
 Level 6
    Direction: Horizontal
    Sinks per sub-region: 89
    Sub-region size: 18.5300 X 18.7959
[INFO CTS-0034]     Segment length (rounded): 10.
 Level 7
    Direction: Vertical
    Sinks per sub-region: 45
    Sub-region size: 18.5300 X 9.3980
[INFO CTS-0034]     Segment length (rounded): 4.
 Level 8
    Direction: Horizontal
    Sinks per sub-region: 23
    Sub-region size: 9.2650 X 9.3980
[INFO CTS-0034]     Segment length (rounded): 4.
 Level 9
    Direction: Vertical
    Sinks per sub-region: 12
    Sub-region size: 9.2650 X 4.6990
[INFO CTS-0034]     Segment length (rounded): 2.
[INFO CTS-0038]  Stop criterion found. Sink region hpwl is smaller than max wirelength (183.934 um) and max number of sinks is 15.
[INFO CTS-0035]  Number of sinks covered: 5684.
[INFO CTS-0018]     Created 607 clock buffers.
[INFO CTS-0012]     Minimum number of buffers in the clock path: 7.
[INFO CTS-0013]     Maximum number of buffers in the clock path: 7.
[INFO CTS-0015]     Created 607 clock nets.
[INFO CTS-0016]     Fanout distribution for the current clock = 3:2, 4:14, 5:21, 6:33, 7:58, 8:43, 9:46, 10:51, 11:28, 12:51, 13:25, 14:30, 15:26, 16:21, 17:14, 18:8, 19:12, 20:5, 21:9, 22:6, 23:3, 24:1, 25:3, 27:1, 28:1..
[INFO CTS-0017]     Max level of the clock tree: 9.
[INFO CTS-0098] Clock net "clk"
[INFO CTS-0099]  Sinks 6125
[INFO CTS-0100]  Leaf buffers 0
[INFO CTS-0101]  Average sink wire length 271.88 um
[INFO CTS-0102]  Path depth 7 - 7
[INFO CTS-0207]  Dummy loads inserted 441
[INFO CTS-0500] Runtime: 25.62s
[INFO DPL-0006] Core area: 44045.83 um^2
[INFO DPL-0007] Movable instances area: 5530.44 um^2
[INFO DPL-0008] Fixed instances area within core: 0.00 um^2
[INFO DPL-0009] Utilization: 12.6%
[INFO DPL-0005] Diamond search max displacement: +/- 18518 sites horizontally, +/- 740 rows vertically.
[INFO DPL-1102] Legalizing using negotiation legalizer.
[INFO DPL-1103] Negotiation base search window: +/-20 sites horizontally, +/-5 rows vertically 
	Automatic search window extension enabled.
	Search window extendable up to the max displacement cap of +/-18518 sites, +/-740 rows near walls.
[INFO DPL-1104] NegotiationLegalizer DRC penalty: 5.
[INFO DPL-0392] Negotiation cell height distribution (1 unique row-count(s)):
[INFO DPL-0393]   height 1 row(s): 42835 cells
          |      Total |  Illegal |  Illegal
Iteration | Violations |    Cells |    Sites
---------------------------------------------
        0 |         40 |        10 |        30
        1 |          0 |         0 |         0
Negotiation phase 1 converged at iteration 1.
[INFO DPL-0500] Runtime: 0.84s
Placement Analysis
---------------------------------
total displacement        513.6 u
average displacement        0.0 u
max displacement            2.2 u
original HPWL          243054.3 u
legalized HPWL         243192.6 u
delta HPWL                    0 %

POST_CTS_SETUP
Startpoint: rst_n (input port clocked by core_clk)
Endpoint: _72472_ (recovery check against rising-edge clock core_clk)
Path Group: asynchronous
Path Type: max

  Delay    Time   Description
---------------------------------------------------------
   0.00    0.00   clock core_clk (rise edge)
   0.00    0.00   clock network delay (propagated)
 184.00  184.00 ^ input external delay
   0.00  184.00 ^ rst_n (in)
 914.19 1098.19 ^ gain2207/Y (BUFx24_ASAP7_75t_R)
  74.87 1173.06 ^ gain2116/Y (BUFx24_ASAP7_75t_R)
  46.48 1219.54 ^ _72472_/RESETN (DFFASRHQNx1_ASAP7_75t_R)
        1219.54   data arrival time

 920.00  920.00   clock core_clk (rise edge)
 263.86 1183.86   clock network delay (propagated)
   0.00 1183.86   clock reconvergence pessimism
        1183.86 ^ _72472_/CLK (DFFASRHQNx1_ASAP7_75t_R)
  30.44 1214.31   library recovery time
        1214.31   data required time
---------------------------------------------------------
        1214.31   data required time
        -1219.54   data arrival time
---------------------------------------------------------
          -5.23   slack (VIOLATED)


Startpoint: _71091_ (rising edge-triggered flip-flop clocked by core_clk)
Endpoint: _71016_ (rising edge-triggered flip-flop clocked by core_clk)
Path Group: core_clk
Path Type: max

  Delay    Time   Description
---------------------------------------------------------
   0.00    0.00   clock core_clk (rise edge)
 286.77  286.77   clock network delay (propagated)
   0.00  286.77 ^ _71091_/CLK (DFFASRHQNx1_ASAP7_75t_R)
  81.13  367.90 v _71091_/QN (DFFASRHQNx1_ASAP7_75t_R)
  38.46  406.37 v gain1521/Y (BUFx24_ASAP7_75t_R)
  43.10  449.47 ^ _40865_/Y (NOR2xp67_ASAP7_75t_R)
  34.71  484.18 v _41111_/Y (AOI21xp33_ASAP7_75t_R)
  38.84  523.01 v gain409/Y (BUFx8_ASAP7_75t_R)
  35.22  558.24 ^ _41234_/Y (NAND3x1_ASAP7_75t_R)
  25.73  583.97 v _41241_/Y (NOR2xp33_ASAP7_75t_R)
  25.79  609.76 ^ _41242_/Y (AOI211xp5_ASAP7_75t_R)
  16.28  626.04 v _41243_/Y (A2O1A1Ixp33_ASAP7_75t_R)
  32.90  658.94 ^ _41251_/Y (A2O1A1O1Ixp25_ASAP7_75t_R)
  31.11  690.05 v _41272_/Y (OAI211xp5_ASAP7_75t_R)
  32.77  722.82 v gain132/Y (BUFx3_ASAP7_75t_R)
  48.89  771.71 v _41273_/Y (OR5x1_ASAP7_75t_R)
  23.38  795.09 v gain95/Y (BUFx3_ASAP7_75t_R)
  38.39  833.47 v _41275_/Y (OR4x1_ASAP7_75t_R)
  21.90  855.37 v gain65/Y (BUFx3_ASAP7_75t_R)
  33.45  888.82 ^ _41277_/Y (NOR3xp33_ASAP7_75t_R)
  39.15  927.97 v _41278_/Y (NAND4xp25_ASAP7_75t_R)
  44.31  972.28 v _41279_/Y (OR3x1_ASAP7_75t_R)
  32.81 1005.10 ^ _41281_/Y (NOR3xp33_ASAP7_75t_R)
  37.76 1042.85 v _41282_/Y (NAND4xp25_ASAP7_75t_R)
  45.26 1088.12 ^ _41284_/Y (NOR4xp25_ASAP7_75t_R)
  46.54 1134.66 ^ _41285_/Y (AND4x1_ASAP7_75t_R)
  32.77 1167.43 ^ _41286_/Y (AND3x1_ASAP7_75t_R)
  28.50 1195.93 v _41287_/Y (NAND3xp33_ASAP7_75t_R)
  52.90 1248.83 ^ _41288_/Y (NOR4xp25_ASAP7_75t_R)
  44.81 1293.64 ^ _41289_/Y (AND4x1_ASAP7_75t_R)
  33.33 1326.97 ^ _41290_/Y (AND3x1_ASAP7_75t_R)
  38.81 1365.78 v _55045_/Y (NAND4xp25_ASAP7_75t_R)
  43.56 1409.34 ^ _55046_/Y (NOR4xp25_ASAP7_75t_R)
  28.21 1437.55 ^ _58659_/Y (XNOR2xp5_ASAP7_75t_R)
   0.13 1437.68 ^ _71016_/D (DFFASRHQNx1_ASAP7_75t_R)
        1437.68   data arrival time

 920.00  920.00   clock core_clk (rise edge)
 270.57 1190.57   clock network delay (propagated)
   9.04 1199.61   clock reconvergence pessimism
        1199.61 ^ _71016_/CLK (DFFASRHQNx1_ASAP7_75t_R)
 -14.01 1185.60   library setup time
        1185.60   data required time
---------------------------------------------------------
        1185.60   data required time
        -1437.68   data arrival time
---------------------------------------------------------
        -252.08   slack (VIOLATED)


POST_CTS_HOLD
Startpoint: rst_n (input port clocked by core_clk)
Endpoint: _71594_ (removal check against rising-edge clock core_clk)
Path Group: asynchronous
Path Type: min

  Delay    Time   Description
---------------------------------------------------------
   0.00    0.00   clock core_clk (rise edge)
   0.00    0.00   clock network delay (propagated)
 184.00  184.00 ^ input external delay
   0.00  184.00 ^ rst_n (in)
 451.52  635.52 ^ gain2203/Y (BUFx24_ASAP7_75t_R)
  38.11  673.64 ^ gain2084/Y (BUFx24_ASAP7_75t_R)
   0.84  674.47 ^ _71594_/RESETN (DFFASRHQNx1_ASAP7_75t_R)
         674.47   data arrival time

   0.00    0.00   clock core_clk (rise edge)
 282.15  282.15   clock network delay (propagated)
   0.00  282.15   clock reconvergence pessimism
         282.15 ^ _71594_/CLK (DFFASRHQNx1_ASAP7_75t_R)
  40.45  322.61   library removal time
         322.61   data required time
---------------------------------------------------------
         322.61   data required time
        -674.47   data arrival time
---------------------------------------------------------
         351.87   slack (MET)


Startpoint: completed_sum[30] (input port clocked by core_clk)
Endpoint: _69692_ (rising edge-triggered flip-flop clocked by core_clk)
Path Group: core_clk
Path Type: min

  Delay    Time   Description
---------------------------------------------------------
   0.00    0.00   clock core_clk (rise edge)
   0.00    0.00   clock network delay (propagated)
 184.00  184.00 v input external delay
   0.00  184.00 v completed_sum[30] (in)
   2.35  186.35 v _69692_/D (DFFHQNx1_ASAP7_75t_R)
         186.35   data arrival time

   0.00    0.00   clock core_clk (rise edge)
 316.09  316.09   clock network delay (propagated)
   0.00  316.09   clock reconvergence pessimism
         316.09 ^ _69692_/CLK (DFFHQNx1_ASAP7_75t_R)
  31.96  348.05   library hold time
         348.05   data required time
---------------------------------------------------------
         348.05   data required time
        -186.35   data arrival time
---------------------------------------------------------
        -161.70   slack (VIOLATED)


[WARNING GRT-0281] Net one_ has a large fanout of 4148 terminals.
POST_GRT_SETUP
Startpoint: rst_n (input port clocked by core_clk)
Endpoint: _72485_ (recovery check against rising-edge clock core_clk)
Path Group: asynchronous
Path Type: max

  Delay    Time   Description
---------------------------------------------------------
   0.00    0.00   clock core_clk (rise edge)
   0.00    0.00   clock network delay (propagated)
 184.00  184.00 ^ input external delay
   0.00  184.00 ^ rst_n (in)
1037.19 1221.19 ^ gain2207/Y (BUFx24_ASAP7_75t_R)
  84.80 1305.99 ^ gain2116/Y (BUFx24_ASAP7_75t_R)
  59.39 1365.38 ^ _72485_/RESETN (DFFASRHQNx1_ASAP7_75t_R)
        1365.38   data arrival time

 920.00  920.00   clock core_clk (rise edge)
 282.13 1202.13   clock network delay (propagated)
   0.00 1202.13   clock reconvergence pessimism
        1202.13 ^ _72485_/CLK (DFFASRHQNx1_ASAP7_75t_R)
  32.92 1235.05   library recovery time
        1235.05   data required time
---------------------------------------------------------
        1235.05   data required time
        -1365.38   data arrival time
---------------------------------------------------------
        -130.33   slack (VIOLATED)


Startpoint: _71091_ (rising edge-triggered flip-flop clocked by core_clk)
Endpoint: _71016_ (rising edge-triggered flip-flop clocked by core_clk)
Path Group: core_clk
Path Type: max

  Delay    Time   Description
---------------------------------------------------------
   0.00    0.00   clock core_clk (rise edge)
 306.79  306.79   clock network delay (propagated)
   0.00  306.79 ^ _71091_/CLK (DFFASRHQNx1_ASAP7_75t_R)
  82.39  389.18 v _71091_/QN (DFFASRHQNx1_ASAP7_75t_R)
  37.19  426.37 v gain1521/Y (BUFx24_ASAP7_75t_R)
  49.12  475.49 ^ _40865_/Y (NOR2xp67_ASAP7_75t_R)
  38.64  514.14 v _41111_/Y (AOI21xp33_ASAP7_75t_R)
  40.49  554.63 v gain409/Y (BUFx8_ASAP7_75t_R)
  38.15  592.78 ^ _41234_/Y (NAND3x1_ASAP7_75t_R)
  28.14  620.92 v _41241_/Y (NOR2xp33_ASAP7_75t_R)
  26.70  647.62 ^ _41242_/Y (AOI211xp5_ASAP7_75t_R)
  18.07  665.70 v _41243_/Y (A2O1A1Ixp33_ASAP7_75t_R)
  36.50  702.19 ^ _41251_/Y (A2O1A1O1Ixp25_ASAP7_75t_R)
  33.44  735.63 v _41272_/Y (OAI211xp5_ASAP7_75t_R)
  33.68  769.32 v gain132/Y (BUFx3_ASAP7_75t_R)
  50.60  819.91 v _41273_/Y (OR5x1_ASAP7_75t_R)
  24.17  844.08 v gain95/Y (BUFx3_ASAP7_75t_R)
  38.87  882.96 v _41275_/Y (OR4x1_ASAP7_75t_R)
  22.44  905.40 v gain65/Y (BUFx3_ASAP7_75t_R)
  35.14  940.53 ^ _41277_/Y (NOR3xp33_ASAP7_75t_R)
  41.56  982.09 v _41278_/Y (NAND4xp25_ASAP7_75t_R)
  46.72 1028.81 v _41279_/Y (OR3x1_ASAP7_75t_R)
  34.33 1063.14 ^ _41281_/Y (NOR3xp33_ASAP7_75t_R)
  42.92 1106.06 v _41282_/Y (NAND4xp25_ASAP7_75t_R)
  49.24 1155.30 ^ _41284_/Y (NOR4xp25_ASAP7_75t_R)
  48.58 1203.88 ^ _41285_/Y (AND4x1_ASAP7_75t_R)
  33.98 1237.85 ^ _41286_/Y (AND3x1_ASAP7_75t_R)
  30.12 1267.97 v _41287_/Y (NAND3xp33_ASAP7_75t_R)
  57.51 1325.48 ^ _41288_/Y (NOR4xp25_ASAP7_75t_R)
  46.88 1372.36 ^ _41289_/Y (AND4x1_ASAP7_75t_R)
  34.82 1407.18 ^ _41290_/Y (AND3x1_ASAP7_75t_R)
  42.85 1450.03 v _55045_/Y (NAND4xp25_ASAP7_75t_R)
  49.57 1499.60 ^ _55046_/Y (NOR4xp25_ASAP7_75t_R)
  29.72 1529.32 ^ _58659_/Y (XNOR2xp5_ASAP7_75t_R)
   0.19 1529.51 ^ _71016_/D (DFFASRHQNx1_ASAP7_75t_R)
        1529.51   data arrival time

 920.00  920.00   clock core_clk (rise edge)
 289.68 1209.68   clock network delay (propagated)
   8.90 1218.58   clock reconvergence pessimism
        1218.58 ^ _71016_/CLK (DFFASRHQNx1_ASAP7_75t_R)
 -14.04 1204.54   library setup time
        1204.54   data required time
---------------------------------------------------------
        1204.54   data required time
        -1529.51   data arrival time
---------------------------------------------------------
        -324.98   slack (VIOLATED)


POST_GRT_HOLD
Startpoint: rst_n (input port clocked by core_clk)
Endpoint: _71593_ (removal check against rising-edge clock core_clk)
Path Group: asynchronous
Path Type: min

  Delay    Time   Description
---------------------------------------------------------
   0.00    0.00   clock core_clk (rise edge)
   0.00    0.00   clock network delay (propagated)
 184.00  184.00 ^ input external delay
   0.00  184.00 ^ rst_n (in)
 501.35  685.35 ^ gain2203/Y (BUFx24_ASAP7_75t_R)
  40.12  725.46 ^ gain2084/Y (BUFx24_ASAP7_75t_R)
   2.54  728.00 ^ _71593_/RESETN (DFFASRHQNx1_ASAP7_75t_R)
         728.00   data arrival time

   0.00    0.00   clock core_clk (rise edge)
 299.86  299.86   clock network delay (propagated)
   0.00  299.86   clock reconvergence pessimism
         299.86 ^ _71593_/CLK (DFFASRHQNx1_ASAP7_75t_R)
  41.08  340.94   library removal time
         340.94   data required time
---------------------------------------------------------
         340.94   data required time
        -728.00   data arrival time
---------------------------------------------------------
         387.06   slack (MET)


Startpoint: completed_sum[30] (input port clocked by core_clk)
Endpoint: _69692_ (rising edge-triggered flip-flop clocked by core_clk)
Path Group: core_clk
Path Type: min

  Delay    Time   Description
---------------------------------------------------------
   0.00    0.00   clock core_clk (rise edge)
   0.00    0.00   clock network delay (propagated)
 184.00  184.00 v input external delay
   0.00  184.00 v completed_sum[30] (in)
   1.81  185.81 v _69692_/D (DFFHQNx1_ASAP7_75t_R)
         185.81   data arrival time

   0.00    0.00   clock core_clk (rise edge)
 336.09  336.09   clock network delay (propagated)
   0.00  336.09   clock reconvergence pessimism
         336.09 ^ _69692_/CLK (DFFHQNx1_ASAP7_75t_R)
  33.59  369.67   library hold time
         369.67   data required time
---------------------------------------------------------
         369.67   data required time
        -185.81   data arrival time
---------------------------------------------------------
        -183.86   slack (VIOLATED)


