%Warning-WIDTHTRUNC: /home/ubuntu/OpenTallas-hbm-rf-service/rtl/gpu/ot_gpu_full_sm_service.sv:22:11: Logical operator GENIF expects 1 bit on the If, but If's VARREF 'ENABLE' generates 32 bits.
                                                                                                   : ... note: In instance 'tb_full_service_exact.dut'
   22 |  generate if(ENABLE) begin:g_enabled
      |           ^~
                     ... For warning description see https://verilator.org/warn/WIDTHTRUNC?v=5.050
                     ... Use "/* verilator lint_off WIDTHTRUNC */" and lint_on around source to disable this message.
%Warning-WIDTHTRUNC: /home/ubuntu/OpenTallas-hbm-rf-service/rtl/hdc/ot_hdc_fp32_add_lat.sv:207:14: Logical operator GENIF expects 1 bit on the If, but If's VARREF 'CUT' generates 32 bits.
                                                                                                 : ... note: In instance 'tb_full_service_exact.dut.g_enabled.g_lane[127].u_add.u.u_ca'
  207 |     generate if (CUT) begin : g_r
      |              ^~
-Info: Command Line disabled gate optimization with -fno-gate.  This may cause ordering problems.
%Warning-UNOPTFLAT: /home/ubuntu/OpenTallas-hbm-rf-service/rtl/hdc/ot_hdc_prefix.sv:24:27: Signal unoptimizable: Circular combinational logic: 'tb_full_service_exact.dut.g_enabled.g_lane[0].u_add.u.u_sum.g'
                                                                                         : ... note: In instance 'tb_full_service_exact.dut.g_enabled.g_lane[0].u_add.u.u_sum'
   24 |     (* keep *) wire [W:0] g [0:L];
      |                           ^
                    ... For warning description see https://verilator.org/warn/UNOPTFLAT?v=5.050
                    ... Use "/* verilator lint_off UNOPTFLAT */" and lint_on around source to disable this message.
                    /home/ubuntu/OpenTallas-hbm-rf-service/rtl/hdc/ot_hdc_prefix.sv:24:27:      Example path: tb_full_service_exact.dut.g_enabled.g_lane[0].u_add.u.u_sum.g
                    /home/ubuntu/OpenTallas-hbm-rf-service/rtl/hdc/ot_hdc_prefix.sv:36:40:      Example path: ASSIGNW
                    /home/ubuntu/OpenTallas-hbm-rf-service/rtl/hdc/ot_hdc_prefix.sv:24:27:      Example path: tb_full_service_exact.dut.g_enabled.g_lane[0].u_add.u.u_sum.g
%Warning-UNOPTFLAT: /home/ubuntu/OpenTallas-hbm-rf-service/rtl/hdc/ot_hdc_prefix.sv:25:27: Signal unoptimizable: Circular combinational logic: 'tb_full_service_exact.dut.g_enabled.g_lane[0].u_add.u.u_sum.p'
                                                                                         : ... note: In instance 'tb_full_service_exact.dut.g_enabled.g_lane[0].u_add.u.u_sum'
   25 |     (* keep *) wire [W:0] p [0:L];
      |                           ^
                    /home/ubuntu/OpenTallas-hbm-rf-service/rtl/hdc/ot_hdc_prefix.sv:25:27:      Example path: tb_full_service_exact.dut.g_enabled.g_lane[0].u_add.u.u_sum.p
                    /home/ubuntu/OpenTallas-hbm-rf-service/rtl/hdc/ot_hdc_prefix.sv:37:40:      Example path: ASSIGNW
                    /home/ubuntu/OpenTallas-hbm-rf-service/rtl/hdc/ot_hdc_prefix.sv:25:27:      Example path: tb_full_service_exact.dut.g_enabled.g_lane[0].u_add.u.u_sum.p
- V e r i l a t i o n   R e p o r t: Verilator 5.050 2026-07-01 rev v5.050
- Verilator: Built from 0.435 MB sources in 35 modules, into 243.633 MB in 940 C++ files needing 4.847 MB
- Verilator: Walltime 38.071 s (elab=0.304, cvt=31.828, bld=0.000); cpu 38.067 s on 1 threads; allocated 3537.125 MB
