OpenROAD 26Q3-1510-g6cb3f2b704 
Features included (+) or not (-): +GPU +GUI +Python
This program is licensed under the BSD-3 license. See the LICENSE file for details.
Components of this program may be licensed under more restrictive licenses which must be honored.
[WARNING STA-1212] /OpenROAD-flow-scripts/flow/platforms/asap7/lib/NLDM/asap7sc7p5t_SIMPLE_RVT_TT_nldm_211120.lib.gz line 13178, timing group from output port.
[WARNING STA-1212] /OpenROAD-flow-scripts/flow/platforms/asap7/lib/NLDM/asap7sc7p5t_SIMPLE_RVT_TT_nldm_211120.lib.gz line 13211, timing group from output port.
[WARNING STA-1212] /OpenROAD-flow-scripts/flow/platforms/asap7/lib/NLDM/asap7sc7p5t_SIMPLE_RVT_TT_nldm_211120.lib.gz line 13244, timing group from output port.
[WARNING STA-1212] /OpenROAD-flow-scripts/flow/platforms/asap7/lib/NLDM/asap7sc7p5t_SIMPLE_RVT_TT_nldm_211120.lib.gz line 13277, timing group from output port.
[WARNING STA-1212] /OpenROAD-flow-scripts/flow/platforms/asap7/lib/NLDM/asap7sc7p5t_SIMPLE_RVT_TT_nldm_211120.lib.gz line 13310, timing group from output port.
[WARNING STA-1212] /OpenROAD-flow-scripts/flow/platforms/asap7/lib/NLDM/asap7sc7p5t_SIMPLE_RVT_TT_nldm_211120.lib.gz line 13343, timing group from output port.
[WARNING STA-1212] /OpenROAD-flow-scripts/flow/platforms/asap7/lib/NLDM/asap7sc7p5t_SIMPLE_RVT_TT_nldm_211120.lib.gz line 13376, timing group from output port.
[WARNING STA-1212] /OpenROAD-flow-scripts/flow/platforms/asap7/lib/NLDM/asap7sc7p5t_SIMPLE_RVT_TT_nldm_211120.lib.gz line 14772, timing group from output port.
[WARNING STA-1212] /OpenROAD-flow-scripts/flow/platforms/asap7/lib/NLDM/asap7sc7p5t_SIMPLE_RVT_TT_nldm_211120.lib.gz line 14805, timing group from output port.
[WARNING STA-1212] /OpenROAD-flow-scripts/flow/platforms/asap7/lib/NLDM/asap7sc7p5t_SIMPLE_RVT_TT_nldm_211120.lib.gz line 14838, timing group from output port.
OT_XFIFO_GRAY u_ut wr_gray_pub->wr_gray_r1 width=4 max=710.0 destination=cku period=770.000000 hold=async
OT_XFIFO_GRAY u_ut rd_gray->rd_gray_w1 width=4 max=710.0 destination=ck period=770.000000 hold=async
OT_XFIFO_GRAY u_ur wr_gray_pub->wr_gray_r1 width=4 max=710.0 destination=ck period=770.000000 hold=async
OT_XFIFO_GRAY u_ur rd_gray->rd_gray_w1 width=4 max=710.0 destination=cku period=770.000000 hold=async
OT_XFIFO_GRAY u_st wr_gray_pub->wr_gray_r1 width=4 max=710.0 destination=cks period=770.000000 hold=async
OT_XFIFO_GRAY u_st rd_gray->rd_gray_w1 width=4 max=710.0 destination=ck period=770.000000 hold=async
OT_XFIFO_GRAY u_sr wr_gray_pub->wr_gray_r1 width=4 max=710.0 destination=ck period=770.000000 hold=async
OT_XFIFO_GRAY u_sr rd_gray->rd_gray_w1 width=4 max=710.0 destination=cks period=770.000000 hold=async
OT_XFIFO_GRAY u_sq wr_gray_pub->wr_gray_r1 width=4 max=710.0 destination=ck period=770.000000 hold=async
OT_XFIFO_GRAY u_sq rd_gray->rd_gray_w1 width=4 max=710.0 destination=ckd period=770.000000 hold=async
OT_XFIFO_GRAY_TOTAL 40 first-stage synchronizer bits
