Startpoint: on.u_ids.wgray[2]$_DFF_PN0_
            (rising edge-triggered flip-flop clocked by core_clk)
Endpoint: on.u_ids.wbin[0]$_DFF_PN0_
          (rising edge-triggered flip-flop clocked by core_clk)
Path Group: core_clk
Path Type: max
Corner: BC

Fanout       Cap      Slew     Delay      Time   Description
-------------------------------------------------------------------------------------
                              0.0000    0.0000   clock core_clk (rise edge)
                              0.0000    0.0000   clock source latency
     1   27.3258    0.0000    0.0000    0.0000 ^ clk (in)
                                                 clk (net)
                  120.5773   38.0379   38.0379 ^ wire928096/A (BUFx24_ASAP7_75t_R)
     1   25.1843   15.1648   38.4960   76.5339 ^ wire928096/Y (BUFx24_ASAP7_75t_R)
                                                 net928063 (net)
                  107.2812   33.6108  110.1447 ^ wire928095/A (BUFx24_ASAP7_75t_R)
     1   30.3045   15.5402   37.5048  147.6495 ^ wire928095/Y (BUFx24_ASAP7_75t_R)
                                                 net928062 (net)
                  153.6768   48.3693  196.0188 ^ wire928094/A (BUFx24_ASAP7_75t_R)
     1   30.6893   17.1150   42.5593  238.5781 ^ wire928094/Y (BUFx24_ASAP7_75t_R)
                                                 net928061 (net)
                  157.7739   49.6386  288.2167 ^ wire928093/A (BUFx24_ASAP7_75t_R)
     1   30.4929   17.2067   42.9851  331.2018 ^ wire928093/Y (BUFx24_ASAP7_75t_R)
                                                 net928060 (net)
                  155.8318   49.0195  380.2213 ^ wire928092/A (BUFx24_ASAP7_75t_R)
     2   17.5121   15.1057   41.4146  421.6358 ^ wire928092/Y (BUFx24_ASAP7_75t_R)
                                                 net928059 (net)
                   49.9249   14.9938  436.6296 ^ clkbuf_regs_0_core_clk/A (BUFx24_ASAP7_75t_R)
     1    4.2962    8.9992   27.3412  463.9708 ^ clkbuf_regs_0_core_clk/Y (BUFx24_ASAP7_75t_R)
                                                 clk_regs (net)
                    9.1591    0.9459  464.9167 ^ clkbuf_0_clk_regs/A (BUFx24_ASAP7_75t_R)
     2   12.2270    9.5240   18.0871  483.0038 ^ clkbuf_0_clk_regs/Y (BUFx24_ASAP7_75t_R)
                                                 clknet_0_clk_regs (net)
                   19.5285    5.2942  488.2980 ^ clkbuf_1_0_0_clk_regs/A (BUFx24_ASAP7_75t_R)
     1    9.4469    8.9668   21.0574  509.3554 ^ clkbuf_1_0_0_clk_regs/Y (BUFx24_ASAP7_75t_R)
                                                 clknet_1_0_0_clk_regs (net)
                   17.9774    5.0840  514.4395 ^ clkbuf_1_0_1_clk_regs/A (BUFx24_ASAP7_75t_R)
     1    9.4469    8.9459   20.5969  535.0364 ^ clkbuf_1_0_1_clk_regs/Y (BUFx24_ASAP7_75t_R)
                                                 clknet_1_0_1_clk_regs (net)
                   17.9680    5.0819  540.1183 ^ clkbuf_1_0_2_clk_regs/A (BUFx24_ASAP7_75t_R)
     1   12.2347    9.3274   20.7813  560.8997 ^ clkbuf_1_0_2_clk_regs/Y (BUFx24_ASAP7_75t_R)
                                                 clknet_1_0_2_clk_regs (net)
                   27.5299    8.1789  569.0786 ^ clkbuf_1_0_3_clk_regs/A (BUFx24_ASAP7_75t_R)
     1    4.4995    8.1624   22.6315  591.7101 ^ clkbuf_1_0_3_clk_regs/Y (BUFx24_ASAP7_75t_R)
                                                 clknet_1_0_3_clk_regs (net)
                    8.4901    1.0744  592.7845 ^ clkbuf_1_0_4_clk_regs/A (BUFx24_ASAP7_75t_R)
     1    9.4469    8.8316   17.7557  610.5402 ^ clkbuf_1_0_4_clk_regs/Y (BUFx24_ASAP7_75t_R)
                                                 clknet_1_0_4_clk_regs (net)
                   17.9246    5.0704  615.6106 ^ clkbuf_1_0_5_clk_regs/A (BUFx24_ASAP7_75t_R)
     2   16.4838   12.3212   21.3212  636.9318 ^ clkbuf_1_0_5_clk_regs/Y (BUFx24_ASAP7_75t_R)
                                                 clknet_1_0_5_clk_regs (net)
                   20.6194    5.2874  642.2192 ^ clkbuf_2_1_0_clk_regs/A (BUFx24_ASAP7_75t_R)
     1    9.3378    8.9861   21.3439  663.5631 ^ clkbuf_2_1_0_clk_regs/Y (BUFx24_ASAP7_75t_R)
                                                 clknet_2_1_0_clk_regs (net)
                   17.6775    4.9840  668.5471 ^ clkbuf_2_1_1_clk_regs/A (BUFx24_ASAP7_75t_R)
     1    9.5655    8.9588   20.5158  689.0629 ^ clkbuf_2_1_1_clk_regs/Y (BUFx24_ASAP7_75t_R)
                                                 clknet_2_1_1_clk_regs (net)
                   18.3162    5.1953  694.2582 ^ clkbuf_2_1_2_clk_regs/A (BUFx24_ASAP7_75t_R)
     1    9.0787    8.8967   20.6727  714.9310 ^ clkbuf_2_1_2_clk_regs/Y (BUFx24_ASAP7_75t_R)
                                                 clknet_2_1_2_clk_regs (net)
                   16.9164    4.7429  719.6738 ^ clkbuf_2_1_3_clk_regs/A (BUFx24_ASAP7_75t_R)
     1    9.4469    8.9316   20.2819  739.9557 ^ clkbuf_2_1_3_clk_regs/Y (BUFx24_ASAP7_75t_R)
                                                 clknet_2_1_3_clk_regs (net)
                   17.9615    5.0805  745.0362 ^ clkbuf_2_1_4_clk_regs/A (BUFx24_ASAP7_75t_R)
     1    9.4469    8.9457   20.5922  765.6284 ^ clkbuf_2_1_4_clk_regs/Y (BUFx24_ASAP7_75t_R)
                                                 clknet_2_1_4_clk_regs (net)
                   17.9679    5.0819  770.7103 ^ clkbuf_2_1_5_clk_regs/A (BUFx24_ASAP7_75t_R)
     2   15.4000   11.6539   21.6021  792.3124 ^ clkbuf_2_1_5_clk_regs/Y (BUFx24_ASAP7_75t_R)
                                                 clknet_2_1_5_clk_regs (net)
                   18.2897    4.6592  796.9717 ^ clkbuf_3_2_0_clk_regs/A (BUFx24_ASAP7_75t_R)
     1    9.9495    9.0210   20.7231  817.6948 ^ clkbuf_3_2_0_clk_regs/Y (BUFx24_ASAP7_75t_R)
                                                 clknet_3_2_0_clk_regs (net)
                   19.4977    5.5731  823.2679 ^ clkbuf_3_2_1_clk_regs/A (BUFx24_ASAP7_75t_R)
     1    9.6205    8.9912   21.0599  844.3278 ^ clkbuf_3_2_1_clk_regs/Y (BUFx24_ASAP7_75t_R)
                                                 clknet_3_2_1_clk_regs (net)
                   18.4910    5.2507  849.5786 ^ clkbuf_3_2_2_clk_regs/A (BUFx24_ASAP7_75t_R)
     2   14.9991   11.6936   21.2726  870.8513 ^ clkbuf_3_2_2_clk_regs/Y (BUFx24_ASAP7_75t_R)
                                                 clknet_3_2_2_clk_regs (net)
                   20.0871    5.2204  876.0717 ^ clkbuf_4_5_0_clk_regs/A (BUFx24_ASAP7_75t_R)
     1    9.5254    8.9884   21.2244  897.2960 ^ clkbuf_4_5_0_clk_regs/Y (BUFx24_ASAP7_75t_R)
                                                 clknet_4_5_0_clk_regs (net)
                   18.2133    5.1604  902.4564 ^ clkbuf_4_5_1_clk_regs/A (BUFx24_ASAP7_75t_R)
     1    9.8788    9.0101   20.6958  923.1522 ^ clkbuf_4_5_1_clk_regs/Y (BUFx24_ASAP7_75t_R)
                                                 clknet_4_5_1_clk_regs (net)
                   19.2782    5.5023  928.6544 ^ clkbuf_4_5_2_clk_regs/A (BUFx24_ASAP7_75t_R)
     2   13.1855    9.4182   21.0671  949.7216 ^ clkbuf_4_5_2_clk_regs/Y (BUFx24_ASAP7_75t_R)
                                                 clknet_4_5_2_clk_regs (net)
                   23.7372    6.7132  956.4347 ^ clkbuf_5_11_0_clk_regs/A (BUFx24_ASAP7_75t_R)
     2   13.8530    9.5333   22.2291  978.6638 ^ clkbuf_5_11_0_clk_regs/Y (BUFx24_ASAP7_75t_R)
                                                 clknet_5_11_0_clk_regs (net)
                   29.8022    8.8007  987.4645 ^ clkbuf_6_23_0_clk_regs/A (BUFx24_ASAP7_75t_R)
     1    5.3328    8.5398   23.2907 1010.7552 ^ clkbuf_6_23_0_clk_regs/Y (BUFx24_ASAP7_75t_R)
                                                 clknet_6_23_0_clk_regs (net)
                    9.4877    1.6553 1012.4106 ^ clkbuf_6_23_1_clk_regs/A (BUFx24_ASAP7_75t_R)
     3   15.2593    9.3454   18.2122 1030.6228 ^ clkbuf_6_23_1_clk_regs/Y (BUFx24_ASAP7_75t_R)
                                                 clknet_6_23_1_clk_regs (net)
                   32.8345    9.7624 1040.3853 ^ load_slew928100/A (BUFx24_ASAP7_75t_R)
     2   32.3787   12.5137   25.8702 1066.2554 ^ load_slew928100/Y (BUFx24_ASAP7_75t_R)
                                                 net928067 (net)
                  169.8824   53.4921 1119.7476 ^ clkbuf_8_95_0_clk_regs/A (BUFx24_ASAP7_75t_R)
     2   10.2480   14.9573   42.2423 1161.9899 ^ clkbuf_8_95_0_clk_regs/Y (BUFx24_ASAP7_75t_R)
                                                 clknet_8_95_0_clk_regs (net)
                   19.6849    4.5831 1166.5730 ^ clkbuf_9_190_0_clk_regs/A (BUFx24_ASAP7_75t_R)
     5   20.3636   12.1607   21.9159 1188.4889 ^ clkbuf_9_190_0_clk_regs/Y (BUFx24_ASAP7_75t_R)
                                                 clknet_9_190_0_clk_regs (net)
                   30.9770    8.8042 1197.2931 ^ clkbuf_12_1524_0_clk_regs/A (BUFx24_ASAP7_75t_R)
     1   30.4074   12.7606   25.5697 1222.8627 ^ clkbuf_12_1524_0_clk_regs/Y (BUFx24_ASAP7_75t_R)
                                                 clknet_12_1524_0_clk_regs (net)
                  154.4062   48.6312 1271.4939 ^ clkbuf_leaf_2408_clk_regs/A (BUFx24_ASAP7_75t_R)
     9    6.0628   13.2462   40.6667 1312.1606 ^ clkbuf_leaf_2408_clk_regs/Y (BUFx24_ASAP7_75t_R)
                                                 clknet_leaf_2408_clk_regs (net)
                   13.2479    0.1846 1312.3452 ^ on.u_ids.wgray[2]$_DFF_PN0_/CLK (DFFASRHQNx1_ASAP7_75t_R)
     2    2.0051   22.1588   45.1201 1357.4653 ^ on.u_ids.wgray[2]$_DFF_PN0_/QN (DFFASRHQNx1_ASAP7_75t_R)
                                                 _0336568_ (net)
                   22.1619    0.1126 1357.5780 ^ _1517198_/B (XNOR2x2_ASAP7_75t_R)
     1    0.8446    6.9815   26.8768 1384.4548 v _1517198_/Y (XNOR2x2_ASAP7_75t_R)
                                                 _1284693_ (net)
                    6.9827    0.0463 1384.5011 v _1517201_/B (OR4x1_ASAP7_75t_R)
     3    5.4246   34.6198   38.2303 1422.7313 v _1517201_/Y (OR4x1_ASAP7_75t_R)
                                                 net91120 (net)
                   34.6590    0.6826 1423.4139 v _1517203_/B (NAND2x1_ASAP7_75t_R)
     3    2.4809   23.6729   19.7673 1443.1813 ^ _1517203_/Y (NAND2x1_ASAP7_75t_R)
                                                 _1284697_ (net)
                   23.6739    0.0884 1443.2697 ^ _1517204_/B (OR2x2_ASAP7_75t_R)
     4    3.4066   14.0432   21.5767 1464.8463 ^ _1517204_/Y (OR2x2_ASAP7_75t_R)
                                                 _1284698_ (net)
                   14.0487    0.1374 1464.9838 ^ _1517206_/A (AND2x2_ASAP7_75t_R)
     1    0.9988    7.2843   15.5602 1480.5441 ^ _1517206_/Y (AND2x2_ASAP7_75t_R)
                                                 on.u_ids.wbin_n[0] (net)
                    7.2868    0.0703 1480.6143 ^ on.u_ids.wbin[0]$_DFF_PN0_/D (DFFASRHQNx1_ASAP7_75t_R)
                                     1480.6143   data arrival time

                            833.0000  833.0000   clock core_clk (rise edge)
                              0.0000  833.0000   clock source latency
     1   26.7250    0.0000    0.0000  833.0000 ^ clk (in)
                                                 clk (net)
                  115.7364   36.5107  869.5107 ^ wire928096/A (BUFx24_ASAP7_75t_R)
     1   24.5834   14.9887   37.9702  907.4810 ^ wire928096/Y (BUFx24_ASAP7_75t_R)
                                                 net928063 (net)
                  102.7194   32.1670  939.6480 ^ wire928095/A (BUFx24_ASAP7_75t_R)
     1   29.7036   15.3373   37.0095  976.6575 ^ wire928095/Y (BUFx24_ASAP7_75t_R)
                                                 net928062 (net)
                  148.0912   46.6073 1023.2648 ^ wire928094/A (BUFx24_ASAP7_75t_R)
     1   30.0884   16.9190   41.9531 1065.2179 ^ wire928094/Y (BUFx24_ASAP7_75t_R)
                                                 net928061 (net)
                  152.1122   47.8516 1113.0696 ^ wire928093/A (BUFx24_ASAP7_75t_R)
     1   29.8920   17.0027   42.3706 1155.4401 ^ wire928093/Y (BUFx24_ASAP7_75t_R)
                                                 net928060 (net)
                  150.2039   47.2445 1202.6846 ^ wire928092/A (BUFx24_ASAP7_75t_R)
     2   16.3103   14.8244   40.7834 1243.4680 ^ wire928092/Y (BUFx24_ASAP7_75t_R)
                                                 net928059 (net)
                   45.4268   13.5718 1257.0398 ^ clkbuf_regs_0_core_clk/A (BUFx24_ASAP7_75t_R)
     1    3.6953    8.5876   26.4948 1283.5347 ^ clkbuf_regs_0_core_clk/Y (BUFx24_ASAP7_75t_R)
                                                 clk_regs (net)
                    8.6823    0.7827 1284.3174 ^ clkbuf_0_clk_regs/A (BUFx24_ASAP7_75t_R)
     2   11.0252    9.2678   17.8866 1302.2039 ^ clkbuf_0_clk_regs/Y (BUFx24_ASAP7_75t_R)
                                                 clknet_0_clk_regs (net)
                   17.6328    4.7304 1306.9343 ^ clkbuf_1_0_0_clk_regs/A (BUFx24_ASAP7_75t_R)
     1    8.8460    8.8415   20.4716 1327.4060 ^ clkbuf_1_0_0_clk_regs/Y (BUFx24_ASAP7_75t_R)
                                                 clknet_1_0_0_clk_regs (net)
                   16.5954    4.6629 1332.0688 ^ clkbuf_1_0_1_clk_regs/A (BUFx24_ASAP7_75t_R)
     1    8.8460    8.8276   20.1638 1352.2327 ^ clkbuf_1_0_1_clk_regs/Y (BUFx24_ASAP7_75t_R)
                                                 clknet_1_0_1_clk_regs (net)
                   16.5886    4.6614 1356.8940 ^ clkbuf_1_0_2_clk_regs/A (BUFx24_ASAP7_75t_R)
     1   11.6338    9.2606   20.3596 1377.2537 ^ clkbuf_1_0_2_clk_regs/Y (BUFx24_ASAP7_75t_R)
                                                 clknet_1_0_2_clk_regs (net)
                   25.5828    7.5639 1384.8176 ^ clkbuf_1_0_3_clk_regs/A (BUFx24_ASAP7_75t_R)
     1    3.8986    7.8482   22.0632 1406.8809 ^ clkbuf_1_0_3_clk_regs/Y (BUFx24_ASAP7_75t_R)
                                                 clknet_1_0_3_clk_regs (net)
                    8.0393    0.8959 1407.7767 ^ clkbuf_1_0_4_clk_regs/A (BUFx24_ASAP7_75t_R)
     1    8.8460    8.7478   17.5899 1425.3667 ^ clkbuf_1_0_4_clk_regs/Y (BUFx24_ASAP7_75t_R)
                                                 clknet_1_0_4_clk_regs (net)
                   16.5496    4.6524 1430.0192 ^ clkbuf_1_0_5_clk_regs/A (BUFx24_ASAP7_75t_R)
     2   15.2820   11.8037   20.8543 1450.8734 ^ clkbuf_1_0_5_clk_regs/Y (BUFx24_ASAP7_75t_R)
                                                 clknet_1_0_5_clk_regs (net)
                   19.0447    4.8263 1455.6997 ^ clkbuf_2_1_0_clk_regs/A (BUFx24_ASAP7_75t_R)
     1    8.7369    8.8430   20.8826 1476.5823 ^ clkbuf_2_1_0_clk_regs/Y (BUFx24_ASAP7_75t_R)
                                                 clknet_2_1_0_clk_regs (net)
                   16.3097    4.5693 1481.1516 ^ clkbuf_2_1_1_clk_regs/A (BUFx24_ASAP7_75t_R)
     1    8.9647    8.8601   20.0855 1501.2372 ^ clkbuf_2_1_1_clk_regs/Y (BUFx24_ASAP7_75t_R)
                                                 clknet_2_1_1_clk_regs (net)
                   16.9216    4.7671 1506.0043 ^ clkbuf_2_1_2_clk_regs/A (BUFx24_ASAP7_75t_R)
     1    8.4778    8.7722   20.2327 1526.2369 ^ clkbuf_2_1_2_clk_regs/Y (BUFx24_ASAP7_75t_R)
                                                 clknet_2_1_2_clk_regs (net)
                   15.6121    4.3421 1530.5790 ^ clkbuf_2_1_3_clk_regs/A (BUFx24_ASAP7_75t_R)
     1    8.8460    8.8314   19.8697 1550.4486 ^ clkbuf_2_1_3_clk_regs/Y (BUFx24_ASAP7_75t_R)
                                                 clknet_2_1_3_clk_regs (net)
                   16.5909    4.6618 1555.1105 ^ clkbuf_2_1_4_clk_regs/A (BUFx24_ASAP7_75t_R)
     1    8.8460    8.8275   20.1623 1575.2728 ^ clkbuf_2_1_4_clk_regs/Y (BUFx24_ASAP7_75t_R)
                                                 clknet_2_1_4_clk_regs (net)
                   16.5886    4.6614 1579.9342 ^ clkbuf_2_1_5_clk_regs/A (BUFx24_ASAP7_75t_R)
     2   14.1983   11.1935   21.0902 1601.0244 ^ clkbuf_2_1_5_clk_regs/Y (BUFx24_ASAP7_75t_R)
                                                 clknet_2_1_5_clk_regs (net)
                   16.8754    4.2291 1605.2535 ^ clkbuf_3_2_0_clk_regs/A (BUFx24_ASAP7_75t_R)
     1    9.3486    8.9286   20.2813 1625.5348 ^ clkbuf_3_2_0_clk_regs/Y (BUFx24_ASAP7_75t_R)
                                                 clknet_3_2_0_clk_regs (net)
                   18.0151    5.1190 1630.6538 ^ clkbuf_3_2_1_clk_regs/A (BUFx24_ASAP7_75t_R)
     1    9.0196    8.8917   20.5957 1651.2496 ^ clkbuf_3_2_1_clk_regs/Y (BUFx24_ASAP7_75t_R)
                                                 clknet_3_2_1_clk_regs (net)
                   17.0853    4.8189 1656.0685 ^ clkbuf_3_2_2_clk_regs/A (BUFx24_ASAP7_75t_R)
     2   13.7973   11.1672   20.8040 1676.8726 ^ clkbuf_3_2_2_clk_regs/Y (BUFx24_ASAP7_75t_R)
                                                 clknet_3_2_2_clk_regs (net)
                   18.4715    4.7461 1681.6187 ^ clkbuf_4_5_0_clk_regs/A (BUFx24_ASAP7_75t_R)
     1    8.9245    8.8824   20.7243 1702.3429 ^ clkbuf_4_5_0_clk_regs/Y (BUFx24_ASAP7_75t_R)
                                                 clknet_4_5_0_clk_regs (net)
                   16.8246    4.7358 1707.0787 ^ clkbuf_4_5_1_clk_regs/A (BUFx24_ASAP7_75t_R)
     1    9.2779    8.9169   20.2611 1727.3398 ^ clkbuf_4_5_1_clk_regs/Y (BUFx24_ASAP7_75t_R)
                                                 clknet_4_5_1_clk_regs (net)
                   17.8102    5.0538 1732.3937 ^ clkbuf_4_5_2_clk_regs/A (BUFx24_ASAP7_75t_R)
     2   11.9837    9.2789   20.6056 1752.9993 ^ clkbuf_4_5_2_clk_regs/Y (BUFx24_ASAP7_75t_R)
                                                 clknet_4_5_2_clk_regs (net)
                   21.4073    5.9960 1758.9952 ^ clkbuf_5_11_0_clk_regs/A (BUFx24_ASAP7_75t_R)
     2   12.6512    9.3630   21.6316 1780.6268 ^ clkbuf_5_11_0_clk_regs/Y (BUFx24_ASAP7_75t_R)
                                                 clknet_5_11_0_clk_regs (net)
                   26.6441    7.8042 1788.4310 ^ clkbuf_6_23_0_clk_regs/A (BUFx24_ASAP7_75t_R)
     1    4.7319    8.1974   22.4355 1810.8666 ^ clkbuf_6_23_0_clk_regs/Y (BUFx24_ASAP7_75t_R)
                                                 clknet_6_23_0_clk_regs (net)
                    8.8528    1.4150 1812.2815 ^ clkbuf_6_23_1_clk_regs/A (BUFx24_ASAP7_75t_R)
     3   13.4566    9.2401   17.9922 1830.2737 ^ clkbuf_6_23_1_clk_regs/Y (BUFx24_ASAP7_75t_R)
                                                 clknet_6_23_1_clk_regs (net)
                   28.2211    8.3000 1838.5737 ^ load_slew928100/A (BUFx24_ASAP7_75t_R)
     2   31.1769   12.3379   24.7262 1863.2999 ^ load_slew928100/Y (BUFx24_ASAP7_75t_R)
                                                 net928067 (net)
                  159.3594   50.1772 1913.4772 ^ clkbuf_8_95_0_clk_regs/A (BUFx24_ASAP7_75t_R)
     2    9.0463   14.3674   41.4155 1954.8927 ^ clkbuf_8_95_0_clk_regs/Y (BUFx24_ASAP7_75t_R)
                                                 clknet_8_95_0_clk_regs (net)
                   18.5726    4.3372 1959.2299 ^ clkbuf_9_191_0_clk_regs/A (BUFx24_ASAP7_75t_R)
     5   14.4619   10.4297   21.0076 1980.2375 ^ clkbuf_9_191_0_clk_regs/Y (BUFx24_ASAP7_75t_R)
                                                 clknet_9_191_0_clk_regs (net)
                   22.3039    6.0727 1986.3102 ^ clkbuf_12_1532_0_clk_regs/A (BUFx24_ASAP7_75t_R)
     1   17.3496   10.2677   22.3686 2008.6788 ^ clkbuf_12_1532_0_clk_regs/Y (BUFx24_ASAP7_75t_R)
                                                 clknet_12_1532_0_clk_regs (net)
                   52.3888   16.2153 2024.8940 ^ wire928142/A (BUFx12f_ASAP7_75t_R)
     1   15.8753   10.7711   21.5892 2046.4832 ^ wire928142/Y (BUFx12f_ASAP7_75t_R)
                                                 net928109 (net)
                   45.9428   13.9695 2060.4526 ^ clkbuf_leaf_2404_clk_regs/A (BUFx24_ASAP7_75t_R)
    15    9.0196   10.6245   27.5737 2088.0264 ^ clkbuf_leaf_2404_clk_regs/Y (BUFx24_ASAP7_75t_R)
                                                 clknet_leaf_2404_clk_regs (net)
                   10.6621    0.3879 2088.4143 ^ on.u_ids.wbin[0]$_DFF_PN0_/CLK (DFFASRHQNx1_ASAP7_75t_R)
                            -60.0000 2028.4143   clock uncertainty
                             40.0970 2068.5115   clock reconvergence pessimism
                            -11.9652 2056.5464   library setup time
                                     2056.5464   data required time
-------------------------------------------------------------------------------------
                                     2056.5464   data required time
                                     -1480.6143   data arrival time
-------------------------------------------------------------------------------------
                                      575.9319   slack (MET)


