HGI_ARGMAX18 PASS rows=6 cycles=19056 DS_LOCKSTEP=1
	Command being timed: "bash physical/hbm_generic/argmax18/run_bench.sh out0 0"
	User time (seconds): 79.01
	System time (seconds): 0.50
	Percent of CPU this job got: 99%
	Elapsed (wall clock) time (h:mm:ss or m:ss): 1:19.52
	Average shared text size (kbytes): 0
	Average unshared data size (kbytes): 0
	Average stack size (kbytes): 0
	Average total size (kbytes): 0
	Maximum resident set size (kbytes): 315204
	Average resident set size (kbytes): 0
	Major (requiring I/O) page faults: 0
	Minor (reclaiming a frame) page faults: 102479
	Voluntary context switches: 31
	Involuntary context switches: 180
	Swaps: 0
	File system inputs: 0
	File system outputs: 43136
	Socket messages sent: 0
	Socket messages received: 0
	Signals delivered: 0
	Page size (bytes): 4096
	Exit status: 0
