violation type: Metal Spacing
	srcs: net:clknet_leaf_859_u_e.g_cg.u_cg.gclk_regs inst:u_e.g_qb.g_bx.b_xs_q0\[111\]$_DFF_P_
	bbox = (257.1660, 12.5230) - (257.1820, 12.5240) on Layer M1
violation type: Metal Spacing
	srcs: net:clknet_leaf_857_u_e.g_cg.u_cg.gclk_regs inst:u_e.g_qb.g_bx.b_xs_q0\[116\]$_DFF_P_
	bbox = (257.2740, 11.9830) - (257.2900, 11.9840) on Layer M1
violation type: Metal Spacing
	srcs: net:clknet_leaf_857_u_e.g_cg.u_cg.gclk_regs inst:u_e.g_qb.g_bx.b_xs_q0\[100\]$_DFF_P_
	bbox = (257.7060, 13.8760) - (257.7220, 13.8760) on Layer M1
violation type: Metal Spacing
	srcs: net:clknet_leaf_857_u_e.g_cg.u_cg.gclk_regs inst:u_e.g_qb.g_bx.b_xs_q0\[100\]$_DFF_P_
	bbox = (257.7060, 13.8760) - (257.7220, 13.8770) on Layer M1
violation type: Metal Spacing
	srcs: net:clknet_leaf_859_u_e.g_cg.u_cg.gclk_regs inst:u_e.g_ir.r_xs_q0\[100\]$_DFF_P_
	bbox = (258.6780, 12.7960) - (258.6940, 12.7960) on Layer M1
violation type: Metal Spacing
	srcs: net:clknet_leaf_859_u_e.g_cg.u_cg.gclk_regs inst:u_e.g_ir.r_xs_q0\[100\]$_DFF_P_
	bbox = (258.6780, 12.7960) - (258.6940, 12.7970) on Layer M1
violation type: Metal Spacing
	srcs: net:clknet_leaf_854_u_e.g_cg.u_cg.gclk_regs inst:u_e.g_qb.g_bx.b_xs_q0\[171\]$_DFF_P_
	bbox = (264.6180, 10.3630) - (264.6340, 10.3640) on Layer M1
violation type: Metal Spacing
	srcs: net:clknet_leaf_859_u_e.g_cg.u_cg.gclk_regs inst:u_e.g_ir.r_xs_q0\[122\]$_DFF_P_
	bbox = (264.9420, 9.8230) - (264.9580, 9.8240) on Layer M1
violation type: Metal Spacing
	srcs: net:clknet_leaf_859_u_e.g_cg.u_cg.gclk_regs inst:u_e.fw_q0\[148\]$_DFF_P_
	bbox = (266.3460, 11.4430) - (266.3620, 11.4440) on Layer M1
violation type: Metal Spacing
	srcs: net:clknet_leaf_855_u_e.g_cg.u_cg.gclk_regs inst:u_e.g_qb.g_bx.b_xs_q0\[182\]$_DFF_P_
	bbox = (267.7500, 6.0430) - (267.7660, 6.0440) on Layer M1
violation type: Metal Spacing
	srcs: net:clknet_leaf_854_u_e.g_cg.u_cg.gclk_regs inst:u_e.g_qb.g_bx.b_xs_q0\[219\]$_DFF_P_
	bbox = (268.9380, 10.6360) - (268.9540, 10.6360) on Layer M1
violation type: Metal Spacing
	srcs: net:clknet_leaf_854_u_e.g_cg.u_cg.gclk_regs inst:u_e.g_qb.g_bx.b_xs_q0\[219\]$_DFF_P_
	bbox = (268.9380, 10.6360) - (268.9540, 10.6370) on Layer M1
violation type: Metal Spacing
	srcs: net:clknet_leaf_858_u_e.g_cg.u_cg.gclk_regs inst:u_e.fw_q0\[136\]$_DFF_P_
	bbox = (269.1540, 9.3430) - (269.1700, 9.3440) on Layer M1
violation type: Metal Spacing
	srcs: net:clknet_leaf_858_u_e.g_cg.u_cg.gclk_regs inst:u_e.fw_q0\[136\]$_DFF_P_
	bbox = (269.1540, 9.3440) - (269.1700, 9.3440) on Layer M1
violation type: Metal Spacing
	srcs: net:u_e.i2x_q0\[100\] net:net46320
	bbox = (261.5630, 10.4400) - (261.5710, 10.4580) on Layer M2
violation type: Metal Spacing
	srcs: net:_016746_ net:net50453
	bbox = (263.2550, 10.8720) - (263.2630, 10.8900) on Layer M2
violation type: Metal Spacing
	srcs: net:net33801 net:u_e.i2x_q0\[125\]
	bbox = (267.7550, 9.5580) - (267.7630, 9.5760) on Layer M2
violation type: Metal Spacing
	srcs: net:net34358 net:net50485
	bbox = (270.6710, 6.2460) - (270.6790, 6.2640) on Layer M2
violation type: Metal Spacing
	srcs: net:net1132 net:VSS
	bbox = (243.3450, 9.9730) - (243.3600, 10.0070) on Layer M3
violation type: Metal Spacing
	srcs: net:VDD net:net51508
	bbox = (246.2370, 8.6230) - (246.2400, 8.6570) on Layer M3
violation type: Metal Spacing
	srcs: net:net47185 net:net51724
	bbox = (247.3560, 9.1970) - (247.3740, 9.2110) on Layer M3
violation type: Metal Spacing
	srcs: net:clknet_leaf_1089_u_e.g_cg.u_cg.gclk_regs net:net1256
	bbox = (247.8600, 10.0850) - (247.8780, 10.0930) on Layer M3
violation type: Metal Spacing
	srcs: net:VSS net:net47207
	bbox = (248.7450, 8.3530) - (248.7600, 8.3540) on Layer M3
violation type: Metal Spacing
	srcs: net:VSS net:u_e.i2x_q0\[133\]
	bbox = (248.7450, 8.3860) - (248.7600, 8.3870) on Layer M3
violation type: Metal Spacing
	srcs: net:net16127 net:VSS
	bbox = (248.7450, 9.4660) - (248.7600, 9.4670) on Layer M3
violation type: Metal Spacing
	srcs: net:VDD net:net51696
	bbox = (248.9370, 4.8430) - (248.9400, 4.8770) on Layer M3
violation type: Metal Spacing
	srcs: net:net1364 net:net46792
	bbox = (251.2080, 9.5090) - (251.2260, 9.5170) on Layer M3
violation type: Metal Spacing
	srcs: net:VSS net:net51596
	bbox = (251.4450, 8.8930) - (251.4600, 8.9270) on Layer M3
violation type: Metal Spacing
	srcs: net:VSS net:net46792
	bbox = (251.4450, 9.4660) - (251.4600, 9.4670) on Layer M3
violation type: Metal Spacing
	srcs: net:VDD net:net46836
	bbox = (251.6370, 9.1630) - (251.6400, 9.1970) on Layer M3
violation type: Metal Spacing
	srcs: net:VSS net:net51616
	bbox = (254.1450, 7.2730) - (254.1600, 7.3070) on Layer M3
violation type: Metal Spacing
	srcs: net:VSS net:net51349
	bbox = (254.1450, 8.3530) - (254.1600, 8.3540) on Layer M3
violation type: Metal Spacing
	srcs: net:VSS net:net51554
	bbox = (254.1450, 9.4330) - (254.1600, 9.4340) on Layer M3
violation type: Metal Spacing
	srcs: net:VDD net:net51532
	bbox = (254.3370, 10.2430) - (254.3400, 10.2770) on Layer M3
violation type: Metal Spacing
	srcs: net:_016790_ net:VSS
	bbox = (256.8450, 8.3530) - (256.8600, 8.3870) on Layer M3
violation type: Metal Spacing
	srcs: net:_016790_ net:VSS
	bbox = (256.8450, 8.8930) - (256.8600, 8.9270) on Layer M3
violation type: Metal Spacing
	srcs: net:VSS net:net46655
	bbox = (256.8450, 9.9730) - (256.8600, 9.9740) on Layer M3
violation type: Metal Spacing
	srcs: net:VSS net:net46556
	bbox = (256.8450, 11.5930) - (256.8600, 11.5940) on Layer M3
violation type: Metal Spacing
	srcs: net:VDD net:net51085
	bbox = (257.0370, 8.0830) - (257.0400, 8.1170) on Layer M3
violation type: Metal Spacing
	srcs: net:VDD net:net46699
	bbox = (257.0370, 9.7030) - (257.0400, 9.7370) on Layer M3
violation type: Metal Spacing
	srcs: net:VDD net:net46699
	bbox = (257.0370, 10.2430) - (257.0400, 10.2770) on Layer M3
violation type: Metal Spacing
	srcs: net:VDD net:net46699
	bbox = (257.0370, 10.7830) - (257.0400, 10.8170) on Layer M3
violation type: Metal Spacing
	srcs: net:VDD net:net46699
	bbox = (257.0370, 11.3230) - (257.0400, 11.3570) on Layer M3
violation type: Metal Spacing
	srcs: net:net51085 net:net51164
	bbox = (257.1120, 8.4650) - (257.1300, 8.4730) on Layer M3
violation type: Metal Spacing
	srcs: net:VSS net:net34934
	bbox = (259.5450, 6.7330) - (259.5600, 6.7340) on Layer M3
violation type: Metal Spacing
	srcs: net:VSS net:net51167
	bbox = (259.5450, 8.3530) - (259.5600, 8.3870) on Layer M3
violation type: Metal Spacing
	srcs: net:VSS net:u_e.i2x_q0\[148\]
	bbox = (259.5450, 9.4330) - (259.5600, 9.4340) on Layer M3
violation type: Metal Spacing
	srcs: net:VSS net:net48478
	bbox = (259.5450, 9.4660) - (259.5600, 9.4670) on Layer M3
violation type: Metal Spacing
	srcs: net:net18307 net:u_e.i2x_q0\[82\]
	bbox = (260.6400, 10.1210) - (260.6580, 10.1290) on Layer M3
violation type: Metal Spacing
	srcs: net:net18281 net:VSS
	bbox = (262.1880, 7.7990) - (262.2060, 7.8130) on Layer M3
violation type: Metal Spacing
	srcs: net:VSS net:net46244
	bbox = (262.2240, 10.5470) - (262.2420, 10.5610) on Layer M3
violation type: Metal Spacing
	srcs: net:VSS net:net51294
	bbox = (262.2450, 7.2730) - (262.2600, 7.2740) on Layer M3
violation type: Metal Spacing
	srcs: net:VSS net:net46245
	bbox = (262.2450, 7.8130) - (262.2600, 7.8470) on Layer M3
violation type: Metal Spacing
	srcs: net:VSS net:net46382
	bbox = (262.2450, 8.3860) - (262.2600, 8.3870) on Layer M3
violation type: Metal Spacing
	srcs: net:VSS net:u_e.i2x_q0\[146\]
	bbox = (262.2450, 8.8930) - (262.2600, 8.8940) on Layer M3
violation type: Metal Spacing
	srcs: net:VSS net:u_e.g_qb.g_bx.b_xs_q0\[146\]
	bbox = (262.2450, 9.4330) - (262.2600, 9.4340) on Layer M3
violation type: Metal Spacing
	srcs: net:VSS net:net51091
	bbox = (262.2450, 10.5130) - (262.2600, 10.5140) on Layer M3
violation type: Metal Spacing
	srcs: net:VDD net:net50596
	bbox = (262.4370, 9.7030) - (262.4400, 9.7370) on Layer M3
violation type: Metal Spacing
	srcs: net:net46207 net:net51119
	bbox = (263.0160, 7.2230) - (263.0340, 7.2310) on Layer M3
violation type: Metal Spacing
	srcs: net:net18307 net:net46287
	bbox = (263.8800, 9.9230) - (263.8980, 9.9310) on Layer M3
violation type: Metal Spacing
	srcs: net:u_e.g_ir.r_xs_q0\[161\] net:u_e.i2x_q0\[96\]
	bbox = (264.4920, 10.2530) - (264.5100, 10.2670) on Layer M3
violation type: Metal Spacing
	srcs: net:VSS net:net51007
	bbox = (264.9450, 6.1930) - (264.9600, 6.2270) on Layer M3
violation type: Metal Spacing
	srcs: net:VSS net:net50458
	bbox = (264.9450, 7.2730) - (264.9600, 7.3070) on Layer M3
violation type: Metal Spacing
	srcs: net:VSS net:net50456
	bbox = (264.9450, 8.3860) - (264.9600, 8.3870) on Layer M3
violation type: Metal Spacing
	srcs: net:VSS net:u_e.i2x_q0\[116\]
	bbox = (264.9450, 8.8930) - (264.9600, 8.8940) on Layer M3
violation type: Metal Spacing
	srcs: net:VSS net:u_e.i2x_q0\[102\]
	bbox = (264.9450, 11.0530) - (264.9600, 11.0540) on Layer M3
violation type: Metal Spacing
	srcs: net:u_e.i2x_q0\[123\] net:VDD
	bbox = (265.1370, 9.1630) - (265.1400, 9.1970) on Layer M3
violation type: Metal Spacing
	srcs: net:net19691 net:net18108
	bbox = (267.1200, 10.1210) - (267.1380, 10.1230) on Layer M3
violation type: Metal Spacing
	srcs: net:VSS net:net46564
	bbox = (267.6450, 7.8130) - (267.6600, 7.8140) on Layer M3
violation type: Metal Spacing
	srcs: net:VSS net:net46571
	bbox = (267.6450, 8.3530) - (267.6600, 8.3540) on Layer M3
violation type: Metal Spacing
	srcs: net:VSS net:u_e.i2x_q0\[148\]
	bbox = (267.6450, 9.4660) - (267.6600, 9.4670) on Layer M3
violation type: Metal Spacing
	srcs: net:net29527 net:VSS
	bbox = (267.6450, 9.9730) - (267.6600, 10.0070) on Layer M3
violation type: Metal Spacing
	srcs: net:VSS net:net1232
	bbox = (267.6450, 10.5130) - (267.6600, 10.5140) on Layer M3
violation type: Metal Spacing
	srcs: net:VSS net:net45716
	bbox = (267.6450, 11.5930) - (267.6600, 11.6270) on Layer M3
violation type: Metal Spacing
	srcs: net:clknet_leaf_858_u_e.g_cg.u_cg.gclk_regs net:net46333
	bbox = (267.7680, 9.9650) - (267.7860, 9.9790) on Layer M3
violation type: Metal Spacing
	srcs: net:VDD net:net34611
	bbox = (267.8040, 9.7370) - (267.8220, 9.7510) on Layer M3
violation type: Metal Spacing
	srcs: net:u_e.g_ir.r_xs_q0\[137\] net:VDD
	bbox = (267.8370, 7.0030) - (267.8400, 7.0370) on Layer M3
violation type: Metal Spacing
	srcs: net:u_e.g_ir.r_xs_q0\[137\] net:VDD
	bbox = (267.8370, 7.5430) - (267.8400, 7.5770) on Layer M3
violation type: Metal Spacing
	srcs: net:u_e.g_ir.r_xs_q0\[137\] net:VDD
	bbox = (267.8370, 8.0830) - (267.8400, 8.1170) on Layer M3
violation type: Metal Spacing
	srcs: net:u_e.g_ir.r_xs_q0\[137\] net:VDD
	bbox = (267.8370, 8.6230) - (267.8400, 8.6570) on Layer M3
violation type: Metal Spacing
	srcs: net:VDD net:net46271
	bbox = (267.8370, 9.7030) - (267.8400, 9.7370) on Layer M3
violation type: Metal Spacing
	srcs: net:net18068 net:u_e.i2x_q0\[125\]
	bbox = (268.0560, 10.1570) - (268.0740, 10.1710) on Layer M3
violation type: Metal Spacing
	srcs: net:net50602 net:net50751
	bbox = (269.1360, 7.9970) - (269.1540, 8.0050) on Layer M3
violation type: Metal Spacing
	srcs: net:net18100 net:_131697_
	bbox = (269.5680, 11.2370) - (269.5860, 11.2450) on Layer M3
violation type: Metal Spacing
	srcs: net:VSS net:net49292
	bbox = (270.3450, 8.8930) - (270.3600, 8.8940) on Layer M3
violation type: Metal Spacing
	srcs: net:VSS net:net46732
	bbox = (270.3450, 10.0060) - (270.3600, 10.0070) on Layer M3
violation type: Metal Spacing
	srcs: net:_016821_ net:net51329
	bbox = (254.6750, 7.7760) - (254.6770, 7.8000) on Layer M4
violation type: Metal Spacing
	srcs: net:u_e.g_qb.g_bx.b_xs_q0\[92\] net:net50364
	bbox = (260.9570, 10.2240) - (260.9650, 10.2480) on Layer M4
violation type: Metal Spacing
	srcs: net:u_e.g_qb.g_bx.b_xs_q0\[146\] net:net46646
	bbox = (261.8750, 10.2240) - (261.8770, 10.2480) on Layer M4
violation type: Metal Spacing
	srcs: net:u_e.g_qb.g_bx.b_xs_q0\[146\] net:net50973
	bbox = (263.3150, 5.8080) - (263.3290, 5.8320) on Layer M4
violation type: Metal Spacing
	srcs: net:u_e.i2x_q0\[148\] net:net46732
	bbox = (265.3310, 9.9360) - (265.3450, 9.9600) on Layer M4
violation type: Metal Spacing
	srcs: net:net34441 net:_065458_
	bbox = (268.0460, 10.0320) - (268.0690, 10.0560) on Layer M4
violation type: Metal Spacing
	srcs: net:net50435 net:net50583
	bbox = (257.3760, 8.2910) - (257.4000, 8.2930) on Layer M5
violation type: Metal Spacing
	srcs: net:_016775_ net:u_e.i2x_q0\[102\]
	bbox = (258.6720, 10.0670) - (258.6960, 10.0690) on Layer M5
violation type: Metal Spacing
	srcs: net:net16206 net:net50579
	bbox = (258.7680, 8.5310) - (258.7920, 8.5330) on Layer M5
violation type: Metal Spacing
	srcs: net:u_e.g_qb.g_bx.b_xs_q0\[92\] net:net51199
	bbox = (260.9760, 8.6750) - (261.0000, 8.6770) on Layer M5
violation type: Metal Spacing
	srcs: net:net25656 net:net50364
	bbox = (262.8000, 10.2110) - (262.8240, 10.2290) on Layer M5
violation type: Metal Spacing
	srcs: net:_016741_ net:net50968
	bbox = (263.4240, 8.0990) - (263.4480, 8.1010) on Layer M5
violation type: Metal Spacing
	srcs: net:_065375_ net:u_e.g_qb.g_bx.b_xs_q0\[148\]
	bbox = (263.8560, 10.1150) - (263.8800, 10.1170) on Layer M5
violation type: Metal Spacing
	srcs: net:_016741_ net:net46572
	bbox = (264.2880, 7.2110) - (264.3120, 7.2210) on Layer M5
violation type: Metal Spacing
	srcs: net:net30820 net:net46201
	bbox = (264.6720, 9.1950) - (264.6960, 9.2050) on Layer M5
violation type: Metal Spacing
	srcs: net:u_e.i2x_q0\[148\] net:net44412
	bbox = (265.2960, 9.9710) - (265.3200, 9.9730) on Layer M5
violation type: Metal Spacing
	srcs: net:net19833 net:net29526
	bbox = (266.3040, 7.2350) - (266.3280, 7.2370) on Layer M5
violation type: Metal Spacing
	srcs: net:_016215_ net:u_e.i2x_q0\[125\]
	bbox = (266.7840, 9.6830) - (266.8080, 9.6850) on Layer M5
violation type: Metal Spacing
	srcs: net:net45418 net:net46332
	bbox = (267.0720, 10.5950) - (267.0960, 10.5970) on Layer M5
violation type: Metal Spacing
	srcs: net:_017340_ net:net48549
	bbox = (267.3120, 9.9710) - (267.3360, 9.9730) on Layer M5
violation type: Metal Spacing
	srcs: net:net12488 net:net1274
	bbox = (268.9440, 10.8350) - (268.9680, 10.8370) on Layer M5
violation type: Metal Spacing
	srcs: net:_016196_ net:u_e.g_qb.g_bx.b_xs_q0\[167\]
	bbox = (267.2990, 7.6160) - (267.3010, 7.6480) on Layer M6
violation type: Short
	srcs: net:net18348 net:net47008
	bbox = (248.0350, 9.8640) - (248.0990, 9.8820) on Layer M2
violation type: Short
	srcs: net:u_e.i2x_q0\[101\] net:net47156
	bbox = (248.3230, 10.2060) - (248.3600, 10.2240) on Layer M2
violation type: Short
	srcs: net:_065426_ net:net51418
	bbox = (251.3110, 10.5660) - (251.3390, 10.5840) on Layer M2
violation type: Short
	srcs: net:net41347 net:net46320
	bbox = (261.3460, 9.3960) - (261.4550, 9.4140) on Layer M2
violation type: Short
	srcs: net:net18307 net:net37273
	bbox = (264.4150, 9.9360) - (264.5510, 9.9540) on Layer M2
violation type: Short
	srcs: net:_131370_ net:u_e.g_mac\[0\].g_mz.u_x/_0088_
	bbox = (267.0790, 11.9160) - (267.1160, 11.9340) on Layer M2
violation type: Short
	srcs: net:_065455_ net:net45716
	bbox = (267.7270, 7.4340) - (267.7730, 7.4520) on Layer M2
violation type: Short
	srcs: net:net33801 net:u_e.i2x_q0\[148\]
	bbox = (267.7540, 9.4860) - (267.7910, 9.5040) on Layer M2
violation type: Short
	srcs: net:net19832 net:net50556
	bbox = (268.1590, 5.8860) - (268.3310, 5.9040) on Layer M2
violation type: Short
	srcs: net:net18100 net:net36175
	bbox = (269.4910, 11.2140) - (269.5910, 11.2320) on Layer M2
violation type: Short
	srcs: net:clknet_leaf_1088_u_e.g_cg.u_cg.gclk_regs net:VDD
	bbox = (246.1470, 8.0830) - (246.1500, 8.1170) on Layer M3
violation type: Short
	srcs: net:net47203 net:net51716
	bbox = (246.4200, 7.5310) - (246.4380, 7.7270) on Layer M3
violation type: Short
	srcs: net:net46876 net:net51383
	bbox = (247.8600, 8.3950) - (247.8780, 8.4650) on Layer M3
violation type: Short
	srcs: net:net47155 net:net47175
	bbox = (248.3280, 9.7870) - (248.3460, 9.8150) on Layer M3
violation type: Short
	srcs: net:clknet_leaf_1089_u_e.g_cg.u_cg.gclk_regs net:u_e.i2x_q0\[82\]
	bbox = (248.5080, 9.8950) - (248.5260, 10.0610) on Layer M3
violation type: Short
	srcs: net:VDD net:net47081
	bbox = (248.8470, 9.1630) - (248.8500, 9.1970) on Layer M3
violation type: Short
	srcs: net:VDD net:net51462
	bbox = (251.5470, 9.7030) - (251.5500, 9.7370) on Layer M3
violation type: Short
	srcs: net:VDD net:net51533
	bbox = (254.2470, 7.5430) - (254.2500, 7.5770) on Layer M3
violation type: Short
	srcs: net:u_e.i2x_q0\[99\] net:net1404
	bbox = (254.8800, 8.0050) - (254.8980, 8.0930) on Layer M3
violation type: Short
	srcs: net:net18290 net:net46643
	bbox = (255.7800, 8.7790) - (255.7980, 8.8430) on Layer M3
violation type: Short
	srcs: net:_016781_ net:VDD
	bbox = (256.9470, 9.7030) - (256.9500, 9.7370) on Layer M3
violation type: Short
	srcs: net:net40416 net:net51082
	bbox = (257.6160, 8.5870) - (257.6340, 8.7350) on Layer M3
violation type: Short
	srcs: net:_016765_ net:net46697
	bbox = (258.5880, 10.1230) - (258.6060, 10.1630) on Layer M3
violation type: Short
	srcs: net:_016810_ net:net46329
	bbox = (259.1640, 8.8510) - (259.1820, 8.9570) on Layer M3
violation type: Short
	srcs: net:net23446 net:net50364
	bbox = (261.1440, 10.2010) - (261.1620, 10.2050) on Layer M3
violation type: Short
	srcs: net:net18131 net:u_e.g_qb.g_bx.b_xs_q0\[135\]
	bbox = (261.1800, 9.4990) - (261.1980, 9.5450) on Layer M3
violation type: Short
	srcs: net:u_e.g_qb.g_bx.b_xs_q0\[135\] net:net50560
	bbox = (261.3240, 9.6610) - (261.3420, 10.0130) on Layer M3
violation type: Short
	srcs: net:net46320 net:net46548
	bbox = (261.3600, 9.3910) - (261.3780, 9.4370) on Layer M3
violation type: Short
	srcs: net:net46597 net:net47852
	bbox = (261.4680, 10.4590) - (261.4860, 10.5410) on Layer M3
violation type: Short
	srcs: net:net18132 net:net51250
	bbox = (261.5040, 10.2040) - (261.5220, 10.3190) on Layer M3
violation type: Short
	srcs: net:net18284 net:u_e.i2x_q0\[100\]
	bbox = (261.5760, 10.3540) - (261.5940, 10.4720) on Layer M3
violation type: Short
	srcs: net:u_e.i2x_q0\[100\] net:net46833
	bbox = (261.8280, 10.4350) - (261.8460, 10.5890) on Layer M3
violation type: Short
	srcs: net:VDD net:net51294
	bbox = (262.3470, 6.4630) - (262.3500, 6.4970) on Layer M3
violation type: Short
	srcs: net:net1238 net:net46776
	bbox = (263.0520, 8.4010) - (263.0700, 8.4650) on Layer M3
violation type: Short
	srcs: net:net18137 net:net46635
	bbox = (263.8800, 8.2510) - (263.8980, 8.3390) on Layer M3
violation type: Short
	srcs: net:clknet_leaf_858_u_e.g_cg.u_cg.gclk_regs net:net50636
	bbox = (263.9160, 7.7230) - (263.9340, 7.9250) on Layer M3
violation type: Short
	srcs: net:net18137 net:net48641
	bbox = (264.1320, 7.8970) - (264.1500, 7.9010) on Layer M3
violation type: Short
	srcs: net:_065370_ net:net1244
	bbox = (264.2040, 8.2300) - (264.2220, 8.2850) on Layer M3
violation type: Short
	srcs: net:_016728_ net:u_e.i2x_q0\[82\]
	bbox = (264.2040, 10.2010) - (264.2220, 10.2050) on Layer M3
violation type: Short
	srcs: net:_016728_ net:net46287
	bbox = (264.2760, 9.9790) - (264.2940, 10.0850) on Layer M3
violation type: Short
	srcs: net:u_e.g_ir.r_xs_q0\[144\] net:net27469
	bbox = (264.5640, 8.9230) - (264.5820, 9.0050) on Layer M3
violation type: Short
	srcs: net:u_e.i2x_q0\[96\] net:net46732
	bbox = (264.9240, 10.2910) - (264.9420, 10.3010) on Layer M3
violation type: Short
	srcs: net:u_e.i2x_q0\[87\] net:net46303
	bbox = (265.0320, 9.7870) - (265.0500, 9.9230) on Layer M3
violation type: Short
	srcs: net:VDD net:net46713
	bbox = (265.0470, 5.3830) - (265.0500, 5.4170) on Layer M3
violation type: Short
	srcs: net:VDD net:net50458
	bbox = (265.0470, 8.0830) - (265.0500, 8.1170) on Layer M3
violation type: Short
	srcs: net:VDD net:net46303
	bbox = (265.0470, 9.7030) - (265.0500, 9.7370) on Layer M3
violation type: Short
	srcs: net:u_e.i2x_q0\[123\] net:net46305
	bbox = (265.6440, 8.7070) - (265.6620, 8.8610) on Layer M3
violation type: Short
	srcs: net:net12399 net:net50419
	bbox = (266.3640, 9.5530) - (266.3820, 9.6290) on Layer M3
violation type: Short
	srcs: net:_016202_ net:net46630
	bbox = (267.4440, 10.9750) - (267.4620, 11.0690) on Layer M3
violation type: Short
	srcs: net:_065455_ net:net46564
	bbox = (267.6600, 7.4290) - (267.6780, 7.4690) on Layer M3
violation type: Short
	srcs: net:VDD net:net46271
	bbox = (267.7470, 9.1630) - (267.7500, 9.1970) on Layer M3
violation type: Short
	srcs: net:net18318 net:VDD
	bbox = (267.7470, 10.2430) - (267.7500, 10.2770) on Layer M3
violation type: Short
	srcs: net:_006719_ net:net45716
	bbox = (268.1280, 10.8670) - (268.1460, 10.9310) on Layer M3
violation type: Short
	srcs: net:net18129 net:net46267
	bbox = (268.1640, 5.6110) - (268.1820, 5.6480) on Layer M3
violation type: Short
	srcs: net:net46381 net:net50555
	bbox = (268.4880, 5.2330) - (268.5060, 5.4590) on Layer M3
violation type: Short
	srcs: net:net46381 net:net50602
	bbox = (268.8480, 7.9630) - (268.8660, 8.0330) on Layer M3
violation type: Short
	srcs: net:net46346 net:net50443
	bbox = (268.9560, 7.6990) - (268.9740, 7.7990) on Layer M3
violation type: Short
	srcs: net:net33800 net:net40639
	bbox = (268.9920, 5.6110) - (269.0100, 5.7410) on Layer M3
violation type: Short
	srcs: net:u_e.g_ir.r_xs_q0\[151\] net:net46281
	bbox = (269.0640, 10.3270) - (269.0820, 10.3970) on Layer M3
violation type: Short
	srcs: net:net46724 net:net50751
	bbox = (269.1360, 7.7710) - (269.1540, 7.8050) on Layer M3
violation type: Short
	srcs: net:u_e.i2x_q0\[102\] net:net46580
	bbox = (269.3160, 10.7410) - (269.3340, 10.7810) on Layer M3
violation type: Short
	srcs: net:net50551 net:net50654
	bbox = (269.6040, 7.5790) - (269.6220, 7.8890) on Layer M3
violation type: Short
	srcs: net:_015094_ net:net36175
	bbox = (269.6040, 11.0110) - (269.6220, 11.1650) on Layer M3
violation type: Short
	srcs: net:net18120 net:VDD
	bbox = (270.4470, 9.1630) - (270.4500, 9.1970) on Layer M3
violation type: Short
	srcs: net:_017329_ net:net46249
	bbox = (248.5330, 8.7840) - (248.6810, 8.8080) on Layer M4
violation type: Short
	srcs: net:u_e.i2x_q0\[144\] net:net51028
	bbox = (256.3060, 9.7440) - (256.3070, 9.7680) on Layer M4
violation type: Short
	srcs: net:clknet_leaf_857_u_e.g_cg.u_cg.gclk_regs net:VDD
	bbox = (256.9400, 8.6400) - (257.0440, 8.6520) on Layer M4
violation type: Short
	srcs: net:u_e.i2x_q0\[147\] net:net50583
	bbox = (257.3450, 8.2560) - (257.4290, 8.2800) on Layer M4
violation type: Short
	srcs: net:u_e.i2x_q0\[146\] net:net46329
	bbox = (259.1890, 8.9280) - (259.1930, 8.9520) on Layer M4
violation type: Short
	srcs: net:net1210 net:net50364
	bbox = (261.1330, 10.1760) - (261.1370, 10.2000) on Layer M4
violation type: Short
	srcs: net:u_e.i2x_q0\[148\] net:net46597
	bbox = (261.5290, 9.3600) - (261.6130, 9.3840) on Layer M4
violation type: Short
	srcs: net:clknet_leaf_858_u_e.g_cg.u_cg.gclk_regs net:net50364
	bbox = (262.8340, 10.1760) - (262.8350, 10.2000) on Layer M4
violation type: Short
	srcs: net:_016750_ net:net46572
	bbox = (263.8930, 9.6000) - (264.1610, 9.6240) on Layer M4
violation type: Short
	srcs: net:_016748_ net:net46681
	bbox = (263.9050, 10.4640) - (263.9390, 10.4880) on Layer M4
violation type: Short
	srcs: net:u_e.i2x_q0\[90\] net:net50637
	bbox = (264.2290, 7.7760) - (264.3160, 7.8000) on Layer M4
violation type: Short
	srcs: net:u_e.i2x_q0\[112\] net:net48517
	bbox = (264.6250, 8.8320) - (264.7090, 8.8560) on Layer M4
violation type: Short
	srcs: net:VDD net:net51007
	bbox = (264.9690, 5.9510) - (265.0410, 5.9640) on Layer M4
violation type: Short
	srcs: net:_147209_ net:net16757
	bbox = (265.4770, 10.0800) - (265.5650, 10.1040) on Layer M4
violation type: Short
	srcs: net:net19897 net:u_e.i2x_q0\[146\]
	bbox = (267.3970, 8.4960) - (267.6170, 8.5200) on Layer M4
violation type: Short
	srcs: net:_065455_ net:net45716
	bbox = (267.6880, 7.4400) - (267.6890, 7.4640) on Layer M4
violation type: Short
	srcs: net:_016711_ net:net28727
	bbox = (268.4500, 7.3920) - (268.5980, 7.4160) on Layer M4
violation type: Short
	srcs: net:clknet_leaf_854_u_e.g_cg.u_cg.gclk_regs net:net37750
	bbox = (269.8090, 11.9040) - (269.8130, 11.9280) on Layer M4
violation type: Short
	srcs: net:u_e.i2x_q0\[106\] net:net51694
	bbox = (246.3360, 7.8610) - (246.3600, 8.0510) on Layer M5
violation type: Short
	srcs: net:net47184 net:net51724
	bbox = (247.7760, 7.9890) - (247.8000, 8.1950) on Layer M5
violation type: Short
	srcs: net:_065464_ net:net48697
	bbox = (258.9120, 10.1650) - (258.9360, 10.2590) on Layer M5
violation type: Short
	srcs: net:net18104 net:net50960
	bbox = (261.4560, 9.7810) - (261.4800, 9.9710) on Layer M5
violation type: Short
	srcs: net:net22885 net:net46212
	bbox = (263.2320, 7.4770) - (263.2560, 7.6590) on Layer M5
violation type: Short
	srcs: net:net46309 net:net50973
	bbox = (263.3760, 5.7790) - (263.4000, 5.8670) on Layer M5
violation type: Short
	srcs: net:_016729_ net:_065469_
	bbox = (263.6160, 8.2450) - (263.6400, 8.2990) on Layer M5
violation type: Short
	srcs: net:clknet_leaf_858_u_e.g_cg.u_cg.gclk_regs net:net12484
	bbox = (263.9520, 9.8770) - (263.9760, 9.9630) on Layer M5
violation type: Short
	srcs: net:_017314_ net:net18027
	bbox = (264.0960, 8.8690) - (264.1200, 8.8750) on Layer M5
violation type: Short
	srcs: net:net37273 net:net46712
	bbox = (264.4320, 9.9620) - (264.4560, 9.9710) on Layer M5
violation type: Short
	srcs: net:u_e.g_ir.r_xs_q0\[144\] net:net46288
	bbox = (264.7200, 8.8850) - (264.7440, 8.9730) on Layer M5
violation type: Short
	srcs: net:net34211 net:net12399
	bbox = (265.7280, 10.0370) - (265.7520, 10.2110) on Layer M5
violation type: Short
	srcs: net:net1292 net:net46334
	bbox = (268.3200, 5.3170) - (268.3440, 5.4190) on Layer M5
violation type: Short
	srcs: net:u_e.g_ir.r_xs_q0\[151\] net:net50556
	bbox = (268.3680, 5.6100) - (268.3920, 5.6510) on Layer M5
violation type: Short
	srcs: net:net25656 net:u_e.i2x_q0\[125\]
	bbox = (262.7890, 10.2400) - (262.9790, 10.2720) on Layer M6
violation type: Short
	srcs: net:_015082_ net:u_e.g_ir.r_xs_q0\[95\]
	bbox = (267.2640, 9.5890) - (267.2960, 9.7070) on Layer M7
violation type: Short
	srcs: net:net18067 net:u_e.g_qb.g_bx.b_xs_q0\[151\]
	bbox = (267.3280, 9.8450) - (267.3600, 9.9630) on Layer M7
violation type: Lef58EolKeepOut
	srcs: net:u_e.i2x_q0\[100\] net:net46320
	bbox = (261.5630, 10.4400) - (261.5710, 10.4400) on Layer M2
violation type: Lef58EolKeepOut
	srcs: net:u_e.i2x_q0\[100\] net:net46320
	bbox = (261.5630, 10.4400) - (261.5710, 10.4580) on Layer M2
violation type: Lef58EolKeepOut
	srcs: net:u_e.i2x_q0\[100\] net:net46320
	bbox = (261.5630, 10.4580) - (261.5710, 10.4580) on Layer M2
violation type: Lef58EolKeepOut
	srcs: net:_016746_ net:net50453
	bbox = (263.2550, 10.8720) - (263.2630, 10.8720) on Layer M2
violation type: Lef58EolKeepOut
	srcs: net:_016746_ net:net50453
	bbox = (263.2550, 10.8720) - (263.2630, 10.8900) on Layer M2
violation type: Lef58EolKeepOut
	srcs: net:_016746_ net:net50453
	bbox = (263.2550, 10.8900) - (263.2630, 10.8900) on Layer M2
violation type: Lef58EolKeepOut
	srcs: net:net12484 net:_131356_
	bbox = (265.3970, 9.3240) - (265.4230, 9.3240) on Layer M2
violation type: Lef58EolKeepOut
	srcs: net:net12484 net:_131356_
	bbox = (265.3970, 9.3240) - (265.4230, 9.3420) on Layer M2
violation type: Lef58EolKeepOut
	srcs: net:net12484 net:_131356_
	bbox = (265.3970, 9.3420) - (265.4230, 9.3420) on Layer M2
violation type: Lef58EolKeepOut
	srcs: net:_065455_ net:net50522
	bbox = (267.6110, 7.4340) - (267.6370, 7.4340) on Layer M2
violation type: Lef58EolKeepOut
	srcs: net:_065455_ net:net50522
	bbox = (267.6110, 7.4340) - (267.6370, 7.4520) on Layer M2
violation type: Lef58EolKeepOut
	srcs: net:_065455_ net:net50522
	bbox = (267.6110, 7.4520) - (267.6370, 7.4520) on Layer M2
violation type: Lef58EolKeepOut
	srcs: net:net33801 net:u_e.i2x_q0\[125\]
	bbox = (267.7550, 9.5580) - (267.7630, 9.5580) on Layer M2
violation type: Lef58EolKeepOut
	srcs: net:net33801 net:u_e.i2x_q0\[125\]
	bbox = (267.7550, 9.5580) - (267.7630, 9.5760) on Layer M2
violation type: Lef58EolKeepOut
	srcs: net:net33801 net:u_e.i2x_q0\[125\]
	bbox = (267.7550, 9.5760) - (267.7630, 9.5760) on Layer M2
violation type: Lef58EolKeepOut
	srcs: net:_065455_ net:net45716
	bbox = (267.7730, 7.4340) - (267.7910, 7.4340) on Layer M2
violation type: Lef58EolKeepOut
	srcs: net:_065455_ net:net45716
	bbox = (267.7730, 7.4340) - (267.7910, 7.4520) on Layer M2
violation type: Lef58EolKeepOut
	srcs: net:_065455_ net:net45716
	bbox = (267.7730, 7.4520) - (267.7910, 7.4520) on Layer M2
violation type: Lef58EolKeepOut
	srcs: net:_016201_ net:net18318
	bbox = (267.9350, 10.4400) - (267.9610, 10.4400) on Layer M2
violation type: Lef58EolKeepOut
	srcs: net:_016201_ net:net18318
	bbox = (267.9350, 10.4400) - (267.9610, 10.4580) on Layer M2
violation type: Lef58EolKeepOut
	srcs: net:_016201_ net:net18318
	bbox = (267.9350, 10.4580) - (267.9610, 10.4580) on Layer M2
violation type: Lef58EolKeepOut
	srcs: net:_015094_ net:net46724
	bbox = (269.4470, 11.1420) - (269.4730, 11.1420) on Layer M2
violation type: Lef58EolKeepOut
	srcs: net:_015094_ net:net46724
	bbox = (269.4470, 11.1420) - (269.4730, 11.1600) on Layer M2
violation type: Lef58EolKeepOut
	srcs: net:_015094_ net:net46724
	bbox = (269.4470, 11.1600) - (269.4730, 11.1600) on Layer M2
violation type: Lef58EolKeepOut
	srcs: net:net34358 net:net50485
	bbox = (270.6710, 6.2460) - (270.6790, 6.2460) on Layer M2
violation type: Lef58EolKeepOut
	srcs: net:net34358 net:net50485
	bbox = (270.6710, 6.2460) - (270.6790, 6.2640) on Layer M2
violation type: Lef58EolKeepOut
	srcs: net:net34358 net:net50485
	bbox = (270.6710, 6.2640) - (270.6790, 6.2640) on Layer M2
violation type: Lef58EolKeepOut
	srcs: net:net47185 net:net51724
	bbox = (247.3560, 9.1970) - (247.3560, 9.2110) on Layer M3
violation type: Lef58EolKeepOut
	srcs: net:net47185 net:net51724
	bbox = (247.3560, 9.1970) - (247.3740, 9.2110) on Layer M3
violation type: Lef58EolKeepOut
	srcs: net:net47185 net:net51724
	bbox = (247.3740, 9.1970) - (247.3740, 9.2110) on Layer M3
violation type: Lef58EolKeepOut
	srcs: net:clknet_leaf_1089_u_e.g_cg.u_cg.gclk_regs net:net1256
	bbox = (247.8600, 10.0850) - (247.8600, 10.0930) on Layer M3
violation type: Lef58EolKeepOut
	srcs: net:clknet_leaf_1089_u_e.g_cg.u_cg.gclk_regs net:net1256
	bbox = (247.8600, 10.0850) - (247.8780, 10.0930) on Layer M3
violation type: Lef58EolKeepOut
	srcs: net:clknet_leaf_1089_u_e.g_cg.u_cg.gclk_regs net:net1256
	bbox = (247.8780, 10.0850) - (247.8780, 10.0930) on Layer M3
violation type: Lef58EolKeepOut
	srcs: net:u_e.i2x_q0\[106\] net:net51687
	bbox = (248.5080, 8.0330) - (248.5080, 8.0590) on Layer M3
violation type: Lef58EolKeepOut
	srcs: net:u_e.i2x_q0\[106\] net:net51687
	bbox = (248.5080, 8.0330) - (248.5260, 8.0590) on Layer M3
violation type: Lef58EolKeepOut
	srcs: net:clknet_leaf_1089_u_e.g_cg.u_cg.gclk_regs net:u_e.i2x_q0\[82\]
	bbox = (248.5080, 10.0610) - (248.5080, 10.0850) on Layer M3
violation type: Lef58EolKeepOut
	srcs: net:clknet_leaf_1089_u_e.g_cg.u_cg.gclk_regs net:u_e.i2x_q0\[82\]
	bbox = (248.5080, 10.0610) - (248.5260, 10.0850) on Layer M3
violation type: Lef58EolKeepOut
	srcs: net:u_e.i2x_q0\[106\] net:net51687
	bbox = (248.5260, 8.0330) - (248.5260, 8.0590) on Layer M3
violation type: Lef58EolKeepOut
	srcs: net:clknet_leaf_1089_u_e.g_cg.u_cg.gclk_regs net:u_e.i2x_q0\[82\]
	bbox = (248.5260, 10.0610) - (248.5260, 10.0850) on Layer M3
violation type: Lef58EolKeepOut
	srcs: net:net1364 net:net46792
	bbox = (251.2080, 9.5090) - (251.2080, 9.5170) on Layer M3
violation type: Lef58EolKeepOut
	srcs: net:net1364 net:net46792
	bbox = (251.2080, 9.5090) - (251.2260, 9.5170) on Layer M3
violation type: Lef58EolKeepOut
	srcs: net:net1364 net:net46792
	bbox = (251.2260, 9.5090) - (251.2260, 9.5170) on Layer M3
violation type: Lef58EolKeepOut
	srcs: net:net51085 net:net51164
	bbox = (257.1120, 8.4650) - (257.1120, 8.4730) on Layer M3
violation type: Lef58EolKeepOut
	srcs: net:net51085 net:net51164
	bbox = (257.1120, 8.4650) - (257.1300, 8.4730) on Layer M3
violation type: Lef58EolKeepOut
	srcs: net:net51085 net:net51164
	bbox = (257.1300, 8.4650) - (257.1300, 8.4730) on Layer M3
violation type: Lef58EolKeepOut
	srcs: net:net25767 net:u_e.i2x_q0\[147\]
	bbox = (257.5080, 8.3810) - (257.5080, 8.4010) on Layer M3
violation type: Lef58EolKeepOut
	srcs: net:net25767 net:u_e.i2x_q0\[147\]
	bbox = (257.5080, 8.3810) - (257.5260, 8.4010) on Layer M3
violation type: Lef58EolKeepOut
	srcs: net:net25767 net:u_e.i2x_q0\[147\]
	bbox = (257.5260, 8.3810) - (257.5260, 8.4010) on Layer M3
violation type: Lef58EolKeepOut
	srcs: net:net18085 net:u_e.g_ir.r_xs_q0\[120\]
	bbox = (260.5320, 9.2120) - (260.5320, 9.2380) on Layer M3
violation type: Lef58EolKeepOut
	srcs: net:net18085 net:u_e.g_ir.r_xs_q0\[120\]
	bbox = (260.5320, 9.2120) - (260.5500, 9.2380) on Layer M3
violation type: Lef58EolKeepOut
	srcs: net:net18085 net:u_e.g_ir.r_xs_q0\[120\]
	bbox = (260.5500, 9.2120) - (260.5500, 9.2380) on Layer M3
violation type: Lef58EolKeepOut
	srcs: net:net18307 net:u_e.i2x_q0\[82\]
	bbox = (260.6400, 10.1210) - (260.6400, 10.1290) on Layer M3
violation type: Lef58EolKeepOut
	srcs: net:net18307 net:u_e.i2x_q0\[82\]
	bbox = (260.6400, 10.1210) - (260.6580, 10.1290) on Layer M3
violation type: Lef58EolKeepOut
	srcs: net:net18307 net:u_e.i2x_q0\[82\]
	bbox = (260.6580, 10.1210) - (260.6580, 10.1290) on Layer M3
violation type: Lef58EolKeepOut
	srcs: net:VSS net:net46244
	bbox = (262.2420, 10.5470) - (262.2450, 10.5610) on Layer M3
violation type: Lef58EolKeepOut
	srcs: net:net46207 net:net51119
	bbox = (263.0160, 7.2230) - (263.0160, 7.2310) on Layer M3
violation type: Lef58EolKeepOut
	srcs: net:net46207 net:net51119
	bbox = (263.0160, 7.2230) - (263.0340, 7.2310) on Layer M3
violation type: Lef58EolKeepOut
	srcs: net:net46207 net:net51119
	bbox = (263.0340, 7.2230) - (263.0340, 7.2310) on Layer M3
violation type: Lef58EolKeepOut
	srcs: net:net50452 net:net50952
	bbox = (263.2680, 7.1330) - (263.2680, 7.1590) on Layer M3
violation type: Lef58EolKeepOut
	srcs: net:net50452 net:net50952
	bbox = (263.2680, 7.1330) - (263.2860, 7.1590) on Layer M3
violation type: Lef58EolKeepOut
	srcs: net:net50452 net:net50952
	bbox = (263.2860, 7.1330) - (263.2860, 7.1590) on Layer M3
violation type: Lef58EolKeepOut
	srcs: net:net18307 net:net46287
	bbox = (263.8800, 9.9230) - (263.8800, 9.9310) on Layer M3
violation type: Lef58EolKeepOut
	srcs: net:net18307 net:net46287
	bbox = (263.8800, 9.9230) - (263.8980, 9.9310) on Layer M3
violation type: Lef58EolKeepOut
	srcs: net:net18307 net:u_e.g_qb.g_bx.b_xs_q0\[148\]
	bbox = (263.8800, 10.0490) - (263.8800, 10.0750) on Layer M3
violation type: Lef58EolKeepOut
	srcs: net:net18307 net:u_e.g_qb.g_bx.b_xs_q0\[148\]
	bbox = (263.8800, 10.0490) - (263.8980, 10.0750) on Layer M3
violation type: Lef58EolKeepOut
	srcs: net:net18307 net:net46287
	bbox = (263.8980, 9.9230) - (263.8980, 9.9310) on Layer M3
violation type: Lef58EolKeepOut
	srcs: net:net18307 net:u_e.g_qb.g_bx.b_xs_q0\[148\]
	bbox = (263.8980, 10.0490) - (263.8980, 10.0750) on Layer M3
violation type: Lef58EolKeepOut
	srcs: net:u_e.g_ir.r_xs_q0\[161\] net:u_e.i2x_q0\[96\]
	bbox = (264.4920, 10.2530) - (264.4920, 10.2670) on Layer M3
violation type: Lef58EolKeepOut
	srcs: net:u_e.g_ir.r_xs_q0\[161\] net:u_e.i2x_q0\[96\]
	bbox = (264.4920, 10.2530) - (264.5100, 10.2670) on Layer M3
violation type: Lef58EolKeepOut
	srcs: net:u_e.g_ir.r_xs_q0\[161\] net:u_e.i2x_q0\[96\]
	bbox = (264.5100, 10.2530) - (264.5100, 10.2670) on Layer M3
violation type: Lef58EolKeepOut
	srcs: net:net27469 net:net48517
	bbox = (264.6360, 8.8070) - (264.6360, 8.8270) on Layer M3
violation type: Lef58EolKeepOut
	srcs: net:net27469 net:net48517
	bbox = (264.6360, 8.8070) - (264.6540, 8.8270) on Layer M3
violation type: Lef58EolKeepOut
	srcs: net:net27469 net:net48517
	bbox = (264.6540, 8.8070) - (264.6540, 8.8270) on Layer M3
violation type: Lef58EolKeepOut
	srcs: net:net19691 net:net18108
	bbox = (267.1200, 10.1210) - (267.1200, 10.1230) on Layer M3
violation type: Lef58EolKeepOut
	srcs: net:net19691 net:net18108
	bbox = (267.1200, 10.1210) - (267.1380, 10.1230) on Layer M3
violation type: Lef58EolKeepOut
	srcs: net:net19691 net:net18108
	bbox = (267.1380, 10.1210) - (267.1380, 10.1230) on Layer M3
violation type: Lef58EolKeepOut
	srcs: net:clknet_leaf_858_u_e.g_cg.u_cg.gclk_regs net:net46333
	bbox = (267.7680, 9.9650) - (267.7680, 9.9790) on Layer M3
violation type: Lef58EolKeepOut
	srcs: net:clknet_leaf_858_u_e.g_cg.u_cg.gclk_regs net:net46333
	bbox = (267.7680, 9.9650) - (267.7860, 9.9790) on Layer M3
violation type: Lef58EolKeepOut
	srcs: net:clknet_leaf_858_u_e.g_cg.u_cg.gclk_regs net:net46333
	bbox = (267.7860, 9.9650) - (267.7860, 9.9790) on Layer M3
violation type: Lef58EolKeepOut
	srcs: net:_042724_ net:u_e.i2x_q0\[90\]
	bbox = (267.9480, 7.8890) - (267.9480, 7.9150) on Layer M3
violation type: Lef58EolKeepOut
	srcs: net:_042724_ net:u_e.i2x_q0\[90\]
	bbox = (267.9480, 7.8890) - (267.9660, 7.9150) on Layer M3
violation type: Lef58EolKeepOut
	srcs: net:_042724_ net:u_e.i2x_q0\[90\]
	bbox = (267.9660, 7.8890) - (267.9660, 7.9150) on Layer M3
violation type: Lef58EolKeepOut
	srcs: net:net18068 net:u_e.i2x_q0\[125\]
	bbox = (268.0560, 10.1570) - (268.0560, 10.1710) on Layer M3
violation type: Lef58EolKeepOut
	srcs: net:net18068 net:u_e.i2x_q0\[125\]
	bbox = (268.0560, 10.1570) - (268.0740, 10.1710) on Layer M3
violation type: Lef58EolKeepOut
	srcs: net:net18068 net:u_e.i2x_q0\[125\]
	bbox = (268.0740, 10.1570) - (268.0740, 10.1710) on Layer M3
violation type: Lef58EolKeepOut
	srcs: net:net50602 net:net50751
	bbox = (269.1360, 7.9970) - (269.1360, 8.0050) on Layer M3
violation type: Lef58EolKeepOut
	srcs: net:net50602 net:net50751
	bbox = (269.1360, 7.9970) - (269.1540, 8.0050) on Layer M3
violation type: Lef58EolKeepOut
	srcs: net:net50602 net:net50751
	bbox = (269.1540, 7.9970) - (269.1540, 8.0050) on Layer M3
violation type: Lef58EolKeepOut
	srcs: net:net18100 net:_131697_
	bbox = (269.5680, 11.2370) - (269.5680, 11.2450) on Layer M3
violation type: Lef58EolKeepOut
	srcs: net:net18100 net:_131697_
	bbox = (269.5680, 11.2370) - (269.5860, 11.2450) on Layer M3
violation type: Lef58EolKeepOut
	srcs: net:net18100 net:_131697_
	bbox = (269.5860, 11.2370) - (269.5860, 11.2450) on Layer M3
violation type: Lef58EolKeepOut
	srcs: net:_016821_ net:net51329
	bbox = (254.6750, 7.7760) - (254.6770, 7.7760) on Layer M4
violation type: Lef58EolKeepOut
	srcs: net:_016821_ net:net51329
	bbox = (254.6750, 7.7760) - (254.6770, 7.8000) on Layer M4
violation type: Lef58EolKeepOut
	srcs: net:_016821_ net:net51329
	bbox = (254.6750, 7.8000) - (254.6770, 7.8000) on Layer M4
violation type: Lef58EolKeepOut
	srcs: net:u_e.i2x_q0\[144\] net:net51028
	bbox = (256.3060, 9.7440) - (256.3070, 9.7440) on Layer M4
violation type: Lef58EolKeepOut
	srcs: net:u_e.i2x_q0\[144\] net:net51028
	bbox = (256.3060, 9.7440) - (256.3070, 9.7680) on Layer M4
violation type: Lef58EolKeepOut
	srcs: net:u_e.i2x_q0\[144\] net:net51028
	bbox = (256.3060, 9.7680) - (256.3070, 9.7680) on Layer M4
violation type: Lef58EolKeepOut
	srcs: net:net27910 net:net46187
	bbox = (256.5620, 9.0720) - (256.5970, 9.0720) on Layer M4
violation type: Lef58EolKeepOut
	srcs: net:net27910 net:net46187
	bbox = (256.5620, 9.0720) - (256.5970, 9.0960) on Layer M4
violation type: Lef58EolKeepOut
	srcs: net:net27910 net:net46187
	bbox = (256.5620, 9.0960) - (256.5970, 9.0960) on Layer M4
violation type: Lef58EolKeepOut
	srcs: net:_016765_ net:net46717
	bbox = (258.5420, 10.1280) - (258.5770, 10.1280) on Layer M4
violation type: Lef58EolKeepOut
	srcs: net:_016765_ net:net46717
	bbox = (258.5420, 10.1280) - (258.5770, 10.1520) on Layer M4
violation type: Lef58EolKeepOut
	srcs: net:_016765_ net:net46717
	bbox = (258.5420, 10.1520) - (258.5770, 10.1520) on Layer M4
violation type: Lef58EolKeepOut
	srcs: net:net46197 net:net50579
	bbox = (258.7250, 8.4960) - (258.7570, 8.4960) on Layer M4
violation type: Lef58EolKeepOut
	srcs: net:net46197 net:net50579
	bbox = (258.7250, 8.4960) - (258.7570, 8.5200) on Layer M4
violation type: Lef58EolKeepOut
	srcs: net:net46197 net:net50579
	bbox = (258.7250, 8.5200) - (258.7570, 8.5200) on Layer M4
violation type: Lef58EolKeepOut
	srcs: net:net18105 net:clknet_leaf_859_u_e.g_cg.u_cg.gclk_regs
	bbox = (259.1420, 8.0160) - (259.1890, 8.0160) on Layer M4
violation type: Lef58EolKeepOut
	srcs: net:net18105 net:clknet_leaf_859_u_e.g_cg.u_cg.gclk_regs
	bbox = (259.1420, 8.0160) - (259.1890, 8.0400) on Layer M4
violation type: Lef58EolKeepOut
	srcs: net:net18105 net:clknet_leaf_859_u_e.g_cg.u_cg.gclk_regs
	bbox = (259.1420, 8.0400) - (259.1890, 8.0400) on Layer M4
violation type: Lef58EolKeepOut
	srcs: net:u_e.i2x_q0\[146\] net:net46329
	bbox = (259.1890, 8.9280) - (259.1930, 8.9280) on Layer M4
violation type: Lef58EolKeepOut
	srcs: net:u_e.i2x_q0\[146\] net:net46329
	bbox = (259.1890, 8.9280) - (259.1930, 8.9520) on Layer M4
violation type: Lef58EolKeepOut
	srcs: net:u_e.i2x_q0\[146\] net:net46329
	bbox = (259.1890, 8.9520) - (259.1930, 8.9520) on Layer M4
violation type: Lef58EolKeepOut
	srcs: net:u_e.g_qb.g_bx.b_xs_q0\[92\] net:net50364
	bbox = (260.9570, 10.2240) - (260.9650, 10.2240) on Layer M4
violation type: Lef58EolKeepOut
	srcs: net:u_e.g_qb.g_bx.b_xs_q0\[92\] net:net50364
	bbox = (260.9570, 10.2240) - (260.9650, 10.2480) on Layer M4
violation type: Lef58EolKeepOut
	srcs: net:u_e.g_qb.g_bx.b_xs_q0\[92\] net:net50364
	bbox = (260.9570, 10.2480) - (260.9650, 10.2480) on Layer M4
violation type: Lef58EolKeepOut
	srcs: net:net1210 net:net50364
	bbox = (261.1330, 10.1760) - (261.1370, 10.1760) on Layer M4
violation type: Lef58EolKeepOut
	srcs: net:net1210 net:net50364
	bbox = (261.1330, 10.1760) - (261.1370, 10.2000) on Layer M4
violation type: Lef58EolKeepOut
	srcs: net:net1210 net:net50364
	bbox = (261.1330, 10.2000) - (261.1370, 10.2000) on Layer M4
violation type: Lef58EolKeepOut
	srcs: net:u_e.g_qb.g_bx.b_xs_q0\[146\] net:net46646
	bbox = (261.8750, 10.2240) - (261.8770, 10.2240) on Layer M4
violation type: Lef58EolKeepOut
	srcs: net:u_e.g_qb.g_bx.b_xs_q0\[146\] net:net46646
	bbox = (261.8750, 10.2240) - (261.8770, 10.2480) on Layer M4
violation type: Lef58EolKeepOut
	srcs: net:u_e.g_qb.g_bx.b_xs_q0\[146\] net:net46646
	bbox = (261.8750, 10.2480) - (261.8770, 10.2480) on Layer M4
violation type: Lef58EolKeepOut
	srcs: net:_016756_ net:u_e.i2x_q0\[106\]
	bbox = (262.7930, 7.5840) - (262.8250, 7.5840) on Layer M4
violation type: Lef58EolKeepOut
	srcs: net:_016756_ net:u_e.i2x_q0\[106\]
	bbox = (262.7930, 7.5840) - (262.8250, 7.6080) on Layer M4
violation type: Lef58EolKeepOut
	srcs: net:_016756_ net:u_e.i2x_q0\[106\]
	bbox = (262.7930, 7.6080) - (262.8250, 7.6080) on Layer M4
violation type: Lef58EolKeepOut
	srcs: net:clknet_leaf_858_u_e.g_cg.u_cg.gclk_regs net:net50364
	bbox = (262.8340, 10.1760) - (262.8350, 10.1760) on Layer M4
violation type: Lef58EolKeepOut
	srcs: net:clknet_leaf_858_u_e.g_cg.u_cg.gclk_regs net:net50364
	bbox = (262.8340, 10.1760) - (262.8350, 10.2000) on Layer M4
violation type: Lef58EolKeepOut
	srcs: net:clknet_leaf_858_u_e.g_cg.u_cg.gclk_regs net:net50364
	bbox = (262.8340, 10.2000) - (262.8350, 10.2000) on Layer M4
violation type: Lef58EolKeepOut
	srcs: net:clknet_leaf_855_u_e.g_cg.u_cg.gclk_regs net:net46275
	bbox = (263.0810, 7.5360) - (263.1250, 7.5360) on Layer M4
violation type: Lef58EolKeepOut
	srcs: net:clknet_leaf_855_u_e.g_cg.u_cg.gclk_regs net:net46275
	bbox = (263.0810, 7.5360) - (263.1250, 7.5600) on Layer M4
violation type: Lef58EolKeepOut
	srcs: net:clknet_leaf_855_u_e.g_cg.u_cg.gclk_regs net:net46275
	bbox = (263.0810, 7.5600) - (263.1250, 7.5600) on Layer M4
violation type: Lef58EolKeepOut
	srcs: net:u_e.g_qb.g_bx.b_xs_q0\[146\] net:net50973
	bbox = (263.3150, 5.8080) - (263.3290, 5.8080) on Layer M4
violation type: Lef58EolKeepOut
	srcs: net:u_e.g_qb.g_bx.b_xs_q0\[146\] net:net50973
	bbox = (263.3150, 5.8080) - (263.3290, 5.8320) on Layer M4
violation type: Lef58EolKeepOut
	srcs: net:u_e.g_qb.g_bx.b_xs_q0\[146\] net:net50973
	bbox = (263.3150, 5.8320) - (263.3290, 5.8320) on Layer M4
violation type: Lef58EolKeepOut
	srcs: net:_016748_ net:net46681
	bbox = (263.9050, 10.4640) - (263.9390, 10.4640) on Layer M4
violation type: Lef58EolKeepOut
	srcs: net:_016748_ net:net46681
	bbox = (263.9050, 10.4640) - (263.9390, 10.4880) on Layer M4
violation type: Lef58EolKeepOut
	srcs: net:_016748_ net:net46681
	bbox = (263.9050, 10.4880) - (263.9390, 10.4880) on Layer M4
violation type: Lef58EolKeepOut
	srcs: net:_016749_ net:net18137
	bbox = (264.0530, 8.0640) - (264.0850, 8.0640) on Layer M4
violation type: Lef58EolKeepOut
	srcs: net:_016749_ net:net18137
	bbox = (264.0530, 8.0640) - (264.0850, 8.0880) on Layer M4
violation type: Lef58EolKeepOut
	srcs: net:_016749_ net:net18137
	bbox = (264.0530, 8.0880) - (264.0850, 8.0880) on Layer M4
violation type: Lef58EolKeepOut
	srcs: net:net18228 net:net18105
	bbox = (264.4220, 8.2080) - (264.4660, 8.2080) on Layer M4
violation type: Lef58EolKeepOut
	srcs: net:net18228 net:net18105
	bbox = (264.4220, 8.2080) - (264.4660, 8.2320) on Layer M4
violation type: Lef58EolKeepOut
	srcs: net:net18228 net:net18105
	bbox = (264.4220, 8.2320) - (264.4660, 8.2320) on Layer M4
violation type: Lef58EolKeepOut
	srcs: net:_065370_ net:net46201
	bbox = (264.6290, 9.6960) - (264.6610, 9.6960) on Layer M4
violation type: Lef58EolKeepOut
	srcs: net:_065370_ net:net46201
	bbox = (264.6290, 9.6960) - (264.6610, 9.7200) on Layer M4
violation type: Lef58EolKeepOut
	srcs: net:_065370_ net:net46201
	bbox = (264.6290, 9.7200) - (264.6610, 9.7200) on Layer M4
violation type: Lef58EolKeepOut
	srcs: net:VDD net:net51007
	bbox = (264.9690, 5.9520) - (265.0410, 5.9640) on Layer M4
violation type: Lef58EolKeepOut
	srcs: net:_016753_ net:net18238
	bbox = (265.0610, 6.3360) - (265.0930, 6.3360) on Layer M4
violation type: Lef58EolKeepOut
	srcs: net:_016753_ net:net18238
	bbox = (265.0610, 6.3360) - (265.0930, 6.3600) on Layer M4
violation type: Lef58EolKeepOut
	srcs: net:_016753_ net:net18238
	bbox = (265.0610, 6.3600) - (265.0930, 6.3600) on Layer M4
violation type: Lef58EolKeepOut
	srcs: net:u_e.i2x_q0\[148\] net:net46732
	bbox = (265.3310, 9.9360) - (265.3450, 9.9360) on Layer M4
violation type: Lef58EolKeepOut
	srcs: net:u_e.i2x_q0\[148\] net:net46732
	bbox = (265.3310, 9.9360) - (265.3450, 9.9600) on Layer M4
violation type: Lef58EolKeepOut
	srcs: net:u_e.i2x_q0\[148\] net:net46732
	bbox = (265.3310, 9.9600) - (265.3450, 9.9600) on Layer M4
violation type: Lef58EolKeepOut
	srcs: net:net18274 net:u_e.g_mac\[0\].g_mz.u_x/_0088_
	bbox = (267.5450, 12.0480) - (267.5770, 12.0480) on Layer M4
violation type: Lef58EolKeepOut
	srcs: net:net18274 net:u_e.g_mac\[0\].g_mz.u_x/_0088_
	bbox = (267.5450, 12.0480) - (267.5770, 12.0720) on Layer M4
violation type: Lef58EolKeepOut
	srcs: net:net18274 net:u_e.g_mac\[0\].g_mz.u_x/_0088_
	bbox = (267.5450, 12.0720) - (267.5770, 12.0720) on Layer M4
violation type: Lef58EolKeepOut
	srcs: net:_065455_ net:net45716
	bbox = (267.6880, 7.4400) - (267.6890, 7.4400) on Layer M4
violation type: Lef58EolKeepOut
	srcs: net:_065455_ net:net45716
	bbox = (267.6880, 7.4400) - (267.6890, 7.4640) on Layer M4
violation type: Lef58EolKeepOut
	srcs: net:_065455_ net:net45716
	bbox = (267.6880, 7.4640) - (267.6890, 7.4640) on Layer M4
violation type: Lef58EolKeepOut
	srcs: net:net34441 net:_065458_
	bbox = (268.0460, 10.0320) - (268.0690, 10.0320) on Layer M4
violation type: Lef58EolKeepOut
	srcs: net:net34441 net:_065458_
	bbox = (268.0460, 10.0320) - (268.0690, 10.0560) on Layer M4
violation type: Lef58EolKeepOut
	srcs: net:net34441 net:_065458_
	bbox = (268.0460, 10.0560) - (268.0690, 10.0560) on Layer M4
violation type: Lef58EolKeepOut
	srcs: net:_065415_ net:net51037
	bbox = (269.5220, 12.0000) - (269.5490, 12.0000) on Layer M4
violation type: Lef58EolKeepOut
	srcs: net:_065415_ net:net51037
	bbox = (269.5220, 12.0000) - (269.5490, 12.0240) on Layer M4
violation type: Lef58EolKeepOut
	srcs: net:_065415_ net:net51037
	bbox = (269.5220, 12.0240) - (269.5490, 12.0240) on Layer M4
violation type: Lef58EolKeepOut
	srcs: net:clknet_leaf_854_u_e.g_cg.u_cg.gclk_regs net:net37750
	bbox = (269.8090, 11.9040) - (269.8130, 11.9040) on Layer M4
violation type: Lef58EolKeepOut
	srcs: net:clknet_leaf_854_u_e.g_cg.u_cg.gclk_regs net:net37750
	bbox = (269.8090, 11.9040) - (269.8130, 11.9280) on Layer M4
violation type: Lef58EolKeepOut
	srcs: net:clknet_leaf_854_u_e.g_cg.u_cg.gclk_regs net:net37750
	bbox = (269.8090, 11.9280) - (269.8130, 11.9280) on Layer M4
violation type: Lef58EolKeepOut
	srcs: net:VSS net:net50748
	bbox = (270.2060, 6.2220) - (270.2480, 6.2400) on Layer M4
violation type: Lef58EolKeepOut
	srcs: net:_016811_ net:u_e.i2x_q0\[146\]
	bbox = (256.3680, 8.3630) - (256.3680, 8.3890) on Layer M5
violation type: Lef58EolKeepOut
	srcs: net:_016811_ net:u_e.i2x_q0\[146\]
	bbox = (256.3680, 8.3630) - (256.3920, 8.3890) on Layer M5
violation type: Lef58EolKeepOut
	srcs: net:_016811_ net:u_e.i2x_q0\[146\]
	bbox = (256.3920, 8.3630) - (256.3920, 8.3890) on Layer M5
violation type: Lef58EolKeepOut
	srcs: net:net50435 net:net50583
	bbox = (257.3760, 8.2910) - (257.3760, 8.2930) on Layer M5
violation type: Lef58EolKeepOut
	srcs: net:net50435 net:net50583
	bbox = (257.3760, 8.2910) - (257.4000, 8.2930) on Layer M5
violation type: Lef58EolKeepOut
	srcs: net:net50435 net:net50583
	bbox = (257.4000, 8.2910) - (257.4000, 8.2930) on Layer M5
violation type: Lef58EolKeepOut
	srcs: net:u_e.i2x_q0\[125\] net:net46717
	bbox = (258.4800, 10.1630) - (258.4800, 10.2000) on Layer M5
violation type: Lef58EolKeepOut
	srcs: net:u_e.i2x_q0\[125\] net:net46717
	bbox = (258.4800, 10.1630) - (258.5040, 10.2000) on Layer M5
violation type: Lef58EolKeepOut
	srcs: net:u_e.i2x_q0\[125\] net:net46717
	bbox = (258.5040, 10.1630) - (258.5040, 10.2000) on Layer M5
violation type: Lef58EolKeepOut
	srcs: net:_016775_ net:u_e.i2x_q0\[102\]
	bbox = (258.6720, 10.0670) - (258.6720, 10.0690) on Layer M5
violation type: Lef58EolKeepOut
	srcs: net:_016775_ net:u_e.i2x_q0\[102\]
	bbox = (258.6720, 10.0670) - (258.6960, 10.0690) on Layer M5
violation type: Lef58EolKeepOut
	srcs: net:_016775_ net:u_e.i2x_q0\[102\]
	bbox = (258.6960, 10.0670) - (258.6960, 10.0690) on Layer M5
violation type: Lef58EolKeepOut
	srcs: net:net16206 net:net50579
	bbox = (258.7680, 8.5310) - (258.7680, 8.5330) on Layer M5
violation type: Lef58EolKeepOut
	srcs: net:net16206 net:net50579
	bbox = (258.7680, 8.5310) - (258.7920, 8.5330) on Layer M5
violation type: Lef58EolKeepOut
	srcs: net:net16206 net:net50579
	bbox = (258.7920, 8.5310) - (258.7920, 8.5330) on Layer M5
violation type: Lef58EolKeepOut
	srcs: net:net18050 net:u_e.i2x_q0\[146\]
	bbox = (259.2960, 8.9730) - (259.2960, 9.0130) on Layer M5
violation type: Lef58EolKeepOut
	srcs: net:net18050 net:u_e.i2x_q0\[146\]
	bbox = (259.2960, 8.9730) - (259.3200, 9.0130) on Layer M5
violation type: Lef58EolKeepOut
	srcs: net:net18050 net:u_e.i2x_q0\[146\]
	bbox = (259.3200, 8.9730) - (259.3200, 9.0130) on Layer M5
violation type: Lef58EolKeepOut
	srcs: net:u_e.g_qb.g_bx.b_xs_q0\[92\] net:net51199
	bbox = (260.9760, 8.6750) - (260.9760, 8.6770) on Layer M5
violation type: Lef58EolKeepOut
	srcs: net:u_e.g_qb.g_bx.b_xs_q0\[92\] net:net51199
	bbox = (260.9760, 8.6750) - (261.0000, 8.6770) on Layer M5
violation type: Lef58EolKeepOut
	srcs: net:u_e.g_qb.g_bx.b_xs_q0\[92\] net:net51199
	bbox = (261.0000, 8.6750) - (261.0000, 8.6770) on Layer M5
violation type: Lef58EolKeepOut
	srcs: net:net25656 net:net50364
	bbox = (262.8000, 10.2110) - (262.8000, 10.2290) on Layer M5
violation type: Lef58EolKeepOut
	srcs: net:net25656 net:net50364
	bbox = (262.8000, 10.2110) - (262.8240, 10.2290) on Layer M5
violation type: Lef58EolKeepOut
	srcs: net:net25656 net:net50364
	bbox = (262.8240, 10.2110) - (262.8240, 10.2290) on Layer M5
violation type: Lef58EolKeepOut
	srcs: net:clknet_leaf_855_u_e.g_cg.u_cg.gclk_regs net:net25656
	bbox = (262.8960, 7.6700) - (262.8960, 7.7170) on Layer M5
violation type: Lef58EolKeepOut
	srcs: net:clknet_leaf_855_u_e.g_cg.u_cg.gclk_regs net:net25656
	bbox = (262.8960, 7.6700) - (262.9200, 7.7170) on Layer M5
violation type: Lef58EolKeepOut
	srcs: net:clknet_leaf_855_u_e.g_cg.u_cg.gclk_regs net:net25656
	bbox = (262.9200, 7.6700) - (262.9200, 7.7170) on Layer M5
violation type: Lef58EolKeepOut
	srcs: net:_016741_ net:net50968
	bbox = (263.4240, 8.0990) - (263.4240, 8.1010) on Layer M5
violation type: Lef58EolKeepOut
	srcs: net:_016741_ net:net50968
	bbox = (263.4240, 8.0990) - (263.4480, 8.1010) on Layer M5
violation type: Lef58EolKeepOut
	srcs: net:_016741_ net:net50968
	bbox = (263.4480, 8.0990) - (263.4480, 8.1010) on Layer M5
violation type: Lef58EolKeepOut
	srcs: net:_065375_ net:u_e.g_qb.g_bx.b_xs_q0\[148\]
	bbox = (263.8560, 10.1150) - (263.8560, 10.1170) on Layer M5
violation type: Lef58EolKeepOut
	srcs: net:_065375_ net:u_e.g_qb.g_bx.b_xs_q0\[148\]
	bbox = (263.8560, 10.1150) - (263.8800, 10.1170) on Layer M5
violation type: Lef58EolKeepOut
	srcs: net:_065375_ net:u_e.g_qb.g_bx.b_xs_q0\[148\]
	bbox = (263.8800, 10.1150) - (263.8800, 10.1170) on Layer M5
violation type: Lef58EolKeepOut
	srcs: net:_017314_ net:net18027
	bbox = (264.0960, 8.8690) - (264.0960, 8.8750) on Layer M5
violation type: Lef58EolKeepOut
	srcs: net:_017314_ net:net18027
	bbox = (264.0960, 8.8690) - (264.1200, 8.8750) on Layer M5
violation type: Lef58EolKeepOut
	srcs: net:_017314_ net:net18027
	bbox = (264.1200, 8.8690) - (264.1200, 8.8750) on Layer M5
violation type: Lef58EolKeepOut
	srcs: net:_016741_ net:net46572
	bbox = (264.2880, 7.2110) - (264.2880, 7.2210) on Layer M5
violation type: Lef58EolKeepOut
	srcs: net:_016741_ net:net46572
	bbox = (264.2880, 7.2110) - (264.3120, 7.2210) on Layer M5
violation type: Lef58EolKeepOut
	srcs: net:_016741_ net:net46572
	bbox = (264.3120, 7.2110) - (264.3120, 7.2210) on Layer M5
violation type: Lef58EolKeepOut
	srcs: net:net37273 net:net46712
	bbox = (264.4320, 9.9620) - (264.4320, 9.9710) on Layer M5
violation type: Lef58EolKeepOut
	srcs: net:net37273 net:net46712
	bbox = (264.4320, 9.9620) - (264.4560, 9.9710) on Layer M5
violation type: Lef58EolKeepOut
	srcs: net:net37273 net:net46712
	bbox = (264.4560, 9.9620) - (264.4560, 9.9710) on Layer M5
violation type: Lef58EolKeepOut
	srcs: net:net30820 net:net46201
	bbox = (264.6720, 9.1950) - (264.6720, 9.2050) on Layer M5
violation type: Lef58EolKeepOut
	srcs: net:net30820 net:net46201
	bbox = (264.6720, 9.1950) - (264.6960, 9.2050) on Layer M5
violation type: Lef58EolKeepOut
	srcs: net:net30820 net:net46201
	bbox = (264.6960, 9.1950) - (264.6960, 9.2050) on Layer M5
violation type: Lef58EolKeepOut
	srcs: net:u_e.i2x_q0\[148\] net:net44412
	bbox = (265.2960, 9.9710) - (265.2960, 9.9730) on Layer M5
violation type: Lef58EolKeepOut
	srcs: net:u_e.i2x_q0\[148\] net:net44412
	bbox = (265.2960, 9.9710) - (265.3200, 9.9730) on Layer M5
violation type: Lef58EolKeepOut
	srcs: net:u_e.i2x_q0\[148\] net:net44412
	bbox = (265.3200, 9.9710) - (265.3200, 9.9730) on Layer M5
violation type: Lef58EolKeepOut
	srcs: net:net19833 net:net29526
	bbox = (266.3040, 7.2350) - (266.3040, 7.2370) on Layer M5
violation type: Lef58EolKeepOut
	srcs: net:net19833 net:net29526
	bbox = (266.3040, 7.2350) - (266.3280, 7.2370) on Layer M5
violation type: Lef58EolKeepOut
	srcs: net:net19833 net:net29526
	bbox = (266.3280, 7.2350) - (266.3280, 7.2370) on Layer M5
violation type: Lef58EolKeepOut
	srcs: net:_016215_ net:u_e.i2x_q0\[125\]
	bbox = (266.7840, 9.6830) - (266.7840, 9.6850) on Layer M5
violation type: Lef58EolKeepOut
	srcs: net:_016215_ net:u_e.i2x_q0\[125\]
	bbox = (266.7840, 9.6830) - (266.8080, 9.6850) on Layer M5
violation type: Lef58EolKeepOut
	srcs: net:_016215_ net:u_e.i2x_q0\[125\]
	bbox = (266.8080, 9.6830) - (266.8080, 9.6850) on Layer M5
violation type: Lef58EolKeepOut
	srcs: net:net45418 net:net46332
	bbox = (267.0720, 10.5950) - (267.0720, 10.5970) on Layer M5
violation type: Lef58EolKeepOut
	srcs: net:net45418 net:net46332
	bbox = (267.0720, 10.5950) - (267.0960, 10.5970) on Layer M5
violation type: Lef58EolKeepOut
	srcs: net:net45418 net:net46332
	bbox = (267.0960, 10.5950) - (267.0960, 10.5970) on Layer M5
violation type: Lef58EolKeepOut
	srcs: net:_017340_ net:net48549
	bbox = (267.3120, 9.9710) - (267.3120, 9.9730) on Layer M5
violation type: Lef58EolKeepOut
	srcs: net:_017340_ net:net48549
	bbox = (267.3120, 9.9710) - (267.3360, 9.9730) on Layer M5
violation type: Lef58EolKeepOut
	srcs: net:_017340_ net:net48549
	bbox = (267.3360, 9.9710) - (267.3360, 9.9730) on Layer M5
violation type: Lef58EolKeepOut
	srcs: net:net1292 net:net46334
	bbox = (268.3200, 5.4190) - (268.3200, 5.4590) on Layer M5
violation type: Lef58EolKeepOut
	srcs: net:net1292 net:net46334
	bbox = (268.3200, 5.4190) - (268.3440, 5.4590) on Layer M5
violation type: Lef58EolKeepOut
	srcs: net:net1292 net:net46334
	bbox = (268.3440, 5.4190) - (268.3440, 5.4590) on Layer M5
violation type: Lef58EolKeepOut
	srcs: net:u_e.g_ir.r_xs_q0\[151\] net:net50556
	bbox = (268.3680, 5.6100) - (268.3680, 5.6510) on Layer M5
violation type: Lef58EolKeepOut
	srcs: net:u_e.g_ir.r_xs_q0\[151\] net:net50556
	bbox = (268.3680, 5.6100) - (268.3920, 5.6510) on Layer M5
violation type: Lef58EolKeepOut
	srcs: net:u_e.g_ir.r_xs_q0\[151\] net:net50556
	bbox = (268.3920, 5.6100) - (268.3920, 5.6510) on Layer M5
violation type: Lef58EolKeepOut
	srcs: net:net12488 net:net1274
	bbox = (268.9440, 10.8350) - (268.9440, 10.8370) on Layer M5
violation type: Lef58EolKeepOut
	srcs: net:net12488 net:net1274
	bbox = (268.9440, 10.8350) - (268.9680, 10.8370) on Layer M5
violation type: Lef58EolKeepOut
	srcs: net:net12488 net:net1274
	bbox = (268.9680, 10.8350) - (268.9680, 10.8370) on Layer M5
violation type: Lef58EolKeepOut
	srcs: net:_016196_ net:u_e.g_qb.g_bx.b_xs_q0\[167\]
	bbox = (267.2990, 7.6160) - (267.3010, 7.6160) on Layer M6
violation type: Lef58EolKeepOut
	srcs: net:_016196_ net:u_e.g_qb.g_bx.b_xs_q0\[167\]
	bbox = (267.2990, 7.6160) - (267.3010, 7.6480) on Layer M6
violation type: Lef58EolKeepOut
	srcs: net:_016196_ net:u_e.g_qb.g_bx.b_xs_q0\[167\]
	bbox = (267.2990, 7.6480) - (267.3010, 7.6480) on Layer M6
violation type: Lef58SpacingEndOfLine
	srcs: net:u_e.i2x_q0\[100\] net:net46320
	bbox = (261.5630, 10.4400) - (261.5710, 10.4580) on Layer M2
violation type: Lef58SpacingEndOfLine
	srcs: net:_016746_ net:net50453
	bbox = (263.2550, 10.8720) - (263.2630, 10.8900) on Layer M2
violation type: Lef58SpacingEndOfLine
	srcs: net:net12484 net:_131356_
	bbox = (265.3970, 9.3240) - (265.4230, 9.3420) on Layer M2
violation type: Lef58SpacingEndOfLine
	srcs: net:_065455_ net:net50522
	bbox = (267.6110, 7.4340) - (267.6370, 7.4520) on Layer M2
violation type: Lef58SpacingEndOfLine
	srcs: net:net33801 net:u_e.i2x_q0\[125\]
	bbox = (267.7550, 9.5580) - (267.7630, 9.5760) on Layer M2
violation type: Lef58SpacingEndOfLine
	srcs: net:_016201_ net:net18318
	bbox = (267.9350, 10.4400) - (267.9610, 10.4580) on Layer M2
violation type: Lef58SpacingEndOfLine
	srcs: net:_015094_ net:net46724
	bbox = (269.4470, 11.1420) - (269.4730, 11.1600) on Layer M2
violation type: Lef58SpacingEndOfLine
	srcs: net:net47185 net:net51724
	bbox = (247.3560, 9.1970) - (247.3740, 9.2110) on Layer M3
violation type: Lef58SpacingEndOfLine
	srcs: net:clknet_leaf_1089_u_e.g_cg.u_cg.gclk_regs net:net1256
	bbox = (247.8600, 10.0850) - (247.8780, 10.0930) on Layer M3
violation type: Lef58SpacingEndOfLine
	srcs: net:u_e.i2x_q0\[106\] net:net51687
	bbox = (248.5080, 8.0330) - (248.5260, 8.0590) on Layer M3
violation type: Lef58SpacingEndOfLine
	srcs: net:net1364 net:net46792
	bbox = (251.2080, 9.5090) - (251.2260, 9.5170) on Layer M3
violation type: Lef58SpacingEndOfLine
	srcs: net:net51085 net:net51164
	bbox = (257.1120, 8.4650) - (257.1300, 8.4730) on Layer M3
violation type: Lef58SpacingEndOfLine
	srcs: net:net25767 net:u_e.i2x_q0\[147\]
	bbox = (257.5080, 8.3810) - (257.5260, 8.4010) on Layer M3
violation type: Lef58SpacingEndOfLine
	srcs: net:net18085 net:u_e.g_ir.r_xs_q0\[120\]
	bbox = (260.5320, 9.2120) - (260.5500, 9.2380) on Layer M3
violation type: Lef58SpacingEndOfLine
	srcs: net:net18307 net:u_e.i2x_q0\[82\]
	bbox = (260.6400, 10.1210) - (260.6580, 10.1290) on Layer M3
violation type: Lef58SpacingEndOfLine
	srcs: net:net46207 net:net51119
	bbox = (263.0160, 7.2230) - (263.0340, 7.2310) on Layer M3
violation type: Lef58SpacingEndOfLine
	srcs: net:net50452 net:net50952
	bbox = (263.2680, 7.1330) - (263.2860, 7.1590) on Layer M3
violation type: Lef58SpacingEndOfLine
	srcs: net:net18307 net:net46287
	bbox = (263.8800, 9.9230) - (263.8980, 9.9310) on Layer M3
violation type: Lef58SpacingEndOfLine
	srcs: net:net18307 net:u_e.g_qb.g_bx.b_xs_q0\[148\]
	bbox = (263.8800, 10.0490) - (263.8980, 10.0750) on Layer M3
violation type: Lef58SpacingEndOfLine
	srcs: net:u_e.g_ir.r_xs_q0\[161\] net:u_e.i2x_q0\[96\]
	bbox = (264.4920, 10.2530) - (264.5100, 10.2670) on Layer M3
violation type: Lef58SpacingEndOfLine
	srcs: net:net27469 net:net48517
	bbox = (264.6360, 8.8070) - (264.6540, 8.8270) on Layer M3
violation type: Lef58SpacingEndOfLine
	srcs: net:net19691 net:net18108
	bbox = (267.1200, 10.1210) - (267.1380, 10.1230) on Layer M3
violation type: Lef58SpacingEndOfLine
	srcs: net:clknet_leaf_858_u_e.g_cg.u_cg.gclk_regs net:net46333
	bbox = (267.7680, 9.9650) - (267.7860, 9.9790) on Layer M3
violation type: Lef58SpacingEndOfLine
	srcs: net:VDD net:net34611
	bbox = (267.8040, 9.7370) - (267.8220, 9.7510) on Layer M3
violation type: Lef58SpacingEndOfLine
	srcs: net:_042724_ net:u_e.i2x_q0\[90\]
	bbox = (267.9480, 7.8890) - (267.9660, 7.9150) on Layer M3
violation type: Lef58SpacingEndOfLine
	srcs: net:net18068 net:u_e.i2x_q0\[125\]
	bbox = (268.0560, 10.1570) - (268.0740, 10.1710) on Layer M3
violation type: Lef58SpacingEndOfLine
	srcs: net:net50602 net:net50751
	bbox = (269.1360, 7.9970) - (269.1540, 8.0050) on Layer M3
violation type: Lef58SpacingEndOfLine
	srcs: net:net18100 net:_131697_
	bbox = (269.5680, 11.2370) - (269.5860, 11.2450) on Layer M3
violation type: Lef58SpacingEndOfLine
	srcs: net:_016821_ net:net51329
	bbox = (254.6750, 7.7760) - (254.6770, 7.8000) on Layer M4
violation type: Lef58SpacingEndOfLine
	srcs: net:net27910 net:net46187
	bbox = (256.5620, 9.0720) - (256.5970, 9.0960) on Layer M4
violation type: Lef58SpacingEndOfLine
	srcs: net:_016765_ net:net46717
	bbox = (258.5420, 10.1280) - (258.5770, 10.1520) on Layer M4
violation type: Lef58SpacingEndOfLine
	srcs: net:net46197 net:net50579
	bbox = (258.7250, 8.4960) - (258.7570, 8.5200) on Layer M4
violation type: Lef58SpacingEndOfLine
	srcs: net:u_e.g_qb.g_bx.b_xs_q0\[92\] net:net50364
	bbox = (260.9570, 10.2240) - (260.9650, 10.2480) on Layer M4
violation type: Lef58SpacingEndOfLine
	srcs: net:u_e.g_qb.g_bx.b_xs_q0\[146\] net:net46646
	bbox = (261.8750, 10.2240) - (261.8770, 10.2480) on Layer M4
violation type: Lef58SpacingEndOfLine
	srcs: net:_016756_ net:u_e.i2x_q0\[106\]
	bbox = (262.7930, 7.5840) - (262.8250, 7.6080) on Layer M4
violation type: Lef58SpacingEndOfLine
	srcs: net:u_e.g_qb.g_bx.b_xs_q0\[146\] net:net50973
	bbox = (263.3150, 5.8080) - (263.3290, 5.8320) on Layer M4
violation type: Lef58SpacingEndOfLine
	srcs: net:_016749_ net:net18137
	bbox = (264.0530, 8.0640) - (264.0850, 8.0880) on Layer M4
violation type: Lef58SpacingEndOfLine
	srcs: net:_065370_ net:net46201
	bbox = (264.6290, 9.6960) - (264.6610, 9.7200) on Layer M4
violation type: Lef58SpacingEndOfLine
	srcs: net:_016753_ net:net18238
	bbox = (265.0610, 6.3360) - (265.0930, 6.3600) on Layer M4
violation type: Lef58SpacingEndOfLine
	srcs: net:u_e.i2x_q0\[148\] net:net46732
	bbox = (265.3310, 9.9360) - (265.3450, 9.9600) on Layer M4
violation type: Lef58SpacingEndOfLine
	srcs: net:net18274 net:u_e.g_mac\[0\].g_mz.u_x/_0088_
	bbox = (267.5450, 12.0480) - (267.5770, 12.0720) on Layer M4
violation type: Lef58SpacingEndOfLine
	srcs: net:net34441 net:_065458_
	bbox = (268.0460, 10.0320) - (268.0690, 10.0560) on Layer M4
violation type: Lef58SpacingEndOfLine
	srcs: net:_065415_ net:net51037
	bbox = (269.5220, 12.0000) - (269.5490, 12.0240) on Layer M4
violation type: Lef58SpacingEndOfLine
	srcs: net:_016811_ net:u_e.i2x_q0\[146\]
	bbox = (256.3680, 8.3630) - (256.3920, 8.3890) on Layer M5
violation type: Lef58SpacingEndOfLine
	srcs: net:net50435 net:net50583
	bbox = (257.3760, 8.2910) - (257.4000, 8.2930) on Layer M5
violation type: Lef58SpacingEndOfLine
	srcs: net:u_e.i2x_q0\[125\] net:net46717
	bbox = (258.4800, 10.1630) - (258.5040, 10.2000) on Layer M5
violation type: Lef58SpacingEndOfLine
	srcs: net:_016775_ net:u_e.i2x_q0\[102\]
	bbox = (258.6720, 10.0670) - (258.6960, 10.0690) on Layer M5
violation type: Lef58SpacingEndOfLine
	srcs: net:net16206 net:net50579
	bbox = (258.7680, 8.5310) - (258.7920, 8.5330) on Layer M5
violation type: Lef58SpacingEndOfLine
	srcs: net:u_e.g_qb.g_bx.b_xs_q0\[92\] net:net51199
	bbox = (260.9760, 8.6750) - (261.0000, 8.6770) on Layer M5
violation type: Lef58SpacingEndOfLine
	srcs: net:net25656 net:net50364
	bbox = (262.8000, 10.2110) - (262.8240, 10.2290) on Layer M5
violation type: Lef58SpacingEndOfLine
	srcs: net:_016741_ net:net50968
	bbox = (263.4240, 8.0990) - (263.4480, 8.1010) on Layer M5
violation type: Lef58SpacingEndOfLine
	srcs: net:_065375_ net:u_e.g_qb.g_bx.b_xs_q0\[148\]
	bbox = (263.8560, 10.1150) - (263.8800, 10.1170) on Layer M5
violation type: Lef58SpacingEndOfLine
	srcs: net:_016741_ net:net46572
	bbox = (264.2880, 7.2110) - (264.3120, 7.2210) on Layer M5
violation type: Lef58SpacingEndOfLine
	srcs: net:net30820 net:net46201
	bbox = (264.6720, 9.1950) - (264.6960, 9.2050) on Layer M5
violation type: Lef58SpacingEndOfLine
	srcs: net:u_e.i2x_q0\[148\] net:net44412
	bbox = (265.2960, 9.9710) - (265.3200, 9.9730) on Layer M5
violation type: Lef58SpacingEndOfLine
	srcs: net:net19833 net:net29526
	bbox = (266.3040, 7.2350) - (266.3280, 7.2370) on Layer M5
violation type: Lef58SpacingEndOfLine
	srcs: net:_016215_ net:u_e.i2x_q0\[125\]
	bbox = (266.7840, 9.6830) - (266.8080, 9.6850) on Layer M5
violation type: Lef58SpacingEndOfLine
	srcs: net:net45418 net:net46332
	bbox = (267.0720, 10.5950) - (267.0960, 10.5970) on Layer M5
violation type: Lef58SpacingEndOfLine
	srcs: net:_017340_ net:net48549
	bbox = (267.3120, 9.9710) - (267.3360, 9.9730) on Layer M5
violation type: Lef58SpacingEndOfLine
	srcs: net:net12488 net:net1274
	bbox = (268.9440, 10.8350) - (268.9680, 10.8370) on Layer M5
violation type: Lef58SpacingEndOfLine
	srcs: net:_016196_ net:u_e.g_qb.g_bx.b_xs_q0\[167\]
	bbox = (267.2990, 7.6160) - (267.3010, 7.6480) on Layer M6
violation type: Lef58CutSpacingTable
	srcs: net:net47185 net:net51724
	bbox = (247.3560, 9.1920) - (247.3740, 9.2160) on Layer V3
violation type: Lef58CutSpacingTable
	srcs: net:_065428_ net:net46901
	bbox = (247.5900, 9.6240) - (247.6080, 9.6480) on Layer V3
violation type: Lef58CutSpacingTable
	srcs: net:clknet_leaf_1089_u_e.g_cg.u_cg.gclk_regs net:net51690
	bbox = (247.9860, 10.1040) - (248.0040, 10.1280) on Layer V3
violation type: Lef58CutSpacingTable
	srcs: net:_016765_ net:_065464_
	bbox = (258.5700, 10.1520) - (258.5880, 10.1760) on Layer V3
violation type: Lef58CutSpacingTable
	srcs: net:u_e.i2x_q0\[146\] net:net46329
	bbox = (259.1820, 8.9280) - (259.2000, 8.9520) on Layer V3
violation type: Lef58CutSpacingTable
	srcs: net:_016739_ net:u_e.g_qb.g_bx.b_xs_q0\[135\]
	bbox = (260.9460, 9.4800) - (260.9640, 9.5040) on Layer V3
violation type: Lef58CutSpacingTable
	srcs: net:net1210 net:net50364
	bbox = (261.1260, 10.1760) - (261.1440, 10.2000) on Layer V3
violation type: Lef58CutSpacingTable
	srcs: net:net46597 net:net47852
	bbox = (261.4680, 10.4880) - (261.4860, 10.5120) on Layer V3
violation type: Lef58CutSpacingTable
	srcs: net:net18104 net:u_e.i2x_q0\[87\]
	bbox = (261.5940, 9.7200) - (261.6120, 9.7440) on Layer V3
violation type: Lef58CutSpacingTable
	srcs: net:net50442 net:net50452
	bbox = (263.2500, 7.0800) - (263.2680, 7.1040) on Layer V3
violation type: Lef58CutSpacingTable
	srcs: net:_016728_ net:_016770_
	bbox = (264.2220, 10.2000) - (264.2400, 10.2240) on Layer V3
violation type: Lef58CutSpacingTable
	srcs: net:_016770_ net:_017316_
	bbox = (264.2580, 10.2480) - (264.2760, 10.2720) on Layer V3
violation type: Lef58CutSpacingTable
	srcs: net:u_e.g_ir.r_xs_q0\[161\] net:u_e.i2x_q0\[96\]
	bbox = (264.4920, 10.2480) - (264.5100, 10.2720) on Layer V3
violation type: Lef58CutSpacingTable
	srcs: net:clknet_leaf_854_u_e.g_cg.u_cg.gclk_regs net:u_e.i2x_q0\[96\]
	bbox = (264.9060, 10.2960) - (264.9240, 10.3200) on Layer V3
violation type: Lef58CutSpacingTable
	srcs: net:_017340_ net:net18063
	bbox = (265.5540, 11.0160) - (265.5720, 11.0400) on Layer V3
violation type: Lef58CutSpacingTable
	srcs: net:net12399 net:u_e.i2x_q0\[87\]
	bbox = (265.6260, 9.5760) - (265.6440, 9.6000) on Layer V3
violation type: Lef58CutSpacingTable
	srcs: net:net12399 net:net50483
	bbox = (266.3820, 9.5760) - (266.4000, 9.6000) on Layer V3
violation type: Lef58CutSpacingTable
	srcs: net:net12425 net:net34610
	bbox = (266.9220, 9.0480) - (266.9400, 9.0720) on Layer V3
violation type: Lef58CutSpacingTable
	srcs: net:u_e.i2x_q0\[148\] net:net50658
	bbox = (267.3900, 9.6720) - (267.4080, 9.6960) on Layer V3
violation type: Lef58CutSpacingTable
	srcs: net:clknet_leaf_858_u_e.g_cg.u_cg.gclk_regs net:net46333
	bbox = (267.7680, 9.9600) - (267.7860, 9.9840) on Layer V3
violation type: Lef58CutSpacingTable
	srcs: net:net18068 net:u_e.i2x_q0\[125\]
	bbox = (268.0560, 10.1520) - (268.0740, 10.1760) on Layer V3
violation type: Lef58CutSpacingTable
	srcs: net:net33800 net:net50754
	bbox = (268.9740, 5.6880) - (268.9920, 5.7120) on Layer V3
violation type: Lef58CutSpacingTable
	srcs: net:_006724_ net:net46579
	bbox = (269.3700, 7.8000) - (269.3880, 7.8240) on Layer V3
violation type: Lef58CutSpacingTable
	srcs: net:clknet_leaf_854_u_e.g_cg.u_cg.gclk_regs net:net37750
	bbox = (269.8020, 11.9040) - (269.8200, 11.9280) on Layer V3
violation type: Lef58CutSpacingTable
	srcs: net:_016821_ net:net51329
	bbox = (254.6640, 7.7760) - (254.6880, 7.8000) on Layer V4
violation type: Lef58CutSpacingTable
	srcs: net:u_e.i2x_q0\[99\] net:net48423
	bbox = (256.2960, 8.3280) - (256.3200, 8.3520) on Layer V4
violation type: Lef58CutSpacingTable
	srcs: net:u_e.i2x_q0\[144\] net:net51028
	bbox = (256.2960, 9.7440) - (256.3200, 9.7680) on Layer V4
violation type: Lef58CutSpacingTable
	srcs: net:u_e.i2x_q0\[146\] net:u_e.i2x_q0\[99\]
	bbox = (256.3440, 8.3760) - (256.3680, 8.4000) on Layer V4
violation type: Lef58CutSpacingTable
	srcs: net:net50435 net:net50583
	bbox = (257.3760, 8.2800) - (257.4000, 8.3040) on Layer V4
violation type: Lef58CutSpacingTable
	srcs: net:net18270 net:net46657
	bbox = (257.7840, 9.9120) - (257.8080, 9.9360) on Layer V4
violation type: Lef58CutSpacingTable
	srcs: net:_016775_ net:u_e.i2x_q0\[102\]
	bbox = (258.6720, 10.0560) - (258.6960, 10.0800) on Layer V4
violation type: Lef58CutSpacingTable
	srcs: net:net16206 net:net50579
	bbox = (258.7680, 8.5200) - (258.7920, 8.5440) on Layer V4
violation type: Lef58CutSpacingTable
	srcs: net:_065464_ net:net48697
	bbox = (258.9120, 10.2000) - (258.9360, 10.2240) on Layer V4
violation type: Lef58CutSpacingTable
	srcs: net:u_e.g_qb.g_bx.b_xs_q0\[92\] net:net51199
	bbox = (260.9760, 8.6640) - (261.0000, 8.6880) on Layer V4
violation type: Lef58CutSpacingTable
	srcs: net:clknet_leaf_857_u_e.g_cg.u_cg.gclk_regs net:u_e.g_qb.g_bx.b_xs_q0\[92\]
	bbox = (261.0000, 8.6160) - (261.0240, 8.6400) on Layer V4
violation type: Lef58CutSpacingTable
	srcs: net:u_e.g_qb.g_bx.b_xs_q0\[146\] net:net46646
	bbox = (261.8640, 10.2240) - (261.8880, 10.2480) on Layer V4
violation type: Lef58CutSpacingTable
	srcs: net:_006971_ net:u_e.g_ir.r_xs_q0\[78\]
	bbox = (262.0080, 8.9520) - (262.0320, 8.9760) on Layer V4
violation type: Lef58CutSpacingTable
	srcs: net:net18092 net:net50449
	bbox = (262.9200, 9.1440) - (262.9440, 9.1680) on Layer V4
violation type: Lef58CutSpacingTable
	srcs: net:_016741_ net:net50968
	bbox = (263.4240, 8.0880) - (263.4480, 8.1120) on Layer V4
violation type: Lef58CutSpacingTable
	srcs: net:_016741_ net:net18027
	bbox = (263.4480, 9.3840) - (263.4720, 9.4080) on Layer V4
violation type: Lef58CutSpacingTable
	srcs: net:u_e.g_qb.g_bx.b_xs_q0\[79\] net:net48583
	bbox = (263.4960, 9.7680) - (263.5200, 9.7920) on Layer V4
violation type: Lef58CutSpacingTable
	srcs: net:_065375_ net:u_e.g_qb.g_bx.b_xs_q0\[148\]
	bbox = (263.8560, 10.1040) - (263.8800, 10.1280) on Layer V4
violation type: Lef58CutSpacingTable
	srcs: net:_016750_ net:net46572
	bbox = (263.8800, 9.6000) - (263.9040, 9.6240) on Layer V4
violation type: Lef58CutSpacingTable
	srcs: net:_016749_ net:net50455
	bbox = (263.9760, 8.0880) - (264.0000, 8.1120) on Layer V4
violation type: Lef58CutSpacingTable
	srcs: net:net12484 net:net1242
	bbox = (263.9760, 9.9120) - (264.0000, 9.9360) on Layer V4
violation type: Lef58CutSpacingTable
	srcs: net:_017314_ net:net18246
	bbox = (264.0720, 8.9040) - (264.0960, 8.9280) on Layer V4
violation type: Lef58CutSpacingTable
	srcs: net:net30821 net:net50636
	bbox = (264.2640, 7.5120) - (264.2880, 7.5360) on Layer V4
violation type: Lef58CutSpacingTable
	srcs: net:_065370_ net:net18105
	bbox = (264.2640, 8.2320) - (264.2880, 8.2560) on Layer V4
violation type: Lef58CutSpacingTable
	srcs: net:net30821 net:net51109
	bbox = (264.3120, 7.5120) - (264.3360, 7.5360) on Layer V4
violation type: Lef58CutSpacingTable
	srcs: net:net20088 net:net37288
	bbox = (264.3600, 10.4880) - (264.3840, 10.5120) on Layer V4
violation type: Lef58CutSpacingTable
	srcs: net:net46213 net:net48641
	bbox = (264.4080, 7.7040) - (264.4320, 7.7280) on Layer V4
violation type: Lef58CutSpacingTable
	srcs: net:net37273 net:net46712
	bbox = (264.4320, 9.9600) - (264.4560, 9.9840) on Layer V4
violation type: Lef58CutSpacingTable
	srcs: net:net18327 net:net48517
	bbox = (264.6480, 8.8560) - (264.6720, 8.8800) on Layer V4
violation type: Lef58CutSpacingTable
	srcs: net:u_e.i2x_q0\[96\] net:net44412
	bbox = (265.2720, 10.0080) - (265.2960, 10.0320) on Layer V4
violation type: Lef58CutSpacingTable
	srcs: net:u_e.i2x_q0\[148\] net:net44412
	bbox = (265.2960, 9.9600) - (265.3200, 9.9840) on Layer V4
violation type: Lef58CutSpacingTable
	srcs: net:net19833 net:net29526
	bbox = (266.3040, 7.2240) - (266.3280, 7.2480) on Layer V4
violation type: Lef58CutSpacingTable
	srcs: net:_016215_ net:u_e.i2x_q0\[125\]
	bbox = (266.7840, 9.6720) - (266.8080, 9.6960) on Layer V4
violation type: Lef58CutSpacingTable
	srcs: net:net45418 net:net46332
	bbox = (267.0720, 10.5840) - (267.0960, 10.6080) on Layer V4
violation type: Lef58CutSpacingTable
	srcs: net:net46332 net:net48549
	bbox = (267.3360, 10.5840) - (267.3600, 10.6080) on Layer V4
violation type: Lef58CutSpacingTable
	srcs: net:net18297 net:net34610
	bbox = (268.3440, 7.7520) - (268.3680, 7.7760) on Layer V4
violation type: Lef58CutSpacingTable
	srcs: net:u_e.g_ir.r_xs_q0\[151\] net:net50556
	bbox = (268.3680, 5.6400) - (268.3920, 5.6640) on Layer V4
violation type: Lef58CutSpacingTable
	srcs: net:net12488 net:net1274
	bbox = (268.9440, 10.8240) - (268.9680, 10.8480) on Layer V4
violation type: Lef58CutSpacingTable
	srcs: net:_016718_ net:net46579
	bbox = (269.4960, 7.8000) - (269.5200, 7.8240) on Layer V4
violation type: Lef58CutSpacingTable
	srcs: net:_016741_ net:net46572
	bbox = (264.2880, 7.2000) - (264.3120, 7.2320) on Layer V5
violation type: Lef58CutSpacingTable
	srcs: net:_016196_ net:u_e.g_qb.g_bx.b_xs_q0\[167\]
	bbox = (267.2880, 7.6160) - (267.3120, 7.6480) on Layer V5
violation type: Lef58CutSpacingTable
	srcs: net:_015082_ net:u_e.g_ir.r_xs_q0\[95\]
	bbox = (267.2640, 9.6320) - (267.2960, 9.6640) on Layer V6
violation type: Lef58CutSpacingTable
	srcs: net:net18067 net:u_e.g_qb.g_bx.b_xs_q0\[151\]
	bbox = (267.3280, 9.8880) - (267.3600, 9.9200) on Layer V6
