OpenROAD 26Q3-1510-g6cb3f2b704 
Features included (+) or not (-): +GPU +GUI +Python
This program is licensed under the BSD-3 license. See the LICENSE file for details.
Components of this program may be licensed under more restrictive licenses which must be honored.
[INFO ODB-0227] LEF file: /OpenROAD-flow-scripts/flow/platforms/asap7/lef/asap7_tech_1x_201209.lef, created 30 layers, 9 vias
[INFO ODB-0227] LEF file: /OpenROAD-flow-scripts/flow/platforms/asap7/lef/asap7sc7p5t_28_R_1x_220121a.lef, created 212 library cells
[INFO ODB-0227] LEF file: /src/physical/asap7_memory_macros/ot_sram_1r1w_128x256_m1_r2c2/ot_sram_1r1w_128x256_m1_r2c2.lef, created 1 library cells
[WARNING STA-1212] /OpenROAD-flow-scripts/flow/platforms/asap7/lib/NLDM/asap7sc7p5t_SIMPLE_RVT_FF_nldm_211120.lib.gz line 9184, timing group from output port.
[WARNING STA-1212] /OpenROAD-flow-scripts/flow/platforms/asap7/lib/NLDM/asap7sc7p5t_SIMPLE_RVT_FF_nldm_211120.lib.gz line 9217, timing group from output port.
[WARNING STA-1212] /OpenROAD-flow-scripts/flow/platforms/asap7/lib/NLDM/asap7sc7p5t_SIMPLE_RVT_FF_nldm_211120.lib.gz line 9250, timing group from output port.
[WARNING STA-1212] /OpenROAD-flow-scripts/flow/platforms/asap7/lib/NLDM/asap7sc7p5t_SIMPLE_RVT_FF_nldm_211120.lib.gz line 9283, timing group from output port.
[WARNING STA-1212] /OpenROAD-flow-scripts/flow/platforms/asap7/lib/NLDM/asap7sc7p5t_SIMPLE_RVT_FF_nldm_211120.lib.gz line 9316, timing group from output port.
[WARNING STA-1212] /OpenROAD-flow-scripts/flow/platforms/asap7/lib/NLDM/asap7sc7p5t_SIMPLE_RVT_FF_nldm_211120.lib.gz line 9349, timing group from output port.
[WARNING STA-1212] /OpenROAD-flow-scripts/flow/platforms/asap7/lib/NLDM/asap7sc7p5t_SIMPLE_RVT_FF_nldm_211120.lib.gz line 9382, timing group from output port.
[WARNING STA-1212] /OpenROAD-flow-scripts/flow/platforms/asap7/lib/NLDM/asap7sc7p5t_SIMPLE_RVT_FF_nldm_211120.lib.gz line 10518, timing group from output port.
[WARNING STA-1212] /OpenROAD-flow-scripts/flow/platforms/asap7/lib/NLDM/asap7sc7p5t_SIMPLE_RVT_FF_nldm_211120.lib.gz line 10551, timing group from output port.
[WARNING STA-1212] /OpenROAD-flow-scripts/flow/platforms/asap7/lib/NLDM/asap7sc7p5t_SIMPLE_RVT_FF_nldm_211120.lib.gz line 10584, timing group from output port.
[WARNING STA-0450] virtual clock ot_lb_v_core_clk can not be propagated.
[WARNING STA-0450] virtual clock ot_lb_v_core_clk can not be propagated.
OT_CORNER ff
OT_WS -3.981232010730196e-11
OT_TNS -4.742981563055082e-10
Startpoint: done$_DFF_PN0_ (rising edge-triggered flip-flop clocked by core_clk)
Endpoint: done (output port clocked by core_clk)
Path Group: core_clk
Path Type: min

  Delay    Time   Description
---------------------------------------------------------
   0.00    0.00   clock core_clk (rise edge)
   0.00    0.00   clock source latency
   0.00    0.00 ^ clk (in)
  34.09   34.09 ^ wire24897/Y (BUFx24_ASAP7_75t_R)
  30.78   64.87 ^ clkbuf_regs_0_core_clk/Y (BUFx24_ASAP7_75t_R)
  18.23   83.10 ^ clkbuf_0_clk_regs/Y (BUFx24_ASAP7_75t_R)
  22.66  105.76 ^ clkbuf_1_1_0_clk_regs/Y (BUFx24_ASAP7_75t_R)
  23.70  129.46 ^ clkbuf_1_1_1_clk_regs/Y (BUFx24_ASAP7_75t_R)
  22.60  152.06 ^ clkbuf_2_3_0_clk_regs/Y (BUFx24_ASAP7_75t_R)
  24.21  176.27 ^ clkbuf_3_6_0_clk_regs/Y (BUFx24_ASAP7_75t_R)
  25.45  201.72 ^ clkbuf_4_13_0_clk_regs/Y (BUFx24_ASAP7_75t_R)
  22.80  224.51 ^ clkbuf_5_26_0_clk_regs/Y (BUFx24_ASAP7_75t_R)
  25.16  249.68 ^ clkbuf_6_53__f_clk_regs/Y (BUFx24_ASAP7_75t_R)
  26.06  275.73 ^ clkbuf_leaf_367_clk_regs/Y (BUFx24_ASAP7_75t_R)
   0.92  276.65 ^ done$_DFF_PN0_/CLK (DFFASRHQNx1_ASAP7_75t_R)
  60.24  336.89 ^ done$_DFF_PN0_/QN (DFFASRHQNx1_ASAP7_75t_R)
  22.32  359.21 v _91393_/Y (INVx1_ASAP7_75t_R)
  20.29  379.51 v output5750/Y (BUFx2_ASAP7_75t_R)
   0.68  380.19 v done (out)
         380.19   data arrival time

   0.00    0.00   clock core_clk (rise edge)
   0.00    0.00   clock network delay (propagated)
  25.00   25.00   clock uncertainty
   0.00   25.00   clock reconvergence pessimism
 395.00  420.00   output external delay
         420.00   data required time
---------------------------------------------------------
         420.00   data required time
        -380.19   data arrival time
---------------------------------------------------------
         -39.81   slack (VIOLATED)


OT_VIOL_D_PINS 11
OT_WS_REG_D -6.303014
OT_WS_OUT -39.812321
OT_WS_R2R -6.303014
OT_WS_I2R 16.942698
