
==========================================================================
finish report_tns
--------------------------------------------------------------------------
tns max -6531.14

==========================================================================
finish report_wns
--------------------------------------------------------------------------
wns max -179.97

==========================================================================
finish report_worst_slack
--------------------------------------------------------------------------
worst slack max -179.97

==========================================================================
finish report_clock_min_period
--------------------------------------------------------------------------
core_clk period_min = 1012.97 fmax = 987.20

==========================================================================
finish report_clock_skew
--------------------------------------------------------------------------
Clock core_clk
 164.93 source latency u.s1_rows[268]$_DFF_P_/CLK ^
-143.10 target latency u.s2_prod[28]$_DFF_P_/CLK ^
  60.00 clock uncertainty
  -0.59 CRPR
--------------
  81.23 setup skew


==========================================================================
finish report_checks -path_delay min
--------------------------------------------------------------------------
Startpoint: u.s1_err[0]$_DFF_P_
            (rising edge-triggered flip-flop clocked by core_clk)
Endpoint: u.s2_err[0]$_DFF_P_
          (rising edge-triggered flip-flop clocked by core_clk)
Path Group: core_clk
Path Type: min
Corner: BC

Fanout     Cap    Slew   Delay    Time   Description
-----------------------------------------------------------------------------
                          0.00    0.00   clock core_clk (rise edge)
                          0.00    0.00   clock source latency
     1    4.71    0.00    0.00    0.00 ^ clk (in)
                                         clk (net)
                  3.73    1.18    1.18 ^ clkbuf_0_clk/A (BUFx8_ASAP7_75t_R)
     2    3.61    8.29   15.78   16.96 ^ clkbuf_0_clk/Y (BUFx8_ASAP7_75t_R)
                                         clknet_0_clk (net)
                  8.48    0.61   17.56 ^ clkbuf_1_1__f_clk/A (BUFx8_ASAP7_75t_R)
    16   35.58   37.20   27.17   44.73 ^ clkbuf_1_1__f_clk/Y (BUFx8_ASAP7_75t_R)
                                         clknet_1_1__leaf_clk (net)
                 41.16    6.39   51.12 ^ clkbuf_leaf_10_clk/A (BUFx16f_ASAP7_75t_R)
    21    9.36    9.85   22.72   73.84 ^ clkbuf_leaf_10_clk/Y (BUFx16f_ASAP7_75t_R)
                                         clknet_leaf_10_clk (net)
                  9.89    0.31   74.15 ^ u.s1_err[0]$_DFF_P_/CLK (DFFHQNx1_ASAP7_75t_R)
     1    0.45   10.81   34.05  108.20 ^ u.s1_err[0]$_DFF_P_/QN (DFFHQNx1_ASAP7_75t_R)
                                         _0467_ (net)
                 10.81    0.00  108.20 ^ hold3366/A (BUFx2_ASAP7_75t_R)
     1    0.51    5.05   13.11  121.31 ^ hold3366/Y (BUFx2_ASAP7_75t_R)
                                         net3365 (net)
                  5.05    0.00  121.31 ^ _9314_/A (INVx1_ASAP7_75t_R)
     1    0.57    4.55    4.33  125.64 v _9314_/Y (INVx1_ASAP7_75t_R)
                                         u.c2[225] (net)
                  4.55    0.05  125.69 v u.s2_err[0]$_DFF_P_/D (DFFHQNx1_ASAP7_75t_R)
                                125.69   data arrival time

                          0.00    0.00   clock core_clk (rise edge)
                          0.00    0.00   clock source latency
     1    4.92    0.00    0.00    0.00 ^ clk (in)
                                         clk (net)
                  4.03    1.27    1.27 ^ clkbuf_0_clk/A (BUFx8_ASAP7_75t_R)
     2    4.02    8.66   16.04   17.31 ^ clkbuf_0_clk/Y (BUFx8_ASAP7_75t_R)
                                         clknet_0_clk (net)
                  8.88    0.70   18.01 ^ clkbuf_1_1__f_clk/A (BUFx8_ASAP7_75t_R)
    16   45.73   46.28   29.84   47.85 ^ clkbuf_1_1__f_clk/Y (BUFx8_ASAP7_75t_R)
                                         clknet_1_1__leaf_clk (net)
                 51.69    8.29   56.14 ^ clkbuf_leaf_11_clk/A (BUFx16f_ASAP7_75t_R)
    18   11.82   11.38   24.95   81.10 ^ clkbuf_leaf_11_clk/Y (BUFx16f_ASAP7_75t_R)
                                         clknet_leaf_11_clk (net)
                 11.38    0.00   81.10 ^ u.s2_err[0]$_DFF_P_/CLK (DFFHQNx1_ASAP7_75t_R)
                         25.00  106.10   clock uncertainty
                         -3.12  102.98   clock reconvergence pessimism
                         11.60  114.58   library hold time
                                114.58   data required time
-----------------------------------------------------------------------------
                                114.58   data required time
                               -125.69   data arrival time
-----------------------------------------------------------------------------
                                 11.11   slack (MET)



==========================================================================
finish report_checks -path_delay max
--------------------------------------------------------------------------
Startpoint: u.u_c3.g_r.r[4]$_DFF_PN0_
            (rising edge-triggered flip-flop clocked by core_clk)
Endpoint: u.y[1]$_DFF_PN0_ (rising edge-triggered flip-flop clocked by core_clk)
Path Group: core_clk
Path Type: max
Corner: WC

Fanout     Cap    Slew   Delay    Time   Description
-----------------------------------------------------------------------------
                          0.00    0.00   clock core_clk (rise edge)
                          0.00    0.00   clock source latency
     1    4.92    0.00    0.00    0.00 ^ clk (in)
                                         clk (net)
                  4.03    1.27    1.27 ^ clkbuf_0_clk/A (BUFx8_ASAP7_75t_R)
     2    4.02   17.84   29.55   30.82 ^ clkbuf_0_clk/Y (BUFx8_ASAP7_75t_R)
                                         clknet_0_clk (net)
                 17.96    0.70   31.52 ^ clkbuf_1_1__f_clk/A (BUFx8_ASAP7_75t_R)
    16   45.73  100.15   67.51   99.03 ^ clkbuf_1_1__f_clk/Y (BUFx8_ASAP7_75t_R)
                                         clknet_1_1__leaf_clk (net)
                101.80    7.24  106.28 ^ clkbuf_leaf_20_clk/A (BUFx16f_ASAP7_75t_R)
    18   13.65   25.09   54.70  160.98 ^ clkbuf_leaf_20_clk/Y (BUFx16f_ASAP7_75t_R)
                                         clknet_leaf_20_clk (net)
                 25.21    0.91  161.88 ^ u.u_c3.g_r.r[4]$_DFF_PN0_/CLK (DFFASRHQNx1_ASAP7_75t_R)
     2    1.13   39.98   92.95  254.83 v u.u_c3.g_r.r[4]$_DFF_PN0_/QN (DFFASRHQNx1_ASAP7_75t_R)
                                         _0240_ (net)
                 39.98    0.08  254.91 v _5537_/E (OR5x1_ASAP7_75t_R)
     2    1.13   30.37   80.74  335.65 v _5537_/Y (OR5x1_ASAP7_75t_R)
                                         _1226_ (net)
                 30.37    0.16  335.82 v _5539_/D (OR5x1_ASAP7_75t_R)
     2    1.53   35.55   82.01  417.83 v _5539_/Y (OR5x1_ASAP7_75t_R)
                                         _1228_ (net)
                 35.57    0.33  418.16 v _5541_/A (OR5x1_ASAP7_75t_R)
     2    1.38   33.32   70.46  488.62 v _5541_/Y (OR5x1_ASAP7_75t_R)
                                         _1230_ (net)
                 33.32    0.17  488.79 v _5542_/A (OR3x1_ASAP7_75t_R)
     2    1.10   22.69   49.81  538.60 v _5542_/Y (OR3x1_ASAP7_75t_R)
                                         _1231_ (net)
                 22.70    0.08  538.68 v _5543_/A (OR2x2_ASAP7_75t_R)
     2    1.17   16.93   39.05  577.73 v _5543_/Y (OR2x2_ASAP7_75t_R)
                                         _1232_ (net)
                 16.93    0.12  577.85 v _5544_/A (OR3x1_ASAP7_75t_R)
     2    1.26   24.90   46.62  624.47 v _5544_/Y (OR3x1_ASAP7_75t_R)
                                         _1233_ (net)
                 24.90    0.10  624.57 v _5545_/A (OR3x1_ASAP7_75t_R)
     2    1.24   24.91   48.48  673.05 v _5545_/Y (OR3x1_ASAP7_75t_R)
                                         _1234_ (net)
                 24.91    0.14  673.18 v _5546_/A (OR3x1_ASAP7_75t_R)
     2    1.28   25.20   48.86  722.04 v _5546_/Y (OR3x1_ASAP7_75t_R)
                                         _1235_ (net)
                 25.21    0.12  722.16 v _5554_/B (OR2x2_ASAP7_75t_R)
     3    3.13   28.15   46.10  768.26 v _5554_/Y (OR2x2_ASAP7_75t_R)
                                         _1243_ (net)
                 28.21    0.70  768.96 v _5570_/B (AND2x4_ASAP7_75t_R)
     2    1.96   14.81   33.84  802.80 v _5570_/Y (AND2x4_ASAP7_75t_R)
                                         _1256_ (net)
                 14.81    0.12  802.92 v _5625_/B (XNOR2x1_ASAP7_75t_R)
     2    1.15   29.25   31.33  834.25 v _5625_/Y (XNOR2x1_ASAP7_75t_R)
                                         _1309_ (net)
                 29.25    0.08  834.34 v _5628_/A1 (OA21x2_ASAP7_75t_R)
     1    0.69   14.71   39.31  873.65 v _5628_/Y (OA21x2_ASAP7_75t_R)
                                         _1312_ (net)
                 14.71    0.07  873.72 v _5629_/D (OR4x1_ASAP7_75t_R)
     1    0.63   20.90   57.92  931.63 v _5629_/Y (OR4x1_ASAP7_75t_R)
                                         _1313_ (net)
                 20.90    0.05  931.68 v _5631_/A2 (OA21x2_ASAP7_75t_R)
     4    3.94   31.15   48.75  980.43 v _5631_/Y (OA21x2_ASAP7_75t_R)
                                         _1315_ (net)
                 31.16    0.25  980.68 v _5643_/C (OA211x2_ASAP7_75t_R)
     5    5.53   45.81   79.40 1060.08 v _5643_/Y (OA211x2_ASAP7_75t_R)
                                         _1323_ (net)
                 45.89    1.04 1061.11 v _5685_/B (AND3x1_ASAP7_75t_R)
     1    0.56   11.77   33.22 1094.34 v _5685_/Y (AND3x1_ASAP7_75t_R)
                                         _0507_ (net)
                 11.77    0.04 1094.38 v u.y[1]$_DFF_PN0_/D (DFFASRHQNx1_ASAP7_75t_R)
                               1094.38   data arrival time

                        833.00  833.00   clock core_clk (rise edge)
                          0.00  833.00   clock source latency
     1    4.71    0.00    0.00  833.00 ^ clk (in)
                                         clk (net)
                  3.73    1.18  834.18 ^ clkbuf_0_clk/A (BUFx8_ASAP7_75t_R)
     2    3.61   17.09   29.05  863.23 ^ clkbuf_0_clk/Y (BUFx8_ASAP7_75t_R)
                                         clknet_0_clk (net)
                 17.18    0.61  863.84 ^ clkbuf_1_0__f_clk/A (BUFx8_ASAP7_75t_R)
    13   34.38   76.08   60.26  924.09 ^ clkbuf_1_0__f_clk/Y (BUFx8_ASAP7_75t_R)
                                         clknet_1_0__leaf_clk (net)
                 76.67    3.85  927.94 ^ clkbuf_leaf_21_clk/A (BUFx16f_ASAP7_75t_R)
    13   10.00   20.49   47.92  975.86 ^ clkbuf_leaf_21_clk/Y (BUFx16f_ASAP7_75t_R)
                                         clknet_leaf_21_clk (net)
                 20.62    0.84  976.70 ^ u.y[1]$_DFF_PN0_/CLK (DFFASRHQNx1_ASAP7_75t_R)
                        -60.00  916.70   clock uncertainty
                          0.59  917.29   clock reconvergence pessimism
                         -2.88  914.41   library setup time
                                914.41   data required time
-----------------------------------------------------------------------------
                                914.41   data required time
                               -1094.38   data arrival time
-----------------------------------------------------------------------------
                               -179.97   slack (VIOLATED)



==========================================================================
finish report_checks -unconstrained
--------------------------------------------------------------------------
Startpoint: u.u_c3.g_r.r[4]$_DFF_PN0_
            (rising edge-triggered flip-flop clocked by core_clk)
Endpoint: u.y[1]$_DFF_PN0_ (rising edge-triggered flip-flop clocked by core_clk)
Path Group: core_clk
Path Type: max
Corner: WC

Fanout     Cap    Slew   Delay    Time   Description
-----------------------------------------------------------------------------
                          0.00    0.00   clock core_clk (rise edge)
                          0.00    0.00   clock source latency
     1    4.92    0.00    0.00    0.00 ^ clk (in)
                                         clk (net)
                  4.03    1.27    1.27 ^ clkbuf_0_clk/A (BUFx8_ASAP7_75t_R)
     2    4.02   17.84   29.55   30.82 ^ clkbuf_0_clk/Y (BUFx8_ASAP7_75t_R)
                                         clknet_0_clk (net)
                 17.96    0.70   31.52 ^ clkbuf_1_1__f_clk/A (BUFx8_ASAP7_75t_R)
    16   45.73  100.15   67.51   99.03 ^ clkbuf_1_1__f_clk/Y (BUFx8_ASAP7_75t_R)
                                         clknet_1_1__leaf_clk (net)
                101.80    7.24  106.28 ^ clkbuf_leaf_20_clk/A (BUFx16f_ASAP7_75t_R)
    18   13.65   25.09   54.70  160.98 ^ clkbuf_leaf_20_clk/Y (BUFx16f_ASAP7_75t_R)
                                         clknet_leaf_20_clk (net)
                 25.21    0.91  161.88 ^ u.u_c3.g_r.r[4]$_DFF_PN0_/CLK (DFFASRHQNx1_ASAP7_75t_R)
     2    1.13   39.98   92.95  254.83 v u.u_c3.g_r.r[4]$_DFF_PN0_/QN (DFFASRHQNx1_ASAP7_75t_R)
                                         _0240_ (net)
                 39.98    0.08  254.91 v _5537_/E (OR5x1_ASAP7_75t_R)
     2    1.13   30.37   80.74  335.65 v _5537_/Y (OR5x1_ASAP7_75t_R)
                                         _1226_ (net)
                 30.37    0.16  335.82 v _5539_/D (OR5x1_ASAP7_75t_R)
     2    1.53   35.55   82.01  417.83 v _5539_/Y (OR5x1_ASAP7_75t_R)
                                         _1228_ (net)
                 35.57    0.33  418.16 v _5541_/A (OR5x1_ASAP7_75t_R)
     2    1.38   33.32   70.46  488.62 v _5541_/Y (OR5x1_ASAP7_75t_R)
                                         _1230_ (net)
                 33.32    0.17  488.79 v _5542_/A (OR3x1_ASAP7_75t_R)
     2    1.10   22.69   49.81  538.60 v _5542_/Y (OR3x1_ASAP7_75t_R)
                                         _1231_ (net)
                 22.70    0.08  538.68 v _5543_/A (OR2x2_ASAP7_75t_R)
     2    1.17   16.93   39.05  577.73 v _5543_/Y (OR2x2_ASAP7_75t_R)
                                         _1232_ (net)
                 16.93    0.12  577.85 v _5544_/A (OR3x1_ASAP7_75t_R)
     2    1.26   24.90   46.62  624.47 v _5544_/Y (OR3x1_ASAP7_75t_R)
                                         _1233_ (net)
                 24.90    0.10  624.57 v _5545_/A (OR3x1_ASAP7_75t_R)
     2    1.24   24.91   48.48  673.05 v _5545_/Y (OR3x1_ASAP7_75t_R)
                                         _1234_ (net)
                 24.91    0.14  673.18 v _5546_/A (OR3x1_ASAP7_75t_R)
     2    1.28   25.20   48.86  722.04 v _5546_/Y (OR3x1_ASAP7_75t_R)
                                         _1235_ (net)
                 25.21    0.12  722.16 v _5554_/B (OR2x2_ASAP7_75t_R)
     3    3.13   28.15   46.10  768.26 v _5554_/Y (OR2x2_ASAP7_75t_R)
                                         _1243_ (net)
                 28.21    0.70  768.96 v _5570_/B (AND2x4_ASAP7_75t_R)
     2    1.96   14.81   33.84  802.80 v _5570_/Y (AND2x4_ASAP7_75t_R)
                                         _1256_ (net)
                 14.81    0.12  802.92 v _5625_/B (XNOR2x1_ASAP7_75t_R)
     2    1.15   29.25   31.33  834.25 v _5625_/Y (XNOR2x1_ASAP7_75t_R)
                                         _1309_ (net)
                 29.25    0.08  834.34 v _5628_/A1 (OA21x2_ASAP7_75t_R)
     1    0.69   14.71   39.31  873.65 v _5628_/Y (OA21x2_ASAP7_75t_R)
                                         _1312_ (net)
                 14.71    0.07  873.72 v _5629_/D (OR4x1_ASAP7_75t_R)
     1    0.63   20.90   57.92  931.63 v _5629_/Y (OR4x1_ASAP7_75t_R)
                                         _1313_ (net)
                 20.90    0.05  931.68 v _5631_/A2 (OA21x2_ASAP7_75t_R)
     4    3.94   31.15   48.75  980.43 v _5631_/Y (OA21x2_ASAP7_75t_R)
                                         _1315_ (net)
                 31.16    0.25  980.68 v _5643_/C (OA211x2_ASAP7_75t_R)
     5    5.53   45.81   79.40 1060.08 v _5643_/Y (OA211x2_ASAP7_75t_R)
                                         _1323_ (net)
                 45.89    1.04 1061.11 v _5685_/B (AND3x1_ASAP7_75t_R)
     1    0.56   11.77   33.22 1094.34 v _5685_/Y (AND3x1_ASAP7_75t_R)
                                         _0507_ (net)
                 11.77    0.04 1094.38 v u.y[1]$_DFF_PN0_/D (DFFASRHQNx1_ASAP7_75t_R)
                               1094.38   data arrival time

                        833.00  833.00   clock core_clk (rise edge)
                          0.00  833.00   clock source latency
     1    4.71    0.00    0.00  833.00 ^ clk (in)
                                         clk (net)
                  3.73    1.18  834.18 ^ clkbuf_0_clk/A (BUFx8_ASAP7_75t_R)
     2    3.61   17.09   29.05  863.23 ^ clkbuf_0_clk/Y (BUFx8_ASAP7_75t_R)
                                         clknet_0_clk (net)
                 17.18    0.61  863.84 ^ clkbuf_1_0__f_clk/A (BUFx8_ASAP7_75t_R)
    13   34.38   76.08   60.26  924.09 ^ clkbuf_1_0__f_clk/Y (BUFx8_ASAP7_75t_R)
                                         clknet_1_0__leaf_clk (net)
                 76.67    3.85  927.94 ^ clkbuf_leaf_21_clk/A (BUFx16f_ASAP7_75t_R)
    13   10.00   20.49   47.92  975.86 ^ clkbuf_leaf_21_clk/Y (BUFx16f_ASAP7_75t_R)
                                         clknet_leaf_21_clk (net)
                 20.62    0.84  976.70 ^ u.y[1]$_DFF_PN0_/CLK (DFFASRHQNx1_ASAP7_75t_R)
                        -60.00  916.70   clock uncertainty
                          0.59  917.29   clock reconvergence pessimism
                         -2.88  914.41   library setup time
                                914.41   data required time
-----------------------------------------------------------------------------
                                914.41   data required time
                               -1094.38   data arrival time
-----------------------------------------------------------------------------
                               -179.97   slack (VIOLATED)



==========================================================================
finish report_check_types -max_slew -max_cap -max_fanout -violators
--------------------------------------------------------------------------

==========================================================================
finish max_slew_check_slack
--------------------------------------------------------------------------
141.474609375

==========================================================================
finish max_slew_check_limit
--------------------------------------------------------------------------
320.0

==========================================================================
finish max_slew_check_slack_limit
--------------------------------------------------------------------------
0.4421

==========================================================================
finish max_fanout_check_slack
--------------------------------------------------------------------------
0.0

==========================================================================
finish max_fanout_check_limit
--------------------------------------------------------------------------
32.0

==========================================================================
finish max_fanout_check_slack_limit
--------------------------------------------------------------------------
0.0000

==========================================================================
finish max_capacitance_check_slack
--------------------------------------------------------------------------
17.97043228149414

==========================================================================
finish max_capacitance_check_limit
--------------------------------------------------------------------------
23.040000915527344

==========================================================================
finish max_capacitance_check_slack_limit
--------------------------------------------------------------------------
0.7800

==========================================================================
finish max_slew_violation_count
--------------------------------------------------------------------------
max slew violation count 0

==========================================================================
finish max_fanout_violation_count
--------------------------------------------------------------------------
max fanout violation count 0

==========================================================================
finish max_cap_violation_count
--------------------------------------------------------------------------
max cap violation count 0

==========================================================================
finish setup_violation_count
--------------------------------------------------------------------------
setup violation count 54

==========================================================================
finish hold_violation_count
--------------------------------------------------------------------------
hold violation count 0

==========================================================================
finish report_checks -path_delay max reg to reg
--------------------------------------------------------------------------
Startpoint: u.u_c3.g_r.r[4]$_DFF_PN0_
            (rising edge-triggered flip-flop clocked by core_clk)
Endpoint: u.y[1]$_DFF_PN0_ (rising edge-triggered flip-flop clocked by core_clk)
Path Group: core_clk
Path Type: max
Corner: WC

  Delay    Time   Description
---------------------------------------------------------
   0.00    0.00   clock core_clk (rise edge)
   0.00    0.00   clock source latency
   0.00    0.00 ^ clk (in)
  30.82   30.82 ^ clkbuf_0_clk/Y (BUFx8_ASAP7_75t_R)
  68.21   99.03 ^ clkbuf_1_1__f_clk/Y (BUFx8_ASAP7_75t_R)
  61.94  160.98 ^ clkbuf_leaf_20_clk/Y (BUFx16f_ASAP7_75t_R)
   0.91  161.88 ^ u.u_c3.g_r.r[4]$_DFF_PN0_/CLK (DFFASRHQNx1_ASAP7_75t_R)
  92.95  254.83 v u.u_c3.g_r.r[4]$_DFF_PN0_/QN (DFFASRHQNx1_ASAP7_75t_R)
  80.82  335.65 v _5537_/Y (OR5x1_ASAP7_75t_R)
  82.18  417.83 v _5539_/Y (OR5x1_ASAP7_75t_R)
  70.79  488.62 v _5541_/Y (OR5x1_ASAP7_75t_R)
  49.98  538.60 v _5542_/Y (OR3x1_ASAP7_75t_R)
  39.13  577.73 v _5543_/Y (OR2x2_ASAP7_75t_R)
  46.74  624.47 v _5544_/Y (OR3x1_ASAP7_75t_R)
  48.58  673.05 v _5545_/Y (OR3x1_ASAP7_75t_R)
  49.00  722.04 v _5546_/Y (OR3x1_ASAP7_75t_R)
  46.22  768.26 v _5554_/Y (OR2x2_ASAP7_75t_R)
  34.54  802.80 v _5570_/Y (AND2x4_ASAP7_75t_R)
  31.45  834.25 v _5625_/Y (XNOR2x1_ASAP7_75t_R)
  39.39  873.65 v _5628_/Y (OA21x2_ASAP7_75t_R)
  57.99  931.63 v _5629_/Y (OR4x1_ASAP7_75t_R)
  48.80  980.43 v _5631_/Y (OA21x2_ASAP7_75t_R)
  79.65 1060.08 v _5643_/Y (OA211x2_ASAP7_75t_R)
  34.26 1094.34 v _5685_/Y (AND3x1_ASAP7_75t_R)
   0.04 1094.38 v u.y[1]$_DFF_PN0_/D (DFFASRHQNx1_ASAP7_75t_R)
        1094.38   data arrival time

 833.00  833.00   clock core_clk (rise edge)
   0.00  833.00   clock source latency
   0.00  833.00 ^ clk (in)
  30.23  863.23 ^ clkbuf_0_clk/Y (BUFx8_ASAP7_75t_R)
  60.87  924.09 ^ clkbuf_1_0__f_clk/Y (BUFx8_ASAP7_75t_R)
  51.76  975.86 ^ clkbuf_leaf_21_clk/Y (BUFx16f_ASAP7_75t_R)
   0.84  976.70 ^ u.y[1]$_DFF_PN0_/CLK (DFFASRHQNx1_ASAP7_75t_R)
 -60.00  916.70   clock uncertainty
   0.59  917.29   clock reconvergence pessimism
  -2.88  914.41   library setup time
         914.41   data required time
---------------------------------------------------------
         914.41   data required time
        -1094.38   data arrival time
---------------------------------------------------------
        -179.97   slack (VIOLATED)



==========================================================================
finish report_checks -path_delay min reg to reg
--------------------------------------------------------------------------
Startpoint: u.s1_err[0]$_DFF_P_
            (rising edge-triggered flip-flop clocked by core_clk)
Endpoint: u.s2_err[0]$_DFF_P_
          (rising edge-triggered flip-flop clocked by core_clk)
Path Group: core_clk
Path Type: min
Corner: BC

  Delay    Time   Description
---------------------------------------------------------
   0.00    0.00   clock core_clk (rise edge)
   0.00    0.00   clock source latency
   0.00    0.00 ^ clk (in)
  16.96   16.96 ^ clkbuf_0_clk/Y (BUFx8_ASAP7_75t_R)
  27.78   44.73 ^ clkbuf_1_1__f_clk/Y (BUFx8_ASAP7_75t_R)
  29.11   73.84 ^ clkbuf_leaf_10_clk/Y (BUFx16f_ASAP7_75t_R)
   0.31   74.15 ^ u.s1_err[0]$_DFF_P_/CLK (DFFHQNx1_ASAP7_75t_R)
  34.05  108.20 ^ u.s1_err[0]$_DFF_P_/QN (DFFHQNx1_ASAP7_75t_R)
  13.11  121.31 ^ hold3366/Y (BUFx2_ASAP7_75t_R)
   4.33  125.64 v _9314_/Y (INVx1_ASAP7_75t_R)
   0.05  125.69 v u.s2_err[0]$_DFF_P_/D (DFFHQNx1_ASAP7_75t_R)
         125.69   data arrival time

   0.00    0.00   clock core_clk (rise edge)
   0.00    0.00   clock source latency
   0.00    0.00 ^ clk (in)
  17.31   17.31 ^ clkbuf_0_clk/Y (BUFx8_ASAP7_75t_R)
  30.54   47.85 ^ clkbuf_1_1__f_clk/Y (BUFx8_ASAP7_75t_R)
  33.25   81.10 ^ clkbuf_leaf_11_clk/Y (BUFx16f_ASAP7_75t_R)
   0.00   81.10 ^ u.s2_err[0]$_DFF_P_/CLK (DFFHQNx1_ASAP7_75t_R)
  25.00  106.10   clock uncertainty
  -3.12  102.98   clock reconvergence pessimism
  11.60  114.58   library hold time
         114.58   data required time
---------------------------------------------------------
         114.58   data required time
        -125.69   data arrival time
---------------------------------------------------------
          11.11   slack (MET)



==========================================================================
finish critical path target clock latency max path
--------------------------------------------------------------------------
145.9883

==========================================================================
finish critical path target clock latency min path
--------------------------------------------------------------------------
81.2401

==========================================================================
finish critical path source clock latency min path
--------------------------------------------------------------------------
0.0000

==========================================================================
finish critical path delay
--------------------------------------------------------------------------
1094.3784

==========================================================================
finish critical path slack
--------------------------------------------------------------------------
-179.9680

==========================================================================
finish slack div critical path delay
--------------------------------------------------------------------------
-16.444769

==========================================================================
finish report_power
--------------------------------------------------------------------------
Corner: WC
Group                  Internal  Switching    Leakage      Total
                          Power      Power      Power      Power (Watts)
----------------------------------------------------------------
Sequential             1.00e-03   1.70e-04   1.43e-06   1.17e-03  13.6%
Combinational          4.30e-03   2.70e-03   8.92e-06   7.01e-03  81.2%
Clock                  2.37e-04   2.15e-04   2.79e-07   4.53e-04   5.2%
Macro                  0.00e+00   0.00e+00   0.00e+00   0.00e+00   0.0%
Pad                    0.00e+00   0.00e+00   0.00e+00   0.00e+00   0.0%
----------------------------------------------------------------
Total                  5.54e-03   3.08e-03   1.06e-05   8.63e-03 100.0%
                          64.2%      35.7%       0.1%
Corner: BC
Group                  Internal  Switching    Leakage      Total
                          Power      Power      Power      Power (Watts)
----------------------------------------------------------------
Sequential             1.62e-03   2.60e-04   7.25e-08   1.88e-03  13.1%
Combinational          7.49e-03   4.24e-03   5.74e-07   1.17e-02  81.8%
Clock                  4.01e-04   3.22e-04   1.29e-08   7.22e-04   5.0%
Macro                  0.00e+00   0.00e+00   0.00e+00   0.00e+00   0.0%
Pad                    0.00e+00   0.00e+00   0.00e+00   0.00e+00   0.0%
----------------------------------------------------------------
Total                  9.51e-03   4.82e-03   6.60e-07   1.43e-02 100.0%
                          66.4%      33.6%       0.0%
