OpenROAD 26Q3-1510-g6cb3f2b704 
Features included (+) or not (-): +GPU +GUI +Python
This program is licensed under the BSD-3 license. See the LICENSE file for details.
Components of this program may be licensed under more restrictive licenses which must be honored.
[INFO ODB-0227] LEF file: /OpenROAD-flow-scripts/flow/platforms/asap7/lef/asap7_tech_1x_201209.lef, created 30 layers, 9 vias
[INFO ODB-0227] LEF file: /OpenROAD-flow-scripts/flow/platforms/asap7/lef/asap7sc7p5t_28_R_1x_220121a.lef, created 212 library cells
[WARNING STA-1212] /OpenROAD-flow-scripts/flow/platforms/asap7/lib/NLDM/asap7sc7p5t_SIMPLE_RVT_FF_nldm_211120.lib.gz line 9184, timing group from output port.
[WARNING STA-1212] /OpenROAD-flow-scripts/flow/platforms/asap7/lib/NLDM/asap7sc7p5t_SIMPLE_RVT_FF_nldm_211120.lib.gz line 9217, timing group from output port.
[WARNING STA-1212] /OpenROAD-flow-scripts/flow/platforms/asap7/lib/NLDM/asap7sc7p5t_SIMPLE_RVT_FF_nldm_211120.lib.gz line 9250, timing group from output port.
[WARNING STA-1212] /OpenROAD-flow-scripts/flow/platforms/asap7/lib/NLDM/asap7sc7p5t_SIMPLE_RVT_FF_nldm_211120.lib.gz line 9283, timing group from output port.
[WARNING STA-1212] /OpenROAD-flow-scripts/flow/platforms/asap7/lib/NLDM/asap7sc7p5t_SIMPLE_RVT_FF_nldm_211120.lib.gz line 9316, timing group from output port.
[WARNING STA-1212] /OpenROAD-flow-scripts/flow/platforms/asap7/lib/NLDM/asap7sc7p5t_SIMPLE_RVT_FF_nldm_211120.lib.gz line 9349, timing group from output port.
[WARNING STA-1212] /OpenROAD-flow-scripts/flow/platforms/asap7/lib/NLDM/asap7sc7p5t_SIMPLE_RVT_FF_nldm_211120.lib.gz line 9382, timing group from output port.
[WARNING STA-1212] /OpenROAD-flow-scripts/flow/platforms/asap7/lib/NLDM/asap7sc7p5t_SIMPLE_RVT_FF_nldm_211120.lib.gz line 10518, timing group from output port.
[WARNING STA-1212] /OpenROAD-flow-scripts/flow/platforms/asap7/lib/NLDM/asap7sc7p5t_SIMPLE_RVT_FF_nldm_211120.lib.gz line 10551, timing group from output port.
[WARNING STA-1212] /OpenROAD-flow-scripts/flow/platforms/asap7/lib/NLDM/asap7sc7p5t_SIMPLE_RVT_FF_nldm_211120.lib.gz line 10584, timing group from output port.
OT_CORNER ff
OT_WS 3.373634704928463e-12
OT_TNS 0.0
Startpoint: u_sp.g_bst.u_bst.genblk1.g_line.line[2739]$_DFF_PN0_
            (rising edge-triggered flip-flop clocked by core_clk)
Endpoint: o_bus[1109]$_DFF_P_
          (rising edge-triggered flip-flop clocked by core_clk)
Path Group: core_clk
Path Type: min

  Delay    Time   Description
---------------------------------------------------------
   0.00    0.00   clock core_clk (rise edge)
   0.00    0.00   clock source latency
   0.00    0.00 ^ clk (in)
  32.09   32.09 ^ wire48231/Y (BUFx12f_ASAP7_75t_R)
  53.93   86.02 ^ clkbuf_0_clk/Y (BUFx24_ASAP7_75t_R)
  22.78  108.80 ^ clkbuf_1_1_0_clk/Y (BUFx24_ASAP7_75t_R)
  21.58  130.37 ^ clkbuf_2_2_0_clk/Y (BUFx24_ASAP7_75t_R)
  21.56  151.94 ^ clkbuf_2_2_1_clk/Y (BUFx24_ASAP7_75t_R)
  22.23  174.17 ^ clkbuf_3_5_0_clk/Y (BUFx24_ASAP7_75t_R)
  23.50  197.67 ^ clkbuf_4_10_0_clk/Y (BUFx24_ASAP7_75t_R)
  25.34  223.01 ^ clkbuf_6_43_0_clk/Y (BUFx24_ASAP7_75t_R)
  23.47  246.47 ^ clkbuf_8_173__f_clk/Y (BUFx24_ASAP7_75t_R)
  26.39  272.87 ^ clkbuf_leaf_1531_clk/Y (BUFx24_ASAP7_75t_R)
   0.73  273.60 ^ u_sp.g_bst.u_bst.genblk1.g_line.line[2739]$_DFF_PN0_/CLK (DFFASRHQNx1_ASAP7_75t_R)
  38.45  312.05 ^ u_sp.g_bst.u_bst.genblk1.g_line.line[2739]$_DFF_PN0_/QN (DFFASRHQNx1_ASAP7_75t_R)
   6.26  318.31 v _200550_/Y (INVx1_ASAP7_75t_R)
   0.06  318.37 v o_bus[1109]$_DFF_P_/D (DFFHQNx1_ASAP7_75t_R)
         318.37   data arrival time

   0.00    0.00   clock core_clk (rise edge)
   0.00    0.00   clock source latency
   0.00    0.00 ^ clk (in)
  33.03   33.03 ^ wire48231/Y (BUFx12f_ASAP7_75t_R)
  55.81   88.84 ^ clkbuf_0_clk/Y (BUFx24_ASAP7_75t_R)
  23.57  112.41 ^ clkbuf_1_1_0_clk/Y (BUFx24_ASAP7_75t_R)
  22.53  134.94 ^ clkbuf_2_2_0_clk/Y (BUFx24_ASAP7_75t_R)
  22.30  157.24 ^ clkbuf_2_2_1_clk/Y (BUFx24_ASAP7_75t_R)
  23.16  180.41 ^ clkbuf_3_5_0_clk/Y (BUFx24_ASAP7_75t_R)
  22.92  203.33 ^ clkbuf_4_11_0_clk/Y (BUFx24_ASAP7_75t_R)
  27.47  230.80 ^ clkbuf_6_44_0_clk/Y (BUFx24_ASAP7_75t_R)
  25.68  256.48 ^ clkbuf_8_178__f_clk/Y (BUFx24_ASAP7_75t_R)
  24.79  281.27 ^ clkbuf_leaf_1529_clk/Y (BUFx24_ASAP7_75t_R)
   2.83  284.11 ^ o_bus[1109]$_DFF_P_/CLK (DFFHQNx1_ASAP7_75t_R)
  25.00  309.11   clock uncertainty
  -6.23  302.87   clock reconvergence pessimism
  12.12  314.99   library hold time
         314.99   data required time
---------------------------------------------------------
         314.99   data required time
        -318.37   data arrival time
---------------------------------------------------------
           3.37   slack (MET)


OT_VIOL_D_PINS 0
OT_WS_REG_D 3.373635
OT_WS_OUT 1e9
OT_WS_R2R 3.373635
OT_WS_I2R INF
