[WARNING STA-1212] /OpenROAD-flow-scripts/flow/platforms/asap7/lib/NLDM/asap7sc7p5t_SIMPLE_RVT_SS_nldm_211120.lib.gz line 13156, timing group from output port.
[WARNING STA-1212] /OpenROAD-flow-scripts/flow/platforms/asap7/lib/NLDM/asap7sc7p5t_SIMPLE_RVT_SS_nldm_211120.lib.gz line 13189, timing group from output port.
[WARNING STA-1212] /OpenROAD-flow-scripts/flow/platforms/asap7/lib/NLDM/asap7sc7p5t_SIMPLE_RVT_SS_nldm_211120.lib.gz line 13222, timing group from output port.
[WARNING STA-1212] /OpenROAD-flow-scripts/flow/platforms/asap7/lib/NLDM/asap7sc7p5t_SIMPLE_RVT_SS_nldm_211120.lib.gz line 13255, timing group from output port.
[WARNING STA-1212] /OpenROAD-flow-scripts/flow/platforms/asap7/lib/NLDM/asap7sc7p5t_SIMPLE_RVT_SS_nldm_211120.lib.gz line 13288, timing group from output port.
[WARNING STA-1212] /OpenROAD-flow-scripts/flow/platforms/asap7/lib/NLDM/asap7sc7p5t_SIMPLE_RVT_SS_nldm_211120.lib.gz line 13321, timing group from output port.
[WARNING STA-1212] /OpenROAD-flow-scripts/flow/platforms/asap7/lib/NLDM/asap7sc7p5t_SIMPLE_RVT_SS_nldm_211120.lib.gz line 13354, timing group from output port.
[WARNING STA-1212] /OpenROAD-flow-scripts/flow/platforms/asap7/lib/NLDM/asap7sc7p5t_SIMPLE_RVT_SS_nldm_211120.lib.gz line 14748, timing group from output port.
[WARNING STA-1212] /OpenROAD-flow-scripts/flow/platforms/asap7/lib/NLDM/asap7sc7p5t_SIMPLE_RVT_SS_nldm_211120.lib.gz line 14781, timing group from output port.
[WARNING STA-1212] /OpenROAD-flow-scripts/flow/platforms/asap7/lib/NLDM/asap7sc7p5t_SIMPLE_RVT_SS_nldm_211120.lib.gz line 14814, timing group from output port.
[WARNING ORD-2056] The following 9 liberty cell(s) do not have LEF masters and will be marked as dont-use:
  DFFHQNH2V2Xx1_ASAP7_75t_R
  DFFHQNH2V2Xx2_ASAP7_75t_R
  DFFHQNH2V2Xx3_ASAP7_75t_R
  DFFHQNV2Xx1_ASAP7_75t_R
  DFFHQNV2Xx2_ASAP7_75t_R
  DFFHQNV2Xx3_ASAP7_75t_R
  DFFHQNV4Xx1_ASAP7_75t_R
  DFFHQNV4Xx2_ASAP7_75t_R
  DFFHQNV4Xx3_ASAP7_75t_R
 time 1ps
 capacitance 1fF
 resistance 1kohm
 voltage 1v
 current 1mA
 power 1pW
 distance 1um
RC setup
worst slack max 7.64
RC hold
worst slack min 44.72
RC failing setup 0 hold 0 of 53822
RC group dr_ready_in max
Startpoint: u_l.q[0]$_DFF_P_
            (rising edge-triggered flip-flop clocked by core_clk)
Endpoint: u_dut.hoh[41]$_SDFFE_PP0P_
          (rising edge-triggered flip-flop clocked by core_clk)
Path Group: core_clk
Path Type: max

  Delay    Time   Description
---------------------------------------------------------
   0.00    0.00   clock core_clk (rise edge)
 446.31  446.31   clock network delay (propagated)
   0.00  446.31 ^ u_l.q[0]$_DFF_P_/CLK (DFFHQNx1_ASAP7_75t_R)
 112.38  558.69 v u_l.q[0]$_DFF_P_/QN (DFFHQNx1_ASAP7_75t_R)
  83.92  642.62 ^ _231441_/Y (INVx3_ASAP7_75t_R)
 163.81  806.42 ^ place25481/Y (BUFx2_ASAP7_75t_R)
  49.97  856.39 v u_dut.g_head_local[2].u_select/_104_/Y (NAND2x1_ASAP7_75t_R)
  77.01  933.41 v u_dut.g_head_local[2].u_select/place19381/Y (BUFx2_ASAP7_75t_R)
  32.15  965.56 ^ u_dut.g_head_local[2].u_select/_137_/Y (AOI21x1_ASAP7_75t_R)
  42.94 1008.50 ^ _244688_/Y (AO32x1_ASAP7_75t_R)
   0.15 1008.64 ^ u_dut.hoh[41]$_SDFFE_PP0P_/D (DFFHQNx1_ASAP7_75t_R)
        1008.64   data arrival time

 833.00  833.00   clock core_clk (rise edge)
 429.35 1262.35   clock network delay (propagated)
 -60.00 1202.35   clock uncertainty
   4.77 1207.11   clock reconvergence pessimism
        1207.11 ^ u_dut.hoh[41]$_SDFFE_PP0P_/CLK (DFFHQNx1_ASAP7_75t_R)
 -18.87 1188.24   library setup time
        1188.24   data required time
---------------------------------------------------------
        1188.24   data required time
        -1008.64   data arrival time
---------------------------------------------------------
         179.60   slack (MET)


RC group dr_ready_in min
Startpoint: u_l.q[0]$_DFF_P_
            (rising edge-triggered flip-flop clocked by core_clk)
Endpoint: u_l.q[0]$_DFF_P_ (rising edge-triggered flip-flop clocked by core_clk)
Path Group: core_clk
Path Type: min

  Delay    Time   Description
---------------------------------------------------------
   0.00    0.00   clock core_clk (rise edge)
 426.21  426.21   clock network delay (propagated)
   0.00  426.21 ^ u_l.q[0]$_DFF_P_/CLK (DFFHQNx1_ASAP7_75t_R)
 106.54  532.75 v u_l.q[0]$_DFF_P_/QN (DFFHQNx1_ASAP7_75t_R)
  53.52  586.28 v _401662_/Y (XNOR2x2_ASAP7_75t_R)
   0.04  586.32 v u_l.q[0]$_DFF_P_/D (DFFHQNx1_ASAP7_75t_R)
         586.32   data arrival time

   0.00    0.00   clock core_clk (rise edge)
 446.31  446.31   clock network delay (propagated)
  25.00  471.31   clock uncertainty
 -20.10  451.21   clock reconvergence pessimism
         451.21 ^ u_l.q[0]$_DFF_P_/CLK (DFFHQNx1_ASAP7_75t_R)
  19.36  470.57   library hold time
         470.57   data required time
---------------------------------------------------------
         470.57   data required time
        -586.32   data arrival time
---------------------------------------------------------
         115.75   slack (MET)


RC group req_rdy_in max
Startpoint: u_l.q[688]$_DFF_P_
            (rising edge-triggered flip-flop clocked by core_clk)
Endpoint: u_dut.fq_n[15][1]$_SDFFE_PN0P_
          (rising edge-triggered flip-flop clocked by core_clk)
Path Group: core_clk
Path Type: max

  Delay    Time   Description
---------------------------------------------------------
   0.00    0.00   clock core_clk (rise edge)
 450.50  450.50   clock network delay (propagated)
   0.00  450.50 ^ u_l.q[688]$_DFF_P_/CLK (DFFHQNx1_ASAP7_75t_R)
  85.84  536.35 v u_l.q[688]$_DFF_P_/QN (DFFHQNx1_ASAP7_75t_R)
  63.99  600.34 v place25989/Y (BUFx2_ASAP7_75t_R)
 111.01  711.35 v _236935_/Y (AND2x2_ASAP7_75t_R)
  57.12  768.47 v _237449_/Y (OR3x1_ASAP7_75t_R)
  52.56  821.03 v place21816/Y (BUFx2_ASAP7_75t_R)
  53.62  874.64 v _285195_/Y (MAJx2_ASAP7_75t_R)
  19.31  893.96 ^ _285206_/Y (NOR2x1_ASAP7_75t_R)
  30.06  924.02 ^ _285207_/Y (AO21x1_ASAP7_75t_R)
  18.88  942.90 v _285208_/Y (OAI22x1_ASAP7_75t_R)
  36.86  979.76 v _285209_/Y (AO21x1_ASAP7_75t_R)
  51.01 1030.77 v _285213_/Y (AO221x1_ASAP7_75t_R)
  16.22 1046.99 ^ _285214_/Y (INVx1_ASAP7_75t_R)
   0.05 1047.04 ^ u_dut.fq_n[15][1]$_SDFFE_PN0P_/D (DFFHQNx1_ASAP7_75t_R)
        1047.04   data arrival time

 833.00  833.00   clock core_clk (rise edge)
 427.84 1260.84   clock network delay (propagated)
 -60.00 1200.84   clock uncertainty
   3.53 1204.36   clock reconvergence pessimism
        1204.36 ^ u_dut.fq_n[15][1]$_SDFFE_PN0P_/CLK (DFFHQNx1_ASAP7_75t_R)
 -15.96 1188.40   library setup time
        1188.40   data required time
---------------------------------------------------------
        1188.40   data required time
        -1047.04   data arrival time
---------------------------------------------------------
         141.36   slack (MET)


RC group req_rdy_in min
Startpoint: u_l.q[688]$_DFF_P_
            (rising edge-triggered flip-flop clocked by core_clk)
Endpoint: u_l.q[688]$_DFF_P_
          (rising edge-triggered flip-flop clocked by core_clk)
Path Group: core_clk
Path Type: min

  Delay    Time   Description
---------------------------------------------------------
   0.00    0.00   clock core_clk (rise edge)
 429.40  429.40   clock network delay (propagated)
   0.00  429.40 ^ u_l.q[688]$_DFF_P_/CLK (DFFHQNx1_ASAP7_75t_R)
  82.81  512.20 v u_l.q[688]$_DFF_P_/QN (DFFHQNx1_ASAP7_75t_R)
  46.08  558.29 v _401998_/Y (XNOR2x2_ASAP7_75t_R)
   0.04  558.32 v u_l.q[688]$_DFF_P_/D (DFFHQNx1_ASAP7_75t_R)
         558.32   data arrival time

   0.00    0.00   clock core_clk (rise edge)
 450.50  450.50   clock network delay (propagated)
  25.00  475.50   clock uncertainty
 -21.10  454.40   clock reconvergence pessimism
         454.40 ^ u_l.q[688]$_DFF_P_/CLK (DFFHQNx1_ASAP7_75t_R)
  19.69  474.09   library hold time
         474.09   data required time
---------------------------------------------------------
         474.09   data required time
        -558.32   data arrival time
---------------------------------------------------------
          84.23   slack (MET)


RC group lr_data_in max
Startpoint: u_l.q[753]$_DFF_P_
            (rising edge-triggered flip-flop clocked by core_clk)
Endpoint: u_dut.e1_blk[1][5]$_DFF_P_
          (rising edge-triggered flip-flop clocked by core_clk)
Path Group: core_clk
Path Type: max

  Delay    Time   Description
---------------------------------------------------------
   0.00    0.00   clock core_clk (rise edge)
 448.42  448.42   clock network delay (propagated)
   0.00  448.42 ^ u_l.q[753]$_DFF_P_/CLK (DFFHQNx1_ASAP7_75t_R)
  83.97  532.40 v u_l.q[753]$_DFF_P_/QN (DFFHQNx1_ASAP7_75t_R)
  37.58  569.98 v hold29742/Y (BUFx2_ASAP7_75t_R)
  11.22  581.20 ^ _229188_/Y (INVx1_ASAP7_75t_R)
   0.02  581.22 ^ u_dut.e1_blk[1][5]$_DFF_P_/D (DFFHQNx1_ASAP7_75t_R)
         581.22   data arrival time

 833.00  833.00   clock core_clk (rise edge)
 427.85 1260.85   clock network delay (propagated)
 -60.00 1200.85   clock uncertainty
  12.45 1213.30   clock reconvergence pessimism
        1213.30 ^ u_dut.e1_blk[1][5]$_DFF_P_/CLK (DFFHQNx1_ASAP7_75t_R)
 -14.85 1198.45   library setup time
        1198.45   data required time
---------------------------------------------------------
        1198.45   data required time
        -581.22   data arrival time
---------------------------------------------------------
         617.23   slack (MET)


RC group lr_data_in min
Startpoint: u_l.q[752]$_DFF_P_
            (rising edge-triggered flip-flop clocked by core_clk)
Endpoint: u_dut.e1_blk[1][4]$_DFF_P_
          (rising edge-triggered flip-flop clocked by core_clk)
Path Group: core_clk
Path Type: min

  Delay    Time   Description
---------------------------------------------------------
   0.00    0.00   clock core_clk (rise edge)
 427.00  427.00   clock network delay (propagated)
   0.00  427.00 ^ u_l.q[752]$_DFF_P_/CLK (DFFHQNx1_ASAP7_75t_R)
  80.54  507.54 ^ u_l.q[752]$_DFF_P_/QN (DFFHQNx1_ASAP7_75t_R)
  15.75  523.29 v _229189_/Y (INVx1_ASAP7_75t_R)
   0.02  523.31 v u_dut.e1_blk[1][4]$_DFF_P_/D (DFFHQNx1_ASAP7_75t_R)
         523.31   data arrival time

   0.00    0.00   clock core_clk (rise edge)
 448.25  448.25   clock network delay (propagated)
  25.00  473.25   clock uncertainty
 -16.04  457.21   clock reconvergence pessimism
         457.21 ^ u_dut.e1_blk[1][4]$_DFF_P_/CLK (DFFHQNx1_ASAP7_75t_R)
  19.64  476.85   library hold time
         476.85   data required time
---------------------------------------------------------
         476.85   data required time
        -523.31   data arrival time
---------------------------------------------------------
          46.46   slack (MET)


RC group lr_port_out max
Startpoint: u_dut.rd_seq[7]$_SDFFCE_PP0P_
            (rising edge-triggered flip-flop clocked by core_clk)
Endpoint: u_c.q[1683]$_DFF_P_
          (rising edge-triggered flip-flop clocked by core_clk)
Path Group: core_clk
Path Type: max

  Delay    Time   Description
---------------------------------------------------------
   0.00    0.00   clock core_clk (rise edge)
 445.86  445.86   clock network delay (propagated)
   0.00  445.86 ^ u_dut.rd_seq[7]$_SDFFCE_PP0P_/CLK (DFFHQNx1_ASAP7_75t_R)
 118.17  564.03 ^ u_dut.rd_seq[7]$_SDFFCE_PP0P_/QN (DFFHQNx1_ASAP7_75t_R)
  69.36  633.39 v _224241_/Y (XNOR2x2_ASAP7_75t_R)
  58.70  692.09 v _224242_/Y (OA211x2_ASAP7_75t_R)
  48.37  740.46 v _224247_/Y (AO221x1_ASAP7_75t_R)
  44.25  784.71 v _224248_/Y (MAJx2_ASAP7_75t_R)
  39.25  823.96 v _224252_/Y (OA21x2_ASAP7_75t_R)
  84.66  908.62 v _224276_/Y (OR3x1_ASAP7_75t_R)
  35.71  944.33 ^ _224278_/Y (INVx1_ASAP7_75t_R)
   0.08  944.41 ^ u_c.q[1683]$_DFF_P_/D (DFFHQNx1_ASAP7_75t_R)
         944.41   data arrival time

 833.00  833.00   clock core_clk (rise edge)
 427.57 1260.57   clock network delay (propagated)
 -60.00 1200.57   clock uncertainty
  10.05 1210.62   clock reconvergence pessimism
        1210.62 ^ u_c.q[1683]$_DFF_P_/CLK (DFFHQNx1_ASAP7_75t_R)
 -21.95 1188.67   library setup time
        1188.67   data required time
---------------------------------------------------------
        1188.67   data required time
        -944.41   data arrival time
---------------------------------------------------------
         244.26   slack (MET)


RC group lr_port_out min
Startpoint: u_dut.occ[4]$_SDFFE_PP0P_
            (rising edge-triggered flip-flop clocked by core_clk)
Endpoint: u_c.q[1683]$_DFF_P_
          (rising edge-triggered flip-flop clocked by core_clk)
Path Group: core_clk
Path Type: min

  Delay    Time   Description
---------------------------------------------------------
   0.00    0.00   clock core_clk (rise edge)
 426.37  426.37   clock network delay (propagated)
   0.00  426.37 ^ u_dut.occ[4]$_SDFFE_PP0P_/CLK (DFFHQNx1_ASAP7_75t_R)
  72.04  498.41 v u_dut.occ[4]$_SDFFE_PP0P_/QN (DFFHQNx1_ASAP7_75t_R)
  21.45  519.86 ^ _224259_/Y (INVx1_ASAP7_75t_R)
  25.98  545.84 ^ _224275_/Y (OR4x1_ASAP7_75t_R)
  63.56  609.41 ^ _224276_/Y (OR3x1_ASAP7_75t_R)
  30.77  640.18 v _224278_/Y (INVx1_ASAP7_75t_R)
   0.07  640.25 v u_c.q[1683]$_DFF_P_/D (DFFHQNx1_ASAP7_75t_R)
         640.25   data arrival time

   0.00    0.00   clock core_clk (rise edge)
 447.32  447.32   clock network delay (propagated)
  25.00  472.32   clock uncertainty
 -10.05  462.27   clock reconvergence pessimism
         462.27 ^ u_c.q[1683]$_DFF_P_/CLK (DFFHQNx1_ASAP7_75t_R)
  16.42  478.69   library hold time
         478.69   data required time
---------------------------------------------------------
         478.69   data required time
        -640.25   data arrival time
---------------------------------------------------------
         161.56   slack (MET)


RC end
