
==========================================================================
finish report_tns
--------------------------------------------------------------------------
tns max -21.86

==========================================================================
finish report_wns
--------------------------------------------------------------------------
wns max -10.49

==========================================================================
finish report_worst_slack
--------------------------------------------------------------------------
worst slack max -10.49

==========================================================================
finish report_clock_min_period
--------------------------------------------------------------------------
core_clk period_min = 843.49 fmax = 1185.55

==========================================================================
finish report_clock_skew
--------------------------------------------------------------------------
Clock core_clk
 141.74 source latency u.u_ca.g_r.r[119]$_DFF_PN0_/CLK ^
-123.96 target latency u.s1_exp[3]$_DFF_P_/CLK ^
  60.00 clock uncertainty
  -0.56 CRPR
--------------
  77.22 setup skew


==========================================================================
finish report_checks -path_delay min
--------------------------------------------------------------------------
Startpoint: u.s1_small[1]$_DFF_P_
            (rising edge-triggered flip-flop clocked by core_clk)
Endpoint: u.u_cb.g_r.r[29]$_DFF_PN0_
          (rising edge-triggered flip-flop clocked by core_clk)
Path Group: core_clk
Path Type: min
Corner: BC

Fanout     Cap    Slew   Delay    Time   Description
-----------------------------------------------------------------------------
                          0.00    0.00   clock core_clk (rise edge)
                          0.00    0.00   clock source latency
     1    3.54    0.00    0.00    0.00 ^ clk (in)
                                         clk (net)
                  2.25    0.71    0.71 ^ clkbuf_0_clk/A (BUFx8_ASAP7_75t_R)
     2    2.19    7.18   14.72   15.43 ^ clkbuf_0_clk/Y (BUFx8_ASAP7_75t_R)
                                         clknet_0_clk (net)
                  7.21    0.34   15.77 ^ clkbuf_1_0__f_clk/A (BUFx8_ASAP7_75t_R)
    12   25.30   27.79   24.13   39.91 ^ clkbuf_1_0__f_clk/Y (BUFx8_ASAP7_75t_R)
                                         clknet_1_0__leaf_clk (net)
                 29.11    3.29   43.19 ^ clkbuf_leaf_20_clk/A (BUFx16f_ASAP7_75t_R)
    19    8.58    9.07   20.39   63.58 ^ clkbuf_leaf_20_clk/Y (BUFx16f_ASAP7_75t_R)
                                         clknet_leaf_20_clk (net)
                  9.07    0.00   63.58 ^ u.s1_small[1]$_DFF_P_/CLK (DFFHQNx1_ASAP7_75t_R)
     4    2.20   22.10   41.13  104.71 ^ u.s1_small[1]$_DFF_P_/QN (DFFHQNx1_ASAP7_75t_R)
                                         u.u_dif.b[1] (net)
                 22.11    0.21  104.91 ^ _3483_/A (INVx1_ASAP7_75t_R)
     1    0.76    9.12    7.77  112.68 v _3483_/Y (INVx1_ASAP7_75t_R)
                                         u.s1_small[1] (net)
                  9.12    0.11  112.79 v u.u_cb.g_r.r[29]$_DFF_PN0_/D (DFFASRHQNx1_ASAP7_75t_R)
                                112.79   data arrival time

                          0.00    0.00   clock core_clk (rise edge)
                          0.00    0.00   clock source latency
     1    3.75    0.00    0.00    0.00 ^ clk (in)
                                         clk (net)
                  2.49    0.78    0.78 ^ clkbuf_0_clk/A (BUFx8_ASAP7_75t_R)
     2    2.60    7.48   14.97   15.75 ^ clkbuf_0_clk/Y (BUFx8_ASAP7_75t_R)
                                         clknet_0_clk (net)
                  7.54    0.38   16.13 ^ clkbuf_1_1__f_clk/A (BUFx8_ASAP7_75t_R)
    12   31.66   33.16   26.63   42.76 ^ clkbuf_1_1__f_clk/Y (BUFx8_ASAP7_75t_R)
                                         clknet_1_1__leaf_clk (net)
                 34.15    3.16   45.93 ^ clkbuf_leaf_10_clk/A (BUFx16f_ASAP7_75t_R)
    22   11.90   11.15   21.82   67.75 ^ clkbuf_leaf_10_clk/Y (BUFx16f_ASAP7_75t_R)
                                         clknet_leaf_10_clk (net)
                 11.87    1.46   69.21 ^ u.u_cb.g_r.r[29]$_DFF_PN0_/CLK (DFFASRHQNx1_ASAP7_75t_R)
                         25.00   94.21   clock uncertainty
                         -0.32   93.89   clock reconvergence pessimism
                         11.91  105.80   library hold time
                                105.80   data required time
-----------------------------------------------------------------------------
                                105.80   data required time
                               -112.79   data arrival time
-----------------------------------------------------------------------------
                                  6.99   slack (MET)



==========================================================================
finish report_checks -path_delay max
--------------------------------------------------------------------------
Startpoint: u.s2_val[6]$_DFF_P_
            (rising edge-triggered flip-flop clocked by core_clk)
Endpoint: u.y[30]$_DFF_PN0_
          (rising edge-triggered flip-flop clocked by core_clk)
Path Group: core_clk
Path Type: max
Corner: WC

Fanout     Cap    Slew   Delay    Time   Description
-----------------------------------------------------------------------------
                          0.00    0.00   clock core_clk (rise edge)
                          0.00    0.00   clock source latency
     1    3.75    0.00    0.00    0.00 ^ clk (in)
                                         clk (net)
                  2.49    0.78    0.78 ^ clkbuf_0_clk/A (BUFx8_ASAP7_75t_R)
     2    2.60   15.34   27.62   28.40 ^ clkbuf_0_clk/Y (BUFx8_ASAP7_75t_R)
                                         clknet_0_clk (net)
                 15.38    0.38   28.78 ^ clkbuf_1_1__f_clk/A (BUFx8_ASAP7_75t_R)
    12   31.66   71.20   57.07   85.85 ^ clkbuf_1_1__f_clk/Y (BUFx8_ASAP7_75t_R)
                                         clknet_1_1__leaf_clk (net)
                 71.63    3.21   89.06 ^ clkbuf_leaf_10_clk/A (BUFx16f_ASAP7_75t_R)
    22   11.90   22.26   47.38  136.44 ^ clkbuf_leaf_10_clk/Y (BUFx16f_ASAP7_75t_R)
                                         clknet_leaf_10_clk (net)
                 22.67    1.57  138.02 ^ u.s2_val[6]$_DFF_P_/CLK (DFFHQNx1_ASAP7_75t_R)
     2    1.09   34.97   79.53  217.55 v u.s2_val[6]$_DFF_P_/QN (DFFHQNx1_ASAP7_75t_R)
                                         _0130_ (net)
                 34.98    0.05  217.60 v _3280_/E (OR5x1_ASAP7_75t_R)
     2    1.22   31.47   80.91  298.51 v _3280_/Y (OR5x1_ASAP7_75t_R)
                                         _1509_ (net)
                 31.48    0.15  298.66 v _3282_/D (OR5x1_ASAP7_75t_R)
     2    1.17   30.80   78.85  377.51 v _3282_/Y (OR5x1_ASAP7_75t_R)
                                         _1511_ (net)
                 30.81    0.10  377.61 v _3284_/A (OR5x1_ASAP7_75t_R)
     2    1.35   33.32   69.20  446.81 v _3284_/Y (OR5x1_ASAP7_75t_R)
                                         _1513_ (net)
                 33.33    0.19  447.00 v _3286_/A (OR5x1_ASAP7_75t_R)
     2    1.25   32.10   68.72  515.73 v _3286_/Y (OR5x1_ASAP7_75t_R)
                                         _1515_ (net)
                 32.10    0.12  515.85 v _3287_/A (OR3x1_ASAP7_75t_R)
     2    1.16   23.92   49.93  565.77 v _3287_/Y (OR3x1_ASAP7_75t_R)
                                         _1516_ (net)
                 23.92    0.05  565.82 v _3295_/A (OR3x1_ASAP7_75t_R)
     2    1.28   25.21   48.53  614.36 v _3295_/Y (OR3x1_ASAP7_75t_R)
                                         _1524_ (net)
                 25.21    0.12  614.48 v _3296_/A (OR2x2_ASAP7_75t_R)
     2    1.34   17.88   40.29  654.77 v _3296_/Y (OR2x2_ASAP7_75t_R)
                                         _1525_ (net)
                 17.88    0.11  654.88 v _3297_/A (OR4x1_ASAP7_75t_R)
     4    2.63   43.43   66.55  721.42 v _3297_/Y (OR4x1_ASAP7_75t_R)
                                         _1526_ (net)
                 43.43    0.25  721.68 v _3298_/B (OR3x1_ASAP7_75t_R)
     2    1.53   28.70   56.62  778.29 v _3298_/Y (OR3x1_ASAP7_75t_R)
                                         _1527_ (net)
                 28.70    0.22  778.52 v _3299_/A (XOR2x2_ASAP7_75t_R)
     1    0.57   15.41   51.57  830.09 ^ _3299_/Y (XOR2x2_ASAP7_75t_R)
                                         _1528_ (net)
                 15.41    0.04  830.13 ^ _3300_/C (AND3x1_ASAP7_75t_R)
     1    0.60   22.25   35.48  865.61 ^ _3300_/Y (AND3x1_ASAP7_75t_R)
                                         _1529_ (net)
                 22.25    0.05  865.66 ^ _3301_/B (AO21x1_ASAP7_75t_R)
     1    0.59   19.18   24.71  890.37 ^ _3301_/Y (AO21x1_ASAP7_75t_R)
                                         _0515_ (net)
                 19.18    0.05  890.42 ^ u.y[30]$_DFF_PN0_/D (DFFASRHQNx1_ASAP7_75t_R)
                                890.42   data arrival time

                        833.00  833.00   clock core_clk (rise edge)
                          0.00  833.00   clock source latency
     1    3.54    0.00    0.00  833.00 ^ clk (in)
                                         clk (net)
                  2.25    0.71  833.71 ^ clkbuf_0_clk/A (BUFx8_ASAP7_75t_R)
     2    2.19   14.70   27.13  860.84 ^ clkbuf_0_clk/Y (BUFx8_ASAP7_75t_R)
                                         clknet_0_clk (net)
                 14.71    0.31  861.15 ^ clkbuf_1_1__f_clk/A (BUFx8_ASAP7_75t_R)
    12   24.04   55.68   51.03  912.18 ^ clkbuf_1_1__f_clk/Y (BUFx8_ASAP7_75t_R)
                                         clknet_1_1__leaf_clk (net)
                 56.50    3.72  915.90 ^ clkbuf_leaf_14_clk/A (BUFx16f_ASAP7_75t_R)
    20    9.23   18.74   42.07  957.97 ^ clkbuf_leaf_14_clk/Y (BUFx16f_ASAP7_75t_R)
                                         clknet_leaf_14_clk (net)
                 19.12    1.35  959.32 ^ u.y[30]$_DFF_PN0_/CLK (DFFASRHQNx1_ASAP7_75t_R)
                        -60.00  899.32   clock uncertainty
                          6.67  905.99   clock reconvergence pessimism
                        -26.06  879.93   library setup time
                                879.93   data required time
-----------------------------------------------------------------------------
                                879.93   data required time
                               -890.42   data arrival time
-----------------------------------------------------------------------------
                                -10.49   slack (VIOLATED)



==========================================================================
finish report_checks -unconstrained
--------------------------------------------------------------------------
Startpoint: u.s2_val[6]$_DFF_P_
            (rising edge-triggered flip-flop clocked by core_clk)
Endpoint: u.y[30]$_DFF_PN0_
          (rising edge-triggered flip-flop clocked by core_clk)
Path Group: core_clk
Path Type: max
Corner: WC

Fanout     Cap    Slew   Delay    Time   Description
-----------------------------------------------------------------------------
                          0.00    0.00   clock core_clk (rise edge)
                          0.00    0.00   clock source latency
     1    3.75    0.00    0.00    0.00 ^ clk (in)
                                         clk (net)
                  2.49    0.78    0.78 ^ clkbuf_0_clk/A (BUFx8_ASAP7_75t_R)
     2    2.60   15.34   27.62   28.40 ^ clkbuf_0_clk/Y (BUFx8_ASAP7_75t_R)
                                         clknet_0_clk (net)
                 15.38    0.38   28.78 ^ clkbuf_1_1__f_clk/A (BUFx8_ASAP7_75t_R)
    12   31.66   71.20   57.07   85.85 ^ clkbuf_1_1__f_clk/Y (BUFx8_ASAP7_75t_R)
                                         clknet_1_1__leaf_clk (net)
                 71.63    3.21   89.06 ^ clkbuf_leaf_10_clk/A (BUFx16f_ASAP7_75t_R)
    22   11.90   22.26   47.38  136.44 ^ clkbuf_leaf_10_clk/Y (BUFx16f_ASAP7_75t_R)
                                         clknet_leaf_10_clk (net)
                 22.67    1.57  138.02 ^ u.s2_val[6]$_DFF_P_/CLK (DFFHQNx1_ASAP7_75t_R)
     2    1.09   34.97   79.53  217.55 v u.s2_val[6]$_DFF_P_/QN (DFFHQNx1_ASAP7_75t_R)
                                         _0130_ (net)
                 34.98    0.05  217.60 v _3280_/E (OR5x1_ASAP7_75t_R)
     2    1.22   31.47   80.91  298.51 v _3280_/Y (OR5x1_ASAP7_75t_R)
                                         _1509_ (net)
                 31.48    0.15  298.66 v _3282_/D (OR5x1_ASAP7_75t_R)
     2    1.17   30.80   78.85  377.51 v _3282_/Y (OR5x1_ASAP7_75t_R)
                                         _1511_ (net)
                 30.81    0.10  377.61 v _3284_/A (OR5x1_ASAP7_75t_R)
     2    1.35   33.32   69.20  446.81 v _3284_/Y (OR5x1_ASAP7_75t_R)
                                         _1513_ (net)
                 33.33    0.19  447.00 v _3286_/A (OR5x1_ASAP7_75t_R)
     2    1.25   32.10   68.72  515.73 v _3286_/Y (OR5x1_ASAP7_75t_R)
                                         _1515_ (net)
                 32.10    0.12  515.85 v _3287_/A (OR3x1_ASAP7_75t_R)
     2    1.16   23.92   49.93  565.77 v _3287_/Y (OR3x1_ASAP7_75t_R)
                                         _1516_ (net)
                 23.92    0.05  565.82 v _3295_/A (OR3x1_ASAP7_75t_R)
     2    1.28   25.21   48.53  614.36 v _3295_/Y (OR3x1_ASAP7_75t_R)
                                         _1524_ (net)
                 25.21    0.12  614.48 v _3296_/A (OR2x2_ASAP7_75t_R)
     2    1.34   17.88   40.29  654.77 v _3296_/Y (OR2x2_ASAP7_75t_R)
                                         _1525_ (net)
                 17.88    0.11  654.88 v _3297_/A (OR4x1_ASAP7_75t_R)
     4    2.63   43.43   66.55  721.42 v _3297_/Y (OR4x1_ASAP7_75t_R)
                                         _1526_ (net)
                 43.43    0.25  721.68 v _3298_/B (OR3x1_ASAP7_75t_R)
     2    1.53   28.70   56.62  778.29 v _3298_/Y (OR3x1_ASAP7_75t_R)
                                         _1527_ (net)
                 28.70    0.22  778.52 v _3299_/A (XOR2x2_ASAP7_75t_R)
     1    0.57   15.41   51.57  830.09 ^ _3299_/Y (XOR2x2_ASAP7_75t_R)
                                         _1528_ (net)
                 15.41    0.04  830.13 ^ _3300_/C (AND3x1_ASAP7_75t_R)
     1    0.60   22.25   35.48  865.61 ^ _3300_/Y (AND3x1_ASAP7_75t_R)
                                         _1529_ (net)
                 22.25    0.05  865.66 ^ _3301_/B (AO21x1_ASAP7_75t_R)
     1    0.59   19.18   24.71  890.37 ^ _3301_/Y (AO21x1_ASAP7_75t_R)
                                         _0515_ (net)
                 19.18    0.05  890.42 ^ u.y[30]$_DFF_PN0_/D (DFFASRHQNx1_ASAP7_75t_R)
                                890.42   data arrival time

                        833.00  833.00   clock core_clk (rise edge)
                          0.00  833.00   clock source latency
     1    3.54    0.00    0.00  833.00 ^ clk (in)
                                         clk (net)
                  2.25    0.71  833.71 ^ clkbuf_0_clk/A (BUFx8_ASAP7_75t_R)
     2    2.19   14.70   27.13  860.84 ^ clkbuf_0_clk/Y (BUFx8_ASAP7_75t_R)
                                         clknet_0_clk (net)
                 14.71    0.31  861.15 ^ clkbuf_1_1__f_clk/A (BUFx8_ASAP7_75t_R)
    12   24.04   55.68   51.03  912.18 ^ clkbuf_1_1__f_clk/Y (BUFx8_ASAP7_75t_R)
                                         clknet_1_1__leaf_clk (net)
                 56.50    3.72  915.90 ^ clkbuf_leaf_14_clk/A (BUFx16f_ASAP7_75t_R)
    20    9.23   18.74   42.07  957.97 ^ clkbuf_leaf_14_clk/Y (BUFx16f_ASAP7_75t_R)
                                         clknet_leaf_14_clk (net)
                 19.12    1.35  959.32 ^ u.y[30]$_DFF_PN0_/CLK (DFFASRHQNx1_ASAP7_75t_R)
                        -60.00  899.32   clock uncertainty
                          6.67  905.99   clock reconvergence pessimism
                        -26.06  879.93   library setup time
                                879.93   data required time
-----------------------------------------------------------------------------
                                879.93   data required time
                               -890.42   data arrival time
-----------------------------------------------------------------------------
                                -10.49   slack (VIOLATED)



==========================================================================
finish report_check_types -max_slew -max_cap -max_fanout -violators
--------------------------------------------------------------------------

==========================================================================
finish max_slew_check_slack
--------------------------------------------------------------------------
138.25018310546875

==========================================================================
finish max_slew_check_limit
--------------------------------------------------------------------------
320.0

==========================================================================
finish max_slew_check_slack_limit
--------------------------------------------------------------------------
0.4320

==========================================================================
finish max_fanout_check_slack
--------------------------------------------------------------------------
0.0

==========================================================================
finish max_fanout_check_limit
--------------------------------------------------------------------------
32.0

==========================================================================
finish max_fanout_check_slack_limit
--------------------------------------------------------------------------
0.0000

==========================================================================
finish max_capacitance_check_slack
--------------------------------------------------------------------------
13.29462718963623

==========================================================================
finish max_capacitance_check_limit
--------------------------------------------------------------------------
23.040000915527344

==========================================================================
finish max_capacitance_check_slack_limit
--------------------------------------------------------------------------
0.5770

==========================================================================
finish max_slew_violation_count
--------------------------------------------------------------------------
max slew violation count 0

==========================================================================
finish max_fanout_violation_count
--------------------------------------------------------------------------
max fanout violation count 0

==========================================================================
finish max_cap_violation_count
--------------------------------------------------------------------------
max cap violation count 0

==========================================================================
finish setup_violation_count
--------------------------------------------------------------------------
setup violation count 3

==========================================================================
finish hold_violation_count
--------------------------------------------------------------------------
hold violation count 0

==========================================================================
finish report_checks -path_delay max reg to reg
--------------------------------------------------------------------------
Startpoint: u.s2_val[6]$_DFF_P_
            (rising edge-triggered flip-flop clocked by core_clk)
Endpoint: u.y[30]$_DFF_PN0_
          (rising edge-triggered flip-flop clocked by core_clk)
Path Group: core_clk
Path Type: max
Corner: WC

  Delay    Time   Description
---------------------------------------------------------
   0.00    0.00   clock core_clk (rise edge)
   0.00    0.00   clock source latency
   0.00    0.00 ^ clk (in)
  28.40   28.40 ^ clkbuf_0_clk/Y (BUFx8_ASAP7_75t_R)
  57.45   85.85 ^ clkbuf_1_1__f_clk/Y (BUFx8_ASAP7_75t_R)
  50.59  136.44 ^ clkbuf_leaf_10_clk/Y (BUFx16f_ASAP7_75t_R)
   1.57  138.02 ^ u.s2_val[6]$_DFF_P_/CLK (DFFHQNx1_ASAP7_75t_R)
  79.53  217.55 v u.s2_val[6]$_DFF_P_/QN (DFFHQNx1_ASAP7_75t_R)
  80.96  298.51 v _3280_/Y (OR5x1_ASAP7_75t_R)
  79.00  377.51 v _3282_/Y (OR5x1_ASAP7_75t_R)
  69.30  446.81 v _3284_/Y (OR5x1_ASAP7_75t_R)
  68.91  515.73 v _3286_/Y (OR5x1_ASAP7_75t_R)
  50.05  565.77 v _3287_/Y (OR3x1_ASAP7_75t_R)
  48.59  614.36 v _3295_/Y (OR3x1_ASAP7_75t_R)
  40.41  654.77 v _3296_/Y (OR2x2_ASAP7_75t_R)
  66.66  721.42 v _3297_/Y (OR4x1_ASAP7_75t_R)
  56.87  778.29 v _3298_/Y (OR3x1_ASAP7_75t_R)
  51.79  830.09 ^ _3299_/Y (XOR2x2_ASAP7_75t_R)
  35.52  865.61 ^ _3300_/Y (AND3x1_ASAP7_75t_R)
  24.76  890.37 ^ _3301_/Y (AO21x1_ASAP7_75t_R)
   0.05  890.42 ^ u.y[30]$_DFF_PN0_/D (DFFASRHQNx1_ASAP7_75t_R)
         890.42   data arrival time

 833.00  833.00   clock core_clk (rise edge)
   0.00  833.00   clock source latency
   0.00  833.00 ^ clk (in)
  27.84  860.84 ^ clkbuf_0_clk/Y (BUFx8_ASAP7_75t_R)
  51.34  912.18 ^ clkbuf_1_1__f_clk/Y (BUFx8_ASAP7_75t_R)
  45.78  957.97 ^ clkbuf_leaf_14_clk/Y (BUFx16f_ASAP7_75t_R)
   1.35  959.32 ^ u.y[30]$_DFF_PN0_/CLK (DFFASRHQNx1_ASAP7_75t_R)
 -60.00  899.32   clock uncertainty
   6.67  905.99   clock reconvergence pessimism
 -26.06  879.93   library setup time
         879.93   data required time
---------------------------------------------------------
         879.93   data required time
        -890.42   data arrival time
---------------------------------------------------------
         -10.49   slack (VIOLATED)



==========================================================================
finish report_checks -path_delay min reg to reg
--------------------------------------------------------------------------
Startpoint: u.s1_small[1]$_DFF_P_
            (rising edge-triggered flip-flop clocked by core_clk)
Endpoint: u.u_cb.g_r.r[29]$_DFF_PN0_
          (rising edge-triggered flip-flop clocked by core_clk)
Path Group: core_clk
Path Type: min
Corner: BC

  Delay    Time   Description
---------------------------------------------------------
   0.00    0.00   clock core_clk (rise edge)
   0.00    0.00   clock source latency
   0.00    0.00 ^ clk (in)
  15.43   15.43 ^ clkbuf_0_clk/Y (BUFx8_ASAP7_75t_R)
  24.48   39.91 ^ clkbuf_1_0__f_clk/Y (BUFx8_ASAP7_75t_R)
  23.67   63.58 ^ clkbuf_leaf_20_clk/Y (BUFx16f_ASAP7_75t_R)
   0.00   63.58 ^ u.s1_small[1]$_DFF_P_/CLK (DFFHQNx1_ASAP7_75t_R)
  41.13  104.71 ^ u.s1_small[1]$_DFF_P_/QN (DFFHQNx1_ASAP7_75t_R)
   7.98  112.68 v _3483_/Y (INVx1_ASAP7_75t_R)
   0.11  112.79 v u.u_cb.g_r.r[29]$_DFF_PN0_/D (DFFASRHQNx1_ASAP7_75t_R)
         112.79   data arrival time

   0.00    0.00   clock core_clk (rise edge)
   0.00    0.00   clock source latency
   0.00    0.00 ^ clk (in)
  15.75   15.75 ^ clkbuf_0_clk/Y (BUFx8_ASAP7_75t_R)
  27.01   42.76 ^ clkbuf_1_1__f_clk/Y (BUFx8_ASAP7_75t_R)
  24.98   67.75 ^ clkbuf_leaf_10_clk/Y (BUFx16f_ASAP7_75t_R)
   1.46   69.21 ^ u.u_cb.g_r.r[29]$_DFF_PN0_/CLK (DFFASRHQNx1_ASAP7_75t_R)
  25.00   94.21   clock uncertainty
  -0.32   93.89   clock reconvergence pessimism
  11.91  105.80   library hold time
         105.80   data required time
---------------------------------------------------------
         105.80   data required time
        -112.79   data arrival time
---------------------------------------------------------
           6.99   slack (MET)



==========================================================================
finish critical path target clock latency max path
--------------------------------------------------------------------------
128.3739

==========================================================================
finish critical path target clock latency min path
--------------------------------------------------------------------------
69.8150

==========================================================================
finish critical path source clock latency min path
--------------------------------------------------------------------------
0.0000

==========================================================================
finish critical path delay
--------------------------------------------------------------------------
890.4202

==========================================================================
finish critical path slack
--------------------------------------------------------------------------
-10.4932

==========================================================================
finish slack div critical path delay
--------------------------------------------------------------------------
-1.178455

==========================================================================
finish report_power
--------------------------------------------------------------------------
Corner: WC
Group                  Internal  Switching    Leakage      Total
                          Power      Power      Power      Power (Watts)
----------------------------------------------------------------
Sequential             4.97e-04   4.52e-05   1.15e-06   5.44e-04  39.3%
Combinational          2.54e-04   2.28e-04   3.24e-06   4.85e-04  35.0%
Clock                  1.92e-04   1.63e-04   2.22e-07   3.55e-04  25.7%
Macro                  0.00e+00   0.00e+00   0.00e+00   0.00e+00   0.0%
Pad                    0.00e+00   0.00e+00   0.00e+00   0.00e+00   0.0%
----------------------------------------------------------------
Total                  9.44e-04   4.36e-04   4.61e-06   1.38e-03 100.0%
                          68.2%      31.5%       0.3%
Corner: BC
Group                  Internal  Switching    Leakage      Total
                          Power      Power      Power      Power (Watts)
----------------------------------------------------------------
Sequential             8.06e-04   6.85e-05   5.57e-08   8.74e-04  39.4%
Combinational          4.29e-04   3.47e-04   1.81e-07   7.76e-04  35.0%
Clock                  3.25e-04   2.43e-04   1.03e-08   5.68e-04  25.6%
Macro                  0.00e+00   0.00e+00   0.00e+00   0.00e+00   0.0%
Pad                    0.00e+00   0.00e+00   0.00e+00   0.00e+00   0.0%
----------------------------------------------------------------
Total                  1.56e-03   6.59e-04   2.47e-07   2.22e-03 100.0%
                          70.3%      29.7%       0.0%
