OpenROAD 26Q3-1510-g6cb3f2b704 
Features included (+) or not (-): +GPU +GUI +Python
This program is licensed under the BSD-3 license. See the LICENSE file for details.
Components of this program may be licensed under more restrictive licenses which must be honored.
[INFO ODB-0227] LEF file: /OpenROAD-flow-scripts/flow/platforms/asap7/lef/asap7_tech_1x_201209.lef, created 30 layers, 9 vias
[INFO ODB-0227] LEF file: /OpenROAD-flow-scripts/flow/platforms/asap7/lef/asap7sc7p5t_28_R_1x_220121a.lef, created 212 library cells
[WARNING STA-1212] /OpenROAD-flow-scripts/flow/platforms/asap7/lib/NLDM/asap7sc7p5t_SIMPLE_RVT_FF_nldm_211120.lib.gz line 9184, timing group from output port.
[WARNING STA-1212] /OpenROAD-flow-scripts/flow/platforms/asap7/lib/NLDM/asap7sc7p5t_SIMPLE_RVT_FF_nldm_211120.lib.gz line 9217, timing group from output port.
[WARNING STA-1212] /OpenROAD-flow-scripts/flow/platforms/asap7/lib/NLDM/asap7sc7p5t_SIMPLE_RVT_FF_nldm_211120.lib.gz line 9250, timing group from output port.
[WARNING STA-1212] /OpenROAD-flow-scripts/flow/platforms/asap7/lib/NLDM/asap7sc7p5t_SIMPLE_RVT_FF_nldm_211120.lib.gz line 9283, timing group from output port.
[WARNING STA-1212] /OpenROAD-flow-scripts/flow/platforms/asap7/lib/NLDM/asap7sc7p5t_SIMPLE_RVT_FF_nldm_211120.lib.gz line 9316, timing group from output port.
[WARNING STA-1212] /OpenROAD-flow-scripts/flow/platforms/asap7/lib/NLDM/asap7sc7p5t_SIMPLE_RVT_FF_nldm_211120.lib.gz line 9349, timing group from output port.
[WARNING STA-1212] /OpenROAD-flow-scripts/flow/platforms/asap7/lib/NLDM/asap7sc7p5t_SIMPLE_RVT_FF_nldm_211120.lib.gz line 9382, timing group from output port.
[WARNING STA-1212] /OpenROAD-flow-scripts/flow/platforms/asap7/lib/NLDM/asap7sc7p5t_SIMPLE_RVT_FF_nldm_211120.lib.gz line 10518, timing group from output port.
[WARNING STA-1212] /OpenROAD-flow-scripts/flow/platforms/asap7/lib/NLDM/asap7sc7p5t_SIMPLE_RVT_FF_nldm_211120.lib.gz line 10551, timing group from output port.
[WARNING STA-1212] /OpenROAD-flow-scripts/flow/platforms/asap7/lib/NLDM/asap7sc7p5t_SIMPLE_RVT_FF_nldm_211120.lib.gz line 10584, timing group from output port.
OT_CORNER ff
OT_WS 4.7848391915295e-12
OT_TNS 0.0
Startpoint: u_sp.g_bst.u_bst.genblk1.g_line.line[2020]$_DFF_PN0_
            (rising edge-triggered flip-flop clocked by core_clk)
Endpoint: o_bus[390]$_DFF_P_
          (rising edge-triggered flip-flop clocked by core_clk)
Path Group: core_clk
Path Type: min

  Delay    Time   Description
---------------------------------------------------------
   0.00    0.00   clock core_clk (rise edge)
   0.00    0.00   clock source latency
   0.00    0.00 ^ clk (in)
  44.50   44.50 ^ wire49504/Y (BUFx24_ASAP7_75t_R)
  46.68   91.19 ^ clkbuf_0_clk/Y (BUFx24_ASAP7_75t_R)
  21.72  112.91 ^ clkbuf_1_0_0_clk/Y (BUFx24_ASAP7_75t_R)
  22.24  135.15 ^ clkbuf_1_0_1_clk/Y (BUFx24_ASAP7_75t_R)
  22.24  157.39 ^ clkbuf_2_1_0_clk/Y (BUFx24_ASAP7_75t_R)
  23.49  180.88 ^ clkbuf_2_1_1_clk/Y (BUFx24_ASAP7_75t_R)
  22.52  203.40 ^ clkbuf_3_3_0_clk/Y (BUFx24_ASAP7_75t_R)
  24.26  227.67 ^ clkbuf_4_7_0_clk/Y (BUFx24_ASAP7_75t_R)
  24.21  251.87 ^ clkbuf_6_30_0_clk/Y (BUFx24_ASAP7_75t_R)
  27.49  279.36 ^ clkbuf_8_122__f_clk/Y (BUFx24_ASAP7_75t_R)
  30.54  309.89 ^ clkbuf_leaf_2019_clk/Y (BUFx24_ASAP7_75t_R)
   0.57  310.46 ^ u_sp.g_bst.u_bst.genblk1.g_line.line[2020]$_DFF_PN0_/CLK (DFFASRHQNx1_ASAP7_75t_R)
  51.05  361.52 ^ u_sp.g_bst.u_bst.genblk1.g_line.line[2020]$_DFF_PN0_/QN (DFFASRHQNx1_ASAP7_75t_R)
  24.10  385.61 ^ hold69274/Y (BUFx2_ASAP7_75t_R)
   7.85  393.46 v _327853_/Y (INVx1_ASAP7_75t_R)
   0.09  393.55 v o_bus[390]$_DFF_P_/D (DFFHQNx1_ASAP7_75t_R)
         393.55   data arrival time

   0.00    0.00   clock core_clk (rise edge)
   0.00    0.00   clock source latency
   0.00    0.00 ^ clk (in)
  45.91   45.91 ^ wire49504/Y (BUFx24_ASAP7_75t_R)
  48.22   94.13 ^ clkbuf_0_clk/Y (BUFx24_ASAP7_75t_R)
  22.47  116.60 ^ clkbuf_1_0_0_clk/Y (BUFx24_ASAP7_75t_R)
  23.01  139.60 ^ clkbuf_1_0_1_clk/Y (BUFx24_ASAP7_75t_R)
  22.99  162.59 ^ clkbuf_2_1_0_clk/Y (BUFx24_ASAP7_75t_R)
  24.25  186.84 ^ clkbuf_2_1_1_clk/Y (BUFx24_ASAP7_75t_R)
  23.30  210.14 ^ clkbuf_3_3_0_clk/Y (BUFx24_ASAP7_75t_R)
  25.22  235.36 ^ clkbuf_4_7_0_clk/Y (BUFx24_ASAP7_75t_R)
  26.20  261.56 ^ clkbuf_6_31_0_clk/Y (BUFx24_ASAP7_75t_R)
  25.10  286.66 ^ clkbuf_8_127__f_clk/Y (BUFx24_ASAP7_75t_R)
  69.74  356.40 ^ clkbuf_leaf_2049_clk/Y (BUFx24_ASAP7_75t_R)
   2.46  358.86 ^ o_bus[390]$_DFF_P_/CLK (DFFHQNx1_ASAP7_75t_R)
  25.00  383.86   clock uncertainty
  -7.69  376.16   clock reconvergence pessimism
  12.61  388.77   library hold time
         388.77   data required time
---------------------------------------------------------
         388.77   data required time
        -393.55   data arrival time
---------------------------------------------------------
           4.78   slack (MET)


OT_VIOL_D_PINS 0
OT_WS_REG_D 4.784839
OT_WS_OUT 1e9
OT_WS_R2R 4.784839
OT_WS_I2R INF
No paths found.

