OpenROAD 26Q3-1510-g6cb3f2b704 
Features included (+) or not (-): +GPU +GUI +Python
This program is licensed under the BSD-3 license. See the LICENSE file for details.
Components of this program may be licensed under more restrictive licenses which must be honored.
[INFO ODB-0227] LEF file: /OpenROAD-flow-scripts/flow/platforms/asap7/lef/asap7_tech_1x_201209.lef, created 30 layers, 9 vias
[INFO ODB-0227] LEF file: /OpenROAD-flow-scripts/flow/platforms/asap7/lef/asap7sc7p5t_28_R_1x_220121a.lef, created 212 library cells
[WARNING STA-1212] /OpenROAD-flow-scripts/flow/platforms/asap7/lib/NLDM/asap7sc7p5t_SIMPLE_RVT_SS_nldm_211120.lib.gz line 13156, timing group from output port.
[WARNING STA-1212] /OpenROAD-flow-scripts/flow/platforms/asap7/lib/NLDM/asap7sc7p5t_SIMPLE_RVT_SS_nldm_211120.lib.gz line 13189, timing group from output port.
[WARNING STA-1212] /OpenROAD-flow-scripts/flow/platforms/asap7/lib/NLDM/asap7sc7p5t_SIMPLE_RVT_SS_nldm_211120.lib.gz line 13222, timing group from output port.
[WARNING STA-1212] /OpenROAD-flow-scripts/flow/platforms/asap7/lib/NLDM/asap7sc7p5t_SIMPLE_RVT_SS_nldm_211120.lib.gz line 13255, timing group from output port.
[WARNING STA-1212] /OpenROAD-flow-scripts/flow/platforms/asap7/lib/NLDM/asap7sc7p5t_SIMPLE_RVT_SS_nldm_211120.lib.gz line 13288, timing group from output port.
[WARNING STA-1212] /OpenROAD-flow-scripts/flow/platforms/asap7/lib/NLDM/asap7sc7p5t_SIMPLE_RVT_SS_nldm_211120.lib.gz line 13321, timing group from output port.
[WARNING STA-1212] /OpenROAD-flow-scripts/flow/platforms/asap7/lib/NLDM/asap7sc7p5t_SIMPLE_RVT_SS_nldm_211120.lib.gz line 13354, timing group from output port.
[WARNING STA-1212] /OpenROAD-flow-scripts/flow/platforms/asap7/lib/NLDM/asap7sc7p5t_SIMPLE_RVT_SS_nldm_211120.lib.gz line 14748, timing group from output port.
[WARNING STA-1212] /OpenROAD-flow-scripts/flow/platforms/asap7/lib/NLDM/asap7sc7p5t_SIMPLE_RVT_SS_nldm_211120.lib.gz line 14781, timing group from output port.
[WARNING STA-1212] /OpenROAD-flow-scripts/flow/platforms/asap7/lib/NLDM/asap7sc7p5t_SIMPLE_RVT_SS_nldm_211120.lib.gz line 14814, timing group from output port.
OT_RAW_R2R_WS -3339.140625
OT_RAW_ALL_WS -3.3391405196425694e-9
OT_RAW_TNS -2.8163534807390533e-5
OT_RAW_CELLS 75436
OT_RAW_PATH_BEGIN
Startpoint: busy$_SDFFE_PN0P_ (rising edge-triggered flip-flop clocked by clk)
Endpoint: req_addr[390]$_DFFE_PP_
          (rising edge-triggered flip-flop clocked by clk)
Path Group: clk
Path Type: max

Fanout    Cap   Slew  Delay   Time   Description
-------------------------------------------------------------------------
                 0.0    0.0    0.0   clock clk (rise edge)
                        0.0    0.0   clock network delay (ideal)
                 0.0    0.0    0.0 ^ busy$_SDFFE_PN0P_/CLK (DFFHQNx1_ASAP7_75t_R)
    57   29.6  305.5  227.6  227.6 v busy$_SDFFE_PN0P_/QN (DFFHQNx1_ASAP7_75t_R)
   306  170.8 2414.9 1213.2 1440.8 ^ _078966_/Y (NAND2x1_ASAP7_75t_R)
   743  385.1 2738.3 1532.4 2973.2 ^ _078967_/Y (AND2x2_ASAP7_75t_R)
    44   32.6  868.9 1009.1 3982.3 v _111100_/Y (NAND3x1_ASAP7_75t_R)
     1    0.5   36.0  119.0 4101.3 v _111169_/Y (AO21x1_ASAP7_75t_R)
                36.0    0.0 4101.3 v req_addr[390]$_DFFE_PP_/D (DFFHQNx1_ASAP7_75t_R)
                            4101.3   data arrival time

                 0.0  833.0  833.0   clock clk (rise edge)
                        0.0  833.0   clock network delay (ideal)
                      -60.0  773.0   clock uncertainty
                        0.0  773.0   clock reconvergence pessimism
                             773.0 ^ req_addr[390]$_DFFE_PP_/CLK (DFFHQNx1_ASAP7_75t_R)
                      -10.9  762.1   library setup time
                             762.1   data required time
-------------------------------------------------------------------------
                             762.1   data required time
                            -4101.3   data arrival time
-------------------------------------------------------------------------
                            -3339.1   slack (VIOLATED)


OT_RAW_PATH_END
OT_RAW_FOCUS_N_ctl 2
OT_RAW_FOCUS_WS_ctl -1630.384644
OT_RAW_FPATH_ctl_BEGIN
Startpoint: d_hi[4]$_SDFFCE_PP0P_
            (rising edge-triggered flip-flop clocked by clk)
Endpoint: run$_SDFF_PN0_ (rising edge-triggered flip-flop clocked by clk)
Path Group: clk
Path Type: max

Fanout    Cap   Slew  Delay   Time   Description
-------------------------------------------------------------------------
                 0.0    0.0    0.0   clock clk (rise edge)
                        0.0    0.0   clock network delay (ideal)
                 0.0    0.0    0.0 ^ d_hi[4]$_SDFFCE_PP0P_/CLK (DFFHQNx1_ASAP7_75t_R)
   180  110.4 1557.1  778.7  778.7 ^ d_hi[4]$_SDFFCE_PP0P_/QN (DFFHQNx1_ASAP7_75t_R)
    63   37.4  630.4  786.5 1565.2 v _076773_/Y (INVx1_ASAP7_75t_R)
     1    0.9   35.8  139.8 1705.0 v _078983_/Y (MAJx2_ASAP7_75t_R)
     1    0.9   32.0   47.7 1752.7 v _078984_/Y (MAJx2_ASAP7_75t_R)
     1    0.9   30.2   46.7 1799.3 v _078985_/Y (MAJx2_ASAP7_75t_R)
     1    0.5   28.7   44.8 1844.2 v _078986_/Y (MAJx2_ASAP7_75t_R)
     1    0.4   29.8   30.3 1874.5 v _078987_/Y (OA21x2_ASAP7_75t_R)
     1    0.5   32.2   48.3 1922.8 v _078988_/Y (AO221x1_ASAP7_75t_R)
     1    0.5   27.3   46.5 1969.3 v _078993_/Y (AO221x1_ASAP7_75t_R)
     1    0.4   27.9   29.8 1999.2 v _078994_/Y (OA21x2_ASAP7_75t_R)
     1    0.4   24.7   47.2 2046.4 v _078995_/Y (AO221x1_ASAP7_75t_R)
     1    0.4   16.7   39.9 2086.3 v _078996_/Y (AO22x1_ASAP7_75t_R)
     1    0.9   21.7   46.0 2132.3 v _079004_/Y (AO221x1_ASAP7_75t_R)
     1    0.5   26.6   42.6 2174.9 v _079005_/Y (MAJx2_ASAP7_75t_R)
     1    0.6   23.2   35.5 2210.4 v _079006_/Y (AO21x1_ASAP7_75t_R)
     1    0.4   14.6   14.0 2224.5 ^ _079007_/Y (INVx1_ASAP7_75t_R)
     1    0.4   28.6   26.2 2250.7 ^ _079008_/Y (AO221x1_ASAP7_75t_R)
    19   10.1   88.7   77.2 2327.9 ^ _079009_/Y (OA211x2_ASAP7_75t_R)
     1    0.5   64.9   42.0 2369.9 ^ _108289_/Y (AO21x1_ASAP7_75t_R)
                64.9    0.0 2369.9 ^ run$_SDFF_PN0_/D (DFFHQNx1_ASAP7_75t_R)
                            2369.9   data arrival time

                 0.0  833.0  833.0   clock clk (rise edge)
                        0.0  833.0   clock network delay (ideal)
                      -60.0  773.0   clock uncertainty
                        0.0  773.0   clock reconvergence pessimism
                             773.0 ^ run$_SDFF_PN0_/CLK (DFFHQNx1_ASAP7_75t_R)
                      -33.4  739.6   library setup time
                             739.6   data required time
-------------------------------------------------------------------------
                             739.6   data required time
                            -2369.9   data arrival time
-------------------------------------------------------------------------
                            -1630.4   slack (VIOLATED)


OT_RAW_FPATH_ctl_END
OT_RAW_IOPATH_BEGIN
Startpoint: busy$_SDFFE_PN0P_ (rising edge-triggered flip-flop clocked by clk)
Endpoint: req_addr[390]$_DFFE_PP_
          (rising edge-triggered flip-flop clocked by clk)
Path Group: clk
Path Type: max

Fanout  Delay   Time   Description
-------------------------------------------------------------
          0.0    0.0   clock clk (rise edge)
          0.0    0.0   clock network delay (ideal)
          0.0    0.0 ^ busy$_SDFFE_PN0P_/CLK (DFFHQNx1_ASAP7_75t_R)
    57  227.6  227.6 v busy$_SDFFE_PN0P_/QN (DFFHQNx1_ASAP7_75t_R)
   306 1213.2 1440.8 ^ _078966_/Y (NAND2x1_ASAP7_75t_R)
   743 1532.4 2973.2 ^ _078967_/Y (AND2x2_ASAP7_75t_R)
    44 1009.1 3982.3 v _111100_/Y (NAND3x1_ASAP7_75t_R)
     1  119.0 4101.3 v _111169_/Y (AO21x1_ASAP7_75t_R)
          0.0 4101.3 v req_addr[390]$_DFFE_PP_/D (DFFHQNx1_ASAP7_75t_R)
              4101.3   data arrival time

        833.0  833.0   clock clk (rise edge)
          0.0  833.0   clock network delay (ideal)
        -60.0  773.0   clock uncertainty
          0.0  773.0   clock reconvergence pessimism
               773.0 ^ req_addr[390]$_DFFE_PP_/CLK (DFFHQNx1_ASAP7_75t_R)
        -10.9  762.1   library setup time
               762.1   data required time
-------------------------------------------------------------
               762.1   data required time
              -4101.3   data arrival time
-------------------------------------------------------------
              -3339.1   slack (VIOLATED)


OT_RAW_IOPATH_END
[INFO IFP-0107] Defining die area using utilization: 30.00% and aspect ratio: 1.
[WARNING IFP-0028] Core area lower left (2.000, 2.000) snapped to (2.052, 2.160).
[INFO IFP-0001] Added 658 rows of 3293 site asap7sc7p5t.
[INFO IFP-0100] Die BBox:  (  0.000  0.000 ) ( 181.913 181.913 ) um
[INFO IFP-0101] Core BBox: (  2.052  2.160 ) ( 179.874 179.820 ) um
[INFO IFP-0102] Core area:                        31591.857 um^2
[INFO IFP-0103] Total instances area:              9496.012 um^2
[INFO IFP-0104] Effective utilization:                0.301
[INFO IFP-0105] Number of instances:                  75436
Found 0 macro blocks.
Using 2 tracks default min distance between IO pins.
[INFO PPL-0001] Number of available slots 7516
[INFO PPL-0002] Number of I/O             2520
[INFO PPL-0003] Number of I/O w/sink      2168
[INFO PPL-0004] Number of I/O w/o sink    352
[INFO PPL-0005] Slots per section         200
[INFO PPL-0008] Successfully assigned pins to sections.
[INFO PPL-0012] I/O nets HPWL: 226753.16 um.
[INFO GPL-0001] ---- Initialize GPL Main Data Structures
[INFO GPL-0002] DBU: 1000
[INFO GPL-0003] SiteSize: (  0.054  0.270 ) um
[INFO GPL-0004] CoreBBox: (  2.052  2.160 ) ( 179.874 179.820 ) um
[INFO GPL-0016] Core area:                   31591.857 um^2
[INFO GPL-0036] Movable instances area:       9496.012 um^2
[INFO GPL-0037] Total instances area:         9496.012 um^2
[INFO GPL-0035] Pin density area adjust:      1324.082 um^2
[INFO GPL-0032] ---- Initialize Region: Top-level
[INFO GPL-0006] Number of instances:             75436
[INFO GPL-0007] Movable instances:               75436
[INFO GPL-0008] Fixed instances:                     0
[INFO GPL-0009] Dummy instances:                     0
[INFO GPL-0010] Number of nets:                  76266
[INFO GPL-0011] Number of pins:                 278239
[INFO GPL-0012] Die BBox:       (  0.000  0.000 ) ( 181.913 181.913 ) um
[INFO GPL-0013] Placement BBox: (  2.052  2.160 ) ( 179.874 179.820 ) um
[INFO GPL-0014] Region name: top-level.
[INFO GPL-0015] Region area:                 31591.857 um^2
[INFO GPL-0017] Fixed instances area:            0.000 um^2
[INFO GPL-0018] Movable instances area:      10820.094 um^2
[INFO GPL-0019] Utilization:                    34.250 %
[INFO GPL-0020] Standard cells area:         10820.094 um^2
[INFO GPL-0021] Large instances area:            0.000 um^2
[INFO GPL-0005] ---- Execute Conjugate Gradient Initial Placement.
[INFO GPL-0051] Source of initial instance position counters:
	Odb location = 0	Core center = 75436	Region center = 0
[InitialPlace]  Iter: 1 conjugate gradient residual: 0.00033343 HPWL: 438531243
[InitialPlace]  Iter: 2 conjugate gradient residual: 0.00011270 HPWL: 299593153
[InitialPlace]  Iter: 3 conjugate gradient residual: 0.00004876 HPWL: 296882729
[InitialPlace]  Iter: 4 conjugate gradient residual: 0.00004777 HPWL: 295210302
[InitialPlace]  Iter: 5 conjugate gradient residual: 0.00005181 HPWL: 291375438
[InitialPlace]  Iter: 6 conjugate gradient residual: 0.00002780 HPWL: 289499171
[InitialPlace]  Iter: 7 conjugate gradient residual: 0.00002446 HPWL: 287325697
[InitialPlace]  Iter: 8 conjugate gradient residual: 0.00002073 HPWL: 287227552
[InitialPlace]  Iter: 9 conjugate gradient residual: 0.00002378 HPWL: 286358231
[InitialPlace]  Iter: 10 conjugate gradient residual: 0.00002726 HPWL: 286904960
[InitialPlace]  Iter: 11 conjugate gradient residual: 0.00002922 HPWL: 286237776
[InitialPlace]  Iter: 12 conjugate gradient residual: 0.00002889 HPWL: 286811022
[InitialPlace]  Iter: 13 conjugate gradient residual: 0.00003244 HPWL: 286241577
[InitialPlace]  Iter: 14 conjugate gradient residual: 0.00004151 HPWL: 286759413
[InitialPlace]  Iter: 15 conjugate gradient residual: 0.00003498 HPWL: 286225352
[InitialPlace]  Iter: 16 conjugate gradient residual: 0.00004056 HPWL: 286745649
[InitialPlace]  Iter: 17 conjugate gradient residual: 0.00005658 HPWL: 286352388
[InitialPlace]  Iter: 18 conjugate gradient residual: 0.00004798 HPWL: 286820074
[InitialPlace]  Iter: 19 conjugate gradient residual: 0.00003876 HPWL: 286314651
[InitialPlace]  Iter: 20 conjugate gradient residual: 0.00004881 HPWL: 286860681
[INFO GPL-0033] ---- Initialize Nesterov Region: Top-level
[INFO GPL-0023] Placement target density:       0.6000
[INFO GPL-0024] Movable insts average area:      0.143 um^2
[INFO GPL-0025] Ideal bin area:                  0.239 um^2
[INFO GPL-0026] Ideal bin count:                132151
[INFO GPL-0027] Total bin area:              31591.857 um^2
[INFO GPL-0028] Bin count (X, Y):         256 ,    256
[INFO GPL-0029] Bin size (W * H):       0.695 *  0.694 um
[INFO GPL-0030] Number of bins:                  65536
[INFO GPL-0084] ---- Execute Nesterov Global Placement.
[INFO GPL-0031] HPWL: Half-Perimeter Wirelength
Iteration | Overflow |     HPWL (um) |  HPWL(%) |   Penalty | Group
---------------------------------------------------------------
        0 |   0.8870 |  2.579927e+05 |   +0.00% |  5.28e-14 |      
       10 |   0.8196 |  2.939933e+05 |  +13.95% |  8.55e-14 |      
       20 |   0.7964 |  3.061130e+05 |   +4.12% |  1.39e-13 |      
       30 |   0.7875 |  3.083089e+05 |   +0.72% |  2.26e-13 |      
       40 |   0.7855 |  3.083192e+05 |   +0.00% |  3.69e-13 |      
       50 |   0.7835 |  3.082940e+05 |   -0.01% |  6.00e-13 |      
       60 |   0.7820 |  3.083564e+05 |   +0.02% |  9.78e-13 |      
       70 |   0.7829 |  3.084493e+05 |   +0.03% |  1.59e-12 |      
       80 |   0.7839 |  3.091588e+05 |   +0.23% |  2.59e-12 |      
       90 |   0.7829 |  3.099124e+05 |   +0.24% |  4.23e-12 |      
      100 |   0.7819 |  3.102336e+05 |   +0.10% |  6.88e-12 |      
      110 |   0.7807 |  3.103468e+05 |   +0.04% |  1.12e-11 |      
      120 |   0.7800 |  3.104175e+05 |   +0.02% |  1.83e-11 |      
      130 |   0.7795 |  3.107290e+05 |   +0.10% |  2.97e-11 |      
      140 |   0.7791 |  3.112112e+05 |   +0.16% |  4.84e-11 |      
      150 |   0.7781 |  3.119329e+05 |   +0.23% |  7.89e-11 |      
      160 |   0.7766 |  3.129407e+05 |   +0.32% |  1.29e-10 |      
      170 |   0.7743 |  3.145361e+05 |   +0.51% |  2.09e-10 |      
      180 |   0.7700 |  3.170123e+05 |   +0.79% |  3.41e-10 |      
      190 |   0.7643 |  3.206125e+05 |   +1.14% |  5.55e-10 |      
      200 |   0.7562 |  3.261157e+05 |   +1.72% |  9.04e-10 |      
      210 |   0.7435 |  3.367581e+05 |   +3.26% |  1.47e-09 |      
      220 |   0.7275 |  3.462035e+05 |   +2.80% |  2.39e-09 |      
      230 |   0.7078 |  3.514390e+05 |   +1.51% |  3.89e-09 |      
      240 |   0.6848 |  3.524008e+05 |   +0.27% |  6.34e-09 |      
      250 |   0.6573 |  3.601672e+05 |   +2.20% |  1.03e-08 |      
      260 |   0.6308 |  3.797121e+05 |   +5.43% |  1.68e-08 |      
      270 |   0.6054 |  3.870093e+05 |   +1.92% |  2.73e-08 |      
      280 |   0.5833 |  3.875663e+05 |   +0.14% |  4.45e-08 |      
      290 |   0.5634 |  3.882710e+05 |   +0.18% |  7.24e-08 |      
      300 |   0.5360 |  3.873405e+05 |   -0.24% |  1.18e-07 |      
      310 |   0.5016 |  3.850072e+05 |   -0.60% |  1.92e-07 |      
      320 |   0.4598 |  3.866549e+05 |   +0.43% |  3.13e-07 |      
      330 |   0.4227 |  3.846344e+05 |   -0.52% |  5.10e-07 |      
      340 |   0.3826 |  3.826632e+05 |   -0.51% |  8.30e-07 |      
      350 |   0.3409 |  3.815441e+05 |   -0.29% |  1.34e-06 |      
      360 |   0.3106 |  3.795642e+05 |   -0.52% |  1.97e-06 |      
      370 |   0.2780 |  3.782095e+05 |   -0.36% |  2.90e-06 |      
      380 |   0.2486 |  3.772750e+05 |   -0.25% |  4.28e-06 |      
      390 |   0.2194 |  3.768158e+05 |   -0.12% |  6.30e-06 |      
      400 |   0.1923 |  3.765261e+05 |   -0.08% |  9.29e-06 |      
      410 |   0.1674 |  3.764814e+05 |   -0.01% |  1.37e-05 |      
      420 |   0.1436 |  3.765659e+05 |   +0.02% |  2.02e-05 |      
      430 |   0.1231 |  3.767084e+05 |   +0.04% |  2.97e-05 |      
      440 |   0.1055 |  3.770107e+05 |   +0.08% |  4.37e-05 |      
      444 |   0.0985 |  3.771765e+05 |          |  5.31e-05 |      
---------------------------------------------------------------
[INFO GPL-1001] Global placement finished at iteration 444
[INFO GPL-1002] Placed Cell Area            10820.0941
[INFO GPL-1003] Available Free Area         31591.8565
[INFO GPL-1004] Minimum Feasible Density        0.3500 (cell_area / free_area)
[INFO GPL-1006]   Suggested Target Densities:
[INFO GPL-1007]     - For 90% usage of free space: 0.3806
[INFO GPL-1008]     - For 80% usage of free space: 0.4281
[INFO GPL-1009]     - For 50% usage of free space: 0.6850
[INFO GPL-1014] Final placement area: 10820.09 (+0.00%)
Iteration |   Area    | Resized | Buffers | Nets repaired | Remaining
---------------------------------------------------------------------
        0 |     +0.0% |       0 |       0 |             0 |     76266
    final |     +4.4% |    2031 |    3870 |          1475 |         0
---------------------------------------------------------------------
[INFO RSZ-0034] Found 1335 slew violations.
[INFO RSZ-0035] Found 916 fanout violations.
[INFO RSZ-0036] Found 35 capacitance violations.
[INFO RSZ-0039] Resized 2031 instances.
[INFO RSZ-0038] Inserted 3870 buffers in 1475 nets.
[INFO RSZ-0504] Runtime: 31.84s
[INFO DPL-0006] Core area: 31591.86 um^2
[INFO DPL-0007] Movable instances area: 9910.61 um^2
[INFO DPL-0008] Fixed instances area within core: 0.00 um^2
[INFO DPL-0009] Utilization: 31.4%
[INFO DPL-0005] Diamond search max displacement: +/- 500 sites horizontally, +/- 100 rows vertically.
[INFO DPL-1102] Legalizing using negotiation legalizer.
[INFO DPL-1103] Negotiation base search window: +/-20 sites horizontally, +/-5 rows vertically 
	Automatic search window extension enabled.
	Search window extendable up to the max displacement cap of +/-500 sites, +/-100 rows near walls.
[INFO DPL-1104] NegotiationLegalizer DRC penalty: 5.
[INFO DPL-0392] Negotiation cell height distribution (1 unique row-count(s)):
[INFO DPL-0393]   height 1 row(s): 79306 cells
          |      Total |  Illegal |  Illegal
Iteration | Violations |    Cells |    Sites
---------------------------------------------
        0 |        273 |        87 |       186
        1 |         22 |         6 |        16
        2 |          4 |         2 |         2
        3 |          0 |         0 |         0
Negotiation phase 1 converged at iteration 3.
[INFO DPL-0500] Runtime: 2.17s
Placement Analysis
---------------------------------
total displacement      25984.3 u
average displacement        0.3 u
max displacement            2.0 u
original HPWL          476409.9 u
legalized HPWL         499122.6 u
delta HPWL                    5 %

[INFO RSZ-0100] Repair move sequence: UnbufferMove SizeUpMove SwapPinsMove BufferMove CloneMove SplitLoadMove 
[INFO RSZ-0094] Found 10414 endpoints with setup violations.
[INFO RSZ-0099] Repairing 10414 out of 10414 (100.00%) violating endpoints...
   Iter   | Removed | Resized | Inserted | Cloned |  Pin  |   Area   |    WNS   |   StTNS    |   EnTNS    |  Viol  |  Worst  
          | Buffers |  Gates  | Buffers  |  Gates | Swaps |          |          |            |            | Endpts | St/EnPt 
------------------------------------------------------------------------------------------------------------------------------
       0* |       0 |       0 |        0 |      0 |     0 |    +0.0% | -2269.700 | -2884514.5 | -15271935.0 |  10414 | nx_addr\[31\]\[6\]$_DFFE_PP_/D
    1700* |      14 |    1041 |      247 |     23 |   165 |    +0.5% | -1285.189 | -2506402.5 | -11374728.0 |  10414 | nblk\[22\]$_DFFE_PP_/D
    1700+ |      14 |    1041 |      247 |     23 |   165 |    +0.5% | -1285.189 | -2506402.5 | -11374728.0 |  10414 | nblk\[22\]$_DFFE_PP_/D
    final |      14 |    1183 |      247 |     23 |   174 |    +0.6% | -1285.189 | -2498527.2 | -11193635.0 |  10414 | nblk\[22\]$_DFFE_PP_/D
------------------------------------------------------------------------------------------------------------------------------
[INFO RSZ-0059] Removed 14 buffers.
[INFO RSZ-0040] Inserted 247 buffers.
[INFO RSZ-0051] Resized 1183 instances: 1182 up, 1 up match, 0 down, 0 VT
[INFO RSZ-0043] Swapped pins on 174 instances.
[INFO RSZ-0049] Cloned 23 instances.
[WARNING RSZ-0062] Unable to repair all setup violations.
[INFO RSZ-0505] Runtime: 149.75s
[INFO DPL-0006] Core area: 31591.86 um^2
[INFO DPL-0007] Movable instances area: 9967.08 um^2
[INFO DPL-0008] Fixed instances area within core: 0.00 um^2
[INFO DPL-0009] Utilization: 31.5%
[INFO DPL-0005] Diamond search max displacement: +/- 500 sites horizontally, +/- 100 rows vertically.
[INFO DPL-1102] Legalizing using negotiation legalizer.
[INFO DPL-1103] Negotiation base search window: +/-20 sites horizontally, +/-5 rows vertically 
	Automatic search window extension enabled.
	Search window extendable up to the max displacement cap of +/-500 sites, +/-100 rows near walls.
[INFO DPL-1104] NegotiationLegalizer DRC penalty: 5.
[INFO DPL-0392] Negotiation cell height distribution (1 unique row-count(s)):
[INFO DPL-0393]   height 1 row(s): 79562 cells
          |      Total |  Illegal |  Illegal
Iteration | Violations |    Cells |    Sites
---------------------------------------------
        0 |        112 |        24 |        88
        1 |          0 |         0 |         0
Negotiation phase 1 converged at iteration 1.
[INFO DPL-0500] Runtime: 0.99s
Placement Analysis
---------------------------------
total displacement        254.8 u
average displacement        0.0 u
max displacement            1.8 u
original HPWL          500826.4 u
legalized HPWL         501019.4 u
delta HPWL                    0 %

OT_REP_R2R_WS -1279.567383
OT_REP_ALL_WS -1.289498063883343e-9
OT_REP_TNS -1.122311641665874e-5
OT_REP_CELLS 79562
OT_REP_PATH_BEGIN
Startpoint: g_rem[29][11]$_DFFE_PP_
            (rising edge-triggered flip-flop clocked by clk)
Endpoint: nx_len[29][1]$_SDFFCE_PP0P_
          (rising edge-triggered flip-flop clocked by clk)
Path Group: clk
Path Type: max

Fanout    Cap   Slew  Delay   Time   Description
-------------------------------------------------------------------------
                 0.0    0.0    0.0   clock clk (rise edge)
                        0.0    0.0   clock network delay (ideal)
                 0.0    0.0    0.0 ^ g_rem[29][11]$_DFFE_PP_/CLK (DFFHQNx1_ASAP7_75t_R)
     5    4.8   87.7  101.3  101.3 ^ g_rem[29][11]$_DFFE_PP_/QN (DFFHQNx1_ASAP7_75t_R)
     5    4.2   45.4   80.0  181.3 ^ _112090_/Y (AND5x2_ASAP7_75t_R)
     4    3.3   59.9   71.0  252.3 ^ _112092_/Y (AND4x1_ASAP7_75t_R)
     3    2.3   43.4   56.6  308.9 ^ _112093_/Y (AND3x1_ASAP7_75t_R)
     4    3.2   31.7   46.8  355.8 ^ _112094_/Y (AND2x2_ASAP7_75t_R)
     4    3.4   58.9   59.2  415.0 ^ _112095_/Y (AND3x1_ASAP7_75t_R)
     4    3.2   56.1   62.8  477.8 ^ _112096_/Y (AND3x1_ASAP7_75t_R)
     4    3.2   56.0   62.3  540.1 ^ _112097_/Y (AND3x1_ASAP7_75t_R)
     4    3.2   56.4   62.3  602.4 ^ _112098_/Y (AND3x1_ASAP7_75t_R)
     3    2.1   40.9   54.7  657.1 ^ _112099_/Y (AND3x1_ASAP7_75t_R)
     3    6.0   52.6   55.1  712.2 ^ _112100_/Y (AND2x2_ASAP7_75t_R)
    20   14.6   90.9   53.8  766.0 v _123683_/Y (NAND2x2_ASAP7_75t_R)
     3    2.4   25.0   61.0  827.0 v _123684_/Y (OR2x2_ASAP7_75t_R)
     3    2.0   32.3   50.7  877.7 v _123712_/Y (AO22x1_ASAP7_75t_R)
     1    0.7   25.3   72.1  949.8 v _123726_/Y (OR5x1_ASAP7_75t_R)
     1    0.6   21.3   59.1 1008.9 v _123727_/Y (OR4x1_ASAP7_75t_R)
     2    1.8   17.0   35.2 1044.1 v _123728_/Y (AND2x2_ASAP7_75t_R)
     4    3.1   56.7   32.3 1076.4 ^ _123837_/Y (NAND2x1_ASAP7_75t_R)
     1    1.1   22.6   38.0 1114.4 ^ _123853_/Y (OR3x1_ASAP7_75t_R)
     3    2.5   30.4   23.0 1137.4 v _123854_/Y (NAND2x1_ASAP7_75t_R)
     1    0.6   13.7   39.5 1176.9 v _123857_/Y (OA21x2_ASAP7_75t_R)
     1    1.0   18.3   35.4 1212.3 v _123858_/Y (AO21x1_ASAP7_75t_R)
     1    1.0   16.3   43.3 1255.6 v _123859_/Y (MAJx2_ASAP7_75t_R)
     1    0.8   15.6   42.0 1297.6 v _123860_/Y (MAJx2_ASAP7_75t_R)
     1    0.7   14.3   26.5 1324.1 v _123861_/Y (OA21x2_ASAP7_75t_R)
     2    1.9   27.6   40.9 1365.0 v _123862_/Y (AO21x1_ASAP7_75t_R)
     1    0.7   15.6   36.9 1401.9 v _123863_/Y (AO21x1_ASAP7_75t_R)
     8    6.9   46.2   43.8 1445.6 v _123864_/Y (OA21x2_ASAP7_75t_R)
     4    3.3   49.3   82.5 1528.1 v _123870_/Y (OR4x1_ASAP7_75t_R)
     1    0.6   14.0   43.3 1571.4 v _123872_/Y (OR2x2_ASAP7_75t_R)
     1    0.6   15.0   38.4 1609.8 v _123877_/Y (MAJx2_ASAP7_75t_R)
     1    0.6   18.7   46.2 1656.0 v _123883_/Y (AO221x1_ASAP7_75t_R)
     1    1.0   20.3   41.7 1697.7 v _123895_/Y (AO22x1_ASAP7_75t_R)
     1    1.3   18.8   45.0 1742.7 v _123896_/Y (MAJx2_ASAP7_75t_R)
     1    0.7   15.3   42.6 1785.3 v _123897_/Y (MAJx2_ASAP7_75t_R)
     1    0.9   18.5   15.0 1800.3 ^ _123898_/Y (INVx1_ASAP7_75t_R)
     3    2.2   25.9   40.0 1840.3 ^ _123899_/Y (MAJx2_ASAP7_75t_R)
     1   11.3  100.7   92.6 1932.9 ^ _128020_/Y (AND4x2_ASAP7_75t_R)
     1    8.2   73.3   79.3 2012.2 ^ _128021_/Y (AO21x2_ASAP7_75t_R)
                74.7    5.5 2017.7 ^ nx_len[29][1]$_SDFFCE_PP0P_/D (DFFHQNx1_ASAP7_75t_R)
                            2017.7   data arrival time

                 0.0  833.0  833.0   clock clk (rise edge)
                        0.0  833.0   clock network delay (ideal)
                      -60.0  773.0   clock uncertainty
                        0.0  773.0   clock reconvergence pessimism
                             773.0 ^ nx_len[29][1]$_SDFFCE_PP0P_/CLK (DFFHQNx1_ASAP7_75t_R)
                      -34.9  738.1   library setup time
                             738.1   data required time
-------------------------------------------------------------------------
                             738.1   data required time
                            -2017.7   data arrival time
-------------------------------------------------------------------------
                            -1279.6   slack (VIOLATED)


OT_REP_PATH_END
OT_REP_FOCUS_N_ctl 2
OT_REP_FOCUS_WS_ctl -657.914307
OT_REP_FPATH_ctl_BEGIN
Startpoint: d_hi[4]$_SDFFCE_PP0P_
            (rising edge-triggered flip-flop clocked by clk)
Endpoint: run$_SDFF_PN0_ (rising edge-triggered flip-flop clocked by clk)
Path Group: clk
Path Type: max

Fanout    Cap   Slew  Delay   Time   Description
-------------------------------------------------------------------------
                 0.0    0.0    0.0   clock clk (rise edge)
                        0.0    0.0   clock network delay (ideal)
                 0.0    0.0    0.0 ^ d_hi[4]$_SDFFCE_PP0P_/CLK (DFFHQNx2_ASAP7_75t_R)
     3    9.1   92.3  111.4  111.4 ^ d_hi[4]$_SDFFCE_PP0P_/QN (DFFHQNx2_ASAP7_75t_R)
    12   40.1   46.8   62.8  174.2 ^ fanout3562/Y (BUFx16f_ASAP7_75t_R)
     2    4.7   45.6   73.6  247.9 v _076773_/Y (INVx3_ASAP7_75t_R)
     3    4.1   29.4   51.0  298.9 v fanout2400/Y (BUFx2_ASAP7_75t_R)
     7   14.9   46.6   53.9  352.8 v load_slew2404/Y (BUFx5_ASAP7_75t_R)
     6   17.3   43.1   50.8  403.6 v load_slew2402/Y (BUFx6f_ASAP7_75t_R)
     7   17.3   43.3   58.7  462.3 v wire2401/Y (BUFx6f_ASAP7_75t_R)
     3    8.7   39.3   63.4  525.6 v fanout2397/Y (BUFx3_ASAP7_75t_R)
     7   28.1   49.3   55.6  581.2 v wire2399/Y (BUFx8_ASAP7_75t_R)
     1    1.0   19.4  109.0  690.3 v _078983_/Y (MAJx2_ASAP7_75t_R)
     1    1.1   21.5   44.1  734.3 v _078984_/Y (MAJx2_ASAP7_75t_R)
     1    1.1   18.8   44.6  778.9 v _078985_/Y (MAJx2_ASAP7_75t_R)
     1    0.6   17.1   42.1  821.1 v _078986_/Y (MAJx2_ASAP7_75t_R)
     1    0.5   14.7   26.5  847.5 v _078987_/Y (OA21x2_ASAP7_75t_R)
     1    0.6   23.0   45.9  893.5 v _078988_/Y (AO221x1_ASAP7_75t_R)
     1    0.6   21.9   44.9  938.3 v _078993_/Y (AO221x1_ASAP7_75t_R)
     1    0.7   21.4   28.8  967.1 v _078994_/Y (OA21x2_ASAP7_75t_R)
     1    0.7   23.5   48.5 1015.6 v _078995_/Y (AO221x1_ASAP7_75t_R)
     1    0.7   17.6   41.6 1057.2 v _078996_/Y (AO22x1_ASAP7_75t_R)
     1    1.1   23.6   48.2 1105.4 v _079004_/Y (AO221x1_ASAP7_75t_R)
     1    0.6   15.2   43.5 1148.9 v _079005_/Y (MAJx2_ASAP7_75t_R)
     1    2.2   31.3   42.7 1191.7 v _079006_/Y (AO21x1_ASAP7_75t_R)
     1    0.5   18.0   17.0 1208.7 ^ _079007_/Y (INVx1_ASAP7_75t_R)
     1    0.4   24.4   28.0 1236.6 ^ _079008_/Y (AO221x1_ASAP7_75t_R)
     7   12.3  107.5   79.3 1316.0 ^ _079009_/Y (OA211x2_ASAP7_75t_R)
     1    1.5   20.6   57.0 1373.0 ^ rebuffer3877/Y (BUFx2_ASAP7_75t_R)
     1    0.6   17.5   28.6 1401.5 ^ _108289_/Y (AO21x1_ASAP7_75t_R)
                17.5    0.0 1401.6 ^ run$_SDFF_PN0_/D (DFFHQNx1_ASAP7_75t_R)
                            1401.6   data arrival time

                 0.0  833.0  833.0   clock clk (rise edge)
                        0.0  833.0   clock network delay (ideal)
                      -60.0  773.0   clock uncertainty
                        0.0  773.0   clock reconvergence pessimism
                             773.0 ^ run$_SDFF_PN0_/CLK (DFFHQNx1_ASAP7_75t_R)
                      -29.4  743.6   library setup time
                             743.6   data required time
-------------------------------------------------------------------------
                             743.6   data required time
                            -1401.6   data arrival time
-------------------------------------------------------------------------
                            -657.9   slack (VIOLATED)


OT_REP_FPATH_ctl_END
OT_REP_IOPATH_BEGIN
Startpoint: cmd_skip[0] (input port clocked by clk)
Endpoint: nblk[22]$_DFFE_PP_ (rising edge-triggered flip-flop clocked by clk)
Path Group: clk
Path Type: max

Fanout  Delay   Time   Description
-------------------------------------------------------------
          0.0    0.0   clock clk (rise edge)
          0.0    0.0   clock network delay (ideal)
        166.6  166.6 v input external delay
     3    0.0  166.6 v cmd_skip[0] (in)
     2   25.1  191.7 v _081135_/Y (AND2x4_ASAP7_75t_R)
     2   40.8  232.5 v _081137_/Y (MAJx2_ASAP7_75t_R)
     2   42.2  274.6 v _081139_/Y (MAJx2_ASAP7_75t_R)
     2   41.8  316.4 v _081141_/Y (MAJx2_ASAP7_75t_R)
     2   43.5  359.9 v _081143_/Y (MAJx2_ASAP7_75t_R)
     3   46.5  406.4 v _081145_/Y (MAJx2_ASAP7_75t_R)
     2   52.7  459.1 v _081148_/Y (AO221x1_ASAP7_75t_R)
     2   38.5  497.6 v _081149_/Y (AND2x2_ASAP7_75t_R)
     3   47.8  545.5 ^ _108873_/Y (XNOR2x2_ASAP7_75t_R)
     1   31.1  576.6 ^ _108874_/Y (OR2x2_ASAP7_75t_R)
     2   80.1  656.7 v _108885_/Y (XNOR2x2_ASAP7_75t_R)
     2   77.1  733.8 ^ _108893_/Y (XOR2x2_ASAP7_75t_R)
     2   44.6  778.4 v _108902_/Y (XOR2x2_ASAP7_75t_R)
     2   48.3  826.7 ^ _108912_/Y (XNOR2x2_ASAP7_75t_R)
     2   20.2  846.9 v _108913_/Y (AOI21x1_ASAP7_75t_R)
     2   46.5  893.4 v _108915_/Y (MAJx2_ASAP7_75t_R)
     2   44.0  937.4 v _108917_/Y (MAJx2_ASAP7_75t_R)
     2   47.2  984.6 v _108919_/Y (MAJx2_ASAP7_75t_R)
     2   51.6 1036.1 v _108921_/Y (MAJx2_ASAP7_75t_R)
     2   47.5 1083.7 v _108923_/Y (MAJx2_ASAP7_75t_R)
     2   44.5 1128.2 v _108925_/Y (MAJx2_ASAP7_75t_R)
     2   49.9 1178.0 v _108927_/Y (MAJx2_ASAP7_75t_R)
     2   50.2 1228.2 v _108929_/Y (MAJx2_ASAP7_75t_R)
     2   49.1 1277.3 v _108931_/Y (MAJx2_ASAP7_75t_R)
     2   46.1 1323.4 v _108933_/Y (MAJx2_ASAP7_75t_R)
     2   49.2 1372.6 v _108935_/Y (MAJx2_ASAP7_75t_R)
     2   45.7 1418.3 v _108937_/Y (MAJx2_ASAP7_75t_R)
     2   50.9 1469.2 v _108939_/Y (MAJx2_ASAP7_75t_R)
     2   50.3 1519.5 v _108941_/Y (MAJx2_ASAP7_75t_R)
     2   49.4 1568.9 v _108943_/Y (MAJx2_ASAP7_75t_R)
     2   43.2 1612.2 v _108947_/Y (OA21x2_ASAP7_75t_R)
     2   48.6 1660.8 v _108949_/Y (MAJx2_ASAP7_75t_R)
     2   55.6 1716.4 ^ _108956_/Y (XOR2x2_ASAP7_75t_R)
     1   55.7 1772.1 v _109253_/Y (XNOR2x2_ASAP7_75t_R)
     3   49.7 1821.7 ^ _109254_/Y (XNOR2x2_ASAP7_75t_R)
     2   59.0 1880.7 v _109256_/Y (XNOR2x2_ASAP7_75t_R)
     3   45.4 1926.1 v _109258_/Y (XOR2x2_ASAP7_75t_R)
     1   38.1 1964.1 v _127079_/Y (OA21x2_ASAP7_75t_R)
     1   42.1 2006.3 ^ _127092_/Y (XNOR2x2_ASAP7_75t_R)
     1   26.2 2032.5 ^ _127093_/Y (AO21x1_ASAP7_75t_R)
          0.0 2032.5 ^ nblk[22]$_DFFE_PP_/D (DFFHQNx1_ASAP7_75t_R)
              2032.5   data arrival time

        833.0  833.0   clock clk (rise edge)
          0.0  833.0   clock network delay (ideal)
        -60.0  773.0   clock uncertainty
          0.0  773.0   clock reconvergence pessimism
               773.0 ^ nblk[22]$_DFFE_PP_/CLK (DFFHQNx1_ASAP7_75t_R)
        -30.0  743.0   library setup time
               743.0   data required time
-------------------------------------------------------------
               743.0   data required time
              -2032.5   data arrival time
-------------------------------------------------------------
              -1289.5   slack (VIOLATED)


OT_REP_IOPATH_END
