OpenROAD 26Q3-1510-g6cb3f2b704 
Features included (+) or not (-): +GPU +GUI +Python
This program is licensed under the BSD-3 license. See the LICENSE file for details.
Components of this program may be licensed under more restrictive licenses which must be honored.
[INFO ODB-0227] LEF file: /OpenROAD-flow-scripts/flow/platforms/asap7/lef/asap7_tech_1x_201209.lef, created 30 layers, 9 vias
[INFO ODB-0227] LEF file: /OpenROAD-flow-scripts/flow/platforms/asap7/lef/asap7sc7p5t_28_R_1x_220121a.lef, created 212 library cells
[WARNING STA-1212] /OpenROAD-flow-scripts/flow/platforms/asap7/lib/NLDM/asap7sc7p5t_SIMPLE_RVT_SS_nldm_211120.lib.gz line 13156, timing group from output port.
[WARNING STA-1212] /OpenROAD-flow-scripts/flow/platforms/asap7/lib/NLDM/asap7sc7p5t_SIMPLE_RVT_SS_nldm_211120.lib.gz line 13189, timing group from output port.
[WARNING STA-1212] /OpenROAD-flow-scripts/flow/platforms/asap7/lib/NLDM/asap7sc7p5t_SIMPLE_RVT_SS_nldm_211120.lib.gz line 13222, timing group from output port.
[WARNING STA-1212] /OpenROAD-flow-scripts/flow/platforms/asap7/lib/NLDM/asap7sc7p5t_SIMPLE_RVT_SS_nldm_211120.lib.gz line 13255, timing group from output port.
[WARNING STA-1212] /OpenROAD-flow-scripts/flow/platforms/asap7/lib/NLDM/asap7sc7p5t_SIMPLE_RVT_SS_nldm_211120.lib.gz line 13288, timing group from output port.
[WARNING STA-1212] /OpenROAD-flow-scripts/flow/platforms/asap7/lib/NLDM/asap7sc7p5t_SIMPLE_RVT_SS_nldm_211120.lib.gz line 13321, timing group from output port.
[WARNING STA-1212] /OpenROAD-flow-scripts/flow/platforms/asap7/lib/NLDM/asap7sc7p5t_SIMPLE_RVT_SS_nldm_211120.lib.gz line 13354, timing group from output port.
[WARNING STA-1212] /OpenROAD-flow-scripts/flow/platforms/asap7/lib/NLDM/asap7sc7p5t_SIMPLE_RVT_SS_nldm_211120.lib.gz line 14748, timing group from output port.
[WARNING STA-1212] /OpenROAD-flow-scripts/flow/platforms/asap7/lib/NLDM/asap7sc7p5t_SIMPLE_RVT_SS_nldm_211120.lib.gz line 14781, timing group from output port.
[WARNING STA-1212] /OpenROAD-flow-scripts/flow/platforms/asap7/lib/NLDM/asap7sc7p5t_SIMPLE_RVT_SS_nldm_211120.lib.gz line 14814, timing group from output port.
OT_CORNER ss
OT_WS -2.138856869393635e-10
OT_TNS -5.695646621006745e-8
Startpoint: u_b.active.d[227]$_DFF_N_
            (falling edge-triggered flip-flop clocked by fwd_a)
Endpoint: o_d[227] (output port clocked by forwarded)
Path Group: forwarded
Path Type: max

  Delay    Time   Description
---------------------------------------------------------
   0.00    0.00   clock fwd_a (fall edge)
   0.00    0.00   clock source latency
   0.00    0.00 ^ fclk_i (in)
  38.54   38.54 ^ clkbuf_0_fclk_i/Y (BUFx24_ASAP7_75t_R)
  39.81   78.36 ^ clkbuf_1_0__f_fclk_i/Y (BUFx24_ASAP7_75t_R)
  44.89  123.25 ^ clkbuf_leaf_10_fclk_i/Y (BUFx24_ASAP7_75t_R)
  32.88  156.13 v u_a.active.u_fwd_inv/_0_/Y (INVx3_ASAP7_75t_R)
  62.27  218.40 ^ u_rep0/_0_/Y (INVx3_ASAP7_75t_R)
  70.44  288.84 v u_rep1/_0_/Y (INVx3_ASAP7_75t_R)
  68.09  356.92 ^ u_rep2/_0_/Y (INVx3_ASAP7_75t_R)
  72.80  429.73 v u_rep3/_0_/Y (INVx3_ASAP7_75t_R)
  82.95  512.68 ^ u_rep4/_0_/Y (INVx3_ASAP7_75t_R)
  59.90  572.58 v u_rep5/_0_/Y (INVx3_ASAP7_75t_R)
  60.24  632.82 v clkbuf_0_fc[6]/Y (BUFx24_ASAP7_75t_R)
  46.00  678.82 v clkbuf_1_0__f_fc[6]/Y (BUFx24_ASAP7_75t_R)
  54.75  733.57 v clkbuf_leaf_8_fc[6]/Y (BUFx24_ASAP7_75t_R)
   1.47  735.04 v u_b.active.d[227]$_DFF_N_/CLK (DFFLQNx1_ASAP7_75t_R)
 115.61  850.65 v u_b.active.d[227]$_DFF_N_/QN (DFFLQNx1_ASAP7_75t_R)
  39.03  889.69 ^ _1310_/Y (INVx6_ASAP7_75t_R)
 193.65 1083.33 ^ output657/Y (BUFx16f_ASAP7_75t_R)
 128.43 1211.77 ^ o_d[227] (out)
        1211.77   data arrival time

 416.67  416.67   clock forwarded (fall edge)
   0.00  416.67   clock source latency
   0.00  416.67 v fclk_i (in)
  43.27  459.94 v clkbuf_0_fclk_i/Y (BUFx24_ASAP7_75t_R)
  43.64  503.58 v clkbuf_1_0__f_fclk_i/Y (BUFx24_ASAP7_75t_R)
  46.57  550.15 v clkbuf_leaf_10_fclk_i/Y (BUFx24_ASAP7_75t_R)
  36.14  586.29 ^ u_a.active.u_fwd_inv/_0_/Y (INVx3_ASAP7_75t_R)
  55.39  641.67 v u_rep0/_0_/Y (INVx3_ASAP7_75t_R)
  70.78  712.45 ^ u_rep1/_0_/Y (INVx3_ASAP7_75t_R)
  60.24  772.70 v u_rep2/_0_/Y (INVx3_ASAP7_75t_R)
  76.74  849.44 ^ u_rep3/_0_/Y (INVx3_ASAP7_75t_R)
  75.75  925.19 v u_rep4/_0_/Y (INVx3_ASAP7_75t_R)
  60.17  985.36 ^ u_rep5/_0_/Y (INVx3_ASAP7_75t_R)
  54.59 1039.95 ^ clkbuf_0_fc[6]/Y (BUFx24_ASAP7_75t_R)
  38.99 1078.93 ^ clkbuf_1_1__f_fc[6]/Y (BUFx24_ASAP7_75t_R)
  42.61 1121.54 ^ clkbuf_leaf_17_fc[6]/Y (BUFx24_ASAP7_75t_R)
  34.42 1155.96 v u_b.active.u_fwd_inv/_0_/Y (INVx3_ASAP7_75t_R)
  44.07 1200.03 v output515/Y (BUFx2_ASAP7_75t_R)
   0.08 1200.11 v fclk_o (out)
 -60.00 1140.11   clock uncertainty
  24.44 1164.55   clock reconvergence pessimism
-166.67  997.88   output external delay
         997.88   data required time
---------------------------------------------------------
         997.88   data required time
        -1211.77   data arrival time
---------------------------------------------------------
        -213.89   slack (VIOLATED)


Startpoint: u_a.active.d[113]$_DFF_N_
            (falling edge-triggered flip-flop clocked by incoming)
Endpoint: u_b.active.d[113]$_DFF_N_
          (falling edge-triggered flip-flop clocked by fwd_a)
Path Group: fwd_a
Path Type: max

  Delay    Time   Description
---------------------------------------------------------
 416.67  416.67   clock incoming (fall edge)
   0.00  416.67   clock source latency
   0.00  416.67 v fclk_i (in)
  44.48  461.15 v clkbuf_0_fclk_i/Y (BUFx24_ASAP7_75t_R)
  45.49  506.63 v clkbuf_1_0__f_fclk_i/Y (BUFx24_ASAP7_75t_R)
  51.18  557.82 v clkbuf_leaf_15_fclk_i/Y (BUFx24_ASAP7_75t_R)
   6.45  564.27 v u_a.active.d[113]$_DFF_N_/CLK (DFFLQNx3_ASAP7_75t_R)
 158.64  722.91 v u_a.active.d[113]$_DFF_N_/QN (DFFLQNx3_ASAP7_75t_R)
  65.63  788.53 v wire2515/Y (BUFx16f_ASAP7_75t_R)
 176.85  965.38 ^ _1935_/Y (INVx1_ASAP7_75t_R)
  64.05 1029.43 ^ wire1053/Y (BUFx10_ASAP7_75t_R)
  33.39 1062.82 ^ wire1608/Y (BUFx16f_ASAP7_75t_R)
  65.41 1128.23 ^ u_b.active.d[113]$_DFF_N_/D (DFFLQNx1_ASAP7_75t_R)
        1128.23   data arrival time

 833.33  833.33   clock fwd_a (fall edge)
   0.00  833.33   clock source latency
   0.00  833.33 ^ fclk_i (in)
  37.35  870.68 ^ clkbuf_0_fclk_i/Y (BUFx24_ASAP7_75t_R)
  37.76  908.44 ^ clkbuf_1_0__f_fclk_i/Y (BUFx24_ASAP7_75t_R)
  41.32  949.76 ^ clkbuf_leaf_10_fclk_i/Y (BUFx24_ASAP7_75t_R)
  29.78  979.54 v u_a.active.u_fwd_inv/_0_/Y (INVx3_ASAP7_75t_R)
  60.17 1039.71 ^ u_rep0/_0_/Y (INVx3_ASAP7_75t_R)
  68.23 1107.94 v u_rep1/_0_/Y (INVx3_ASAP7_75t_R)
  66.00 1173.94 ^ u_rep2/_0_/Y (INVx3_ASAP7_75t_R)
  70.95 1244.89 v u_rep3/_0_/Y (INVx3_ASAP7_75t_R)
  80.77 1325.66 ^ u_rep4/_0_/Y (INVx3_ASAP7_75t_R)
  57.32 1382.97 v u_rep5/_0_/Y (INVx3_ASAP7_75t_R)
  58.14 1441.11 v clkbuf_0_fc[6]/Y (BUFx24_ASAP7_75t_R)
  44.27 1485.38 v clkbuf_1_0__f_fc[6]/Y (BUFx24_ASAP7_75t_R)
  50.01 1535.39 v clkbuf_leaf_12_fc[6]/Y (BUFx24_ASAP7_75t_R)
   1.92 1537.30 v u_b.active.d[113]$_DFF_N_/CLK (DFFLQNx1_ASAP7_75t_R)
 -60.00 1477.30   clock uncertainty
   3.05 1480.36   clock reconvergence pessimism
 -23.04 1457.31   library setup time
        1457.31   data required time
---------------------------------------------------------
        1457.31   data required time
        -1128.23   data arrival time
---------------------------------------------------------
         329.08   slack (MET)


Startpoint: i_d[134] (input port clocked by incoming)
Endpoint: u_a.active.d[134]$_DFF_N_
          (falling edge-triggered flip-flop clocked by incoming)
Path Group: incoming
Path Type: max

  Delay    Time   Description
---------------------------------------------------------
   0.00    0.00   clock incoming (rise edge)
   0.00    0.00   clock network delay (propagated)
 166.67  166.67 v input external delay
   0.00  166.67 v i_d[134] (in)
  47.32  213.99 v wire1354/Y (BUFx16f_ASAP7_75t_R)
 258.61  472.59 v input39/Y (BUFx3_ASAP7_75t_R)
  57.21  529.81 v wire2620/Y (BUFx16f_ASAP7_75t_R)
  59.83  589.64 v u_a.active.d[134]$_DFF_N_/D (DFFLQNx3_ASAP7_75t_R)
         589.64   data arrival time

 416.67  416.67   clock incoming (fall edge)
   0.00  416.67   clock source latency
   0.00  416.67 v fclk_i (in)
  43.27  459.94 v clkbuf_0_fclk_i/Y (BUFx24_ASAP7_75t_R)
  43.64  503.58 v clkbuf_1_0__f_fclk_i/Y (BUFx24_ASAP7_75t_R)
  45.69  549.27 v clkbuf_leaf_14_fclk_i/Y (BUFx24_ASAP7_75t_R)
   3.14  552.41 v u_a.active.d[134]$_DFF_N_/CLK (DFFLQNx3_ASAP7_75t_R)
 -60.00  492.40   clock uncertainty
   0.00  492.40   clock reconvergence pessimism
 -34.52  457.89   library setup time
         457.89   data required time
---------------------------------------------------------
         457.89   data required time
        -589.64   data arrival time
---------------------------------------------------------
        -131.75   slack (VIOLATED)


OT_VIOL_D_PINS 103
OT_WS_REG_D -131.752197
OT_WS_OUT -2066.076660
OT_WS_R2R 329.080994
OT_WS_I2R -131.752197
