max slew

Pin                                    Limit    Slew   Slack
------------------------------------------------------------
l_data[240]                           220.00  339.68 -119.68 (VIOLATED)
h_cdata[69]                           220.00  332.28 -112.28 (VIOLATED)
l_data[222]                           220.00  328.40 -108.40 (VIOLATED)
l_data[145]                           220.00  321.58 -101.58 (VIOLATED)
l_data[169]                           220.00  320.86 -100.86 (VIOLATED)
h_cdata[2]                            220.00  320.43 -100.43 (VIOLATED)
h_cdata[50]                           220.00  315.28  -95.28 (VIOLATED)
h_cdata[11]                           220.00  308.94  -88.94 (VIOLATED)
h_cdata[35]                           220.00  307.60  -87.60 (VIOLATED)
h_cdata[54]                           220.00  306.00  -86.00 (VIOLATED)
h_cdata[49]                           220.00  302.42  -82.42 (VIOLATED)
l_data[236]                           220.00  300.20  -80.20 (VIOLATED)
h_cdata[63]                           220.00  299.83  -79.83 (VIOLATED)
h_cdata[56]                           220.00  296.31  -76.31 (VIOLATED)
l_data[109]                           220.00  294.77  -74.77 (VIOLATED)
l_data[164]                           220.00  291.85  -71.85 (VIOLATED)
l_data[220]                           220.00  287.79  -67.79 (VIOLATED)
h_cdata[40]                           220.00  284.96  -64.96 (VIOLATED)
h_cdata[0]                            220.00  283.93  -63.93 (VIOLATED)
h_cdata[26]                           220.00  281.69  -61.69 (VIOLATED)
l_data[234]                           220.00  280.09  -60.09 (VIOLATED)
l_row[3]                              220.00  278.51  -58.51 (VIOLATED)
h_cdata[71]                           220.00  278.33  -58.33 (VIOLATED)
l_data[12]                            220.00  277.05  -57.05 (VIOLATED)
h_cdata[62]                           220.00  275.91  -55.91 (VIOLATED)
l_data[216]                           220.00  275.35  -55.35 (VIOLATED)
l_data[146]                           220.00  273.62  -53.62 (VIOLATED)
l_row[4]                              220.00  273.37  -53.37 (VIOLATED)
l_data[163]                           220.00  272.14  -52.14 (VIOLATED)
l_data[148]                           220.00  271.76  -51.76 (VIOLATED)
l_data[17]                            220.00  271.52  -51.52 (VIOLATED)
h_cdata[52]                           220.00  271.44  -51.44 (VIOLATED)
h_cdata[61]                           220.00  270.50  -50.50 (VIOLATED)
h_cdata[55]                           220.00  270.24  -50.24 (VIOLATED)
h_cdata[34]                           220.00  270.22  -50.22 (VIOLATED)
h_cdata[21]                           220.00  269.37  -49.37 (VIOLATED)
h_cdata[7]                            220.00  269.07  -49.07 (VIOLATED)
l_data[165]                           220.00  265.92  -45.92 (VIOLATED)
h_cdata[17]                           220.00  265.40  -45.40 (VIOLATED)
h_cdata[31]                           220.00  265.25  -45.25 (VIOLATED)
h_cdata[48]                           220.00  264.81  -44.81 (VIOLATED)
h_cdata[60]                           220.00  263.70  -43.70 (VIOLATED)
l_data[156]                           220.00  263.65  -43.65 (VIOLATED)
h_cdata[27]                           220.00  261.07  -41.07 (VIOLATED)
h_cdata[43]                           220.00  259.71  -39.71 (VIOLATED)
l_data[149]                           220.00  258.53  -38.53 (VIOLATED)
h_cdata[44]                           220.00  258.09  -38.09 (VIOLATED)
h_cdata[18]                           220.00  257.40  -37.40 (VIOLATED)
h_cdata[1]                            220.00  256.98  -36.98 (VIOLATED)
h_cdata[162]                          220.00  255.89  -35.89 (VIOLATED)
l_data[108]                           220.00  255.61  -35.61 (VIOLATED)
h_cdata[39]                           220.00  255.55  -35.55 (VIOLATED)
h_cdata[32]                           220.00  254.77  -34.77 (VIOLATED)
h_cdata[22]                           220.00  254.58  -34.58 (VIOLATED)
l_data[25]                            220.00  254.42  -34.42 (VIOLATED)
h_cdata[19]                           220.00  254.39  -34.39 (VIOLATED)
h_cdata[33]                           220.00  254.20  -34.20 (VIOLATED)
l_data[215]                           220.00  253.95  -33.95 (VIOLATED)
l_data[218]                           220.00  253.10  -33.10 (VIOLATED)
h_cdata[29]                           220.00  252.86  -32.86 (VIOLATED)
l_data[160]                           220.00  252.79  -32.79 (VIOLATED)
h_cdata[6]                            220.00  252.54  -32.54 (VIOLATED)
h_cdata[67]                           220.00  252.48  -32.48 (VIOLATED)
h_cdata[38]                           220.00  251.60  -31.60 (VIOLATED)
l_data[210]                           220.00  251.42  -31.42 (VIOLATED)
h_cdata[3]                            220.00  250.72  -30.72 (VIOLATED)
l_data[7]                             220.00  250.53  -30.53 (VIOLATED)
l_data[230]                           220.00  249.96  -29.96 (VIOLATED)
l_data[153]                           220.00  249.86  -29.86 (VIOLATED)
h_cdata[37]                           220.00  249.64  -29.64 (VIOLATED)
l_data[101]                           220.00  248.26  -28.26 (VIOLATED)
l_data[196]                           220.00  247.91  -27.91 (VIOLATED)
l_data[201]                           220.00  246.57  -26.57 (VIOLATED)
l_data[110]                           220.00  245.74  -25.74 (VIOLATED)
h_cdata[66]                           220.00  245.48  -25.48 (VIOLATED)
l_data[104]                           220.00  245.05  -25.05 (VIOLATED)
l_data[157]                           220.00  244.47  -24.47 (VIOLATED)
h_cdata[59]                           220.00  244.46  -24.46 (VIOLATED)
l_data[27]                            220.00  243.57  -23.57 (VIOLATED)
h_cdata[45]                           220.00  243.49  -23.49 (VIOLATED)
h_cdata[12]                           220.00  242.70  -22.70 (VIOLATED)
l_data[209]                           220.00  242.59  -22.59 (VIOLATED)
l_data[115]                           220.00  242.03  -22.03 (VIOLATED)
l_data[16]                            220.00  242.02  -22.02 (VIOLATED)
h_cdata[9]                            220.00  241.13  -21.13 (VIOLATED)
h_cdata[42]                           220.00  240.89  -20.89 (VIOLATED)
l_data[13]                            220.00  240.86  -20.86 (VIOLATED)
h_cdata[36]                           220.00  240.16  -20.16 (VIOLATED)
l_data[202]                           220.00  239.00  -19.00 (VIOLATED)
h_cdata[25]                           220.00  238.70  -18.70 (VIOLATED)
h_cdata[68]                           220.00  238.25  -18.25 (VIOLATED)
h_cdata[46]                           220.00  238.17  -18.17 (VIOLATED)
h_cdata[24]                           220.00  238.09  -18.09 (VIOLATED)
l_data[147]                           220.00  236.24  -16.24 (VIOLATED)
l_data[171]                           220.00  236.10  -16.10 (VIOLATED)
h_cdata[72]                           220.00  236.09  -16.09 (VIOLATED)
l_data[103]                           220.00  235.63  -15.63 (VIOLATED)
l_data[28]                            220.00  235.31  -15.31 (VIOLATED)
h_cdata[241]                          220.00  234.57  -14.57 (VIOLATED)
l_data[106]                           220.00  234.39  -14.39 (VIOLATED)
h_cdata[47]                           220.00  232.77  -12.77 (VIOLATED)
l_data[170]                           220.00  231.84  -11.84 (VIOLATED)
l_data[14]                            220.00  231.75  -11.75 (VIOLATED)
l_data[224]                           220.00  230.11  -10.11 (VIOLATED)
l_data[63]                            220.00  229.87   -9.87 (VIOLATED)
h_cdata[57]                           220.00  228.84   -8.84 (VIOLATED)
l_data[150]                           220.00  228.65   -8.65 (VIOLATED)
l_data[226]                           220.00  228.53   -8.53 (VIOLATED)
l_data[158]                           220.00  228.33   -8.33 (VIOLATED)
l_data[162]                           220.00  228.32   -8.32 (VIOLATED)
l_data[114]                           220.00  227.12   -7.12 (VIOLATED)
h_ctag[8]                             220.00  226.81   -6.81 (VIOLATED)
h_cdata[159]                          220.00  226.40   -6.40 (VIOLATED)
h_cdata[243]                          220.00  226.26   -6.26 (VIOLATED)
l_data[95]                            220.00  225.88   -5.88 (VIOLATED)
l_data[167]                           220.00  225.61   -5.61 (VIOLATED)
l_data[22]                            220.00  225.51   -5.51 (VIOLATED)
l_data[239]                           220.00  225.17   -5.17 (VIOLATED)
h_cdata[13]                           220.00  225.06   -5.06 (VIOLATED)
l_data[11]                            220.00  223.06   -3.06 (VIOLATED)
h_cdata[14]                           220.00  222.89   -2.89 (VIOLATED)
l_data[233]                           220.00  221.57   -1.57 (VIOLATED)
l_data[152]                           220.00  220.81   -0.81 (VIOLATED)
l_data[175]                           220.00  220.53   -0.53 (VIOLATED)
h_cdata[23]                           220.00  220.06   -0.06 (VIOLATED)


==========================================================================
finish max_slew_check_slack
