{"allcorner_spef_evaluator": "/OpenROAD-flow-scripts/flow/scripts/final_outputs.tcl", "original_sha256": "8e38f283d4f669792bbec6a8dc673c336792f6fa4c3d3bb27c7ea65504d6ae7c", "patched_sha256": "532f9a29e7a3248959431366b7170986b6e4a5a3e8fb6fe572423a0c7c821b1d", "helper_sha256": "6b30c9746e3ae0b4cc01086c3eb1b3fe3363b55f3e4deba9d03448dd5225731a"}
/OpenROAD-flow-scripts/flow/scripts/flow.sh 2_4_floorplan_pdn pdn
Running pdn.tcl, stage 2_4_floorplan_pdn
source /OpenROAD-flow-scripts/flow/platforms/asap7/liberty_suppressions.tcl
read_liberty -corner WC /OpenROAD-flow-scripts/flow/platforms/asap7/lib/NLDM/asap7sc7p5t_AO_RVT_SS_nldm_211120.lib.gz
read_liberty -corner WC /OpenROAD-flow-scripts/flow/platforms/asap7/lib/NLDM/asap7sc7p5t_INVBUF_RVT_SS_nldm_220122.lib.gz
read_liberty -corner WC /OpenROAD-flow-scripts/flow/platforms/asap7/lib/NLDM/asap7sc7p5t_OA_RVT_SS_nldm_211120.lib.gz
read_liberty -corner WC /OpenROAD-flow-scripts/flow/platforms/asap7/lib/NLDM/asap7sc7p5t_SEQ_RVT_SS_nldm_220123.lib
read_liberty -corner WC /OpenROAD-flow-scripts/flow/platforms/asap7/lib/NLDM/asap7sc7p5t_SIMPLE_RVT_SS_nldm_211120.lib.gz
read_liberty -corner WC /src/physical/asap7_memory_macros/ot_rom_4096x274_m8/ot_rom_4096x274_m8_ss.lib
read_liberty -corner BC /OpenROAD-flow-scripts/flow/platforms/asap7/lib/NLDM/asap7sc7p5t_AO_RVT_FF_nldm_211120.lib.gz
read_liberty -corner BC /OpenROAD-flow-scripts/flow/platforms/asap7/lib/NLDM/asap7sc7p5t_INVBUF_RVT_FF_nldm_220122.lib.gz
read_liberty -corner BC /OpenROAD-flow-scripts/flow/platforms/asap7/lib/NLDM/asap7sc7p5t_OA_RVT_FF_nldm_211120.lib.gz
read_liberty -corner BC /OpenROAD-flow-scripts/flow/platforms/asap7/lib/NLDM/asap7sc7p5t_SIMPLE_RVT_FF_nldm_211120.lib.gz
read_liberty -corner BC /OpenROAD-flow-scripts/flow/platforms/asap7/lib/NLDM/asap7sc7p5t_SEQ_RVT_FF_nldm_220123.lib
read_liberty -corner BC /src/physical/asap7_memory_macros/ot_rom_4096x274_m8/ot_rom_4096x274_m8_ff.lib
read_db /work/results/asap7/opentallas_ot_v41_qx10_native_parent_asap7/base/2_3_floorplan_tapcell.odb
read_sdc /work/results/asap7/opentallas_ot_v41_qx10_native_parent_asap7/base/2_1_floorplan.sdc
source /OpenROAD-flow-scripts/flow/platforms/asap7/setRC.tcl
[WARNING PDN-1051] No instances found for grid (CORE_macro_grid_2).
[INFO PDN-0001] Inserting grid: top
[INFO PDN-0001] Inserting grid: CORE_macro_grid_1 - u_qx.u_e.g_mac\[0\].g_pp.u_rom0
[INFO PDN-0001] Inserting grid: CORE_macro_grid_1 - u_qx.u_e.g_mac\[0\].g_pp.u_rom1
[INFO PDN-0001] Inserting grid: CORE_macro_grid_1 - u_qx.u_e.g_mac\[1\].g_pp.u_rom0
[INFO PDN-0001] Inserting grid: CORE_macro_grid_1 - u_qx.u_e.g_mac\[1\].g_pp.u_rom1
[INFO PDN-0500] Runtime: 4.34s
source /work/hooks/post_pdn_regions.tcl
OT_QX10_NATIVE_REGIONS parent_cells=211245 parent_area=22634.677259977074 engine_cells=37202 engine_area=10320.540479997828 macros=4
Error: pdn.tcl, 9 QX10 fault producer absent after mapping: fq; no constant fault waiver
Elapsed time: 0:09.57[h:]min:sec. CPU time: user 9.36 sys 0.21 (99%). Peak memory: 851744KB.
make[1]: *** [Makefile:464: do-2_4_floorplan_pdn] Error 1
make: *** [Makefile:464: /work/results/asap7/opentallas_ot_v41_qx10_native_parent_asap7/base/2_4_floorplan_pdn.odb] Error 2
