OpenROAD 26Q3-1510-g6cb3f2b704 
Features included (+) or not (-): +GPU +GUI +Python
This program is licensed under the BSD-3 license. See the LICENSE file for details.
Components of this program may be licensed under more restrictive licenses which must be honored.
[INFO ODB-0227] LEF file: /OpenROAD-flow-scripts/flow/platforms/asap7/lef/asap7_tech_1x_201209.lef, created 30 layers, 9 vias
[INFO ODB-0227] LEF file: /OpenROAD-flow-scripts/flow/platforms/asap7/lef/asap7sc7p5t_28_R_1x_220121a.lef, created 212 library cells
[WARNING STA-1212] /OpenROAD-flow-scripts/flow/platforms/asap7/lib/NLDM/asap7sc7p5t_SIMPLE_RVT_SS_nldm_211120.lib.gz line 13156, timing group from output port.
[WARNING STA-1212] /OpenROAD-flow-scripts/flow/platforms/asap7/lib/NLDM/asap7sc7p5t_SIMPLE_RVT_SS_nldm_211120.lib.gz line 13189, timing group from output port.
[WARNING STA-1212] /OpenROAD-flow-scripts/flow/platforms/asap7/lib/NLDM/asap7sc7p5t_SIMPLE_RVT_SS_nldm_211120.lib.gz line 13222, timing group from output port.
[WARNING STA-1212] /OpenROAD-flow-scripts/flow/platforms/asap7/lib/NLDM/asap7sc7p5t_SIMPLE_RVT_SS_nldm_211120.lib.gz line 13255, timing group from output port.
[WARNING STA-1212] /OpenROAD-flow-scripts/flow/platforms/asap7/lib/NLDM/asap7sc7p5t_SIMPLE_RVT_SS_nldm_211120.lib.gz line 13288, timing group from output port.
[WARNING STA-1212] /OpenROAD-flow-scripts/flow/platforms/asap7/lib/NLDM/asap7sc7p5t_SIMPLE_RVT_SS_nldm_211120.lib.gz line 13321, timing group from output port.
[WARNING STA-1212] /OpenROAD-flow-scripts/flow/platforms/asap7/lib/NLDM/asap7sc7p5t_SIMPLE_RVT_SS_nldm_211120.lib.gz line 13354, timing group from output port.
[WARNING STA-1212] /OpenROAD-flow-scripts/flow/platforms/asap7/lib/NLDM/asap7sc7p5t_SIMPLE_RVT_SS_nldm_211120.lib.gz line 14748, timing group from output port.
[WARNING STA-1212] /OpenROAD-flow-scripts/flow/platforms/asap7/lib/NLDM/asap7sc7p5t_SIMPLE_RVT_SS_nldm_211120.lib.gz line 14781, timing group from output port.
[WARNING STA-1212] /OpenROAD-flow-scripts/flow/platforms/asap7/lib/NLDM/asap7sc7p5t_SIMPLE_RVT_SS_nldm_211120.lib.gz line 14814, timing group from output port.
OT_RAW_R2R_WS -18223.957031
OT_RAW_ALL_WS -1.8223957454210904e-8
OT_RAW_TNS -5.431576937553473e-5
OT_RAW_CELLS 93606
OT_RAW_PATH_BEGIN
Startpoint: s2_go$_DFF_PN0_ (rising edge-triggered flip-flop clocked by clk)
Endpoint: p_terms[119]$_DFFE_PP_
          (rising edge-triggered flip-flop clocked by clk)
Path Group: clk
Path Type: max

Fanout    Cap   Slew  Delay   Time   Description
-------------------------------------------------------------------------
                 0.0    0.0    0.0   clock clk (rise edge)
                        0.0    0.0   clock network delay (ideal)
                 0.0    0.0    0.0 ^ s2_go$_DFF_PN0_/CLK (DFFASRHQNx1_ASAP7_75t_R)
  1640 1162.1 16438.9 7540.5 7540.5 ^ s2_go$_DFF_PN0_/QN (DFFASRHQNx1_ASAP7_75t_R)
   701  392.4    0.0 11064.9 18605.4 v _093768_/Y (INVx1_ASAP7_75t_R)
    87   44.1  233.8  134.7 18740.1 v _109867_/Y (AND2x2_ASAP7_75t_R)
   125   77.4  393.8  266.0 19006.1 v _112573_/Y (AND2x2_ASAP7_75t_R)
     1    1.1   31.4  107.0 19113.2 v _125035_/Y (OA211x2_ASAP7_75t_R)
     1    0.5 1350.7   20.8 19134.0 ^ _125036_/Y (AOI21x1_ASAP7_75t_R)
              1350.7    0.0 19134.0 ^ p_terms[119]$_DFFE_PP_/D (DFFHQNx1_ASAP7_75t_R)
                            19134.0   data arrival time

                 0.0 1111.0 1111.0   clock clk (rise edge)
                        0.0 1111.0   clock network delay (ideal)
                      -60.0 1051.0   clock uncertainty
                        0.0 1051.0   clock reconvergence pessimism
                            1051.0 ^ p_terms[119]$_DFFE_PP_/CLK (DFFHQNx1_ASAP7_75t_R)
                     -140.9  910.1   library setup time
                             910.1   data required time
-------------------------------------------------------------------------
                             910.1   data required time
                            -19134.0   data arrival time
-------------------------------------------------------------------------
                            -18224.0   slack (VIOLATED)


OT_RAW_PATH_END
OT_RAW_FOCUS_N_ctl 5
OT_RAW_FOCUS_WS_ctl -17763.880859
OT_RAW_FPATH_ctl_BEGIN
Startpoint: s2_go$_DFF_PN0_ (rising edge-triggered flip-flop clocked by clk)
Endpoint: pst[3]$_DFF_PN0_ (rising edge-triggered flip-flop clocked by clk)
Path Group: clk
Path Type: max

Fanout    Cap   Slew  Delay   Time   Description
-------------------------------------------------------------------------
                 0.0    0.0    0.0   clock clk (rise edge)
                        0.0    0.0   clock network delay (ideal)
                 0.0    0.0    0.0 ^ s2_go$_DFF_PN0_/CLK (DFFASRHQNx1_ASAP7_75t_R)
  1640 1162.1 16438.9 7540.5 7540.5 ^ s2_go$_DFF_PN0_/QN (DFFASRHQNx1_ASAP7_75t_R)
   701  392.4    0.0 11064.9 18605.4 v _093768_/Y (INVx1_ASAP7_75t_R)
     3    1.5   17.9   33.6 18638.9 v _097333_/Y (OR2x2_ASAP7_75t_R)
     1    1.0   43.7   28.1 18667.0 v _097350_/Y (OA21x2_ASAP7_75t_R)
     1    0.5  997.9   19.2 18686.2 ^ _097351_/Y (NOR2x1_ASAP7_75t_R)
               997.9    0.0 18686.2 ^ pst[3]$_DFF_PN0_/D (DFFASRHQNx1_ASAP7_75t_R)
                            18686.2   data arrival time

                 0.0 1111.0 1111.0   clock clk (rise edge)
                        0.0 1111.0   clock network delay (ideal)
                      -60.0 1051.0   clock uncertainty
                        0.0 1051.0   clock reconvergence pessimism
                            1051.0 ^ pst[3]$_DFF_PN0_/CLK (DFFASRHQNx1_ASAP7_75t_R)
                     -128.7  922.3   library setup time
                             922.3   data required time
-------------------------------------------------------------------------
                             922.3   data required time
                            -18686.2   data arrival time
-------------------------------------------------------------------------
                            -17763.9   slack (VIOLATED)


OT_RAW_FPATH_ctl_END
OT_RAW_FOCUS_N_istep 552
OT_RAW_FOCUS_WS_istep -18146.943359
OT_RAW_FPATH_istep_BEGIN
Startpoint: s2_go$_DFF_PN0_ (rising edge-triggered flip-flop clocked by clk)
Endpoint: p_istep[64]$_SDFFCE_PP0P_
          (rising edge-triggered flip-flop clocked by clk)
Path Group: clk
Path Type: max

Fanout    Cap   Slew  Delay   Time   Description
-------------------------------------------------------------------------
                 0.0    0.0    0.0   clock clk (rise edge)
                        0.0    0.0   clock network delay (ideal)
                 0.0    0.0    0.0 ^ s2_go$_DFF_PN0_/CLK (DFFASRHQNx1_ASAP7_75t_R)
  1640 1162.1 16438.9 7540.5 7540.5 ^ s2_go$_DFF_PN0_/QN (DFFASRHQNx1_ASAP7_75t_R)
   701  392.4    0.0 11064.9 18605.4 v _093768_/Y (INVx1_ASAP7_75t_R)
    87   44.1  233.8  134.7 18740.1 v _109867_/Y (AND2x2_ASAP7_75t_R)
   125   77.4  393.8  266.0 19006.1 v _112573_/Y (AND2x2_ASAP7_75t_R)
     1    0.5   27.5  112.7 19118.8 v _113381_/Y (AO32x1_ASAP7_75t_R)
     1    0.5  297.7   35.4 19154.2 v _113382_/Y (AO21x1_ASAP7_75t_R)
               297.7    0.0 19154.2 v p_istep[64]$_SDFFCE_PP0P_/D (DFFHQNx1_ASAP7_75t_R)
                            19154.2   data arrival time

                 0.0 1111.0 1111.0   clock clk (rise edge)
                        0.0 1111.0   clock network delay (ideal)
                      -60.0 1051.0   clock uncertainty
                        0.0 1051.0   clock reconvergence pessimism
                            1051.0 ^ p_istep[64]$_SDFFCE_PP0P_/CLK (DFFHQNx1_ASAP7_75t_R)
                      -43.7 1007.3   library setup time
                            1007.3   data required time
-------------------------------------------------------------------------
                            1007.3   data required time
                            -19154.2   data arrival time
-------------------------------------------------------------------------
                            -18146.9   slack (VIOLATED)


OT_RAW_FPATH_istep_END
OT_RAW_IOPATH_BEGIN
Startpoint: s2_go$_DFF_PN0_ (rising edge-triggered flip-flop clocked by clk)
Endpoint: p_terms[119]$_DFFE_PP_
          (rising edge-triggered flip-flop clocked by clk)
Path Group: clk
Path Type: max

Fanout  Delay   Time   Description
-------------------------------------------------------------
          0.0    0.0   clock clk (rise edge)
          0.0    0.0   clock network delay (ideal)
          0.0    0.0 ^ s2_go$_DFF_PN0_/CLK (DFFASRHQNx1_ASAP7_75t_R)
  1640 7540.5 7540.5 ^ s2_go$_DFF_PN0_/QN (DFFASRHQNx1_ASAP7_75t_R)
   701 11064.9 18605.4 v _093768_/Y (INVx1_ASAP7_75t_R)
    87  134.7 18740.1 v _109867_/Y (AND2x2_ASAP7_75t_R)
   125  266.0 19006.1 v _112573_/Y (AND2x2_ASAP7_75t_R)
     1  107.0 19113.2 v _125035_/Y (OA211x2_ASAP7_75t_R)
     1   20.8 19134.0 ^ _125036_/Y (AOI21x1_ASAP7_75t_R)
          0.0 19134.0 ^ p_terms[119]$_DFFE_PP_/D (DFFHQNx1_ASAP7_75t_R)
              19134.0   data arrival time

       1111.0 1111.0   clock clk (rise edge)
          0.0 1111.0   clock network delay (ideal)
        -60.0 1051.0   clock uncertainty
          0.0 1051.0   clock reconvergence pessimism
              1051.0 ^ p_terms[119]$_DFFE_PP_/CLK (DFFHQNx1_ASAP7_75t_R)
       -140.9  910.1   library setup time
               910.1   data required time
-------------------------------------------------------------
               910.1   data required time
              -19134.0   data arrival time
-------------------------------------------------------------
              -18224.0   slack (VIOLATED)


OT_RAW_IOPATH_END
[INFO IFP-0107] Defining die area using utilization: 30.00% and aspect ratio: 1.
[WARNING IFP-0028] Core area lower left (2.000, 2.000) snapped to (2.052, 2.160).
[INFO IFP-0001] Added 809 rows of 4051 site asap7sc7p5t.
[INFO IFP-0100] Die BBox:  (  0.000  0.000 ) ( 222.843 222.843 ) um
[INFO IFP-0101] Core BBox: (  2.052  2.160 ) ( 220.806 220.590 ) um
[INFO IFP-0102] Core area:                        47782.436 um^2
[INFO IFP-0103] Total instances area:             14367.730 um^2
[INFO IFP-0104] Effective utilization:                0.301
[INFO IFP-0105] Number of instances:                  93606
Found 0 macro blocks.
Using 2 tracks default min distance between IO pins.
[ERROR PPL-0024] Number of IO pins (486782) exceeds maximum number of available positions (9224). Increase the die perimeter from 891.37um to 46731.07um.
Error: screen.tcl, 50 PPL-0024
