Startpoint: u_ld.g_qualify.u_low.u_latch
            (negative level-sensitive latch clocked by core_clk)
Endpoint: u_stage.u_ao.u_p.g_e[0].u_eao.g_sh[7].r[1]$_DFFE_PP_
          (rising edge-triggered flip-flop clocked by w5_ao)
Path Group: w5_ao
Path Type: max

Fanout         Cap        Slew       Delay        Time   Description
---------------------------------------------------------------------------------------------
                                  0.416667    0.416667   clock core_clk (fall edge)
                                  0.000000    0.416667   clock source latency
     1   19.662151    0.000000    0.000000    0.416667 v clk (in)
                                                         clk (net)
                      0.062417    0.019690    0.436357 v wire95643/A (BUFx12f_ASAP7_75t_R)
     1   18.186935    0.022872    0.044796    0.481153 v wire95643/Y (BUFx12f_ASAP7_75t_R)
                                                         net95642 (net)
                      0.065386    0.019059    0.500211 v wire95642/A (BUFx24_ASAP7_75t_R)
     2   35.942394    0.022287    0.058555    0.558766 v wire95642/Y (BUFx24_ASAP7_75t_R)
                                                         net95641 (net)
                      0.190592    0.059936    0.618703 v clkbuf_regs_0_core_clk/A (BUFx24_ASAP7_75t_R)
     1    2.378839    0.023705    0.084155    0.702858 v clkbuf_regs_0_core_clk/Y (BUFx24_ASAP7_75t_R)
                                                         clk_regs (net)
                      0.023706    0.000126    0.702984 v clkbuf_0_clk_regs/A (BUFx24_ASAP7_75t_R)
     2   11.543983    0.019371    0.042905    0.745889 v clkbuf_0_clk_regs/Y (BUFx24_ASAP7_75t_R)
                                                         clknet_0_clk_regs (net)
                      0.024416    0.004953    0.750842 v clkbuf_1_0_0_clk_regs/A (BUFx24_ASAP7_75t_R)
     1    9.022481    0.018021    0.042649    0.793491 v clkbuf_1_0_0_clk_regs/Y (BUFx24_ASAP7_75t_R)
                                                         clknet_1_0_0_clk_regs (net)
                      0.023415    0.005405    0.798896 v clkbuf_1_0_1_clk_regs/A (BUFx24_ASAP7_75t_R)
     1    9.022481    0.018014    0.042266    0.841162 v clkbuf_1_0_1_clk_regs/Y (BUFx24_ASAP7_75t_R)
                                                         clknet_1_0_1_clk_regs (net)
                      0.023409    0.005405    0.846567 v clkbuf_1_0_2_clk_regs/A (BUFx24_ASAP7_75t_R)
     1    4.075088    0.015626    0.041166    0.887733 v clkbuf_1_0_2_clk_regs/Y (BUFx24_ASAP7_75t_R)
                                                         clknet_1_0_2_clk_regs (net)
                      0.015686    0.000954    0.888687 v clkbuf_1_0_3_clk_regs/A (BUFx24_ASAP7_75t_R)
     1    2.386692    0.014635    0.037861    0.926548 v clkbuf_1_0_3_clk_regs/Y (BUFx24_ASAP7_75t_R)
                                                         clknet_1_0_3_clk_regs (net)
                      0.014635    0.000129    0.926677 v clkbuf_1_0_4_clk_regs/A (BUFx24_ASAP7_75t_R)
     2   11.472869    0.019478    0.040076    0.966752 v clkbuf_1_0_4_clk_regs/Y (BUFx24_ASAP7_75t_R)
                                                         clknet_1_0_4_clk_regs (net)
                      0.020690    0.002414    0.969166 v clkbuf_2_0_0_clk_regs/A (BUFx24_ASAP7_75t_R)
     2    8.024963    0.017673    0.041067    1.010234 v clkbuf_2_0_0_clk_regs/Y (BUFx24_ASAP7_75t_R)
                                                         clknet_2_0_0_clk_regs (net)
                      0.019843    0.003368    1.013602 v clkbuf_3_1_0_clk_regs/A (BUFx24_ASAP7_75t_R)
     1    9.061746    0.018002    0.040912    1.054514 v clkbuf_3_1_0_clk_regs/Y (BUFx24_ASAP7_75t_R)
                                                         clknet_3_1_0_clk_regs (net)
                      0.023492    0.005448    1.059962 v clkbuf_3_1_1_clk_regs/A (BUFx24_ASAP7_75t_R)
     1    7.993737    0.017597    0.042109    1.102071 v clkbuf_3_1_1_clk_regs/Y (BUFx24_ASAP7_75t_R)
                                                         clknet_3_1_1_clk_regs (net)
                      0.020969    0.004293    1.106364 v clkbuf_3_1_2_clk_regs/A (BUFx24_ASAP7_75t_R)
     1    4.507003    0.015858    0.040350    1.146714 v clkbuf_3_1_2_clk_regs/Y (BUFx24_ASAP7_75t_R)
                                                         clknet_3_1_2_clk_regs (net)
                      0.015965    0.001232    1.147945 v clkbuf_4_2_0_clk_regs/A (BUFx24_ASAP7_75t_R)
     2   11.472869    0.019429    0.040504    1.188450 v clkbuf_4_2_0_clk_regs/Y (BUFx24_ASAP7_75t_R)
                                                         clknet_4_2_0_clk_regs (net)
                      0.019728    0.001164    1.189614 v clkbuf_5_5_0_clk_regs/A (BUFx24_ASAP7_75t_R)
     2    5.292554    0.016213    0.040182    1.229796 v clkbuf_5_5_0_clk_regs/Y (BUFx24_ASAP7_75t_R)
                                                         clknet_5_5_0_clk_regs (net)
                      0.016216    0.000245    1.230042 v clkbuf_6_10_0_clk_regs/A (BUFx24_ASAP7_75t_R)
     2    9.627849    0.018490    0.039851    1.269892 v clkbuf_6_10_0_clk_regs/Y (BUFx24_ASAP7_75t_R)
                                                         clknet_6_10_0_clk_regs (net)
                      0.021254    0.003647    1.273540 v clkbuf_7_21_0_clk_regs/A (BUFx24_ASAP7_75t_R)
     2    5.834848    0.016554    0.040878    1.314417 v clkbuf_7_21_0_clk_regs/Y (BUFx24_ASAP7_75t_R)
                                                         clknet_7_21_0_clk_regs (net)
                      0.016618    0.000952    1.315369 v clkbuf_8_42__f_clk_regs/A (BUFx24_ASAP7_75t_R)
     2   18.336830    0.020920    0.040948    1.356317 v clkbuf_8_42__f_clk_regs/Y (BUFx24_ASAP7_75t_R)
                                                         clknet_8_42__leaf_clk_regs (net)
                      0.027475    0.005198    1.361515 v clkbuf_leaf_84_clk_regs/A (BUFx24_ASAP7_75t_R)
    19   23.013340    0.026164    0.047975    1.409490 v clkbuf_leaf_84_clk_regs/Y (BUFx24_ASAP7_75t_R)
                                                         clknet_leaf_84_clk_regs (net)
                      0.033955    0.007582    1.417071 v u_ld.g_qualify.u_low.u_latch/CLK (DLLx1_ASAP7_75t_R)
     1    3.376320    0.045384    0.090449    1.507521 v u_ld.g_qualify.u_low.u_latch/Q (DLLx1_ASAP7_75t_R)
                                                         u_ld.g_qualify.u_low.settled (net)
                      0.045440    0.000872    1.508393 v _235755_/A (INVx2_ASAP7_75t_R)
     1    6.593128    0.057548    0.039565    1.547958 ^ _235755_/Y (INVx2_ASAP7_75t_R)
                                                         _091018_ (net)
                      0.058222    0.003450    1.551408 ^ place86523/A (BUFx6f_ASAP7_75t_R)
     1    2.859801    0.014910    0.036766    1.588175 ^ place86523/Y (BUFx6f_ASAP7_75t_R)
                                                         net86522 (net)
                      0.015007    0.000675    1.588849 ^ _235756_/C (AND3x2_ASAP7_75t_R)
     4    3.244348    0.035527    0.051708    1.640557 ^ _235756_/Y (AND3x2_ASAP7_75t_R)
                                                         _091019_ (net)
                      0.035531    0.000142    1.640700 ^ place86197/A (BUFx2_ASAP7_75t_R)
     3    4.663231    0.040447    0.045989    1.686689 ^ place86197/Y (BUFx2_ASAP7_75t_R)
                                                         net86196 (net)
                      0.040597    0.001372    1.688061 ^ _235887_/C (AND3x1_ASAP7_75t_R)
     5    5.613128    0.091945    0.074623    1.762684 ^ _235887_/Y (AND3x1_ASAP7_75t_R)
                                                         _091132_ (net)
                      0.092035    0.001671    1.764355 ^ _235914_/B (AND2x2_ASAP7_75t_R)
     2    3.668026    0.036189    0.058795    1.823150 ^ _235914_/Y (AND2x2_ASAP7_75t_R)
                                                         _091155_ (net)
                      0.036191    0.000112    1.823262 ^ place74769/A (BUFx6f_ASAP7_75t_R)
     7   22.729445    0.067528    0.043219    1.866481 ^ place74769/Y (BUFx6f_ASAP7_75t_R)
                                                         net74768 (net)
                      0.104397    0.027047    1.893529 ^ _235982_/B (NAND2x1_ASAP7_75t_R)
     2    2.644501    0.050275    0.042240    1.935769 v _235982_/Y (NAND2x1_ASAP7_75t_R)
                                                         _091210_ (net)
                      0.050275    0.000076    1.935845 v place71466/A (BUFx6f_ASAP7_75t_R)
     5   20.086239    0.048483    0.047105    1.982950 v place71466/Y (BUFx6f_ASAP7_75t_R)
                                                         net71465 (net)
                      0.051790    0.006617    1.989567 v place71463/A (BUFx3_ASAP7_75t_R)
    28   24.555424    0.100332    0.073784    2.063351 v place71463/Y (BUFx3_ASAP7_75t_R)
                                                         net71462 (net)
                      0.106351    0.013168    2.076519 v _320770_/A2 (AO21x1_ASAP7_75t_R)
     1    0.683784    0.017404    0.049585    2.126103 v _320770_/Y (AO21x1_ASAP7_75t_R)
                                                         _047947_ (net)
                      0.017404    0.000032    2.126135 v u_stage.u_ao.u_p.g_e[0].u_eao.g_sh[7].r[1]$_DFFE_PP_/D (DFFHQNx1_ASAP7_75t_R)
                                              2.126135   data arrival time

                                  0.833333    0.833333   clock w5_ao (rise edge)
                                  0.000000    0.833333   clock source latency
     1   19.089792    0.000000    0.000000    0.833333 ^ clk (in)
                                                         clk (net)
                      0.059145    0.018658    0.851992 ^ wire95643/A (BUFx12f_ASAP7_75t_R)
     1   17.601376    0.027101    0.041132    0.893124 ^ wire95643/Y (BUFx12f_ASAP7_75t_R)
                                                         net95642 (net)
                      0.064540    0.018291    0.911415 ^ wire95642/A (BUFx24_ASAP7_75t_R)
     2   34.771271    0.022781    0.051976    0.963391 ^ wire95642/Y (BUFx24_ASAP7_75t_R)
                                                         net95641 (net)
                      0.146439    0.044739    1.008129 ^ clkbuf_0_clk/A (BUFx24_ASAP7_75t_R)
     2    7.890877    0.022824    0.070274    1.078403 ^ clkbuf_0_clk/Y (BUFx24_ASAP7_75t_R)
                                                         clknet_0_clk (net)
                      0.022920    0.001272    1.079676 ^ clkbuf_1_0__f_clk/A (BUFx24_ASAP7_75t_R)
     2   13.674417    0.021144    0.037539    1.117215 ^ clkbuf_1_0__f_clk/Y (BUFx24_ASAP7_75t_R)
                                                         clknet_1_0__leaf_clk (net)
                      0.026096    0.005287    1.122502 ^ u_stage.u_ao.g_checked.u_freeze.u_icg/CLK (ICGx1_ASAP7_75t_R)
     2   15.743879    0.242621    0.117869    1.240371 ^ u_stage.u_ao.g_checked.u_freeze.u_icg/GCLK (ICGx1_ASAP7_75t_R)
                                                         u_stage.u_ao.ao_clk (net)
                      0.244569    0.012299    1.252671 ^ clkbuf_0_u_stage.u_ao.ao_clk/A (BUFx24_ASAP7_75t_R)
     2    3.626259    0.024849    0.084638    1.337308 ^ clkbuf_0_u_stage.u_ao.ao_clk/Y (BUFx24_ASAP7_75t_R)
                                                         clknet_0_u_stage.u_ao.ao_clk (net)
                      0.024849    0.000117    1.337425 ^ clkbuf_1_1__f_u_stage.u_ao.ao_clk/A (BUFx24_ASAP7_75t_R)
     2    2.771538    0.013304    0.035200    1.372625 ^ clkbuf_1_1__f_u_stage.u_ao.ao_clk/Y (BUFx24_ASAP7_75t_R)
                                                         clknet_1_1__leaf_u_stage.u_ao.ao_clk (net)
                      0.013305    0.000105    1.372730 ^ u_stage.u_ao.u_p.g_e[0].u_eao.u_sh_cg.u_icg/CLK (ICGx1_ASAP7_75t_R)
     1    1.915291    0.032876    0.029345    1.402074 ^ u_stage.u_ao.u_p.g_e[0].u_eao.u_sh_cg.u_icg/GCLK (ICGx1_ASAP7_75t_R)
                                                         u_stage.u_ao.u_p.g_e[0].u_eao.sh_clk (net)
                      0.032878    0.000129    1.402203 ^ clkbuf_0_u_stage.u_ao.u_p.g_e[0].u_eao.sh_clk/A (BUFx24_ASAP7_75t_R)
     4   20.195141    0.027062    0.043249    1.445452 ^ clkbuf_0_u_stage.u_ao.u_p.g_e[0].u_eao.sh_clk/Y (BUFx24_ASAP7_75t_R)
                                                         clknet_0_u_stage.u_ao.u_p.g_e[0].u_eao.sh_clk (net)
                      0.029655    0.004301    1.449753 ^ clkbuf_2_3_0_u_stage.u_ao.u_p.g_e[0].u_eao.sh_clk/A (BUFx24_ASAP7_75t_R)
    15   47.001568    0.048120    0.050160    1.499912 ^ clkbuf_2_3_0_u_stage.u_ao.u_p.g_e[0].u_eao.sh_clk/Y (BUFx24_ASAP7_75t_R)
                                                         clknet_2_3_0_u_stage.u_ao.u_p.g_e[0].u_eao.sh_clk (net)
                      0.049728    0.004771    1.504683 ^ clkbuf_leaf_25_u_stage.u_ao.u_p.g_e[0].u_eao.sh_clk/A (BUFx24_ASAP7_75t_R)
    14   10.903607    0.019629    0.046844    1.551527 ^ clkbuf_leaf_25_u_stage.u_ao.u_p.g_e[0].u_eao.sh_clk/Y (BUFx24_ASAP7_75t_R)
                                                         clknet_leaf_25_u_stage.u_ao.u_p.g_e[0].u_eao.sh_clk (net)
                      0.019889    0.001112    1.552639 ^ u_stage.u_ao.u_p.g_e[0].u_eao.g_sh[7].r[1]$_DFFE_PP_/CLK (DFFHQNx1_ASAP7_75t_R)
                                 -0.060000    1.492639   clock uncertainty
                                  0.004075    1.496714   clock reconvergence pessimism
                                 -0.002326    1.494387   library setup time
                                              1.494387   data required time
---------------------------------------------------------------------------------------------
                                              1.494387   data required time
                                             -2.126135   data arrival time
---------------------------------------------------------------------------------------------
                                             -0.631748   slack (VIOLATED)


