Startpoint: u_return.u_n.bt[38][9]$_DFFE_PP_
            (rising edge-triggered flip-flop clocked by core_clk)
Endpoint: u_return.u_n.by_t[6]$_DFF_P_
          (rising edge-triggered flip-flop clocked by core_clk)
Path Group: core_clk
Path Type: max

Fanout         Cap        Slew       Delay        Time   Description
---------------------------------------------------------------------------------------------
                                  0.000000    0.000000   clock core_clk (rise edge)
                                  0.000000    0.000000   clock source latency
     1   19.663120    0.000000    0.000000    0.000000 ^ clk (in)
                                                         clk (net)
                      0.062422    0.019692    0.019692 ^ wire95643/A (BUFx12f_ASAP7_75t_R)
     1   18.189636    0.027765    0.041948    0.061640 ^ wire95643/Y (BUFx12f_ASAP7_75t_R)
                                                         net95642 (net)
                      0.068031    0.019371    0.081012 ^ wire95642/A (BUFx24_ASAP7_75t_R)
     2   35.947792    0.023074    0.053120    0.134132 ^ wire95642/Y (BUFx24_ASAP7_75t_R)
                                                         net95641 (net)
                      0.192434    0.060463    0.194595 ^ clkbuf_regs_0_core_clk/A (BUFx24_ASAP7_75t_R)
     1    2.381539    0.021484    0.076236    0.270831 ^ clkbuf_regs_0_core_clk/Y (BUFx24_ASAP7_75t_R)
                                                         clk_regs (net)
                      0.021484    0.000126    0.270957 ^ clkbuf_0_clk_regs/A (BUFx24_ASAP7_75t_R)
     2   11.549382    0.019434    0.036106    0.307063 ^ clkbuf_0_clk_regs/Y (BUFx24_ASAP7_75t_R)
                                                         clknet_0_clk_regs (net)
                      0.024342    0.004927    0.311990 ^ clkbuf_1_0_0_clk_regs/A (BUFx24_ASAP7_75t_R)
     1    9.025181    0.017128    0.036613    0.348603 ^ clkbuf_1_0_0_clk_regs/Y (BUFx24_ASAP7_75t_R)
                                                         clknet_1_0_0_clk_regs (net)
                      0.023031    0.005363    0.353966 ^ clkbuf_1_0_1_clk_regs/A (BUFx24_ASAP7_75t_R)
     1    9.025181    0.017112    0.036111    0.390077 ^ clkbuf_1_0_1_clk_regs/Y (BUFx24_ASAP7_75t_R)
                                                         clknet_1_0_1_clk_regs (net)
                      0.023021    0.005362    0.395440 ^ clkbuf_1_0_2_clk_regs/A (BUFx24_ASAP7_75t_R)
     1    4.077788    0.014224    0.034904    0.430344 ^ clkbuf_1_0_2_clk_regs/Y (BUFx24_ASAP7_75t_R)
                                                         clknet_1_0_2_clk_regs (net)
                      0.014299    0.000954    0.431298 ^ clkbuf_1_0_3_clk_regs/A (BUFx24_ASAP7_75t_R)
     1    2.389392    0.012973    0.031308    0.462606 ^ clkbuf_1_0_3_clk_regs/Y (BUFx24_ASAP7_75t_R)
                                                         clknet_1_0_3_clk_regs (net)
                      0.012974    0.000129    0.462735 ^ clkbuf_1_0_4_clk_regs/A (BUFx24_ASAP7_75t_R)
     2   11.478269    0.019311    0.033734    0.496469 ^ clkbuf_1_0_4_clk_regs/Y (BUFx24_ASAP7_75t_R)
                                                         clknet_1_0_4_clk_regs (net)
                      0.020331    0.002143    0.498612 ^ clkbuf_2_1_0_clk_regs/A (BUFx24_ASAP7_75t_R)
     2    5.918778    0.015461    0.034458    0.533070 ^ clkbuf_2_1_0_clk_regs/Y (BUFx24_ASAP7_75t_R)
                                                         clknet_2_1_0_clk_regs (net)
                      0.015716    0.001263    0.534333 ^ clkbuf_3_2_0_clk_regs/A (BUFx24_ASAP7_75t_R)
     1    8.735493    0.016942    0.033460    0.567793 ^ clkbuf_3_2_0_clk_regs/Y (BUFx24_ASAP7_75t_R)
                                                         clknet_3_2_0_clk_regs (net)
                      0.022222    0.005045    0.572838 ^ clkbuf_3_2_1_clk_regs/A (BUFx24_ASAP7_75t_R)
     1    4.416339    0.014456    0.034700    0.607537 ^ clkbuf_3_2_1_clk_regs/Y (BUFx24_ASAP7_75t_R)
                                                         clknet_3_2_1_clk_regs (net)
                      0.014601    0.001169    0.608706 ^ clkbuf_3_2_2_clk_regs/A (BUFx24_ASAP7_75t_R)
     2    6.209339    0.015648    0.032596    0.641303 ^ clkbuf_3_2_2_clk_regs/Y (BUFx24_ASAP7_75t_R)
                                                         clknet_3_2_2_clk_regs (net)
                      0.016075    0.001522    0.642824 ^ clkbuf_4_4_0_clk_regs/A (BUFx24_ASAP7_75t_R)
     2    8.306091    0.016855    0.033516    0.676340 ^ clkbuf_4_4_0_clk_regs/Y (BUFx24_ASAP7_75t_R)
                                                         clknet_4_4_0_clk_regs (net)
                      0.019869    0.003645    0.679985 ^ clkbuf_5_9_0_clk_regs/A (BUFx24_ASAP7_75t_R)
     2    9.154216    0.017254    0.034927    0.714912 ^ clkbuf_5_9_0_clk_regs/Y (BUFx24_ASAP7_75t_R)
                                                         clknet_5_9_0_clk_regs (net)
                      0.021966    0.004619    0.719531 ^ clkbuf_6_18_0_clk_regs/A (BUFx24_ASAP7_75t_R)
     2    9.397659    0.017395    0.035764    0.755295 ^ clkbuf_6_18_0_clk_regs/Y (BUFx24_ASAP7_75t_R)
                                                         clknet_6_18_0_clk_regs (net)
                      0.022544    0.004850    0.760145 ^ clkbuf_7_36_0_clk_regs/A (BUFx24_ASAP7_75t_R)
     2    5.824543    0.015422    0.035282    0.795427 ^ clkbuf_7_36_0_clk_regs/Y (BUFx24_ASAP7_75t_R)
                                                         clknet_7_36_0_clk_regs (net)
                      0.015612    0.001168    0.796595 ^ clkbuf_8_72__f_clk_regs/A (BUFx24_ASAP7_75t_R)
     1   27.661234    0.023054    0.036302    0.832897 ^ clkbuf_8_72__f_clk_regs/Y (BUFx24_ASAP7_75t_R)
                                                         clknet_8_72__leaf_clk_regs (net)
                      0.133944    0.041557    0.874454 ^ wire95706/A (BUFx24_ASAP7_75t_R)
     2   27.812954    0.027902    0.070166    0.944621 ^ wire95706/Y (BUFx24_ASAP7_75t_R)
                                                         net95705 (net)
                      0.134839    0.041430    0.986051 ^ clkbuf_leaf_480_clk_regs/A (BUFx24_ASAP7_75t_R)
    22   16.706333    0.028071    0.070818    1.056868 ^ clkbuf_leaf_480_clk_regs/Y (BUFx24_ASAP7_75t_R)
                                                         clknet_leaf_480_clk_regs (net)
                      0.028524    0.001768    1.058637 ^ u_return.u_n.bt[38][9]$_DFFE_PP_/CLK (DFFHQNx1_ASAP7_75t_R)
     1    1.739130    0.043298    0.087435    1.146071 ^ u_return.u_n.bt[38][9]$_DFFE_PP_/QN (DFFHQNx1_ASAP7_75t_R)
                                                         _006573_ (net)
                      0.043305    0.000246    1.146317 ^ _221535_/A (INVx1_ASAP7_75t_R)
     2    1.798951    0.028752    0.026337    1.172654 v _221535_/Y (INVx1_ASAP7_75t_R)
                                                         _077958_ (net)
                      0.028756    0.000198    1.172852 v _221537_/A1 (OA211x2_ASAP7_75t_R)
     1    1.183205    0.022651    0.053157    1.226008 v _221537_/Y (OA211x2_ASAP7_75t_R)
                                                         _077960_ (net)
                      0.022654    0.000118    1.226126 v _221546_/A2 (OA33x2_ASAP7_75t_R)
     1    1.357412    0.025840    0.064965    1.291091 v _221546_/Y (OA33x2_ASAP7_75t_R)
                                                         _077969_ (net)
                      0.025843    0.000152    1.291243 v _221554_/B (AND4x2_ASAP7_75t_R)
     1    7.507573    0.047090    0.047877    1.339120 v _221554_/Y (AND4x2_ASAP7_75t_R)
                                                         _077977_ (net)
                      0.048534    0.004497    1.343617 v _221585_/B (OR3x1_ASAP7_75t_R)
     2    1.648745    0.028700    0.058432    1.402049 v _221585_/Y (OR3x1_ASAP7_75t_R)
                                                         _078008_ (net)
                      0.028702    0.000086    1.402136 v _221586_/B1 (AOI22x1_ASAP7_75t_R)
     1    4.423269    0.080878    0.047561    1.449697 ^ _221586_/Y (AOI22x1_ASAP7_75t_R)
                                                         _078009_ (net)
                      0.080951    0.001538    1.451234 ^ place71635/A (BUFx6f_ASAP7_75t_R)
     2    6.138551    0.023927    0.045751    1.496985 ^ place71635/Y (BUFx6f_ASAP7_75t_R)
                                                         net71634 (net)
                      0.025166    0.002835    1.499820 ^ _221690_/B (XNOR2x2_ASAP7_75t_R)
     2    1.859904    0.021103    0.058933    1.558753 v _221690_/Y (XNOR2x2_ASAP7_75t_R)
                                                         _078113_ (net)
                      0.021109    0.000167    1.558921 v _233862_/A (OR5x1_ASAP7_75t_R)
     3    2.942275    0.050199    0.079651    1.638572 v _233862_/Y (OR5x1_ASAP7_75t_R)
                                                         _089233_ (net)
                      0.050202    0.000157    1.638728 v _233893_/A1 (AO32x1_ASAP7_75t_R)
     3    3.334357    0.044921    0.066855    1.705584 v _233893_/Y (AO32x1_ASAP7_75t_R)
                                                         _089261_ (net)
                      0.044921    0.000191    1.705775 v _233973_/A2 (AO221x1_ASAP7_75t_R)
     2    2.186508    0.034441    0.062910    1.768685 v _233973_/Y (AO221x1_ASAP7_75t_R)
                                                         _089341_ (net)
                      0.034449    0.000245    1.768931 v place62293/A (BUFx3_ASAP7_75t_R)
     1    0.903177    0.011214    0.033847    1.802777 v place62293/Y (BUFx3_ASAP7_75t_R)
                                                         net62292 (net)
                      0.011214    0.000034    1.802812 v _234029_/B (AOI211x1_ASAP7_75t_R)
     2    2.313738    0.062812    0.035945    1.838757 ^ _234029_/Y (AOI211x1_ASAP7_75t_R)
                                                         _089397_ (net)
                      0.062817    0.000323    1.839080 ^ place60803/A (BUFx3_ASAP7_75t_R)
     1    1.173785    0.014339    0.038650    1.877729 ^ place60803/Y (BUFx3_ASAP7_75t_R)
                                                         net60802 (net)
                      0.014343    0.000112    1.877841 ^ _234053_/C (AND4x1_ASAP7_75t_R)
     1    1.502491    0.035959    0.051725    1.929566 ^ _234053_/Y (AND4x1_ASAP7_75t_R)
                                                         _089421_ (net)
                      0.035965    0.000187    1.929753 ^ _234059_/A1 (AO222x2_ASAP7_75t_R)
     2    1.831003    0.024498    0.049914    1.979667 ^ _234059_/Y (AO222x2_ASAP7_75t_R)
                                                         _089427_ (net)
                      0.024502    0.000133    1.979800 ^ _234060_/A (XNOR2x2_ASAP7_75t_R)
     5    3.370116    0.029880    0.064409    2.044209 v _234060_/Y (XNOR2x2_ASAP7_75t_R)
                                                         _089428_ (net)
                      0.029882    0.000085    2.044294 v _234065_/A (OR4x1_ASAP7_75t_R)
     2    1.477088    0.030389    0.061298    2.105592 v _234065_/Y (OR4x1_ASAP7_75t_R)
                                                         _089433_ (net)
                      0.030392    0.000109    2.105701 v _234075_/A3 (AO32x1_ASAP7_75t_R)
     1    1.524843    0.026573    0.056846    2.162548 v _234075_/Y (AO32x1_ASAP7_75t_R)
                                                         _089443_ (net)
                      0.026578    0.000161    2.162709 v _234076_/C (OA221x2_ASAP7_75t_R)
     2    2.350292    0.026551    0.048419    2.211128 v _234076_/Y (OA221x2_ASAP7_75t_R)
                                                         _089444_ (net)
                      0.026559    0.000209    2.211337 v _234081_/B1 (AOI221x1_ASAP7_75t_R)
     1    1.443691    0.050821    0.031548    2.242886 ^ _234081_/Y (AOI221x1_ASAP7_75t_R)
                                                         _089449_ (net)
                      0.050822    0.000101    2.242986 ^ place54741/A (BUFx6f_ASAP7_75t_R)
     5    4.897694    0.019465    0.037602    2.280589 ^ place54741/Y (BUFx6f_ASAP7_75t_R)
                                                         net54740 (net)
                      0.019516    0.000543    2.281131 ^ _234135_/A1 (OA211x2_ASAP7_75t_R)
     2    2.194587    0.027881    0.045395    2.326526 ^ _234135_/Y (OA211x2_ASAP7_75t_R)
                                                         _089503_ (net)
                      0.027886    0.000150    2.326676 ^ _234142_/C (AOI211x1_ASAP7_75t_R)
     4    2.756845    0.069691    0.028981    2.355657 v _234142_/Y (AOI211x1_ASAP7_75t_R)
                                                         _089510_ (net)
                      0.069694    0.000243    2.355900 v place54663/A (BUFx3_ASAP7_75t_R)
     5    4.513420    0.025249    0.051561    2.407461 v place54663/Y (BUFx3_ASAP7_75t_R)
                                                         net54662 (net)
                      0.025302    0.000628    2.408089 v _234163_/A (AND2x4_ASAP7_75t_R)
     2    1.228863    0.011001    0.033092    2.441180 v _234163_/Y (AND2x4_ASAP7_75t_R)
                                                         _089531_ (net)
                      0.011002    0.000045    2.441226 v _234181_/A2 (AO221x1_ASAP7_75t_R)
     4    3.107372    0.044374    0.061809    2.503035 v _234181_/Y (AO221x1_ASAP7_75t_R)
                                                         _089549_ (net)
                      0.044378    0.000179    2.503214 v place54602/A (BUFx3_ASAP7_75t_R)
     1    1.443321    0.013323    0.038175    2.541389 v place54602/Y (BUFx3_ASAP7_75t_R)
                                                         net54601 (net)
                      0.013328    0.000143    2.541532 v _234238_/B (AOI211x1_ASAP7_75t_R)
     3    2.725711    0.071578    0.040396    2.581928 ^ _234238_/Y (AOI211x1_ASAP7_75t_R)
                                                         _089606_ (net)
                      0.071580    0.000224    2.582152 ^ _234255_/B (AO211x2_ASAP7_75t_R)
     1    0.682069    0.016031    0.052074    2.634226 ^ _234255_/Y (AO211x2_ASAP7_75t_R)
                                                         _089623_ (net)
                      0.016031    0.000032    2.634259 ^ _234260_/B (AND4x2_ASAP7_75t_R)
     2    2.998632    0.037690    0.060366    2.694624 ^ _234260_/Y (AND4x2_ASAP7_75t_R)
                                                         _089628_ (net)
                      0.037723    0.000577    2.695201 ^ _234280_/A (XNOR2x2_ASAP7_75t_R)
     4    3.373903    0.030749    0.068438    2.763639 v _234280_/Y (XNOR2x2_ASAP7_75t_R)
                                                         _089648_ (net)
                      0.030754    0.000173    2.763812 v _234281_/A (NAND2x1_ASAP7_75t_R)
     1    1.234946    0.031019    0.027610    2.791422 ^ _234281_/Y (NAND2x1_ASAP7_75t_R)
                                                         _089649_ (net)
                      0.031021    0.000124    2.791546 ^ _234284_/B (AND4x1_ASAP7_75t_R)
     1    1.521598    0.034068    0.054282    2.845828 ^ _234284_/Y (AND4x1_ASAP7_75t_R)
                                                         _089652_ (net)
                      0.034073    0.000165    2.845993 ^ _234296_/A1 (OA221x2_ASAP7_75t_R)
     3    3.372478    0.033472    0.045577    2.891570 ^ _234296_/Y (OA221x2_ASAP7_75t_R)
                                                         _089664_ (net)
                      0.033503    0.000546    2.892115 ^ _234303_/B1 (OA222x2_ASAP7_75t_R)
     3    2.228898    0.030245    0.059059    2.951174 ^ _234303_/Y (OA222x2_ASAP7_75t_R)
                                                         _089671_ (net)
                      0.030246    0.000040    2.951215 ^ _234324_/B (AND4x2_ASAP7_75t_R)
     4    3.106236    0.038400    0.064264    3.015479 ^ _234324_/Y (AND4x2_ASAP7_75t_R)
                                                         _089692_ (net)
                      0.038405    0.000198    3.015677 ^ _234345_/B (XNOR2x2_ASAP7_75t_R)
     5    4.822007    0.037433    0.072263    3.087940 v _234345_/Y (XNOR2x2_ASAP7_75t_R)
                                                         _089713_ (net)
                      0.037491    0.000799    3.088739 v _234359_/A (MAJx2_ASAP7_75t_R)
     1    0.573655    0.016554    0.045453    3.134192 v _234359_/Y (MAJx2_ASAP7_75t_R)
                                                         _089727_ (net)
                      0.016554    0.000028    3.134220 v _234360_/B2 (AO32x1_ASAP7_75t_R)
     1    1.670771    0.028157    0.052785    3.187005 v _234360_/Y (AO32x1_ASAP7_75t_R)
                                                         _089728_ (net)
                      0.028165    0.000230    3.187235 v _234361_/B (AO21x1_ASAP7_75t_R)
     1    1.476598    0.022778    0.041605    3.228840 v _234361_/Y (AO21x1_ASAP7_75t_R)
                                                         _089729_ (net)
                      0.022782    0.000144    3.228984 v _234364_/C (MAJx2_ASAP7_75t_R)
     1    1.418937    0.019984    0.046205    3.275189 v _234364_/Y (MAJx2_ASAP7_75t_R)
                                                         _089732_ (net)
                      0.019990    0.000136    3.275325 v _234372_/A2 (OA31x2_ASAP7_75t_R)
     3    2.756114    0.027318    0.044782    3.320107 v _234372_/Y (OA31x2_ASAP7_75t_R)
                                                         _089740_ (net)
                      0.027328    0.000253    3.320360 v _234387_/A (OR3x1_ASAP7_75t_R)
     1    1.027635    0.021819    0.047593    3.367953 v _234387_/Y (OR3x1_ASAP7_75t_R)
                                                         _089754_ (net)
                      0.021820    0.000052    3.368005 v _234388_/A (XOR2x2_ASAP7_75t_R)
     1    0.655469    0.014449    0.049800    3.417805 ^ _234388_/Y (XOR2x2_ASAP7_75t_R)
                                                         _089755_ (net)
                      0.014449    0.000031    3.417836 ^ _234390_/B1 (AO221x1_ASAP7_75t_R)
     1    0.906397    0.026766    0.037814    3.455649 ^ _234390_/Y (AO221x1_ASAP7_75t_R)
                                                         u_return.u_n.nt[6] (net)
                      0.026767    0.000063    3.455712 ^ u_return.u_n.by_t[6]$_DFF_P_/D (DFFHQNx2_ASAP7_75t_R)
                                              3.455712   data arrival time

                                  0.833333    0.833333   clock core_clk (rise edge)
                                  0.000000    0.833333   clock source latency
     1   19.089792    0.000000    0.000000    0.833333 ^ clk (in)
                                                         clk (net)
                      0.059145    0.018658    0.851992 ^ wire95643/A (BUFx12f_ASAP7_75t_R)
     1   17.601376    0.027101    0.041132    0.893124 ^ wire95643/Y (BUFx12f_ASAP7_75t_R)
                                                         net95642 (net)
                      0.064540    0.018291    0.911415 ^ wire95642/A (BUFx24_ASAP7_75t_R)
     2   34.771271    0.022781    0.051976    0.963391 ^ wire95642/Y (BUFx24_ASAP7_75t_R)
                                                         net95641 (net)
                      0.183723    0.057686    1.021077 ^ clkbuf_regs_0_core_clk/A (BUFx24_ASAP7_75t_R)
     1    1.793279    0.020658    0.074691    1.095768 ^ clkbuf_regs_0_core_clk/Y (BUFx24_ASAP7_75t_R)
                                                         clk_regs (net)
                      0.020658    0.000094    1.095862 ^ clkbuf_0_clk_regs/A (BUFx24_ASAP7_75t_R)
     2   10.372863    0.018192    0.035563    1.131425 ^ clkbuf_0_clk_regs/Y (BUFx24_ASAP7_75t_R)
                                                         clknet_0_clk_regs (net)
                      0.022698    0.004460    1.135885 ^ clkbuf_1_1_0_clk_regs/A (BUFx24_ASAP7_75t_R)
     1    8.107967    0.016678    0.035816    1.171702 ^ clkbuf_1_1_0_clk_regs/Y (BUFx24_ASAP7_75t_R)
                                                         clknet_1_1_0_clk_regs (net)
                      0.020896    0.004515    1.176217 ^ clkbuf_1_1_1_clk_regs/A (BUFx24_ASAP7_75t_R)
     1    8.107967    0.016657    0.035126    1.211343 ^ clkbuf_1_1_1_clk_regs/Y (BUFx24_ASAP7_75t_R)
                                                         clknet_1_1_1_clk_regs (net)
                      0.020882    0.004515    1.215858 ^ clkbuf_1_1_2_clk_regs/A (BUFx24_ASAP7_75t_R)
     1    8.107967    0.016656    0.035121    1.250978 ^ clkbuf_1_1_2_clk_regs/Y (BUFx24_ASAP7_75t_R)
                                                         clknet_1_1_2_clk_regs (net)
                      0.020882    0.004515    1.255493 ^ clkbuf_1_1_3_clk_regs/A (BUFx24_ASAP7_75t_R)
     1    8.084408    0.016645    0.035116    1.290609 ^ clkbuf_1_1_3_clk_regs/Y (BUFx24_ASAP7_75t_R)
                                                         clknet_1_1_3_clk_regs (net)
                      0.020826    0.004490    1.295099 ^ clkbuf_1_1_4_clk_regs/A (BUFx24_ASAP7_75t_R)
     2    7.742105    0.016521    0.035009    1.330108 ^ clkbuf_1_1_4_clk_regs/Y (BUFx24_ASAP7_75t_R)
                                                         clknet_1_1_4_clk_regs (net)
                      0.019408    0.003634    1.333742 ^ clkbuf_2_2_0_clk_regs/A (BUFx24_ASAP7_75t_R)
     2    8.511701    0.016877    0.034644    1.368386 ^ clkbuf_2_2_0_clk_regs/Y (BUFx24_ASAP7_75t_R)
                                                         clknet_2_2_0_clk_regs (net)
                      0.021155    0.004443    1.372829 ^ clkbuf_3_4_0_clk_regs/A (BUFx24_ASAP7_75t_R)
     1    8.162938    0.016686    0.035237    1.408066 ^ clkbuf_3_4_0_clk_regs/Y (BUFx24_ASAP7_75t_R)
                                                         clknet_3_4_0_clk_regs (net)
                      0.021015    0.004571    1.412637 ^ clkbuf_3_4_1_clk_regs/A (BUFx24_ASAP7_75t_R)
     1    8.436921    0.016814    0.035240    1.447877 ^ clkbuf_3_4_1_clk_regs/Y (BUFx24_ASAP7_75t_R)
                                                         clknet_3_4_1_clk_regs (net)
                      0.021682    0.004857    1.452734 ^ clkbuf_3_4_2_clk_regs/A (BUFx24_ASAP7_75t_R)
     2    9.335831    0.017581    0.035795    1.488528 ^ clkbuf_3_4_2_clk_regs/Y (BUFx24_ASAP7_75t_R)
                                                         clknet_3_4_2_clk_regs (net)
                      0.020702    0.003637    1.492165 ^ clkbuf_4_8_0_clk_regs/A (BUFx24_ASAP7_75t_R)
     2   11.440870    0.019165    0.035700    1.527865 ^ clkbuf_4_8_0_clk_regs/Y (BUFx24_ASAP7_75t_R)
                                                         clknet_4_8_0_clk_regs (net)
                      0.025320    0.005521    1.533386 ^ clkbuf_5_16_0_clk_regs/A (BUFx24_ASAP7_75t_R)
     2    8.691883    0.017061    0.036915    1.570301 ^ clkbuf_5_16_0_clk_regs/Y (BUFx24_ASAP7_75t_R)
                                                         clknet_5_16_0_clk_regs (net)
                      0.021229    0.004353    1.574654 ^ clkbuf_6_32_0_clk_regs/A (BUFx24_ASAP7_75t_R)
     2   11.275958    0.019353    0.036101    1.610755 ^ clkbuf_6_32_0_clk_regs/Y (BUFx24_ASAP7_75t_R)
                                                         clknet_6_32_0_clk_regs (net)
                      0.022856    0.004136    1.614891 ^ clkbuf_7_65_0_clk_regs/A (BUFx24_ASAP7_75t_R)
     2    5.000535    0.014857    0.035154    1.650045 ^ clkbuf_7_65_0_clk_regs/Y (BUFx24_ASAP7_75t_R)
                                                         clknet_7_65_0_clk_regs (net)
                      0.014898    0.000748    1.650792 ^ clkbuf_8_131__f_clk_regs/A (BUFx24_ASAP7_75t_R)
     2    5.503127    0.015164    0.032525    1.683317 ^ clkbuf_8_131__f_clk_regs/Y (BUFx24_ASAP7_75t_R)
                                                         clknet_8_131__leaf_clk_regs (net)
                      0.015281    0.000985    1.684302 ^ clkbuf_leaf_444_clk_regs/A (BUFx24_ASAP7_75t_R)
    16   11.706349    0.019465    0.034811    1.719113 ^ clkbuf_leaf_444_clk_regs/Y (BUFx24_ASAP7_75t_R)
                                                         clknet_leaf_444_clk_regs (net)
                      0.019542    0.000583    1.719696 ^ u_return.u_n.by_t[6]$_DFF_P_/CLK (DFFHQNx2_ASAP7_75t_R)
                                 -0.060000    1.659696   clock uncertainty
                                  0.008971    1.668668   clock reconvergence pessimism
                                 -0.016867    1.651801   library setup time
                                              1.651801   data required time
---------------------------------------------------------------------------------------------
                                              1.651801   data required time
                                             -3.455712   data arrival time
---------------------------------------------------------------------------------------------
                                             -1.803911   slack (VIOLATED)


