Startpoint: u_stage.u_ao.g_checked.u_qualify.u_latch
            (negative level-sensitive latch clocked by core_clk)
Endpoint: u_return.u_n.bt[14][5]$_DFFE_PP_
          (rising edge-triggered flip-flop clocked by core_clk)
Path Group: core_clk
Path Type: max

Fanout         Cap        Slew       Delay        Time   Description
---------------------------------------------------------------------------------------------
                                  0.416667    0.416667   clock core_clk (fall edge)
                                  0.000000    0.416667   clock source latency
     1   19.065752    0.000000    0.000000    0.416667 v clk (in)
                                                         clk (net)
                      0.059007    0.018615    0.435281 v wire95643/A (BUFx12f_ASAP7_75t_R)
     1   17.584915    0.022356    0.043883    0.479165 v wire95643/Y (BUFx12f_ASAP7_75t_R)
                                                         net95642 (net)
                      0.061846    0.017961    0.497125 v wire95642/A (BUFx24_ASAP7_75t_R)
     2   34.738354    0.022113    0.057339    0.554465 v wire95642/Y (BUFx24_ASAP7_75t_R)
                                                         net95641 (net)
                      0.181772    0.057125    0.611590 v clkbuf_regs_0_core_clk/A (BUFx24_ASAP7_75t_R)
     1    1.776819    0.022964    0.082549    0.694139 v clkbuf_regs_0_core_clk/Y (BUFx24_ASAP7_75t_R)
                                                         clk_regs (net)
                      0.022964    0.000093    0.694232 v clkbuf_0_clk_regs/A (BUFx24_ASAP7_75t_R)
     2   10.339943    0.018788    0.042413    0.736645 v clkbuf_0_clk_regs/Y (BUFx24_ASAP7_75t_R)
                                                         clknet_0_clk_regs (net)
                      0.022707    0.004351    0.740996 v clkbuf_1_0_0_clk_regs/A (BUFx24_ASAP7_75t_R)
     1    8.420461    0.017743    0.041900    0.782896 v clkbuf_1_0_0_clk_regs/Y (BUFx24_ASAP7_75t_R)
                                                         clknet_1_0_0_clk_regs (net)
                      0.022098    0.004882    0.787779 v clkbuf_1_0_1_clk_regs/A (BUFx24_ASAP7_75t_R)
     1    8.420461    0.017739    0.041668    0.829446 v clkbuf_1_0_1_clk_regs/Y (BUFx24_ASAP7_75t_R)
                                                         clknet_1_0_1_clk_regs (net)
                      0.022095    0.004882    0.834328 v clkbuf_1_0_2_clk_regs/A (BUFx24_ASAP7_75t_R)
     1    3.473068    0.015272    0.040491    0.874819 v clkbuf_1_0_2_clk_regs/Y (BUFx24_ASAP7_75t_R)
                                                         clknet_1_0_2_clk_regs (net)
                      0.015308    0.000771    0.875590 v clkbuf_1_0_3_clk_regs/A (BUFx24_ASAP7_75t_R)
     1    1.784672    0.014293    0.037539    0.913129 v clkbuf_1_0_3_clk_regs/Y (BUFx24_ASAP7_75t_R)
                                                         clknet_1_0_3_clk_regs (net)
                      0.014293    0.000095    0.913224 v clkbuf_1_0_4_clk_regs/A (BUFx24_ASAP7_75t_R)
     2   10.268829    0.018788    0.039653    0.952877 v clkbuf_1_0_4_clk_regs/Y (BUFx24_ASAP7_75t_R)
                                                         clknet_1_0_4_clk_regs (net)
                      0.019507    0.001824    0.954702 v clkbuf_2_1_0_clk_regs/A (BUFx24_ASAP7_75t_R)
     2    4.709338    0.015950    0.039877    0.994579 v clkbuf_2_1_0_clk_regs/Y (BUFx24_ASAP7_75t_R)
                                                         clknet_2_1_0_clk_regs (net)
                      0.016010    0.000961    0.995540 v clkbuf_3_3_0_clk_regs/A (BUFx24_ASAP7_75t_R)
     1    8.130772    0.017615    0.039409    1.034949 v clkbuf_3_3_0_clk_regs/Y (BUFx24_ASAP7_75t_R)
                                                         clknet_3_3_0_clk_regs (net)
                      0.021429    0.004575    1.039524 v clkbuf_3_3_1_clk_regs/A (BUFx24_ASAP7_75t_R)
     1    3.128408    0.015066    0.040137    1.079661 v clkbuf_3_3_1_clk_regs/Y (BUFx24_ASAP7_75t_R)
                                                         clknet_3_3_1_clk_regs (net)
                      0.015085    0.000599    1.080260 v clkbuf_3_3_2_clk_regs/A (BUFx24_ASAP7_75t_R)
     2    5.078429    0.016165    0.038420    1.118680 v clkbuf_3_3_2_clk_regs/Y (BUFx24_ASAP7_75t_R)
                                                         clknet_3_3_2_clk_regs (net)
                      0.016268    0.001222    1.119901 v clkbuf_4_7_0_clk_regs/A (BUFx24_ASAP7_75t_R)
     2    7.552126    0.017422    0.039379    1.159281 v clkbuf_4_7_0_clk_regs/Y (BUFx24_ASAP7_75t_R)
                                                         clknet_4_7_0_clk_regs (net)
                      0.019630    0.003465    1.162746 v clkbuf_5_15_0_clk_regs/A (BUFx24_ASAP7_75t_R)
     2    8.133247    0.017656    0.040666    1.203412 v clkbuf_5_15_0_clk_regs/Y (BUFx24_ASAP7_75t_R)
                                                         clknet_5_15_0_clk_regs (net)
                      0.020800    0.004085    1.207497 v clkbuf_6_30_0_clk_regs/A (BUFx24_ASAP7_75t_R)
     2   10.999158    0.019196    0.042003    1.249499 v clkbuf_6_30_0_clk_regs/Y (BUFx24_ASAP7_75t_R)
                                                         clknet_6_30_0_clk_regs (net)
                      0.020563    0.002424    1.251923 v clkbuf_7_60_0_clk_regs/A (BUFx24_ASAP7_75t_R)
     2    5.462354    0.016366    0.040485    1.292408 v clkbuf_7_60_0_clk_regs/Y (BUFx24_ASAP7_75t_R)
                                                         clknet_7_60_0_clk_regs (net)
                      0.016452    0.001067    1.293475 v clkbuf_8_120__f_clk_regs/A (BUFx24_ASAP7_75t_R)
     1   20.773235    0.020918    0.041351    1.334826 v clkbuf_8_120__f_clk_regs/Y (BUFx24_ASAP7_75t_R)
                                                         clknet_8_120__leaf_clk_regs (net)
                      0.078722    0.023886    1.358712 v clkbuf_leaf_96_clk_regs/A (BUFx24_ASAP7_75t_R)
     5    3.297511    0.017278    0.060378    1.419090 v clkbuf_leaf_96_clk_regs/Y (BUFx24_ASAP7_75t_R)
                                                         clknet_leaf_96_clk_regs (net)
                      0.017278    0.000161    1.419251 v u_stage.u_ao.g_checked.u_qualify.u_latch/CLK (DLLx1_ASAP7_75t_R)
                                  0.244695    1.663946   time given to startpoint
                      0.041364    0.000000    1.663946 v u_stage.u_ao.g_checked.u_qualify.u_latch/D (DLLx1_ASAP7_75t_R)
     1    0.816186    0.018685    0.047432    1.711378 v u_stage.u_ao.g_checked.u_qualify.u_latch/Q (DLLx1_ASAP7_75t_R)
                                                         u_stage.u_ao.g_checked.settled_alarm (net)
                      0.018686    0.000045    1.711423 v _222004_/A (INVx1_ASAP7_75t_R)
     1    1.000972    0.020032    0.016611    1.728034 ^ _222004_/Y (INVx1_ASAP7_75t_R)
                                                         _078425_ (net)
                      0.020033    0.000037    1.728070 ^ _222005_/A (AND3x4_ASAP7_75t_R)
     3   27.403214    0.119241    0.068426    1.796497 ^ _222005_/Y (AND3x4_ASAP7_75t_R)
                                                         _078426_ (net)
                      0.182168    0.046388    1.842885 ^ place86215/A (BUFx12f_ASAP7_75t_R)
     2   23.104223    0.032383    0.063152    1.906036 ^ place86215/Y (BUFx12f_ASAP7_75t_R)
                                                         net86214 (net)
                      0.109778    0.032667    1.938704 ^ rebuffer95742/A (BUFx3_ASAP7_75t_R)
     1    1.496246    0.017748    0.048702    1.987406 ^ rebuffer95742/Y (BUFx3_ASAP7_75t_R)
                                                         net95741 (net)
                      0.017750    0.000114    1.987519 ^ place86214/A (BUFx6f_ASAP7_75t_R)
     7   25.064875    0.069399    0.038977    2.026497 ^ place86214/Y (BUFx6f_ASAP7_75t_R)
                                                         net86213 (net)
                      0.129659    0.035957    2.062454 ^ _222012_/A (NAND2x2_ASAP7_75t_R)
     4    4.110164    0.047184    0.037818    2.100272 v _222012_/Y (NAND2x2_ASAP7_75t_R)
                                                         _078432_ (net)
                      0.047193    0.000375    2.100647 v _370156_/B (NOR2x1_ASAP7_75t_R)
     2    1.678680    0.042134    0.029847    2.130494 ^ _370156_/Y (NOR2x1_ASAP7_75t_R)
                                                         _187522_ (net)
                      0.042134    0.000086    2.130579 ^ _370195_/C (AND5x1_ASAP7_75t_R)
     1    0.812158    0.026572    0.064727    2.195307 ^ _370195_/Y (AND5x1_ASAP7_75t_R)
                                                         _187557_ (net)
                      0.026572    0.000048    2.195355 ^ _370196_/B (AO21x1_ASAP7_75t_R)
     2    1.152418    0.023246    0.029822    2.225177 ^ _370196_/Y (AO21x1_ASAP7_75t_R)
                                                         _187558_ (net)
                      0.023247    0.000038    2.225215 ^ _370197_/B (AO21x1_ASAP7_75t_R)
     1    0.527107    0.015191    0.024597    2.249812 ^ _370197_/Y (AO21x1_ASAP7_75t_R)
                                                         _187559_ (net)
                      0.015191    0.000022    2.249833 ^ _370200_/A2 (AO221x1_ASAP7_75t_R)
     1    0.700504    0.022842    0.039908    2.289741 ^ _370200_/Y (AO221x1_ASAP7_75t_R)
                                                         _187562_ (net)
                      0.022843    0.000034    2.289775 ^ _370201_/C (AND3x1_ASAP7_75t_R)
     1    0.816343    0.021207    0.038767    2.328542 ^ _370201_/Y (AND3x1_ASAP7_75t_R)
                                                         _187563_ (net)
                      0.021208    0.000045    2.328587 ^ _370202_/A (INVx1_ASAP7_75t_R)
     1    1.256123    0.017813    0.016583    2.345170 v _370202_/Y (INVx1_ASAP7_75t_R)
                                                         _187564_ (net)
                      0.017813    0.000058    2.345228 v place58111/A (BUFx6f_ASAP7_75t_R)
     2    8.426153    0.023460    0.032505    2.377733 v place58111/Y (BUFx6f_ASAP7_75t_R)
                                                         net58110 (net)
                      0.027987    0.005288    2.383021 v _370203_/C (OA211x2_ASAP7_75t_R)
     2    2.399435    0.029425    0.067281    2.450302 v _370203_/Y (OA211x2_ASAP7_75t_R)
                                                         _187565_ (net)
                      0.029441    0.000332    2.450634 v _370204_/A (INVx1_ASAP7_75t_R)
     3    2.121163    0.037789    0.027779    2.478413 ^ _370204_/Y (INVx1_ASAP7_75t_R)
                                                         _187566_ (net)
                      0.037789    0.000064    2.478476 ^ _370221_/B (NOR2x1_ASAP7_75t_R)
     1    0.582764    0.027514    0.019062    2.497539 v _370221_/Y (NOR2x1_ASAP7_75t_R)
                                                         _187581_ (net)
                      0.027514    0.000019    2.497557 v _370222_/A2 (OA21x2_ASAP7_75t_R)
     1    1.133770    0.016025    0.041444    2.539001 v _370222_/Y (OA21x2_ASAP7_75t_R)
                                                         _187582_ (net)
                      0.016026    0.000033    2.539034 v place54869/A (BUFx6f_ASAP7_75t_R)
     5   26.522760    0.058413    0.035030    2.574064 v place54869/Y (BUFx6f_ASAP7_75t_R)
                                                         net54868 (net)
                      0.107543    0.029385    2.603449 v place54865/A (BUFx2_ASAP7_75t_R)
     7    6.073204    0.040939    0.070167    2.673616 v place54865/Y (BUFx2_ASAP7_75t_R)
                                                         net54864 (net)
                      0.040953    0.000365    2.673980 v _371247_/A2 (AO21x1_ASAP7_75t_R)
     1    0.576186    0.016488    0.037730    2.711711 v _371247_/Y (AO21x1_ASAP7_75t_R)
                                                         _059755_ (net)
                      0.016488    0.000020    2.711730 v u_return.u_n.bt[14][5]$_DFFE_PP_/D (DFFHQNx1_ASAP7_75t_R)
                                              2.711730   data arrival time

                                  0.833333    0.833333   clock core_clk (rise edge)
                                  0.000000    0.833333   clock source latency
     1   19.089792    0.000000    0.000000    0.833333 ^ clk (in)
                                                         clk (net)
                      0.059145    0.018658    0.851992 ^ wire95643/A (BUFx12f_ASAP7_75t_R)
     1   17.601376    0.027101    0.041132    0.893124 ^ wire95643/Y (BUFx12f_ASAP7_75t_R)
                                                         net95642 (net)
                      0.064540    0.018291    0.911415 ^ wire95642/A (BUFx24_ASAP7_75t_R)
     2   34.771271    0.022781    0.051976    0.963391 ^ wire95642/Y (BUFx24_ASAP7_75t_R)
                                                         net95641 (net)
                      0.183723    0.057686    1.021077 ^ clkbuf_regs_0_core_clk/A (BUFx24_ASAP7_75t_R)
     1    1.793279    0.020658    0.074691    1.095768 ^ clkbuf_regs_0_core_clk/Y (BUFx24_ASAP7_75t_R)
                                                         clk_regs (net)
                      0.020658    0.000094    1.095862 ^ clkbuf_0_clk_regs/A (BUFx24_ASAP7_75t_R)
     2   10.372863    0.018192    0.035563    1.131425 ^ clkbuf_0_clk_regs/Y (BUFx24_ASAP7_75t_R)
                                                         clknet_0_clk_regs (net)
                      0.022698    0.004460    1.135885 ^ clkbuf_1_1_0_clk_regs/A (BUFx24_ASAP7_75t_R)
     1    8.107967    0.016678    0.035816    1.171702 ^ clkbuf_1_1_0_clk_regs/Y (BUFx24_ASAP7_75t_R)
                                                         clknet_1_1_0_clk_regs (net)
                      0.020896    0.004515    1.176217 ^ clkbuf_1_1_1_clk_regs/A (BUFx24_ASAP7_75t_R)
     1    8.107967    0.016657    0.035126    1.211343 ^ clkbuf_1_1_1_clk_regs/Y (BUFx24_ASAP7_75t_R)
                                                         clknet_1_1_1_clk_regs (net)
                      0.020882    0.004515    1.215858 ^ clkbuf_1_1_2_clk_regs/A (BUFx24_ASAP7_75t_R)
     1    8.107967    0.016656    0.035121    1.250978 ^ clkbuf_1_1_2_clk_regs/Y (BUFx24_ASAP7_75t_R)
                                                         clknet_1_1_2_clk_regs (net)
                      0.020882    0.004515    1.255493 ^ clkbuf_1_1_3_clk_regs/A (BUFx24_ASAP7_75t_R)
     1    8.084408    0.016645    0.035116    1.290609 ^ clkbuf_1_1_3_clk_regs/Y (BUFx24_ASAP7_75t_R)
                                                         clknet_1_1_3_clk_regs (net)
                      0.020826    0.004490    1.295099 ^ clkbuf_1_1_4_clk_regs/A (BUFx24_ASAP7_75t_R)
     2    7.742105    0.016521    0.035009    1.330108 ^ clkbuf_1_1_4_clk_regs/Y (BUFx24_ASAP7_75t_R)
                                                         clknet_1_1_4_clk_regs (net)
                      0.019408    0.003634    1.333742 ^ clkbuf_2_2_0_clk_regs/A (BUFx24_ASAP7_75t_R)
     2    8.511701    0.016877    0.034644    1.368386 ^ clkbuf_2_2_0_clk_regs/Y (BUFx24_ASAP7_75t_R)
                                                         clknet_2_2_0_clk_regs (net)
                      0.021168    0.004451    1.372837 ^ clkbuf_3_5_0_clk_regs/A (BUFx24_ASAP7_75t_R)
     1    8.147232    0.016679    0.035239    1.408075 ^ clkbuf_3_5_0_clk_regs/Y (BUFx24_ASAP7_75t_R)
                                                         clknet_3_5_0_clk_regs (net)
                      0.020977    0.004554    1.412630 ^ clkbuf_3_5_1_clk_regs/A (BUFx24_ASAP7_75t_R)
     1    8.147232    0.016677    0.035166    1.447796 ^ clkbuf_3_5_1_clk_regs/Y (BUFx24_ASAP7_75t_R)
                                                         clknet_3_5_1_clk_regs (net)
                      0.020976    0.004554    1.452350 ^ clkbuf_3_5_2_clk_regs/A (BUFx24_ASAP7_75t_R)
     2    8.966739    0.017386    0.035466    1.487816 ^ clkbuf_3_5_2_clk_regs/Y (BUFx24_ASAP7_75t_R)
                                                         clknet_3_5_2_clk_regs (net)
                      0.019222    0.002658    1.490474 ^ clkbuf_4_11_0_clk_regs/A (BUFx24_ASAP7_75t_R)
     2   10.301748    0.018198    0.035359    1.525833 ^ clkbuf_4_11_0_clk_regs/Y (BUFx24_ASAP7_75t_R)
                                                         clknet_4_11_0_clk_regs (net)
                      0.018288    0.000539    1.526372 ^ clkbuf_5_23_0_clk_regs/A (BUFx24_ASAP7_75t_R)
     2    8.251678    0.016759    0.034220    1.560591 ^ clkbuf_5_23_0_clk_regs/Y (BUFx24_ASAP7_75t_R)
                                                         clknet_5_23_0_clk_regs (net)
                      0.020484    0.004129    1.564721 ^ clkbuf_6_46_0_clk_regs/A (BUFx24_ASAP7_75t_R)
     2   10.411691    0.018482    0.035986    1.600707 ^ clkbuf_6_46_0_clk_regs/Y (BUFx24_ASAP7_75t_R)
                                                         clknet_6_46_0_clk_regs (net)
                      0.019053    0.001518    1.602226 ^ clkbuf_7_93_0_clk_regs/A (BUFx24_ASAP7_75t_R)
     2    4.725680    0.014620    0.033671    1.635897 ^ clkbuf_7_93_0_clk_regs/Y (BUFx24_ASAP7_75t_R)
                                                         clknet_7_93_0_clk_regs (net)
                      0.014646    0.000628    1.636525 ^ clkbuf_8_186__f_clk_regs/A (BUFx24_ASAP7_75t_R)
     3    8.537617    0.017197    0.033435    1.669960 ^ clkbuf_8_186__f_clk_regs/Y (BUFx24_ASAP7_75t_R)
                                                         clknet_8_186__leaf_clk_regs (net)
                      0.017406    0.000837    1.670797 ^ clkbuf_leaf_473_clk_regs/A (BUFx24_ASAP7_75t_R)
    19   11.272430    0.019157    0.035372    1.706169 ^ clkbuf_leaf_473_clk_regs/Y (BUFx24_ASAP7_75t_R)
                                                         clknet_leaf_473_clk_regs (net)
                      0.019246    0.000622    1.706791 ^ u_return.u_n.bt[14][5]$_DFFE_PP_/CLK (DFFHQNx1_ASAP7_75t_R)
                                 -0.060000    1.646791   clock uncertainty
                                  0.000000    1.646791   clock reconvergence pessimism
                                 -0.002345    1.644447   library setup time
                                              1.644447   data required time
---------------------------------------------------------------------------------------------
                                              1.644447   data required time
                                             -2.711730   data arrival time
---------------------------------------------------------------------------------------------
                                             -1.067284   slack (VIOLATED)


