Startpoint: u_settings/primary[125]$_DFFE_PN0P_
            (rising edge-triggered flip-flop clocked by core_clk)
Endpoint: u_settings/primary[68]$_DFFE_PN0P_
          (rising edge-triggered flip-flop clocked by core_clk)
Path Group: core_clk
Path Type: max

Fanout         Cap        Slew       Delay        Time   Description
---------------------------------------------------------------------------------------------
                                  0.000000    0.000000   clock core_clk (rise edge)
                                  0.000000    0.000000   clock source latency
     1   19.663120    0.000000    0.000000    0.000000 ^ clk (in)
                                                         clk (net)
                      0.062422    0.019692    0.019692 ^ wire95643/A (BUFx12f_ASAP7_75t_R)
     1   18.189636    0.027765    0.041948    0.061640 ^ wire95643/Y (BUFx12f_ASAP7_75t_R)
                                                         net95642 (net)
                      0.068031    0.019371    0.081012 ^ wire95642/A (BUFx24_ASAP7_75t_R)
     2   35.947792    0.023074    0.053120    0.134132 ^ wire95642/Y (BUFx24_ASAP7_75t_R)
                                                         net95641 (net)
                      0.192434    0.060463    0.194595 ^ clkbuf_regs_0_core_clk/A (BUFx24_ASAP7_75t_R)
     1    2.381539    0.021484    0.076236    0.270831 ^ clkbuf_regs_0_core_clk/Y (BUFx24_ASAP7_75t_R)
                                                         clk_regs (net)
                      0.021484    0.000126    0.270957 ^ clkbuf_0_clk_regs/A (BUFx24_ASAP7_75t_R)
     2   11.549382    0.019434    0.036106    0.307063 ^ clkbuf_0_clk_regs/Y (BUFx24_ASAP7_75t_R)
                                                         clknet_0_clk_regs (net)
                      0.024342    0.004927    0.311990 ^ clkbuf_1_0_0_clk_regs/A (BUFx24_ASAP7_75t_R)
     1    9.025181    0.017128    0.036613    0.348603 ^ clkbuf_1_0_0_clk_regs/Y (BUFx24_ASAP7_75t_R)
                                                         clknet_1_0_0_clk_regs (net)
                      0.023031    0.005363    0.353966 ^ clkbuf_1_0_1_clk_regs/A (BUFx24_ASAP7_75t_R)
     1    9.025181    0.017112    0.036111    0.390077 ^ clkbuf_1_0_1_clk_regs/Y (BUFx24_ASAP7_75t_R)
                                                         clknet_1_0_1_clk_regs (net)
                      0.023021    0.005362    0.395440 ^ clkbuf_1_0_2_clk_regs/A (BUFx24_ASAP7_75t_R)
     1    4.077788    0.014224    0.034904    0.430344 ^ clkbuf_1_0_2_clk_regs/Y (BUFx24_ASAP7_75t_R)
                                                         clknet_1_0_2_clk_regs (net)
                      0.014299    0.000954    0.431298 ^ clkbuf_1_0_3_clk_regs/A (BUFx24_ASAP7_75t_R)
     1    2.389392    0.012973    0.031308    0.462606 ^ clkbuf_1_0_3_clk_regs/Y (BUFx24_ASAP7_75t_R)
                                                         clknet_1_0_3_clk_regs (net)
                      0.012974    0.000129    0.462735 ^ clkbuf_1_0_4_clk_regs/A (BUFx24_ASAP7_75t_R)
     2   11.478269    0.019311    0.033734    0.496469 ^ clkbuf_1_0_4_clk_regs/Y (BUFx24_ASAP7_75t_R)
                                                         clknet_1_0_4_clk_regs (net)
                      0.020555    0.002411    0.498880 ^ clkbuf_2_0_0_clk_regs/A (BUFx24_ASAP7_75t_R)
     2    8.030364    0.016731    0.034993    0.533873 ^ clkbuf_2_0_0_clk_regs/Y (BUFx24_ASAP7_75t_R)
                                                         clknet_2_0_0_clk_regs (net)
                      0.019294    0.003353    0.537226 ^ clkbuf_3_1_0_clk_regs/A (BUFx24_ASAP7_75t_R)
     1    9.064445    0.017093    0.034721    0.571947 ^ clkbuf_3_1_0_clk_regs/Y (BUFx24_ASAP7_75t_R)
                                                         clknet_3_1_0_clk_regs (net)
                      0.023121    0.005404    0.577351 ^ clkbuf_3_1_1_clk_regs/A (BUFx24_ASAP7_75t_R)
     1    7.996438    0.016636    0.035942    0.613293 ^ clkbuf_3_1_1_clk_regs/Y (BUFx24_ASAP7_75t_R)
                                                         clknet_3_1_1_clk_regs (net)
                      0.020460    0.004265    0.617558 ^ clkbuf_3_1_2_clk_regs/A (BUFx24_ASAP7_75t_R)
     1    4.509703    0.014501    0.034052    0.651610 ^ clkbuf_3_1_2_clk_regs/Y (BUFx24_ASAP7_75t_R)
                                                         clknet_3_1_2_clk_regs (net)
                      0.014675    0.001231    0.652841 ^ clkbuf_4_2_0_clk_regs/A (BUFx24_ASAP7_75t_R)
     2   11.478269    0.019148    0.034262    0.687103 ^ clkbuf_4_2_0_clk_regs/Y (BUFx24_ASAP7_75t_R)
                                                         clknet_4_2_0_clk_regs (net)
                      0.019501    0.001164    0.688267 ^ clkbuf_5_5_0_clk_regs/A (BUFx24_ASAP7_75t_R)
     2    5.297955    0.014992    0.034052    0.722319 ^ clkbuf_5_5_0_clk_regs/Y (BUFx24_ASAP7_75t_R)
                                                         clknet_5_5_0_clk_regs (net)
                      0.014995    0.000246    0.722564 ^ clkbuf_6_10_0_clk_regs/A (BUFx24_ASAP7_75t_R)
     2    9.633250    0.017717    0.033521    0.756085 ^ clkbuf_6_10_0_clk_regs/Y (BUFx24_ASAP7_75t_R)
                                                         clknet_6_10_0_clk_regs (net)
                      0.020901    0.003632    0.759717 ^ clkbuf_7_21_0_clk_regs/A (BUFx24_ASAP7_75t_R)
     2    5.840248    0.015403    0.034694    0.794411 ^ clkbuf_7_21_0_clk_regs/Y (BUFx24_ASAP7_75t_R)
                                                         clknet_7_21_0_clk_regs (net)
                      0.015520    0.000952    0.795363 ^ clkbuf_8_42__f_clk_regs/A (BUFx24_ASAP7_75t_R)
     2   18.342230    0.021500    0.034747    0.830110 ^ clkbuf_8_42__f_clk_regs/Y (BUFx24_ASAP7_75t_R)
                                                         clknet_8_42__leaf_clk_regs (net)
                      0.028051    0.005186    0.835296 ^ clkbuf_leaf_84_clk_regs/A (BUFx24_ASAP7_75t_R)
    19   23.021524    0.027999    0.042774    0.878070 ^ clkbuf_leaf_84_clk_regs/Y (BUFx24_ASAP7_75t_R)
                                                         clknet_leaf_84_clk_regs (net)
                      0.028149    0.001040    0.879110 ^ u_settings/primary[125]$_DFFE_PN0P_/CLK (DFFASRHQNx1_ASAP7_75t_R)
     2    1.548798    0.042930    0.092941    0.972051 ^ u_settings/primary[125]$_DFFE_PN0P_/QN (DFFASRHQNx1_ASAP7_75t_R)
                                                         u_settings/_0000_ (net)
                      0.042931    0.000057    0.972108 ^ u_settings/_1158_/A (XNOR2x2_ASAP7_75t_R)
     2    2.509557    0.024754    0.066739    1.038847 v u_settings/_1158_/Y (XNOR2x2_ASAP7_75t_R)
                                                         u_settings/_0531_ (net)
                      0.024783    0.000448    1.039295 v u_settings/_1747_/B (OR4x1_ASAP7_75t_R)
     1    0.545303    0.020047    0.055665    1.094960 v u_settings/_1747_/Y (OR4x1_ASAP7_75t_R)
                                                         u_settings/_0868_ (net)
                      0.020047    0.000019    1.094979 v u_settings/_1748_/A (OR5x1_ASAP7_75t_R)
     1    1.909292    0.039709    0.071458    1.166436 v u_settings/_1748_/Y (OR5x1_ASAP7_75t_R)
                                                         u_settings/_0869_ (net)
                      0.039719    0.000302    1.166738 v u_settings/_1749_/D (OR4x1_ASAP7_75t_R)
     1    0.577336    0.020374    0.061589    1.228328 v u_settings/_1749_/Y (OR4x1_ASAP7_75t_R)
                                                         u_settings/_0870_ (net)
                      0.020374    0.000019    1.228347 v u_settings/_1756_/D (OR4x1_ASAP7_75t_R)
     1    2.483065    0.041298    0.073215    1.301562 v u_settings/_1756_/Y (OR4x1_ASAP7_75t_R)
                                                         u_settings/_0877_ (net)
                      0.041321    0.000512    1.302074 v u_settings/_1757_/C (OR4x1_ASAP7_75t_R)
     1    1.172068    0.026954    0.066311    1.368385 v u_settings/_1757_/Y (OR4x1_ASAP7_75t_R)
                                                         settings_bad (net)
                      0.026955    0.000040    1.368425 v place67718/A (BUFx6f_ASAP7_75t_R)
     2   17.855690    0.037622    0.040969    1.409394 v place67718/Y (BUFx6f_ASAP7_75t_R)
                                                         net67717 (net)
                      0.037627    0.000274    1.409668 v _396905_/A (INVx1_ASAP7_75t_R)
     1    0.540122    0.019988    0.017966    1.427634 ^ _396905_/Y (INVx1_ASAP7_75t_R)
                                                         _068453_ (net)
                      0.019988    0.000018    1.427653 ^ u_settings/_1304_/A (AND5x1_ASAP7_75t_R)
     2    1.952844    0.041796    0.062437    1.490090 ^ u_settings/_1304_/Y (AND5x1_ASAP7_75t_R)
                                                         u_settings/_0677_ (net)
                      0.041799    0.000111    1.490201 ^ u_settings/place64156/A (BUFx6f_ASAP7_75t_R)
    10   16.700590    0.050040    0.046926    1.537127 ^ u_settings/place64156/Y (BUFx6f_ASAP7_75t_R)
                                                         u_settings/net64155 (net)
                      0.052576    0.006060    1.543187 ^ u_settings/place64155/A (BUFx6f_ASAP7_75t_R)
    16   26.246519    0.072254    0.061356    1.604543 ^ u_settings/place64155/Y (BUFx6f_ASAP7_75t_R)
                                                         u_settings/net64154 (net)
                      0.072744    0.003315    1.607858 ^ u_settings/place64154/A (BUFx3_ASAP7_75t_R)
     4    7.972727    0.046027    0.057246    1.665104 ^ u_settings/place64154/Y (BUFx3_ASAP7_75t_R)
                                                         u_settings/net64153 (net)
                      0.046032    0.000266    1.665370 ^ u_settings/_1433_/B (NAND2x2_ASAP7_75t_R)
     2    6.190659    0.041808    0.032366    1.697736 v u_settings/_1433_/Y (NAND2x2_ASAP7_75t_R)
                                                         u_settings/_0750_ (net)
                      0.042450    0.002852    1.700588 v u_settings/_1647_/B (OAI21x1_ASAP7_75t_R)
     1    0.677354    0.026078    0.017389    1.717978 ^ u_settings/_1647_/Y (OAI21x1_ASAP7_75t_R)
                                                         u_settings/_0433_ (net)
                      0.026078    0.000030    1.718008 ^ u_settings/primary[68]$_DFFE_PN0P_/D (DFFASRHQNx1_ASAP7_75t_R)
                                              1.718008   data arrival time

                                  0.833333    0.833333   clock core_clk (rise edge)
                                  0.000000    0.833333   clock source latency
     1   19.089792    0.000000    0.000000    0.833333 ^ clk (in)
                                                         clk (net)
                      0.059145    0.018658    0.851992 ^ wire95643/A (BUFx12f_ASAP7_75t_R)
     1   17.601376    0.027101    0.041132    0.893124 ^ wire95643/Y (BUFx12f_ASAP7_75t_R)
                                                         net95642 (net)
                      0.064540    0.018291    0.911415 ^ wire95642/A (BUFx24_ASAP7_75t_R)
     2   34.771271    0.022781    0.051976    0.963391 ^ wire95642/Y (BUFx24_ASAP7_75t_R)
                                                         net95641 (net)
                      0.183723    0.057686    1.021077 ^ clkbuf_regs_0_core_clk/A (BUFx24_ASAP7_75t_R)
     1    1.793279    0.020658    0.074691    1.095768 ^ clkbuf_regs_0_core_clk/Y (BUFx24_ASAP7_75t_R)
                                                         clk_regs (net)
                      0.020658    0.000094    1.095862 ^ clkbuf_0_clk_regs/A (BUFx24_ASAP7_75t_R)
     2   10.372863    0.018192    0.035563    1.131425 ^ clkbuf_0_clk_regs/Y (BUFx24_ASAP7_75t_R)
                                                         clknet_0_clk_regs (net)
                      0.022515    0.004342    1.135767 ^ clkbuf_1_0_0_clk_regs/A (BUFx24_ASAP7_75t_R)
     1    8.436921    0.016832    0.035815    1.171582 ^ clkbuf_1_0_0_clk_regs/Y (BUFx24_ASAP7_75t_R)
                                                         clknet_1_0_0_clk_regs (net)
                      0.021694    0.004858    1.176440 ^ clkbuf_1_0_1_clk_regs/A (BUFx24_ASAP7_75t_R)
     1    8.436921    0.016823    0.035500    1.211940 ^ clkbuf_1_0_1_clk_regs/Y (BUFx24_ASAP7_75t_R)
                                                         clknet_1_0_1_clk_regs (net)
                      0.021687    0.004857    1.216797 ^ clkbuf_1_0_2_clk_regs/A (BUFx24_ASAP7_75t_R)
     1    3.489528    0.013789    0.034205    1.251002 ^ clkbuf_1_0_2_clk_regs/Y (BUFx24_ASAP7_75t_R)
                                                         clknet_1_0_2_clk_regs (net)
                      0.013832    0.000776    1.251778 ^ clkbuf_1_0_3_clk_regs/A (BUFx24_ASAP7_75t_R)
     1    1.801132    0.012543    0.030947    1.282725 ^ clkbuf_1_0_3_clk_regs/Y (BUFx24_ASAP7_75t_R)
                                                         clknet_1_0_3_clk_regs (net)
                      0.012543    0.000096    1.282821 ^ clkbuf_1_0_4_clk_regs/A (BUFx24_ASAP7_75t_R)
     2   10.301749    0.018420    0.033262    1.316082 ^ clkbuf_1_0_4_clk_regs/Y (BUFx24_ASAP7_75t_R)
                                                         clknet_1_0_4_clk_regs (net)
                      0.019375    0.002073    1.318155 ^ clkbuf_2_0_0_clk_regs/A (BUFx24_ASAP7_75t_R)
     2    6.853844    0.016005    0.034293    1.352448 ^ clkbuf_2_0_0_clk_regs/Y (BUFx24_ASAP7_75t_R)
                                                         clknet_2_0_0_clk_regs (net)
                      0.017624    0.002749    1.355197 ^ clkbuf_3_1_0_clk_regs/A (BUFx24_ASAP7_75t_R)
     1    8.476186    0.016819    0.034064    1.389261 ^ clkbuf_3_1_0_clk_regs/Y (BUFx24_ASAP7_75t_R)
                                                         clknet_3_1_0_clk_regs (net)
                      0.021765    0.004898    1.394159 ^ clkbuf_3_1_1_clk_regs/A (BUFx24_ASAP7_75t_R)
     1    7.408177    0.016276    0.035304    1.429463 ^ clkbuf_3_1_1_clk_regs/Y (BUFx24_ASAP7_75t_R)
                                                         clknet_3_1_1_clk_regs (net)
                      0.019279    0.003809    1.433272 ^ clkbuf_3_1_2_clk_regs/A (BUFx24_ASAP7_75t_R)
     1    3.921443    0.014081    0.033455    1.466726 ^ clkbuf_3_1_2_clk_regs/Y (BUFx24_ASAP7_75t_R)
                                                         clknet_3_1_2_clk_regs (net)
                      0.014161    0.001016    1.467742 ^ clkbuf_4_2_0_clk_regs/A (BUFx24_ASAP7_75t_R)
     2   10.301748    0.018335    0.033763    1.501506 ^ clkbuf_4_2_0_clk_regs/Y (BUFx24_ASAP7_75t_R)
                                                         clknet_4_2_0_clk_regs (net)
                      0.018572    0.000963    1.502469 ^ clkbuf_5_5_0_clk_regs/A (BUFx24_ASAP7_75t_R)
     2    4.121435    0.014181    0.033335    1.535803 ^ clkbuf_5_5_0_clk_regs/Y (BUFx24_ASAP7_75t_R)
                                                         clknet_5_5_0_clk_regs (net)
                      0.014186    0.000289    1.536093 ^ clkbuf_6_11_0_clk_regs/A (BUFx24_ASAP7_75t_R)
     2   10.066159    0.018264    0.033650    1.569743 ^ clkbuf_6_11_0_clk_regs/Y (BUFx24_ASAP7_75t_R)
                                                         clknet_6_11_0_clk_regs (net)
                      0.019147    0.001882    1.571625 ^ clkbuf_7_23_0_clk_regs/A (BUFx24_ASAP7_75t_R)
     2    5.582093    0.015198    0.034016    1.605641 ^ clkbuf_7_23_0_clk_regs/Y (BUFx24_ASAP7_75t_R)
                                                         clknet_7_23_0_clk_regs (net)
                      0.015242    0.000748    1.606388 ^ clkbuf_8_46__f_clk_regs/A (BUFx24_ASAP7_75t_R)
     2    6.037568    0.015504    0.032865    1.639254 ^ clkbuf_8_46__f_clk_regs/Y (BUFx24_ASAP7_75t_R)
                                                         clknet_8_46__leaf_clk_regs (net)
                      0.015536    0.000637    1.639891 ^ clkbuf_leaf_75_clk_regs/A (BUFx24_ASAP7_75t_R)
    18   11.455121    0.019277    0.034814    1.674705 ^ clkbuf_leaf_75_clk_regs/Y (BUFx24_ASAP7_75t_R)
                                                         clknet_leaf_75_clk_regs (net)
                      0.019339    0.000523    1.675228 ^ u_settings/primary[68]$_DFFE_PN0P_/CLK (DFFASRHQNx1_ASAP7_75t_R)
                                 -0.060000    1.615228   clock uncertainty
                                  0.019849    1.635076   clock reconvergence pessimism
                                 -0.027475    1.607601   library setup time
                                              1.607601   data required time
---------------------------------------------------------------------------------------------
                                              1.607601   data required time
                                             -1.718008   data arrival time
---------------------------------------------------------------------------------------------
                                             -0.110407   slack (VIOLATED)


