Startpoint: u_stage.u_ao.u_p.u_ctl.spine_on$_DFF_PN0_
            (rising edge-triggered flip-flop clocked by w5_ao)
Endpoint: u_stage.u_ao.u_p.u_ctl.u_spine_cg.u_icg
          (rising clock gating-check end-point clocked by core_clk)
Path Group: core_clk
Path Type: min

Fanout         Cap        Slew       Delay        Time   Description
---------------------------------------------------------------------------------------------
                                  0.000000    0.000000   clock w5_ao (rise edge)
                                  0.000000    0.000000   clock source latency
     1   19.089792    0.000000    0.000000    0.000000 ^ clk (in)
                                                         clk (net)
                      0.059145    0.018658    0.018658 ^ wire95643/A (BUFx12f_ASAP7_75t_R)
     1   17.601376    0.027101    0.041132    0.059791 ^ wire95643/Y (BUFx12f_ASAP7_75t_R)
                                                         net95642 (net)
                      0.064540    0.018291    0.078081 ^ wire95642/A (BUFx24_ASAP7_75t_R)
     2   34.771271    0.022781    0.051976    0.130057 ^ wire95642/Y (BUFx24_ASAP7_75t_R)
                                                         net95641 (net)
                      0.146439    0.044739    0.174796 ^ clkbuf_0_clk/A (BUFx24_ASAP7_75t_R)
     2    7.890877    0.022824    0.070274    0.245070 ^ clkbuf_0_clk/Y (BUFx24_ASAP7_75t_R)
                                                         clknet_0_clk (net)
                      0.022920    0.001272    0.246342 ^ clkbuf_1_0__f_clk/A (BUFx24_ASAP7_75t_R)
     2   13.674417    0.021144    0.037539    0.283881 ^ clkbuf_1_0__f_clk/Y (BUFx24_ASAP7_75t_R)
                                                         clknet_1_0__leaf_clk (net)
                      0.026096    0.005287    0.289169 ^ u_stage.u_ao.g_checked.u_freeze.u_icg/CLK (ICGx1_ASAP7_75t_R)
     2   15.743879    0.242621    0.117869    0.407038 ^ u_stage.u_ao.g_checked.u_freeze.u_icg/GCLK (ICGx1_ASAP7_75t_R)
                                                         u_stage.u_ao.ao_clk (net)
                      0.242626    0.000610    0.407648 ^ delaybuf_0_w5_ao/A (BUFx24_ASAP7_75t_R)
     1    2.955524    0.024310    0.084069    0.491718 ^ delaybuf_0_w5_ao/Y (BUFx24_ASAP7_75t_R)
                                                         delaynet_0_w5_ao (net)
                      0.024315    0.000516    0.492233 ^ delaybuf_1_w5_ao/A (BUFx24_ASAP7_75t_R)
     1    2.947671    0.013424    0.035037    0.527270 ^ delaybuf_1_w5_ao/Y (BUFx24_ASAP7_75t_R)
                                                         delaynet_1_w5_ao (net)
                      0.013440    0.000512    0.527782 ^ delaybuf_2_w5_ao/A (BUFx24_ASAP7_75t_R)
     1    2.955524    0.013375    0.031202    0.558984 ^ delaybuf_2_w5_ao/Y (BUFx24_ASAP7_75t_R)
                                                         delaynet_2_w5_ao (net)
                      0.013391    0.000516    0.559500 ^ clkbuf_regs_1_w5_ao/A (BUFx24_ASAP7_75t_R)
     1    1.816838    0.012554    0.030806    0.590306 ^ clkbuf_regs_1_w5_ao/Y (BUFx24_ASAP7_75t_R)
                                                         u_stage.u_ao.ao_clk_regs (net)
                      0.012554    0.000100    0.590406 ^ clkbuf_0_u_stage.u_ao.ao_clk_regs/A (BUFx24_ASAP7_75t_R)
     8   23.145086    0.029331    0.036850    0.627256 ^ clkbuf_0_u_stage.u_ao.ao_clk_regs/Y (BUFx24_ASAP7_75t_R)
                                                         clknet_0_u_stage.u_ao.ao_clk_regs (net)
                      0.031811    0.004445    0.631701 ^ clkbuf_3_5_0_u_stage.u_ao.ao_clk_regs/A (BUFx24_ASAP7_75t_R)
     2    4.184695    0.014374    0.038340    0.670041 ^ clkbuf_3_5_0_u_stage.u_ao.ao_clk_regs/Y (BUFx24_ASAP7_75t_R)
                                                         clknet_3_5_0_u_stage.u_ao.ao_clk_regs (net)
                      0.014388    0.000491    0.670532 ^ clkbuf_4_11__f_u_stage.u_ao.ao_clk_regs/A (BUFx24_ASAP7_75t_R)
    16   10.900587    0.018942    0.034150    0.704682 ^ clkbuf_4_11__f_u_stage.u_ao.ao_clk_regs/Y (BUFx24_ASAP7_75t_R)
                                                         clknet_4_11__leaf_u_stage.u_ao.ao_clk_regs (net)
                      0.019143    0.000904    0.705586 ^ u_stage.u_ao.u_p.u_ctl.spine_on$_DFF_PN0_/CLK (DFFASRHQNx1_ASAP7_75t_R)
     2    2.991485    0.064226    0.103061    0.808647 ^ u_stage.u_ao.u_p.u_ctl.spine_on$_DFF_PN0_/QN (DFFASRHQNx1_ASAP7_75t_R)
                                                         _001045_ (net)
                      0.064233    0.000291    0.808938 ^ _396903_/A (NAND2x1_ASAP7_75t_R)
     1    0.388708    0.014341    0.019098    0.828036 v _396903_/Y (NAND2x1_ASAP7_75t_R)
                                                         u_stage.u_ao.u_p.u_ctl.u_spine_cg.en (net)
                      0.014342    0.000015    0.828051 v u_stage.u_ao.u_p.u_ctl.u_spine_cg.u_icg/ENA (ICGx1_ASAP7_75t_R)
                                              0.828051   data arrival time

                                  0.000000    0.000000   clock core_clk (rise edge)
                                  0.000000    0.000000   clock source latency
     1   19.663120    0.000000    0.000000    0.000000 ^ clk (in)
                                                         clk (net)
                      0.062422    0.019692    0.019692 ^ wire95643/A (BUFx12f_ASAP7_75t_R)
     1   18.189636    0.027765    0.041948    0.061640 ^ wire95643/Y (BUFx12f_ASAP7_75t_R)
                                                         net95642 (net)
                      0.068031    0.019371    0.081012 ^ wire95642/A (BUFx24_ASAP7_75t_R)
     2   35.947792    0.023074    0.053120    0.134132 ^ wire95642/Y (BUFx24_ASAP7_75t_R)
                                                         net95641 (net)
                      0.152979    0.046779    0.180911 ^ clkbuf_0_clk/A (BUFx24_ASAP7_75t_R)
     2    9.067396    0.023942    0.072135    0.253047 ^ clkbuf_0_clk/Y (BUFx24_ASAP7_75t_R)
                                                         clknet_0_clk (net)
                      0.024020    0.001107    0.254154 ^ clkbuf_1_1__f_clk/A (BUFx24_ASAP7_75t_R)
     2    6.996453    0.016216    0.036256    0.290409 ^ clkbuf_1_1__f_clk/Y (BUFx24_ASAP7_75t_R)
                                                         clknet_1_1__leaf_clk (net)
                      0.016736    0.001763    0.292173 ^ u_stage.u_ao.u_p.u_ctl.u_spine_cg.u_icg/CLK (ICGx1_ASAP7_75t_R)
                                  0.025000    0.317173   clock uncertainty
                                 -0.007976    0.309196   clock reconvergence pessimism
                                 -0.028761    0.280436   library hold time
                                              0.280436   data required time
---------------------------------------------------------------------------------------------
                                              0.280436   data required time
                                             -0.828051   data arrival time
---------------------------------------------------------------------------------------------
                                              0.547616   slack (MET)


Startpoint: por_n (input port clocked by core_clk)
Endpoint: u_stage.u_ao.u_p.u_ctl.u_spine_cg.u_icg
          (rising clock gating-check end-point clocked by core_clk)
Path Group: core_clk
Path Type: max

Fanout         Cap        Slew       Delay        Time   Description
---------------------------------------------------------------------------------------------
                                  0.000000    0.000000   clock core_clk (rise edge)
                                  0.000000    0.000000   clock network delay (propagated)
                                  0.166667    0.166667 v input external delay
     1    0.659068    0.000000    0.000000    0.166667 v por_n (in)
                                                         por_n (net)
                      0.000065    0.000021    0.166687 v input2174/A (BUFx2_ASAP7_75t_R)
     1    1.281157    0.013990    0.025526    0.192213 v input2174/Y (BUFx2_ASAP7_75t_R)
                                                         net2173 (net)
                      0.013992    0.000063    0.192276 v place94594/A (BUFx6f_ASAP7_75t_R)
     1    9.646709    0.025768    0.031923    0.224200 v place94594/Y (BUFx6f_ASAP7_75t_R)
                                                         net94593 (net)
                      0.032693    0.006814    0.231014 v hold96894/A (BUFx2_ASAP7_75t_R)
     1    6.797609    0.043709    0.051393    0.282406 v hold96894/Y (BUFx2_ASAP7_75t_R)
                                                         net96893 (net)
                      0.044748    0.003712    0.286119 v hold97410/A (BUFx2_ASAP7_75t_R)
     1    3.651246    0.027060    0.047798    0.333916 v hold97410/Y (BUFx2_ASAP7_75t_R)
                                                         net97409 (net)
                      0.027203    0.001096    0.335013 v hold98115/A (BUFx2_ASAP7_75t_R)
     1    2.156151    0.018847    0.037687    0.372700 v hold98115/Y (BUFx2_ASAP7_75t_R)
                                                         net98114 (net)
                      0.018874    0.000386    0.373086 v hold98117/A (BUFx2_ASAP7_75t_R)
     1    1.323554    0.014219    0.032141    0.405227 v hold98117/Y (BUFx2_ASAP7_75t_R)
                                                         net98116 (net)
                      0.014225    0.000144    0.405371 v hold98137/A (BUFx2_ASAP7_75t_R)
     1    0.974400    0.012440    0.029355    0.434725 v hold98137/Y (BUFx2_ASAP7_75t_R)
                                                         net98136 (net)
                      0.012442    0.000075    0.434800 v hold98142/A (BUFx2_ASAP7_75t_R)
     1    0.687915    0.011109    0.027798    0.462599 v hold98142/Y (BUFx2_ASAP7_75t_R)
                                                         net98141 (net)
                      0.011110    0.000033    0.462632 v hold98151/A (BUFx2_ASAP7_75t_R)
     2    1.319627    0.014153    0.029337    0.491969 v hold98151/Y (BUFx2_ASAP7_75t_R)
                                                         net98150 (net)
                      0.014155    0.000050    0.492019 v hold98172/A (BUFx2_ASAP7_75t_R)
     1    4.299816    0.030310    0.038898    0.530917 v hold98172/Y (BUFx2_ASAP7_75t_R)
                                                         net98171 (net)
                      0.030548    0.001512    0.532429 v hold98185/A (BUFx2_ASAP7_75t_R)
     1    2.321278    0.019681    0.039381    0.571810 v hold98185/Y (BUFx2_ASAP7_75t_R)
                                                         net98184 (net)
                      0.019715    0.000447    0.572257 v hold98189/A (BUFx2_ASAP7_75t_R)
     2   20.398382    0.120048    0.073637    0.645895 v hold98189/Y (BUFx2_ASAP7_75t_R)
                                                         net98188 (net)
                      0.138591    0.024330    0.670224 v place94592/A (BUFx6f_ASAP7_75t_R)
     1    8.029344    0.028002    0.060786    0.731010 v place94592/Y (BUFx6f_ASAP7_75t_R)
                                                         net94591 (net)
                      0.030990    0.004725    0.735736 v wire95600/A (BUFx16f_ASAP7_75t_R)
     1   12.902493    0.017430    0.038271    0.774006 v wire95600/Y (BUFx16f_ASAP7_75t_R)
                                                         net95599 (net)
                      0.038582    0.010827    0.784833 v hold96895/A (BUFx2_ASAP7_75t_R)
     1    1.775166    0.017060    0.040502    0.825335 v hold96895/Y (BUFx2_ASAP7_75t_R)
                                                         net96894 (net)
                      0.017075    0.000262    0.825597 v hold98785/A (BUFx2_ASAP7_75t_R)
     1    7.393457    0.047098    0.047134    0.872731 v hold98785/Y (BUFx2_ASAP7_75t_R)
                                                         net98784 (net)
                      0.048461    0.004370    0.877101 v hold98921/A (BUFx2_ASAP7_75t_R)
     1    3.937731    0.028832    0.049595    0.926696 v hold98921/Y (BUFx2_ASAP7_75t_R)
                                                         net98920 (net)
                      0.029012    0.001272    0.927968 v hold99042/A (BUFx2_ASAP7_75t_R)
     2    4.650582    0.032443    0.045030    0.972998 v hold99042/Y (BUFx2_ASAP7_75t_R)
                                                         net99041 (net)
                      0.032565    0.001119    0.974117 v hold99045/A (BUFx2_ASAP7_75t_R)
     1    1.430986    0.015061    0.037305    1.011422 v hold99045/Y (BUFx2_ASAP7_75t_R)
                                                         net99044 (net)
                      0.015070    0.000169    1.011591 v hold100134/A (BUFx2_ASAP7_75t_R)
     1    0.956495    0.012357    0.029603    1.041194 v hold100134/Y (BUFx2_ASAP7_75t_R)
                                                         net100133 (net)
                      0.012358    0.000072    1.041266 v hold100138/A (BUFx2_ASAP7_75t_R)
     1    0.750584    0.011388    0.027968    1.069234 v hold100138/Y (BUFx2_ASAP7_75t_R)
                                                         net100137 (net)
                      0.011389    0.000041    1.069275 v hold100140/A (BUFx2_ASAP7_75t_R)
     1    0.643152    0.010911    0.027275    1.096550 v hold100140/Y (BUFx2_ASAP7_75t_R)
                                                         net100139 (net)
                      0.010911    0.000028    1.096578 v hold100155/A (BUFx2_ASAP7_75t_R)
     2   16.795065    0.099708    0.063639    1.160217 v hold100155/Y (BUFx2_ASAP7_75t_R)
                                                         net100154 (net)
                      0.099710    0.000280    1.160496 v place94591/A (BUFx6f_ASAP7_75t_R)
     2    2.625434    0.015823    0.048706    1.209202 v place94591/Y (BUFx6f_ASAP7_75t_R)
                                                         net94590 (net)
                      0.015872    0.000439    1.209642 v place94590/A (BUFx3_ASAP7_75t_R)
     6   13.671323    0.057736    0.048399    1.258041 v place94590/Y (BUFx3_ASAP7_75t_R)
                                                         net94589 (net)
                      0.058311    0.003324    1.261365 v place94587/A (BUFx3_ASAP7_75t_R)
     3    5.968637    0.029633    0.050893    1.312257 v place94587/Y (BUFx3_ASAP7_75t_R)
                                                         net94586 (net)
                      0.029969    0.001732    1.313989 v _396903_/B (NAND2x1_ASAP7_75t_R)
     1    0.523371    0.031699    0.018805    1.332795 ^ _396903_/Y (NAND2x1_ASAP7_75t_R)
                                                         u_stage.u_ao.u_p.u_ctl.u_spine_cg.en (net)
                      0.031699    0.000021    1.332816 ^ u_stage.u_ao.u_p.u_ctl.u_spine_cg.u_icg/ENA (ICGx1_ASAP7_75t_R)
                                              1.332816   data arrival time

                                  0.833333    0.833333   clock core_clk (rise edge)
                                  0.000000    0.833333   clock source latency
     1   19.089792    0.000000    0.000000    0.833333 ^ clk (in)
                                                         clk (net)
                      0.059145    0.018658    0.851992 ^ wire95643/A (BUFx12f_ASAP7_75t_R)
     1   17.601376    0.027101    0.041132    0.893124 ^ wire95643/Y (BUFx12f_ASAP7_75t_R)
                                                         net95642 (net)
                      0.064540    0.018291    0.911415 ^ wire95642/A (BUFx24_ASAP7_75t_R)
     2   34.771271    0.022781    0.051976    0.963391 ^ wire95642/Y (BUFx24_ASAP7_75t_R)
                                                         net95641 (net)
                      0.146439    0.044739    1.008129 ^ clkbuf_0_clk/A (BUFx24_ASAP7_75t_R)
     2    7.890877    0.022824    0.070274    1.078403 ^ clkbuf_0_clk/Y (BUFx24_ASAP7_75t_R)
                                                         clknet_0_clk (net)
                      0.022859    0.000908    1.079312 ^ clkbuf_1_1__f_clk/A (BUFx24_ASAP7_75t_R)
     2    5.836633    0.015426    0.035444    1.114756 ^ clkbuf_1_1__f_clk/Y (BUFx24_ASAP7_75t_R)
                                                         clknet_1_1__leaf_clk (net)
                      0.015698    0.001422    1.116178 ^ u_stage.u_ao.u_p.u_ctl.u_spine_cg.u_icg/CLK (ICGx1_ASAP7_75t_R)
                                 -0.060000    1.056178   clock uncertainty
                                  0.000000    1.056178   clock reconvergence pessimism
                                 -0.065799    0.990379   library setup time
                                              0.990379   data required time
---------------------------------------------------------------------------------------------
                                              0.990379   data required time
                                             -1.332816   data arrival time
---------------------------------------------------------------------------------------------
                                             -0.342437   slack (VIOLATED)


