/OpenROAD-flow-scripts/flow/scripts/flow.sh 3_2_place_iop io_placement
Running io_placement.tcl, stage 3_2_place_iop
source /OpenROAD-flow-scripts/flow/platforms/asap7/liberty_suppressions.tcl
read_liberty -corner WC /OpenROAD-flow-scripts/flow/platforms/asap7/lib/NLDM/asap7sc7p5t_AO_RVT_SS_nldm_211120.lib.gz
read_liberty -corner WC /OpenROAD-flow-scripts/flow/platforms/asap7/lib/NLDM/asap7sc7p5t_INVBUF_RVT_SS_nldm_220122.lib.gz
read_liberty -corner WC /OpenROAD-flow-scripts/flow/platforms/asap7/lib/NLDM/asap7sc7p5t_OA_RVT_SS_nldm_211120.lib.gz
read_liberty -corner WC /OpenROAD-flow-scripts/flow/platforms/asap7/lib/NLDM/asap7sc7p5t_SEQ_RVT_SS_nldm_220123.lib
read_liberty -corner WC /OpenROAD-flow-scripts/flow/platforms/asap7/lib/NLDM/asap7sc7p5t_SIMPLE_RVT_SS_nldm_211120.lib.gz
read_db /work/results/asap7/opentallas_ot_ha2_truecredit_rx_phys_asap7_ha2_tc_rx/base/3_1_place_gp_skip_io.odb
read_sdc /work/results/asap7/opentallas_ot_ha2_truecredit_rx_phys_asap7_ha2_tc_rx/base/2_floorplan.sdc
source /OpenROAD-flow-scripts/flow/platforms/asap7/setRC.tcl
place_pins -hor_layers M4 -ver_layers M5
Found 0 macro blocks.
Using 2 tracks default min distance between IO pins.
[INFO PPL-0001] Number of available slots 21638
[INFO PPL-0002] Number of I/O             2252
[INFO PPL-0003] Number of I/O w/sink      2252
[INFO PPL-0004] Number of I/O w/o sink    0
[INFO PPL-0005] Slots per section         200
[INFO PPL-0008] Successfully assigned pins to sections.
[INFO PPL-0012] I/O nets HPWL: 120073.02 um.
Design area 50287 um^2 30% utilization.
write_db /work/results/asap7/opentallas_ot_ha2_truecredit_rx_phys_asap7_ha2_tc_rx/base/3_2_place_iop.odb
source /src/physical/ha2_truecredit_20261007/rx_pins_signal_only.tcl
TRUECREDIT_SIGNAL_IDENTITY_PASS signals=2252 pg_terms=2 pg_boxes=74
write_db /work/results/asap7/opentallas_ot_ha2_truecredit_rx_phys_asap7_ha2_tc_rx/base/3_2_place_iop.odb
Elapsed time: 0:03.00[h:]min:sec. CPU time: user 2.47 sys 0.46 (97%). Peak memory: 869460KB.
Log                       Ext     Elapsed/s Peak Memory/MB sha1sum result [0:20)
3_2_place_iop             .odb            3            849 1e6b81cc4d265571b46d
