{
  "status": "STATIC_OWNERSHIP_RESOLVED_AWAIT_PARENT_GO",
  "version": "5.050 2026-07-01",
  "modes": [
    {
      "name": "WINDOW_actual_L0",
      "files": 124,
      "bytes": 1757399,
      "unresolved": [
        "ot_hdc_fp32_add_lat_CUTS_must_match_LAT",
        "ot_hdc_fp32_mul_lat_CUTS_must_match_LAT",
        "ot_hdc_v41x_vec_LV_must_be_1_to_7",
        "ot_hdc_v41x_vec_lane_ALAT_must_be_3_or_4_and_at_most_MLAT"
      ],
      "ambiguous": {}
    },
    {
      "name": "CKV_source_available",
      "files": 130,
      "bytes": 1829185,
      "unresolved": [
        "ot_hdc_fp32_add_lat_CUTS_must_match_LAT",
        "ot_hdc_fp32_mul_lat_CUTS_must_match_LAT",
        "ot_hdc_v41x_vec_LV_must_be_1_to_7",
        "ot_hdc_v41x_vec_lane_ALAT_must_be_3_or_4_and_at_most_MLAT"
      ],
      "ambiguous": {}
    }
  ]
}
