OpenROAD 26Q3-1510-g6cb3f2b704 
Features included (+) or not (-): +GPU +GUI +Python
This program is licensed under the BSD-3 license. See the LICENSE file for details.
Components of this program may be licensed under more restrictive licenses which must be honored.
[INFO ORD-0030] Using 32 thread(s).
source /OpenROAD-flow-scripts/flow/platforms/asap7/liberty_suppressions.tcl
read_liberty /OpenROAD-flow-scripts/flow/platforms/asap7/lib/NLDM/asap7sc7p5t_AO_RVT_TT_nldm_211120.lib.gz
read_liberty /OpenROAD-flow-scripts/flow/platforms/asap7/lib/NLDM/asap7sc7p5t_INVBUF_RVT_TT_nldm_220122.lib.gz
read_liberty /OpenROAD-flow-scripts/flow/platforms/asap7/lib/NLDM/asap7sc7p5t_OA_RVT_TT_nldm_211120.lib.gz
read_liberty /OpenROAD-flow-scripts/flow/platforms/asap7/lib/NLDM/asap7sc7p5t_SEQ_RVT_TT_nldm_220123.lib
read_liberty /OpenROAD-flow-scripts/flow/platforms/asap7/lib/NLDM/asap7sc7p5t_SIMPLE_RVT_TT_nldm_211120.lib.gz
read_db /work/results/asap7/opentallas_ot_hdc_v41x_idx_pool_kwr_asap7_kwr16_12ns_slew/base/4_cts.odb
read_sdc /work/results/asap7/opentallas_ot_hdc_v41x_idx_pool_kwr_asap7_kwr16_12ns_slew/base/4_cts.sdc
source /OpenROAD-flow-scripts/flow/platforms/asap7/setRC.tcl
pin_access
[INFO DRT-0149] Reading tech and libs.

Units:                1000
Number of layers:     21
Number of macros:     212
Number of vias:       14
Number of viarulegen: 11

[INFO DRT-0150] Reading design.

Design:                   ot_hdc_v41x_idx_pool_kwr
Die area:                 ( 0 0 ) ( 178951 178951 )
Number of track patterns: 32
Number of DEF vias:       0
Number of components:     103312
Number of terminals:      1665
Number of snets:          2
Number of nets:           103931

[INFO DRT-0167] List of default vias:
  Layer V2
    default via: VIA23
  Layer V3
    default via: VIA34
  Layer V4
    default via: VIA45
  Layer V5
    default via: VIA56
  Layer V6
    default via: VIA67
  Layer V7
    default via: VIA78
  Layer V8
    default via: VIA89
  Layer V9
    default via: VIA9Pad
[INFO DRT-0162] Library cell analysis.
[INFO DRT-0163] Instance analysis.
  Complete 100000 instances.
[INFO DRT-0164] Number of unique instances = 301.
[INFO DRT-0168] Init region query.
[INFO DRT-0018]   Complete 100000 insts.
[INFO DRT-0024]   Complete Active.
[INFO DRT-0024]   Complete V0.
[INFO DRT-0024]   Complete M1.
[INFO DRT-0024]   Complete V1.
[INFO DRT-0024]   Complete M2.
[INFO DRT-0024]   Complete V2.
[INFO DRT-0024]   Complete M3.
[INFO DRT-0024]   Complete V3.
[INFO DRT-0024]   Complete M4.
[INFO DRT-0024]   Complete V4.
[INFO DRT-0024]   Complete M5.
[INFO DRT-0024]   Complete V5.
[INFO DRT-0024]   Complete M6.
[INFO DRT-0024]   Complete V6.
[INFO DRT-0024]   Complete M7.
[INFO DRT-0024]   Complete V7.
[INFO DRT-0024]   Complete M8.
[INFO DRT-0024]   Complete V8.
[INFO DRT-0024]   Complete M9.
[INFO DRT-0024]   Complete V9.
[INFO DRT-0024]   Complete Pad.
[INFO DRT-0033] Active shape region query size = 0.
[INFO DRT-0033] V0 shape region query size = 0.
[INFO DRT-0033] M1 shape region query size = 1557832.
[INFO DRT-0033] V1 shape region query size = 3178334.
[INFO DRT-0033] M2 shape region query size = 33276.
[INFO DRT-0033] V2 shape region query size = 64152.
[INFO DRT-0033] M3 shape region query size = 64152.
[INFO DRT-0033] V3 shape region query size = 42768.
[INFO DRT-0033] M4 shape region query size = 43905.
[INFO DRT-0033] V4 shape region query size = 42768.
[INFO DRT-0033] M5 shape region query size = 24154.
[INFO DRT-0033] V5 shape region query size = 4356.
[INFO DRT-0033] M6 shape region query size = 2310.
[INFO DRT-0033] V6 shape region query size = 0.
[INFO DRT-0033] M7 shape region query size = 0.
[INFO DRT-0033] V7 shape region query size = 0.
[INFO DRT-0033] M8 shape region query size = 0.
[INFO DRT-0033] V8 shape region query size = 0.
[INFO DRT-0033] M9 shape region query size = 0.
[INFO DRT-0033] V9 shape region query size = 0.
[INFO DRT-0033] Pad shape region query size = 0.
[INFO DRT-0165] Start pin access.
[INFO DRT-0076]   Complete 1000 pins.
[INFO DRT-0078]   Complete 1743 pins.
[INFO DRT-0079]   Complete 100 unique inst patterns.
[INFO DRT-0079]   Complete 200 unique inst patterns.
[INFO DRT-0079]   Complete 300 unique inst patterns.
[INFO DRT-0081]   Complete 301 unique inst patterns.
[INFO DRT-0082]   Complete 10000 groups.
[INFO DRT-0082]   Complete 20000 groups.
[INFO DRT-0082]   Complete 30000 groups.
[INFO DRT-0082]   Complete 40000 groups.
[INFO DRT-0082]   Complete 50000 groups.
[INFO DRT-0082]   Complete 60000 groups.
[INFO DRT-0082]   Complete 70000 groups.
[INFO DRT-0084]   Complete 72246 groups.
#scanned instances     = 103312
#unique  instances     = 301
#stdCellGenAp          = 9143
#stdCellValidPlanarAp  = 80
#stdCellValidViaAp     = 7508
#stdCellPinNoAp        = 0
#stdCellPinCnt         = 387430
#instTermValidViaApCnt = 0
#macroGenAp            = 0
#macroValidPlanarAp    = 0
#macroValidViaAp       = 0
#macroNoAp             = 0
[INFO DRT-0166] Complete pin access.
[INFO DRT-0267] cpu time = 00:10:23, elapsed time = 00:01:08, memory = 678.32 (MB), peak = 755.18 (MB)
Took 70 seconds: pin_access
global_route -congestion_report_file /work/reports/asap7/opentallas_ot_hdc_v41x_idx_pool_kwr_asap7_kwr16_12ns_slew/base/congestion.rpt -congestion_iterations 30 -congestion_report_iter_step 5 -verbose -resistance_aware
[INFO GRT-0020] Min routing layer: M2
[INFO GRT-0021] Max routing layer: M7
[INFO GRT-0022] Global adjustment: 0%
[INFO GRT-0023] Grid origin: (0, 0)
[INFO GRT-0088] Layer M1      Track-Pitch = 0.0360  line-2-Via Pitch: 0.0360
[INFO GRT-0088] Layer M2      Track-Pitch = 0.0390  line-2-Via Pitch: 0.0360
[INFO GRT-0088] Layer M3      Track-Pitch = 0.0360  line-2-Via Pitch: 0.0360
[INFO GRT-0088] Layer M4      Track-Pitch = 0.0480  line-2-Via Pitch: 0.0480
[INFO GRT-0088] Layer M5      Track-Pitch = 0.0480  line-2-Via Pitch: 0.0480
[INFO GRT-0088] Layer M6      Track-Pitch = 0.0640  line-2-Via Pitch: 0.0640
[INFO GRT-0088] Layer M7      Track-Pitch = 0.0640  line-2-Via Pitch: 0.0640
[INFO GRT-0003] Macros: 0
[INFO GRT-0004] Blockages: 9120
[INFO GRT-0019] Found 240 clock nets.
[INFO GRT-0001] Minimum degree: 2
[INFO GRT-0002] Maximum degree: 33

[INFO GRT-0053] Routing resources analysis:
          Routing      Original      Derated      Resource
Layer     Direction    Resources     Resources    Reduction (%)
---------------------------------------------------------------
M1         Vertical            0             0          0.00%
M2         Horizontal    1309043        927816          29.12%
M3         Vertical      1495057       1112070          25.62%
M4         Horizontal    1147634        853730          25.61%
M5         Vertical      1107852        822217          25.78%
M6         Horizontal     770121        521496          32.28%
M7         Vertical       872352        587808          32.62%
---------------------------------------------------------------

[INFO GRT-0101] Running extra iterations to remove congestion.
[INFO GRT-0102] Start extra iteration 1/30
[INFO GRT-0102] Start extra iteration 2/30
[INFO GRT-0102] Start extra iteration 3/30
[INFO GRT-0102] Start extra iteration 4/30
[INFO GRT-0197] Via related to pin nodes: 793496
[INFO GRT-0198] Via related Steiner nodes: 42392
[INFO GRT-0199] Via filling finished.
[INFO GRT-0111] Final number of vias: 1125548
[INFO GRT-0112] Final usage 3D: 5624292

[INFO GRT-0096] Final congestion report:
Layer         Resource        Demand        Usage (%)    Max H / Max V / Total Congestion
---------------------------------------------------------------------------------------
M1                   0             0            0.00%             0 /  0 /  0
M2              927816        544352           58.67%             0 /  0 /  0
M3             1112070        663438           59.66%             0 /  0 /  0
M4              853730        389054           45.57%             0 /  0 /  0
M5              822217        353250           42.96%             0 /  0 /  0
M6              521496        172644           33.11%             0 /  0 /  0
M7              587808        124910           21.25%             0 /  0 /  0
---------------------------------------------------------------------------------------
Total          4825137       2247648           46.58%             0 /  0 /  0

[INFO GRT-0018] Total wirelength: 1518181 um
[INFO GRT-0014] Routed nets: 103780
[INFO GRT-0303] Global routing runtime = 00:03:24
Took 205 seconds: global_route -congestion_report_file /work/reports/asap7/opentallas_ot_hdc_v41x_idx_pool_kwr_asap7_kwr16_12ns_slew/base/congestion.rpt -congestion_iterations 30 -congestion_report_iter_step 5 -verbose -resistance_aware
estimate_parasitics -global_routing
Took 7 seconds: estimate_parasitics -global_routing
Perform buffer insertion and gate resizing...
repair_design -verbose -slew_margin 30
Iteration |   Area    | Resized | Buffers | Nets repaired | Remaining
---------------------------------------------------------------------
        0 |     +0.0% |       0 |       0 |             0 |    104136
     1000 |     +0.0% |       0 |       2 |             2 |    103136
     2000 |     +0.0% |       0 |       2 |             2 |    102136
     3000 |     +0.0% |       0 |       2 |             2 |    101136
     4000 |     +0.0% |       0 |       2 |             2 |    100136
     5000 |     +0.0% |       0 |       5 |             5 |     99136
     6000 |     +0.0% |       0 |       7 |             6 |     98136
[WARNING RSZ-0104] Net _105243_ only has one pin. Check if it is intended to be dangling.
     7000 |     +0.0% |       0 |       7 |             6 |     97136
[WARNING RSZ-0104] Net _105244_ only has one pin. Check if it is intended to be dangling.
     8000 |     +0.0% |       0 |       7 |             6 |     96136
     9000 |     +0.0% |       0 |       7 |             6 |     95136
    10000 |     +0.0% |       0 |       7 |             6 |     94136
[WARNING RSZ-0104] Net _105368_ only has one pin. Check if it is intended to be dangling.
[WARNING RSZ-0104] Net _105366_ only has one pin. Check if it is intended to be dangling.
[WARNING RSZ-0104] Net _105355_ only has one pin. Check if it is intended to be dangling.
[WARNING RSZ-0104] Net _105351_ only has one pin. Check if it is intended to be dangling.
[WARNING RSZ-0104] Net _105332_ only has one pin. Check if it is intended to be dangling.
[WARNING RSZ-0104] Net _105330_ only has one pin. Check if it is intended to be dangling.
[WARNING RSZ-0104] Net _105328_ only has one pin. Check if it is intended to be dangling.
[WARNING RSZ-0104] Net _105326_ only has one pin. Check if it is intended to be dangling.
[WARNING RSZ-0104] Net _105297_ only has one pin. Check if it is intended to be dangling.
[WARNING RSZ-0104] Net _105293_ only has one pin. Check if it is intended to be dangling.
[WARNING RSZ-0104] Net _105283_ only has one pin. Check if it is intended to be dangling.
[WARNING RSZ-0104] Net _105269_ only has one pin. Check if it is intended to be dangling.
[WARNING RSZ-0104] Net _105256_ only has one pin. Check if it is intended to be dangling.
[WARNING RSZ-0104] Net _105254_ only has one pin. Check if it is intended to be dangling.
[WARNING RSZ-0104] Net _105245_ only has one pin. Check if it is intended to be dangling.
[WARNING RSZ-0104] Net _105380_ only has one pin. Check if it is intended to be dangling.
[WARNING RSZ-0104] Net _105364_ only has one pin. Check if it is intended to be dangling.
[WARNING RSZ-0104] Net _105362_ only has one pin. Check if it is intended to be dangling.
[WARNING RSZ-0104] Net _105348_ only has one pin. Check if it is intended to be dangling.
[WARNING RSZ-0104] Net _105313_ only has one pin. Check if it is intended to be dangling.
[WARNING RSZ-0104] Net _105299_ only has one pin. Check if it is intended to be dangling.
    11000 |     +0.0% |       0 |       7 |             6 |     93136
[WARNING RSZ-0104] Net _105346_ only has one pin. Check if it is intended to be dangling.
[WARNING RSZ-0104] Net _105344_ only has one pin. Check if it is intended to be dangling.
[WARNING RSZ-0104] Net _105338_ only has one pin. Check if it is intended to be dangling.
[WARNING RSZ-0104] Net _105319_ only has one pin. Check if it is intended to be dangling.
[WARNING RSZ-0104] Net _105317_ only has one pin. Check if it is intended to be dangling.
[WARNING RSZ-0104] Net _105311_ only has one pin. Check if it is intended to be dangling.
[WARNING RSZ-0104] Net _105287_ only has one pin. Check if it is intended to be dangling.
[WARNING RSZ-0104] Net _105280_ only has one pin. Check if it is intended to be dangling.
[WARNING RSZ-0104] Net _105262_ only has one pin. Check if it is intended to be dangling.
[WARNING RSZ-0104] Net _105258_ only has one pin. Check if it is intended to be dangling.
[WARNING RSZ-0104] Net _105251_ only has one pin. Check if it is intended to be dangling.
[WARNING RSZ-0104] Net _105381_ only has one pin. Check if it is intended to be dangling.
[WARNING RSZ-0104] Net _105369_ only has one pin. Check if it is intended to be dangling.
[WARNING RSZ-0104] Net _105365_ only has one pin. Check if it is intended to be dangling.
[WARNING RSZ-0104] Net _105363_ only has one pin. Check if it is intended to be dangling.
[WARNING RSZ-0104] Net _105352_ only has one pin. Check if it is intended to be dangling.
[WARNING RSZ-0104] Net _105347_ only has one pin. Check if it is intended to be dangling.
[WARNING RSZ-0104] Net _105345_ only has one pin. Check if it is intended to be dangling.
[WARNING RSZ-0104] Net _105339_ only has one pin. Check if it is intended to be dangling.
[WARNING RSZ-0104] Net _105333_ only has one pin. Check if it is intended to be dangling.
[WARNING RSZ-0104] Net _105329_ only has one pin. Check if it is intended to be dangling.
[WARNING RSZ-0104] Net _105327_ only has one pin. Check if it is intended to be dangling.
[WARNING RSZ-0104] Net _105320_ only has one pin. Check if it is intended to be dangling.
[WARNING RSZ-0104] Net _105318_ only has one pin. Check if it is intended to be dangling.
[WARNING RSZ-0104] Net _105312_ only has one pin. Check if it is intended to be dangling.
[WARNING RSZ-0104] Net _105300_ only has one pin. Check if it is intended to be dangling.
[WARNING RSZ-0104] Net _105298_ only has one pin. Check if it is intended to be dangling.
[WARNING RSZ-0104] Net _105294_ only has one pin. Check if it is intended to be dangling.
[WARNING RSZ-0104] Net _105288_ only has one pin. Check if it is intended to be dangling.
[WARNING RSZ-0104] Net _105284_ only has one pin. Check if it is intended to be dangling.
[WARNING RSZ-0104] Net _105281_ only has one pin. Check if it is intended to be dangling.
[WARNING RSZ-0104] Net _105270_ only has one pin. Check if it is intended to be dangling.
[WARNING RSZ-0104] Net _105263_ only has one pin. Check if it is intended to be dangling.
[WARNING RSZ-0104] Net _105259_ only has one pin. Check if it is intended to be dangling.
[WARNING RSZ-0104] Net _105257_ only has one pin. Check if it is intended to be dangling.
[WARNING RSZ-0104] Net _105255_ only has one pin. Check if it is intended to be dangling.
[WARNING RSZ-0104] Net _105252_ only has one pin. Check if it is intended to be dangling.
[WARNING RSZ-0104] Net _105367_ only has one pin. Check if it is intended to be dangling.
[WARNING RSZ-0104] Net _105356_ only has one pin. Check if it is intended to be dangling.
[WARNING RSZ-0104] Net _105349_ only has one pin. Check if it is intended to be dangling.
[WARNING RSZ-0104] Net _105331_ only has one pin. Check if it is intended to be dangling.
[WARNING RSZ-0104] Net _105314_ only has one pin. Check if it is intended to be dangling.
[WARNING RSZ-0104] Net _105309_ only has one pin. Check if it is intended to be dangling.
[WARNING RSZ-0104] Net _105246_ only has one pin. Check if it is intended to be dangling.
    12000 |     +0.0% |       0 |       8 |             7 |     92136
[WARNING RSZ-0104] Net _105310_ only has one pin. Check if it is intended to be dangling.
    13000 |     +0.0% |       0 |       8 |             7 |     91136
    14000 |     +0.0% |       0 |       8 |             7 |     90136
    15000 |     +0.0% |       0 |       8 |             7 |     89136
    16000 |     +0.0% |       0 |       8 |             7 |     88136
    17000 |     +0.0% |       0 |       8 |             7 |     87136
    18000 |     +0.0% |       0 |       8 |             7 |     86136
    19000 |     +0.0% |       0 |       8 |             7 |     85136
    20000 |     +0.0% |       0 |       8 |             7 |     84136
    21000 |     +0.0% |       0 |       8 |             7 |     83136
    22000 |     +0.0% |       0 |       8 |             7 |     82136
    23000 |     +0.0% |       0 |       8 |             7 |     81136
    24000 |     +0.0% |       0 |       8 |             7 |     80136
    25000 |     +0.0% |       0 |       8 |             7 |     79136
    26000 |     +0.0% |       0 |       8 |             7 |     78136
    27000 |     +0.0% |       0 |       8 |             7 |     77136
    28000 |     +0.0% |       0 |       8 |             7 |     76136
    29000 |     +0.0% |       0 |       8 |             7 |     75136
    30000 |     +0.0% |       0 |       8 |             7 |     74136
    31000 |     +0.0% |       0 |       8 |             7 |     73136
    32000 |     +0.0% |       0 |       8 |             7 |     72136
    33000 |     +0.0% |       0 |       8 |             7 |     71136
    34000 |     +0.0% |       0 |       8 |             7 |     70136
    35000 |     +0.0% |       0 |       8 |             7 |     69136
    36000 |     +0.0% |       0 |       8 |             7 |     68136
    37000 |     +0.0% |       0 |       8 |             7 |     67136
    38000 |     +0.0% |       0 |       8 |             7 |     66136
    39000 |     +0.0% |       0 |       8 |             7 |     65136
    40000 |     +0.0% |       0 |       8 |             7 |     64136
    41000 |     +0.0% |       0 |       8 |             7 |     63136
    42000 |     +0.0% |       0 |       8 |             7 |     62136
    43000 |     +0.0% |       0 |       8 |             7 |     61136
    44000 |     +0.0% |       0 |       8 |             7 |     60136
    45000 |     +0.0% |       0 |       8 |             7 |     59136
    46000 |     +0.0% |       0 |       8 |             7 |     58136
    47000 |     +0.0% |       0 |       8 |             7 |     57136
    48000 |     +0.0% |       0 |       8 |             7 |     56136
    49000 |     +0.0% |       0 |       8 |             7 |     55136
    50000 |     +0.0% |       0 |       8 |             7 |     54136
    51000 |     +0.0% |       0 |       8 |             7 |     53136
    52000 |     +0.0% |       0 |       8 |             7 |     52136
    53000 |     +0.0% |       0 |       8 |             7 |     51136
    54000 |     +0.0% |       0 |       8 |             7 |     50136
    55000 |     +0.0% |       0 |       8 |             7 |     49136
    56000 |     +0.0% |       0 |       8 |             7 |     48136
    57000 |     +0.0% |       0 |       8 |             7 |     47136
    58000 |     +0.0% |       0 |       8 |             7 |     46136
    59000 |     +0.0% |       0 |       8 |             7 |     45136
    60000 |     +0.0% |       0 |       8 |             7 |     44136
    61000 |     +0.0% |       0 |       8 |             7 |     43136
    62000 |     +0.0% |       0 |       8 |             7 |     42136
    63000 |     +0.0% |       0 |       8 |             7 |     41136
    64000 |     +0.0% |       0 |       9 |             8 |     40136
    65000 |     +0.0% |       0 |       9 |             8 |     39136
    66000 |     +0.0% |       0 |       9 |             8 |     38136
    67000 |     +0.0% |       0 |      11 |             9 |     37136
    68000 |     +0.0% |       0 |      11 |             9 |     36136
    69000 |     +0.0% |       0 |      14 |            11 |     35136
    70000 |     +0.0% |       0 |      14 |            11 |     34136
    71000 |     +0.0% |       0 |      17 |            13 |     33136
    72000 |     +0.0% |       0 |      24 |            18 |     32136
    73000 |     +0.1% |       0 |      30 |            21 |     31136
    74000 |     +0.1% |       0 |      32 |            22 |     30136
    75000 |     +0.1% |       0 |      42 |            29 |     29136
    76000 |     +0.1% |       0 |      53 |            35 |     28136
    77000 |     +0.1% |       0 |      67 |            44 |     27136
    78000 |     +0.1% |       0 |      67 |            44 |     26136
    79000 |     +0.1% |       0 |      68 |            45 |     25136
    80000 |     +0.1% |       0 |      70 |            47 |     24136
    81000 |     +0.2% |       0 |      77 |            52 |     23136
    82000 |     +0.2% |       1 |      90 |            62 |     22136
    83000 |     +0.2% |       1 |     115 |            79 |     21136
    84000 |     +0.3% |       3 |     152 |           104 |     20136
    85000 |     +0.4% |       4 |     168 |           113 |     19136
[WARNING RSZ-0104] Net _105378_ only has one pin. Check if it is intended to be dangling.
[WARNING RSZ-0104] Net _105376_ only has one pin. Check if it is intended to be dangling.
[WARNING RSZ-0104] Net _105291_ only has one pin. Check if it is intended to be dangling.
[WARNING RSZ-0104] Net _105289_ only has one pin. Check if it is intended to be dangling.
[WARNING RSZ-0104] Net _105379_ only has one pin. Check if it is intended to be dangling.
[WARNING RSZ-0104] Net _105377_ only has one pin. Check if it is intended to be dangling.
[WARNING RSZ-0104] Net _105292_ only has one pin. Check if it is intended to be dangling.
[WARNING RSZ-0104] Net _105290_ only has one pin. Check if it is intended to be dangling.
[WARNING RSZ-0104] Net _105241_ only has one pin. Check if it is intended to be dangling.
[WARNING RSZ-0104] Net _105239_ only has one pin. Check if it is intended to be dangling.
[WARNING RSZ-0104] Net _105375_ only has one pin. Check if it is intended to be dangling.
[WARNING RSZ-0104] Net _105373_ only has one pin. Check if it is intended to be dangling.
[WARNING RSZ-0104] Net _105361_ only has one pin. Check if it is intended to be dangling.
[WARNING RSZ-0104] Net _105359_ only has one pin. Check if it is intended to be dangling.
[WARNING RSZ-0104] Net _105343_ only has one pin. Check if it is intended to be dangling.
[WARNING RSZ-0104] Net _105341_ only has one pin. Check if it is intended to be dangling.
[WARNING RSZ-0104] Net _105337_ only has one pin. Check if it is intended to be dangling.
[WARNING RSZ-0104] Net _105335_ only has one pin. Check if it is intended to be dangling.
[WARNING RSZ-0104] Net _105308_ only has one pin. Check if it is intended to be dangling.
[WARNING RSZ-0104] Net _105306_ only has one pin. Check if it is intended to be dangling.
[WARNING RSZ-0104] Net _105304_ only has one pin. Check if it is intended to be dangling.
[WARNING RSZ-0104] Net _105302_ only has one pin. Check if it is intended to be dangling.
[WARNING RSZ-0104] Net _105278_ only has one pin. Check if it is intended to be dangling.
[WARNING RSZ-0104] Net _105276_ only has one pin. Check if it is intended to be dangling.
[WARNING RSZ-0104] Net _105267_ only has one pin. Check if it is intended to be dangling.
[WARNING RSZ-0104] Net _105265_ only has one pin. Check if it is intended to be dangling.
[WARNING RSZ-0104] Net _105250_ only has one pin. Check if it is intended to be dangling.
[WARNING RSZ-0104] Net _105248_ only has one pin. Check if it is intended to be dangling.
[WARNING RSZ-0104] Net _105238_ only has one pin. Check if it is intended to be dangling.
[WARNING RSZ-0104] Net _105236_ only has one pin. Check if it is intended to be dangling.
[WARNING RSZ-0104] Net _105233_ only has one pin. Check if it is intended to be dangling.
[WARNING RSZ-0104] Net _105231_ only has one pin. Check if it is intended to be dangling.
[WARNING RSZ-0104] Net _105360_ only has one pin. Check if it is intended to be dangling.
[WARNING RSZ-0104] Net _105358_ only has one pin. Check if it is intended to be dangling.
[WARNING RSZ-0104] Net _105350_ only has one pin. Check if it is intended to be dangling.
[WARNING RSZ-0104] Net _105303_ only has one pin. Check if it is intended to be dangling.
[WARNING RSZ-0104] Net _105301_ only has one pin. Check if it is intended to be dangling.
[WARNING RSZ-0104] Net _105282_ only has one pin. Check if it is intended to be dangling.
[WARNING RSZ-0104] Net _105279_ only has one pin. Check if it is intended to be dangling.
[WARNING RSZ-0104] Net _105261_ only has one pin. Check if it is intended to be dangling.
[WARNING RSZ-0104] Net _105242_ only has one pin. Check if it is intended to be dangling.
[WARNING RSZ-0104] Net _105240_ only has one pin. Check if it is intended to be dangling.
[WARNING RSZ-0104] Net _105234_ only has one pin. Check if it is intended to be dangling.
[WARNING RSZ-0104] Net _105374_ only has one pin. Check if it is intended to be dangling.
[WARNING RSZ-0104] Net _105372_ only has one pin. Check if it is intended to be dangling.
[WARNING RSZ-0104] Net _105342_ only has one pin. Check if it is intended to be dangling.
[WARNING RSZ-0104] Net _105340_ only has one pin. Check if it is intended to be dangling.
[WARNING RSZ-0104] Net _105336_ only has one pin. Check if it is intended to be dangling.
[WARNING RSZ-0104] Net _105334_ only has one pin. Check if it is intended to be dangling.
[WARNING RSZ-0104] Net _105324_ only has one pin. Check if it is intended to be dangling.
[WARNING RSZ-0104] Net _105322_ only has one pin. Check if it is intended to be dangling.
[WARNING RSZ-0104] Net _105307_ only has one pin. Check if it is intended to be dangling.
[WARNING RSZ-0104] Net _105305_ only has one pin. Check if it is intended to be dangling.
    86000 |     +0.4% |       4 |     168 |           113 |     18136
[WARNING RSZ-0104] Net _105277_ only has one pin. Check if it is intended to be dangling.
[WARNING RSZ-0104] Net _105275_ only has one pin. Check if it is intended to be dangling.
[WARNING RSZ-0104] Net _105274_ only has one pin. Check if it is intended to be dangling.
[WARNING RSZ-0104] Net _105272_ only has one pin. Check if it is intended to be dangling.
[WARNING RSZ-0104] Net _105266_ only has one pin. Check if it is intended to be dangling.
[WARNING RSZ-0104] Net _105264_ only has one pin. Check if it is intended to be dangling.
[WARNING RSZ-0104] Net _105249_ only has one pin. Check if it is intended to be dangling.
[WARNING RSZ-0104] Net _105247_ only has one pin. Check if it is intended to be dangling.
[WARNING RSZ-0104] Net _105237_ only has one pin. Check if it is intended to be dangling.
[WARNING RSZ-0104] Net _105235_ only has one pin. Check if it is intended to be dangling.
[WARNING RSZ-0104] Net _105232_ only has one pin. Check if it is intended to be dangling.
[WARNING RSZ-0104] Net _105370_ only has one pin. Check if it is intended to be dangling.
[WARNING RSZ-0104] Net _105357_ only has one pin. Check if it is intended to be dangling.
[WARNING RSZ-0104] Net _105353_ only has one pin. Check if it is intended to be dangling.
[WARNING RSZ-0104] Net _105316_ only has one pin. Check if it is intended to be dangling.
[WARNING RSZ-0104] Net _105315_ only has one pin. Check if it is intended to be dangling.
[WARNING RSZ-0104] Net _105285_ only has one pin. Check if it is intended to be dangling.
[WARNING RSZ-0104] Net _105268_ only has one pin. Check if it is intended to be dangling.
[WARNING RSZ-0104] Net _105323_ only has one pin. Check if it is intended to be dangling.
[WARNING RSZ-0104] Net _105321_ only has one pin. Check if it is intended to be dangling.
[WARNING RSZ-0104] Net _105273_ only has one pin. Check if it is intended to be dangling.
[WARNING RSZ-0104] Net _105271_ only has one pin. Check if it is intended to be dangling.
[WARNING RSZ-0104] Net _105371_ only has one pin. Check if it is intended to be dangling.
[WARNING RSZ-0104] Net _105354_ only has one pin. Check if it is intended to be dangling.
[WARNING RSZ-0104] Net _105325_ only has one pin. Check if it is intended to be dangling.
[WARNING RSZ-0104] Net _105260_ only has one pin. Check if it is intended to be dangling.
[WARNING RSZ-0104] Net _105253_ only has one pin. Check if it is intended to be dangling.
    87000 |     +0.4% |       4 |     173 |           115 |     17136
    88000 |     +0.4% |       4 |     179 |           118 |     16136
    89000 |     +0.4% |       4 |     183 |           121 |     15136
    90000 |     +0.4% |       4 |     189 |           125 |     14136
    91000 |     +0.4% |       4 |     191 |           126 |     13136
    92000 |     +0.4% |       4 |     197 |           132 |     12136
[WARNING RSZ-0104] Net _105286_ only has one pin. Check if it is intended to be dangling.
    93000 |     +0.4% |       4 |     199 |           133 |     11136
    94000 |     +0.4% |       4 |     199 |           133 |     10136
    95000 |     +0.4% |       4 |     199 |           133 |      9136
    96000 |     +0.4% |       4 |     199 |           133 |      8136
    97000 |     +0.4% |       4 |     199 |           133 |      7136
    98000 |     +0.4% |       4 |     201 |           135 |      6136
    99000 |     +0.5% |       4 |     214 |           143 |      5136
   100000 |     +0.8% |       4 |     316 |           220 |      4136
[WARNING RSZ-0104] Net _105296_ only has one pin. Check if it is intended to be dangling.
   101000 |     +1.2% |       4 |     473 |           336 |      3136
[WARNING RSZ-0104] Net _105295_ only has one pin. Check if it is intended to be dangling.
   102000 |     +1.7% |       5 |     643 |           463 |      2136
   103000 |     +1.8% |       5 |     667 |           477 |      1136
   104000 |     +1.8% |       5 |     667 |           477 |       136
    final |     +1.8% |       5 |     667 |           477 |         0
---------------------------------------------------------------------
[INFO RSZ-0034] Found 482 slew violations.
[INFO RSZ-0036] Found 1 capacitance violations.
[INFO RSZ-0039] Resized 5 instances.
[INFO RSZ-0038] Inserted 667 buffers in 477 nets.
[INFO RSZ-0504] Runtime: 84.87s
Took 85 seconds: repair_design -verbose -slew_margin 30
global_route -start_incremental
detailed_placement
[INFO DPL-0006] Core area: 30544.90 um^2
[INFO DPL-0007] Movable instances area: 11090.36 um^2
[INFO DPL-0008] Fixed instances area within core: 103.96 um^2
[INFO DPL-0009] Utilization: 36.6%
[INFO DPL-0005] Diamond search max displacement: +/- 500 sites horizontally, +/- 100 rows vertically.
[INFO DPL-1102] Legalizing using negotiation legalizer.
[INFO DPL-1103] Negotiation base search window: +/-20 sites horizontally, +/-5 rows vertically 
	Automatic search window extension enabled.
	Search window extendable up to the max displacement cap of +/-500 sites, +/-100 rows near walls.
[INFO DPL-1104] NegotiationLegalizer DRC penalty: 5.
[INFO DPL-0392] Negotiation cell height distribution (1 unique row-count(s)):
[INFO DPL-0393]   height 1 row(s): 103979 cells
          |      Total |  Illegal |  Illegal
Iteration | Violations |    Cells |    Sites
---------------------------------------------
        0 |         14 |         2 |        12
        1 |          0 |         0 |         0
Negotiation phase 1 converged at iteration 1.
[INFO DPL-0500] Runtime: 0.88s
Placement Analysis
---------------------------------
total displacement        352.3 u
average displacement        0.0 u
max displacement            1.8 u
original HPWL         1041342.0 u
legalized HPWL        1041471.1 u
delta HPWL                    0 %

global_route -end_incremental -resistance_aware -congestion_report_file /work/reports/asap7/opentallas_ot_hdc_v41x_idx_pool_kwr_asap7_kwr16_12ns_slew/base/congestion_post_repair_design.rpt
Took 34 seconds: global_route -end_incremental -resistance_aware -congestion_report_file /work/reports/asap7/opentallas_ot_hdc_v41x_idx_pool_kwr_asap7_kwr16_12ns_slew/base/congestion_post_repair_design.rpt
Repair setup and hold violations...
estimate_parasitics -global_routing
Took 6 seconds: estimate_parasitics -global_routing
repair_timing -setup_margin 0 -hold_margin 0 -repair_tns 100 -verbose
[INFO RSZ-0100] Repair move sequence: UnbufferMove SizeUpMove SwapPinsMove BufferMove CloneMove SplitLoadMove 
[INFO RSZ-0098] No setup violations found
[INFO RSZ-0505] Runtime: 3.52s
[INFO RSZ-0033] No hold violations found.
[INFO RSZ-0506] Runtime: 1.24s
Took 5 seconds: repair_timing -setup_margin 0 -hold_margin 0 -repair_tns 100 -verbose
global_route -start_incremental
detailed_placement
[INFO DPL-0006] Core area: 30544.90 um^2
[INFO DPL-0007] Movable instances area: 11090.36 um^2
[INFO DPL-0008] Fixed instances area within core: 103.96 um^2
[INFO DPL-0009] Utilization: 36.6%
[INFO DPL-0005] Diamond search max displacement: +/- 500 sites horizontally, +/- 100 rows vertically.
[INFO DPL-1102] Legalizing using negotiation legalizer.
[INFO DPL-1103] Negotiation base search window: +/-20 sites horizontally, +/-5 rows vertically 
	Automatic search window extension enabled.
	Search window extendable up to the max displacement cap of +/-500 sites, +/-100 rows near walls.
[INFO DPL-1104] NegotiationLegalizer DRC penalty: 5.
[INFO DPL-0392] Negotiation cell height distribution (1 unique row-count(s)):
[INFO DPL-0393]   height 1 row(s): 103979 cells
[INFO DPL-0500] Runtime: 1.13s
Placement Analysis
---------------------------------
total displacement          0.0 u
average displacement        0.0 u
max displacement            0.0 u
original HPWL         1041471.1 u
legalized HPWL        1041471.1 u
delta HPWL                    0 %

check_placement -verbose
global_route -end_incremental -resistance_aware -congestion_report_file /work/reports/asap7/opentallas_ot_hdc_v41x_idx_pool_kwr_asap7_kwr16_12ns_slew/base/congestion_post_repair_timing.rpt
estimate_parasitics -global_routing
Took 6 seconds: estimate_parasitics -global_routing
repair_timing -setup -sequence "vt_swap reroute" -skip_last_gasp -repair_tns 0 -verbose
[INFO RSZ-0100] Repair move sequence: RerouteMove 
[INFO RSZ-0098] No setup violations found
[INFO RSZ-0505] Runtime: 5.06s
Took 5 seconds: repair_timing -setup -sequence "vt_swap reroute" -skip_last_gasp -repair_tns 0 -verbose
Repair antennas...
[WARNING GRT-0246] No diode with LEF class CORE ANTENNACELL found.
[INFO ANT-0002] Found 0 net violations.
[INFO ANT-0001] Found 0 pin violations.
Estimate parasitics...
estimate_parasitics -global_routing
Took 7 seconds: estimate_parasitics -global_routing
Report metrics stage 5, global route...

==========================================================================
global route report_design_area
--------------------------------------------------------------------------
Design area 11194 um^2 37% utilization.
[INFO FLW-0007] clock core_clk period 12000.000000
[INFO FLW-0008] Clock core_clk period 10604.529
[INFO FLW-0009] Clock core_clk slack 837.338
write_sdc -no_timestamp /work/results/asap7/opentallas_ot_hdc_v41x_idx_pool_kwr_asap7_kwr16_12ns_slew/base/updated_clks.sdc
[INFO FLW-0011] Path endpoint path count 3997
write_db /work/results/asap7/opentallas_ot_hdc_v41x_idx_pool_kwr_asap7_kwr16_12ns_slew/base/5_1_grt.odb
write_sdc -no_timestamp /work/results/asap7/opentallas_ot_hdc_v41x_idx_pool_kwr_asap7_kwr16_12ns_slew/base/5_1_grt.sdc
Elapsed time: 8:16.43[h:]min:sec. CPU time: user 1355.31 sys 26.46 (278%). Peak memory: 2552792KB.
Log                       Ext     Elapsed/s Peak Memory/MB sha1sum result [0:20)
5_1_grt                   .odb          496           2492 cf7ef81c56258d8377b0
5_1_grt                   .sdc                             d60641f3b18c55196e42
