Startpoint: u_tree.g_lv[1].g_add[5].u_add.g_w11.u.u_cc.g_r.r[43]$_DFF_PN0_
            (rising edge-triggered flip-flop clocked by clk)
Endpoint: u_tree.g_lv[1].g_add[5].u_add.g_w11.u.y[10]$_DFF_PN0_
          (rising edge-triggered flip-flop clocked by clk)
Path Group: clk
Path Type: min

 Delay   Time   Description
-------------------------------------------------------
   0.0    0.0   clock clk (rise edge)
 237.4  237.4   clock network delay (propagated)
   0.0  237.4 ^ u_tree.g_lv[1].g_add[5].u_add.g_w11.u.u_cc.g_r.r[43]$_DFF_PN0_/CLK (DFFASRHQNx1_ASAP7_75t_R)
  42.5  279.8 ^ u_tree.g_lv[1].g_add[5].u_add.g_w11.u.u_cc.g_r.r[43]$_DFF_PN0_/QN (DFFASRHQNx1_ASAP7_75t_R)
  14.3  294.1 v _287171_/Y (OAI22x1_ASAP7_75t_R)
   2.3  296.4 v u_tree.g_lv[1].g_add[5].u_add.g_w11.u.y[10]$_DFF_PN0_/D (DFFASRHQNx1_ASAP7_75t_R)
        296.4   data arrival time

   0.0    0.0   clock clk (rise edge)
 262.6  262.6   clock network delay (propagated)
  25.0  287.6   clock uncertainty
  -2.8  284.8   clock reconvergence pessimism
        284.8 ^ u_tree.g_lv[1].g_add[5].u_add.g_w11.u.y[10]$_DFF_PN0_/CLK (DFFASRHQNx1_ASAP7_75t_R)
  12.5  297.3   library hold time
        297.3   data required time
-------------------------------------------------------
        297.3   data required time
       -296.4   data arrival time
-------------------------------------------------------
         -0.9   slack (VIOLATED)


