%Warning-TIMESCALEMOD: /tmp/peirce-s81-native-HE-bootstrap-20261004-r1/source/rtl/test/s81_native_he_bootstrap/native_leaves.sv:2:8: Timescale missing on this module as other modules have it (IEEE 1800-2023 3.14.2.3)
    2 | module s81_native_he_bootstrap (
      |        ^~~~~~~~~~~~~~~~~~~~~~~
                       /tmp/peirce-s81-native-HE-bootstrap-20261004-r1/source/rtl/hdc/v41x/ot_hdc_v41x_he_adapt.sv:28:8: ... Location of module with timescale
   28 | module ot_hdc_v41x_he_adapt #(
      |        ^~~~~~~~~~~~~~~~~~~~
                       ... For warning description see https://verilator.org/warn/TIMESCALEMOD?v=5.050
                       ... Use "/* verilator lint_off TIMESCALEMOD */" and lint_on around source to disable this message.
%Warning-WIDTHTRUNC: /tmp/peirce-s81-native-HE-bootstrap-20261004-r1/source/rtl/hdc/v41x/ot_hdc_v41x_hcp.sv:157:26: Operator VAR 'WNV' expects 4 bits on the Initial value, but Initial value's VARREF 'W' generates 32 bits.
                                                                                                                  : ... note: In instance 's81_native_he_bootstrap.he.u_hcp'
  157 |     localparam [NVW-1:0] WNV = W;
      |                          ^~~
                     ... For warning description see https://verilator.org/warn/WIDTHTRUNC?v=5.050
                     ... Use "/* verilator lint_off WIDTHTRUNC */" and lint_on around source to disable this message.
%Error-MODMISSING: /tmp/peirce-s81-native-HE-bootstrap-20261004-r1/source/rtl/hdc/v41/ot_hdc_fdiv.sv:44:5: Cannot find file containing module: 'ot_hdc_vline'
   44 |     ot_hdc_vline #(.D(DEPTH)) u_v (.clk(clk), .rst_n(rst_n), .v(v), .vd(vd));
      |     ^~~~~~~~~~~~
                   ... For error description see https://verilator.org/warn/MODMISSING?v=5.050
                   ... This may be because there's no search path specified with -I<dir>.
                   ... Looked in:
                        ot_hdc_vline
                        ot_hdc_vline.v
                        ot_hdc_vline.sv
                        /tmp/peirce-s81-native-HE-bootstrap-20261004-r1/output/obj/ot_hdc_vline
                        /tmp/peirce-s81-native-HE-bootstrap-20261004-r1/output/obj/ot_hdc_vline.v
                        /tmp/peirce-s81-native-HE-bootstrap-20261004-r1/output/obj/ot_hdc_vline.sv
                   ... With current working directory '/tmp/peirce-s81-native-HE-bootstrap-20261004-r1/source'
%Warning-WIDTHEXPAND: /tmp/peirce-s81-native-HE-bootstrap-20261004-r1/source/rtl/hdc/v41/ot_hdc_fdiv.sv:54:47: Operator SUB expects 10 bits on the LHS, but LHS's VARREF 'e' generates 8 bits.
                                                                                                             : ... note: In instance 's81_native_he_bootstrap.he.u_hcp.u_div'
   54 |             if (e != 8'd0) norm = {1'b1, f, e - 10'sd127};
      |                                               ^
                      ... For warning description see https://verilator.org/warn/WIDTHEXPAND?v=5.050
                      ... Use "/* verilator lint_off WIDTHEXPAND */" and lint_on around source to disable this message.
%Warning-WIDTHEXPAND: /tmp/peirce-s81-native-HE-bootstrap-20261004-r1/source/rtl/hdc/v41x/ot_hdc_v41x_hcp.sv:148:43: Operator ADD expects 32 bits on the LHS, but LHS's VARREF 'cmd_nchunk' generates 21 bits.
                                                                                                                   : ... note: In instance 's81_native_he_bootstrap.he.u_hcp'
  148 |     wire [CW-1:0]    nrun_c = (cmd_nchunk + W - 1) >> LW;
      |                                           ^
%Warning-WIDTHTRUNC: /tmp/peirce-s81-native-HE-bootstrap-20261004-r1/source/rtl/hdc/v41x/ot_hdc_v41x_hcp.sv:148:29: Operator ASSIGNW expects 21 bits on the Assign RHS, but Assign RHS's SHIFTR generates 32 bits.
                                                                                                                  : ... note: In instance 's81_native_he_bootstrap.he.u_hcp'
  148 |     wire [CW-1:0]    nrun_c = (cmd_nchunk + W - 1) >> LW;
      |                             ^
%Warning-WIDTHEXPAND: /tmp/peirce-s81-native-HE-bootstrap-20261004-r1/source/rtl/hdc/v41x/ot_hdc_v41x_hcp.sv:151:40: Operator LT expects 32 bits on the LHS, but LHS's VARREF 'acc_cnt' generates 6 bits.
                                                                                                                   : ... note: In instance 's81_native_he_bootstrap.he.u_hcp'
  151 |     wire             credit = (acc_cnt < DF);
      |                                        ^
%Warning-WIDTHEXPAND: /tmp/peirce-s81-native-HE-bootstrap-20261004-r1/source/rtl/hdc/v41x/ot_hdc_v41x_hcp.sv:176:55: Operator SUB expects 32 bits on the LHS, but LHS's VARREF 'cmd_nchunk' generates 21 bits.
                                                                                                                   : ... note: In instance 's81_native_he_bootstrap.he.u_hcp'
  176 |             nrun_r <= nrun_c; nlast_r <= ((cmd_nchunk - 1'b1) & (W - 1)) + 1'b1;
      |                                                       ^
%Warning-WIDTHTRUNC: /tmp/peirce-s81-native-HE-bootstrap-20261004-r1/source/rtl/hdc/v41x/ot_hdc_v41x_hcp.sv:176:39: Operator ASSIGNDLY expects 21 bits on the Assign RHS, but Assign RHS's ADD generates 32 bits.
                                                                                                                  : ... note: In instance 's81_native_he_bootstrap.he.u_hcp'
  176 |             nrun_r <= nrun_c; nlast_r <= ((cmd_nchunk - 1'b1) & (W - 1)) + 1'b1;
      |                                       ^~
%Warning-WIDTHEXPAND: /tmp/peirce-s81-native-HE-bootstrap-20261004-r1/source/rtl/hdc/v41x/ot_hdc_v41x_hcp.sv:186:91: Operator ADD expects 21 bits on the LHS, but LHS's VARREF 'xpos' generates 16 bits.
                                                                                                                   : ... note: In instance 's81_native_he_bootstrap.he.u_hcp'
  186 |                     o <= 0; p <= p + 1'b1; ssph <= scale_r; wcur <= wbase_r; xpos <= xpos + nrun_r;
      |                                                                                           ^
%Warning-WIDTHTRUNC: /tmp/peirce-s81-native-HE-bootstrap-20261004-r1/source/rtl/hdc/v41x/ot_hdc_v41x_hcp.sv:186:83: Operator ASSIGNDLY expects 16 bits on the Assign RHS, but Assign RHS's ADD generates 21 bits.
                                                                                                                  : ... note: In instance 's81_native_he_bootstrap.he.u_hcp'
  186 |                     o <= 0; p <= p + 1'b1; ssph <= scale_r; wcur <= wbase_r; xpos <= xpos + nrun_r;
      |                                                                                   ^~
%Warning-WIDTHTRUNC: /tmp/peirce-s81-native-HE-bootstrap-20261004-r1/source/rtl/hdc/v41x/ot_hdc_v41x_hcp.sv:196:24: Operator ASSIGNDLY expects 3 bits on the Assign RHS, but Assign RHS's DIV generates 32 or 5 bits.
                                                                                                                  : ... note: In instance 's81_native_he_bootstrap.he.u_hcp'
  196 |         d0[F_GRP +: 3] <= ph24 / 3;
      |                        ^~
%Warning-WIDTHEXPAND: /tmp/peirce-s81-native-HE-bootstrap-20261004-r1/source/rtl/hdc/v41x/ot_hdc_v41x_hcp.sv:199:32: Operator ADD expects 21 bits on the LHS, but LHS's VARREF 'xpos' generates 16 bits.
                                                                                                                   : ... note: In instance 's81_native_he_bootstrap.he.u_hcp'
  199 |         d0[F_XA +: AW] <= xpos + r;
      |                                ^
%Warning-WIDTHTRUNC: /tmp/peirce-s81-native-HE-bootstrap-20261004-r1/source/rtl/hdc/v41x/ot_hdc_v41x_hcp.sv:199:24: Operator ASSIGNDLY expects 16 bits on the Assign RHS, but Assign RHS's ADD generates 21 bits.
                                                                                                                  : ... note: In instance 's81_native_he_bootstrap.he.u_hcp'
  199 |         d0[F_XA +: AW] <= xpos + r;
      |                        ^~
%Warning-WIDTHEXPAND: /tmp/peirce-s81-native-HE-bootstrap-20261004-r1/source/rtl/hdc/v41x/ot_hdc_v41x_hcp.sv:468:40: Operator ADD expects 32 bits on the LHS, but LHS's REPLICATE generates 5 bits.
                                                                                                                   : ... note: In instance 's81_native_he_bootstrap.he.u_hcp'
  468 |     wire        o_room = ({1'b0, oinf} + {1'b0, ocnt} + {4'd0, o_valid}) < OQ;
      |                                        ^
%Warning-WIDTHEXPAND: /tmp/peirce-s81-native-HE-bootstrap-20261004-r1/source/rtl/hdc/v41x/ot_hdc_v41x_hcp.sv:468:40: Operator ADD expects 32 bits on the RHS, but RHS's REPLICATE generates 5 bits.
                                                                                                                   : ... note: In instance 's81_native_he_bootstrap.he.u_hcp'
  468 |     wire        o_room = ({1'b0, oinf} + {1'b0, ocnt} + {4'd0, o_valid}) < OQ;
      |                                        ^
%Warning-WIDTHEXPAND: /tmp/peirce-s81-native-HE-bootstrap-20261004-r1/source/rtl/hdc/v41x/ot_hdc_v41x_hcp.sv:468:55: Operator ADD expects 32 bits on the RHS, but RHS's REPLICATE generates 5 bits.
                                                                                                                   : ... note: In instance 's81_native_he_bootstrap.he.u_hcp'
  468 |     wire        o_room = ({1'b0, oinf} + {1'b0, ocnt} + {4'd0, o_valid}) < OQ;
      |                                                       ^
%Warning-WIDTHEXPAND: /tmp/peirce-s81-native-HE-bootstrap-20261004-r1/source/rtl/hdc/v41x/ot_hdc_v41x_hcp.sv:493:38: Operator EQ expects 32 bits on the LHS, but LHS's VARREF 'oq_wp' generates 4 bits.
                                                                                                                   : ... note: In instance 's81_native_he_bootstrap.he.u_hcp'
  493 |             if (ovo) oq_wp <= (oq_wp == OQ - 1) ? 4'd0 : oq_wp + 4'd1;
      |                                      ^~
%Warning-WIDTHEXPAND: /tmp/peirce-s81-native-HE-bootstrap-20261004-r1/source/rtl/hdc/v41x/ot_hdc_v41x_hcp.sv:494:41: Operator EQ expects 32 bits on the LHS, but LHS's VARREF 'oq_rp' generates 4 bits.
                                                                                                                   : ... note: In instance 's81_native_he_bootstrap.he.u_hcp'
  494 |             if (o_load) oq_rp <= (oq_rp == OQ - 1) ? 4'd0 : oq_rp + 4'd1;
      |                                         ^~
%Warning-WIDTHTRUNC: /tmp/peirce-s81-native-HE-bootstrap-20261004-r1/source/rtl/hdc/v41x/ot_hdc_v41x_hcp.sv:503:20: Bit extraction of array[7:0] requires 3 bit index, not 4 bits.
                                                                                                                  : ... note: In instance 's81_native_he_bootstrap.he.u_hcp'
  503 |         if (ovo) oq[oq_wp] <= {otag, oy};
      |                    ^
%Warning-WIDTHTRUNC: /tmp/peirce-s81-native-HE-bootstrap-20261004-r1/source/rtl/hdc/v41x/ot_hdc_v41x_hcp.sv:504:57: Bit extraction of array[7:0] requires 3 bit index, not 4 bits.
                                                                                                                  : ... note: In instance 's81_native_he_bootstrap.he.u_hcp'
  504 |         if (o_load) {o_last, o_pos, o_idx, o_data} <= oq[oq_rp];
      |                                                         ^
%Error-MODMISSING: /tmp/peirce-s81-native-HE-bootstrap-20261004-r1/source/rtl/hdc/ot_hdc_vreduce.sv:93:5: Cannot find file containing module: 'ot_hdc_vline'
   93 |     ot_hdc_vline #(.D(LM)) u_vq (.clk(clk), .rst_n(rst_n), .v(v_in), .vd(vqs));
      |     ^~~~~~~~~~~~
%Error-MODMISSING: /tmp/peirce-s81-native-HE-bootstrap-20261004-r1/source/rtl/hdc/ot_hdc_vreduce.sv:111:5: Cannot find file containing module: 'ot_hdc_vline'
  111 |     ot_hdc_vline #(.D(CD)) u_vch (.clk(clk), .rst_n(rst_n), .v(c_v), .vd(vch));
      |     ^~~~~~~~~~~~
%Error-MODMISSING: /tmp/peirce-s81-native-HE-bootstrap-20261004-r1/source/rtl/hdc/ot_hdc_vreduce.sv:113:5: Cannot find file containing module: 'ot_hdc_vline'
  113 |     ot_hdc_vline #(.D(CD)) u_mxl (.clk(clk), .rst_n(rst_n), .v(c_v && c_mx), .vd(mxl));
      |     ^~~~~~~~~~~~
%Error-MODMISSING: /tmp/peirce-s81-native-HE-bootstrap-20261004-r1/source/rtl/hdc/ot_hdc_vreduce.sv:147:9: Cannot find file containing module: 'ot_hdc_vline'
  147 |         ot_hdc_vline #(.D(LA)) u_vd (.clk(clk), .rst_n(rst_n), .v(tv[lv-1]), .vd(vd));
      |         ^~~~~~~~~~~~
%Error-MODMISSING: /tmp/peirce-s81-native-HE-bootstrap-20261004-r1/source/rtl/hdc/ot_hdc_vreduce.sv:210:9: Cannot find file containing module: 'ot_hdc_vline'
  210 |         ot_hdc_vline #(.D(LA)) u_vd (.clk(clk), .rst_n(rst_n), .v(pair || pass), .vd(vd));
      |         ^~~~~~~~~~~~
%Warning-WIDTHTRUNC: /tmp/peirce-s81-native-HE-bootstrap-20261004-r1/source/rtl/hdc/v41x/ot_hdc_v41x_he_adapt.sv:119:43: Operator ASSIGNDLY expects 2 bits on the Assign RHS, but Assign RHS's COND generates 3 bits.
                                                                                                                       : ... note: In instance 's81_native_he_bootstrap.he'
  119 |             xps <= i_xps; ops <= i_ops; m <= (i_m == 3'd0) ? 3'd1 : i_m;
      |                                           ^~
%Warning-WIDTHEXPAND: /tmp/peirce-s81-native-HE-bootstrap-20261004-r1/source/rtl/hdc/v41x/ot_hdc_v41x_he_adapt.sv:120:26: Operator ADD expects 32 bits on the LHS, but LHS's VARREF 'i_k' generates 21 bits.
                                                                                                                        : ... note: In instance 's81_native_he_bootstrap.he'
  120 |             nrun <= (i_k + HW - 1) >> LHW;
      |                          ^
%Warning-WIDTHTRUNC: /tmp/peirce-s81-native-HE-bootstrap-20261004-r1/source/rtl/hdc/v41x/ot_hdc_v41x_he_adapt.sv:120:18: Operator ASSIGNDLY expects 21 bits on the Assign RHS, but Assign RHS's SHIFTR generates 32 bits.
                                                                                                                       : ... note: In instance 's81_native_he_bootstrap.he'
  120 |             nrun <= (i_k + HW - 1) >> LHW;
      |                  ^~
%Warning-WIDTHEXPAND: /tmp/peirce-s81-native-HE-bootstrap-20261004-r1/source/rtl/hdc/v41x/ot_hdc_v41x_he_adapt.sv:123:41: Operator ADD expects 32 bits on the LHS, but LHS's VARREF 'xbase' generates 30 bits.
                                                                                                                        : ... note: In instance 's81_native_he_bootstrap.he'
  123 |             x_addr[c*AW +: AW] <= xbase + lp * xps + lc * 8 + c;
      |                                         ^
%Warning-WIDTHTRUNC: /tmp/peirce-s81-native-HE-bootstrap-20261004-r1/source/rtl/hdc/v41x/ot_hdc_v41x_he_adapt.sv:123:32: Operator ASSIGNDLY expects 30 bits on the Assign RHS, but Assign RHS's ADD generates 32 bits.
                                                                                                                       : ... note: In instance 's81_native_he_bootstrap.he'
  123 |             x_addr[c*AW +: AW] <= xbase + lp * xps + lc * 8 + c;
      |                                ^~
%Warning-WIDTHTRUNC: /tmp/peirce-s81-native-HE-bootstrap-20261004-r1/source/rtl/hdc/v41x/ot_hdc_v41x_he_adapt.sv:125:16: Operator ASSIGNDLY expects 10 bits on the Assign RHS, but Assign RHS's ADD generates 21 bits.
                                                                                                                       : ... note: In instance 's81_native_he_bootstrap.he'
  125 |         l_word <= lp * nrun + (lc >> LHW);
      |                ^~
%Warning-WIDTHEXPAND: /tmp/peirce-s81-native-HE-bootstrap-20261004-r1/source/rtl/hdc/v41x/ot_hdc_v41x_he_adapt.sv:137:28: Operator ADD expects 32 bits on the RHS, but RHS's VARREF 'l2_word' generates 10 bits.
                                                                                                                        : ... note: In instance 's81_native_he_bootstrap.he'
  137 |                 xb[(b * XD + l2_word) * HW + l2_lane] <= x_q[32*b + 16 +: 16];
      |                            ^
%Warning-WIDTHEXPAND: /tmp/peirce-s81-native-HE-bootstrap-20261004-r1/source/rtl/hdc/v41x/ot_hdc_v41x_he_adapt.sv:137:44: Operator ADD expects 32 bits on the RHS, but RHS's VARREF 'l2_lane' generates 3 bits.
                                                                                                                        : ... note: In instance 's81_native_he_bootstrap.he'
  137 |                 xb[(b * XD + l2_word) * HW + l2_lane] <= x_q[32*b + 16 +: 16];
      |                                            ^
%Warning-WIDTHEXPAND: /tmp/peirce-s81-native-HE-bootstrap-20261004-r1/source/rtl/hdc/v41x/ot_hdc_v41x_he_adapt.sv:158:65: Operator ADD expects 32 bits on the RHS, but RHS's SEL generates 10 bits.
                                                                                                                        : ... note: In instance 's81_native_he_bootstrap.he'
  158 |                     ex_data[16*(HW*b + bl) +: 16] <= xb[(b * XD + ex_addr[BAW*b +: XAW]) * HW + bl];
      |                                                                 ^
%Warning-WIDTHEXPAND: /tmp/peirce-s81-native-HE-bootstrap-20261004-r1/source/rtl/hdc/v41x/ot_hdc_v41x_he_adapt.sv:174:47: Operator ADD expects 30 bits on the RHS, but RHS's VARREF 'o_idx' generates 5 bits.
                                                                                                                        : ... note: In instance 's81_native_he_bootstrap.he'
  174 |         o_addr[AW-1:0] <= obase + o_pos * ops + o_idx;
      |                                               ^
%Error: Exiting due to 6 error(s)
