[detached HEAD da9870213] Bind D1 PC24 predicate and watchdog to exact qualified service calendar
 Date: Fri Oct 2 06:00:49 2026 +0000
 4 files changed, 788 insertions(+)
 create mode 100644 results/uarch/w17_D1_PC24_inputs_20261002/record.json
 create mode 100644 results/uarch/w17_D1_PC24_inputs_20261002/tests.log
 create mode 100644 tests/test_w17_D1_PC24_inputs.py
 create mode 100644 tools/w17_D1_PC24_inputs.py
[detached HEAD f957cbfec] Pin measured compile resources and reuse exact32-intent writer calendar
 Date: Fri Oct 2 06:05:41 2026 +0000
 4 files changed, 1571 insertions(+)
 create mode 100644 results/uarch/w17_owner_progress_resource_r2_20261002/model.json
 create mode 100644 results/uarch/w17_owner_progress_resource_r2_20261002/tests.log
 create mode 100644 tests/test_w17_owner_progress_resource_r2.py
 create mode 100644 tools/w17_owner_progress_resource_r2.py
[detached HEAD c887529c8] Archive complete D1 resource replay inputs and add opt-in portable test closure
 Date: Fri Oct 2 06:21:55 2026 +0000
 157 files changed, 74891 insertions(+)
 create mode 100644 results/uarch/w17_owner_progress_archival_closure_20261002/baseline/binary_transfer.json
 create mode 100644 results/uarch/w17_owner_progress_archival_closure_20261002/manifest.json
 create mode 100644 results/uarch/w17_owner_progress_archival_closure_20261002/original4e383/rtl/hdc/v41x/ot_hdc_v41x_idx_hbm.sv
 create mode 100644 results/uarch/w17_owner_progress_archival_closure_20261002/original4e383/rtl/test/v41_runtime/w17_current_fastpp_die_rt.cpp
 create mode 100644 results/uarch/w17_owner_progress_archival_closure_20261002/owner/results/uarch/w17_window_epoch9_producer_prediction_20261001_attempt3/L0_no_retain_events.jsonl
 create mode 100644 results/uarch/w17_owner_progress_archival_closure_20261002/owner/results/uarch/w17_window_epoch9_producer_prediction_20261001_attempt3/prediction.json
 create mode 100644 results/uarch/w17_owner_progress_archival_closure_20261002/owner/results/uarch/w17_window_epoch9_reproducible_prediction_20261001/run1/credit1_events.jsonl
 create mode 100644 results/uarch/w17_owner_progress_archival_closure_20261002/owner/results/uarch/w17_window_epoch9_reproducible_prediction_20261001/run1/prediction.json
 create mode 100644 results/uarch/w17_owner_progress_archival_closure_20261002/owner/tools/w17_window_epoch9_producer_prediction.py
 create mode 100644 results/uarch/w17_owner_progress_archival_closure_20261002/owner/tools/w17_window_epoch9_timing_model.py
 create mode 100644 results/uarch/w17_owner_progress_archival_closure_20261002/profile/frontend_profile.json
 create mode 100644 results/uarch/w17_owner_progress_archival_closure_20261002/profile_sources/physical/asap7_memory_macros/ot_sram_1r1w_256x256_m2_r2c2/ot_sram_1r1w_256x256_m2_r2c2.v
 create mode 100644 results/uarch/w17_owner_progress_archival_closure_20261002/profile_sources/rtl/chip/ot_chip_v41x_attn_desc_lifecycle.sv
 create mode 100644 results/uarch/w17_owner_progress_archival_closure_20261002/profile_sources/rtl/chip/ot_chip_v41x_attn_row_merge.sv
 create mode 100644 results/uarch/w17_owner_progress_archival_closure_20261002/profile_sources/rtl/chip/ot_chip_v41x_coll_transpose.sv
 create mode 100644 results/uarch/w17_owner_progress_archival_closure_20261002/profile_sources/rtl/chip/ot_chip_v41x_hbm3e_phy.sv
 create mode 100644 results/uarch/w17_owner_progress_archival_closure_20261002/profile_sources/rtl/chip/ot_chip_v41x_hbm_karb.sv
 create mode 100644 results/uarch/w17_owner_progress_archival_closure_20261002/profile_sources/rtl/chip/ot_chip_v41x_hbm_karb_local.sv
 create mode 100644 results/uarch/w17_owner_progress_archival_closure_20261002/profile_sources/rtl/chip/ot_chip_v41x_hbm_rsp_pipe.sv
 create mode 100644 results/uarch/w17_owner_progress_archival_closure_20261002/profile_sources/rtl/chip/ot_chip_v41x_karb_q2.sv
 create mode 100644 results/uarch/w17_owner_progress_archival_closure_20261002/profile_sources/rtl/chip/ot_chip_v41x_karb_qn.sv
 create mode 100644 results/uarch/w17_owner_progress_archival_closure_20261002/profile_sources/rtl/chip/ot_chip_v41x_karb_region.sv
 create mode 100644 results/uarch/w17_owner_progress_archival_closure_20261002/profile_sources/rtl/chip/ot_chip_v41x_karb_region_kq.sv
 create mode 100644 results/uarch/w17_owner_progress_archival_closure_20261002/profile_sources/rtl/chip/ot_chip_v41x_karb_slice.sv
 create mode 100644 results/uarch/w17_owner_progress_archival_closure_20261002/profile_sources/rtl/chip/ot_chip_v41x_karb_stack_ep.sv
 create mode 100644 results/uarch/w17_owner_progress_archival_closure_20261002/profile_sources/rtl/chip/ot_chip_v41x_kv_prefetch.sv
 create mode 100644 results/uarch/w17_owner_progress_archival_closure_20261002/profile_sources/rtl/chip/ot_chip_v41x_kv_reqmux.sv
 create mode 100644 results/uarch/w17_owner_progress_archival_closure_20261002/profile_sources/rtl/chip/ot_chip_v41x_kv_rope_reqmux.sv
 create mode 100644 results/uarch/w17_owner_progress_archival_closure_20261002/profile_sources/rtl/chip/ot_chip_v41x_rope_hbm_cache.sv
 create mode 100644 results/uarch/w17_owner_progress_archival_closure_20261002/profile_sources/rtl/chip/ot_chip_v41x_rope_region_guard.sv
 create mode 100644 results/uarch/w17_owner_progress_archival_closure_20261002/profile_sources/rtl/chip/ot_chip_v41x_rope_su_word.sv
 create mode 100644 results/uarch/w17_owner_progress_archival_closure_20261002/profile_sources/rtl/chip/ot_chip_v41x_window_attn_source.sv
 create mode 100644 results/uarch/w17_owner_progress_archival_closure_20261002/profile_sources/rtl/chip/ot_chip_v41x_window_block_guard.sv
 create mode 100644 results/uarch/w17_owner_progress_archival_closure_20261002/profile_sources/rtl/chip/ot_chip_v41x_window_kv_prefetch.sv
 create mode 100644 results/uarch/w17_owner_progress_archival_closure_20261002/profile_sources/rtl/chip/ot_chip_v41x_window_refill_schedule.sv
 create mode 100644 results/uarch/w17_owner_progress_archival_closure_20261002/profile_sources/rtl/chip/ot_chip_v41x_window_retention.sv
 create mode 100644 results/uarch/w17_owner_progress_archival_closure_20261002/profile_sources/rtl/chip/ot_chip_v41x_window_row_codec.sv
 create mode 100644 results/uarch/w17_owner_progress_archival_closure_20261002/profile_sources/rtl/chip/ot_chip_v41x_window_stage4.sv
 create mode 100644 results/uarch/w17_owner_progress_archival_closure_20261002/profile_sources/rtl/chip/ot_chip_v41x_window_stream.sv
 create mode 100644 results/uarch/w17_owner_progress_archival_closure_20261002/profile_sources/rtl/chip/ot_coll_topk_merge.sv
 create mode 100644 results/uarch/w17_owner_progress_archival_closure_20261002/profile_sources/rtl/chip/ot_w15_coll_dma.sv
 create mode 100644 results/uarch/w17_owner_progress_archival_closure_20261002/profile_sources/rtl/common/ot_prefix.sv
 create mode 100644 results/uarch/w17_owner_progress_archival_closure_20261002/profile_sources/rtl/hdc/hbm/ot_hdc_qstream.sv
 create mode 100644 results/uarch/w17_owner_progress_archival_closure_20261002/profile_sources/rtl/hdc/kv/ot_hdc_hbm_model.sv
 create mode 100644 results/uarch/w17_owner_progress_archival_closure_20261002/profile_sources/rtl/hdc/ot_hdc_accept.sv
 create mode 100644 results/uarch/w17_owner_progress_archival_closure_20261002/profile_sources/rtl/hdc/ot_hdc_cg.sv
 create mode 100644 results/uarch/w17_owner_progress_archival_closure_20261002/profile_sources/rtl/hdc/ot_hdc_delay.sv
 create mode 100644 results/uarch/w17_owner_progress_archival_closure_20261002/profile_sources/rtl/hdc/ot_hdc_fastfp.sv
 create mode 100644 results/uarch/w17_owner_progress_archival_closure_20261002/profile_sources/rtl/hdc/ot_hdc_fastfp_lat.sv
 create mode 100644 results/uarch/w17_owner_progress_archival_closure_20261002/profile_sources/rtl/hdc/ot_hdc_fp32_add_lat.sv
 create mode 100644 results/uarch/w17_owner_progress_archival_closure_20261002/profile_sources/rtl/hdc/ot_hdc_fp32_mul_pipe.sv
 create mode 100644 results/uarch/w17_owner_progress_archival_closure_20261002/profile_sources/rtl/hdc/ot_hdc_fpu.sv
 create mode 100644 results/uarch/w17_owner_progress_archival_closure_20261002/profile_sources/rtl/hdc/ot_hdc_reduce.sv
 create mode 100644 results/uarch/w17_owner_progress_archival_closure_20261002/profile_sources/rtl/hdc/ot_hdc_sfu.sv
 create mode 100644 results/uarch/w17_owner_progress_archival_closure_20261002/profile_sources/rtl/hdc/v41/ot_hdc_actquant.sv
 create mode 100644 results/uarch/w17_owner_progress_archival_closure_20261002/profile_sources/rtl/hdc/v41/ot_hdc_blockdot.sv
 create mode 100644 results/uarch/w17_owner_progress_archival_closure_20261002/profile_sources/rtl/hdc/v41/ot_hdc_chunk8_stack.sv
 create mode 100644 results/uarch/w17_owner_progress_archival_closure_20261002/profile_sources/rtl/hdc/v41/ot_hdc_engram_hash.sv
 create mode 100644 results/uarch/w17_owner_progress_archival_closure_20261002/profile_sources/rtl/hdc/v41/ot_hdc_engram_tables_pkg.sv
 create mode 100644 results/uarch/w17_owner_progress_archival_closure_20261002/profile_sources/rtl/hdc/v41/ot_hdc_fdiv.sv
 create mode 100644 results/uarch/w17_owner_progress_archival_closure_20261002/profile_sources/rtl/hdc/v41/ot_hdc_fp4qdq.sv
 create mode 100644 results/uarch/w17_owner_progress_archival_closure_20261002/profile_sources/rtl/hdc/v41/ot_hdc_fsqrt.sv
 create mode 100644 results/uarch/w17_owner_progress_archival_closure_20261002/profile_sources/rtl/hdc/v41/ot_hdc_select.sv
 create mode 100644 results/uarch/w17_owner_progress_archival_closure_20261002/profile_sources/rtl/hdc/v41/ot_hdc_sinkhorn.sv
 create mode 100644 results/uarch/w17_owner_progress_archival_closure_20261002/profile_sources/rtl/hdc/v41/ot_hdc_sinkhorn_mc.sv
 create mode 100644 results/uarch/w17_owner_progress_archival_closure_20261002/profile_sources/rtl/hdc/v41/ot_hdc_sinkhorn_seq.sv
 create mode 100644 results/uarch/w17_owner_progress_archival_closure_20261002/profile_sources/rtl/hdc/v41/ot_hdc_sk_arith.sv
 create mode 100644 results/uarch/w17_owner_progress_archival_closure_20261002/profile_sources/rtl/hdc/v41/ot_hdc_sk_recip_rom.sv
 create mode 100644 results/uarch/w17_owner_progress_archival_closure_20261002/profile_sources/rtl/hdc/v41/ot_hdc_softplus.sv
 create mode 100644 results/uarch/w17_owner_progress_archival_closure_20261002/profile_sources/rtl/hdc/v41/ot_hdc_v41_hcproj.sv
 create mode 100644 results/uarch/w17_owner_progress_archival_closure_20261002/profile_sources/rtl/hdc/v41/ot_hdc_v41_matvec.sv
 create mode 100644 results/uarch/w17_owner_progress_archival_closure_20261002/profile_sources/rtl/hdc/v41/ot_hdc_v41_qe.sv
 create mode 100644 results/uarch/w17_owner_progress_archival_closure_20261002/profile_sources/rtl/hdc/v41/ot_hdc_v41_stream.sv
 create mode 100644 results/uarch/w17_owner_progress_archival_closure_20261002/profile_sources/rtl/hdc/v41/ot_hdc_v41_xu.sv
 create mode 100644 results/uarch/w17_owner_progress_archival_closure_20261002/profile_sources/rtl/hdc/v41x/ot_hdc_v41x_attn.sv
 create mode 100644 results/uarch/w17_owner_progress_archival_closure_20261002/profile_sources/rtl/hdc/v41x/ot_hdc_v41x_attn_staging.sv
 create mode 100644 results/uarch/w17_owner_progress_archival_closure_20261002/profile_sources/rtl/hdc/v41x/ot_hdc_v41x_attn_tile.sv
 create mode 100644 results/uarch/w17_owner_progress_archival_closure_20261002/profile_sources/rtl/hdc/v41x/ot_hdc_v41x_egather.sv
 create mode 100644 results/uarch/w17_owner_progress_archival_closure_20261002/profile_sources/rtl/hdc/v41x/ot_hdc_v41x_hcp.sv
 create mode 100644 results/uarch/w17_owner_progress_archival_closure_20261002/profile_sources/rtl/hdc/v41x/ot_hdc_v41x_he_adapt.sv
 create mode 100644 results/uarch/w17_owner_progress_archival_closure_20261002/profile_sources/rtl/hdc/v41x/ot_hdc_v41x_idx.sv
 create mode 100644 results/uarch/w17_owner_progress_archival_closure_20261002/profile_sources/rtl/hdc/v41x/ot_hdc_v41x_idx_adapt.sv
 create mode 100644 results/uarch/w17_owner_progress_archival_closure_20261002/profile_sources/rtl/hdc/v41x/ot_hdc_v41x_idx_arith.sv
 create mode 100644 results/uarch/w17_owner_progress_archival_closure_20261002/profile_sources/rtl/hdc/v41x/ot_hdc_v41x_idx_hbm.sv
 create mode 100644 results/uarch/w17_owner_progress_archival_closure_20261002/profile_sources/rtl/hdc/v41x/ot_hdc_v41x_idx_hsum.sv
 create mode 100644 results/uarch/w17_owner_progress_archival_closure_20261002/profile_sources/rtl/hdc/v41x/ot_hdc_v41x_idx_kstream.sv
 create mode 100644 results/uarch/w17_owner_progress_archival_closure_20261002/profile_sources/rtl/hdc/v41x/ot_hdc_v41x_idx_pcol.sv
 create mode 100644 results/uarch/w17_owner_progress_archival_closure_20261002/profile_sources/rtl/hdc/v41x/ot_hdc_v41x_idx_pool_adapt.sv
 create mode 100644 results/uarch/w17_owner_progress_archival_closure_20261002/profile_sources/rtl/hdc/v41x/ot_hdc_v41x_idx_pool_batch.sv
 create mode 100644 results/uarch/w17_owner_progress_archival_closure_20261002/profile_sources/rtl/hdc/v41x/ot_hdc_v41x_idx_pool_finish.sv
 create mode 100644 results/uarch/w17_owner_progress_archival_closure_20261002/profile_sources/rtl/hdc/v41x/ot_hdc_v41x_idx_pool_hbm_bridge.sv
 create mode 100644 results/uarch/w17_owner_progress_archival_closure_20261002/profile_sources/rtl/hdc/v41x/ot_hdc_v41x_idx_pool_kwr.sv
 create mode 100644 results/uarch/w17_owner_progress_archival_closure_20261002/profile_sources/rtl/hdc/v41x/ot_hdc_v41x_idx_pool_replica.sv
 create mode 100644 results/uarch/w17_owner_progress_archival_closure_20261002/profile_sources/rtl/hdc/v41x/ot_hdc_v41x_idx_shard_addr.sv
 create mode 100644 results/uarch/w17_owner_progress_archival_closure_20261002/profile_sources/rtl/hdc/v41x/ot_hdc_v41x_idx_shard_reader.sv
 create mode 100644 results/uarch/w17_owner_progress_archival_closure_20261002/profile_sources/rtl/hdc/v41x/ot_hdc_v41x_me_adapt.sv
 create mode 100644 results/uarch/w17_owner_progress_archival_closure_20261002/profile_sources/rtl/hdc/v41x/ot_hdc_v41x_me_xbank.sv
 create mode 100644 results/uarch/w17_owner_progress_archival_closure_20261002/profile_sources/rtl/hdc/v41x/ot_hdc_v41x_me_xbank_macro.sv
 create mode 100644 results/uarch/w17_owner_progress_archival_closure_20261002/profile_sources/rtl/hdc/v41x/ot_hdc_v41x_qrom_compact_word.sv
 create mode 100644 results/uarch/w17_owner_progress_archival_closure_20261002/profile_sources/rtl/hdc/v41x/ot_hdc_v41x_sel.sv
 create mode 100644 results/uarch/w17_owner_progress_archival_closure_20261002/profile_sources/rtl/hdc/v41x/ot_hdc_v41x_sel_lib.sv
 create mode 100644 results/uarch/w17_owner_progress_archival_closure_20261002/profile_sources/rtl/hdc/v41x/ot_hdc_v41x_sel_slice.sv
 create mode 100644 results/uarch/w17_owner_progress_archival_closure_20261002/profile_sources/rtl/hdc/v41x/ot_hdc_v41x_sfu.sv
 create mode 100644 results/uarch/w17_owner_progress_archival_closure_20261002/profile_sources/rtl/hdc/v41x/ot_hdc_v41x_su_adapt.sv
 create mode 100644 results/uarch/w17_owner_progress_archival_closure_20261002/profile_sources/rtl/hdc/v41x/ot_hdc_v41x_vec.sv
 create mode 100644 results/uarch/w17_owner_progress_archival_closure_20261002/profile_sources/rtl/hdc/v41x/ot_hdc_v41x_vec_lane.sv
 create mode 100644 results/uarch/w17_owner_progress_archival_closure_20261002/profile_sources/rtl/hdc/v41x/ot_hdc_v41x_vec_red.sv
 create mode 100644 results/uarch/w17_owner_progress_archival_closure_20261002/profile_sources/rtl/hdc/v41x/ot_hdc_v41x_vec_side.sv
 create mode 100644 results/uarch/w17_owner_progress_archival_closure_20261002/profile_sources/rtl/hdc/v41x/ot_hdc_v41x_wgt_bdot.sv
 create mode 100644 results/uarch/w17_owner_progress_archival_closure_20261002/profile_sources/rtl/hdc/v41x/ot_hdc_v41x_wgt_mac.sv
 create mode 100644 results/uarch/w17_owner_progress_archival_closure_20261002/profile_sources/rtl/hdc/v41x/ot_hdc_v41x_wgt_red.sv
 create mode 100644 results/uarch/w17_owner_progress_archival_closure_20261002/profile_sources/rtl/hdc/v41x/ot_hdc_v41x_wgt_tile.sv
 create mode 100644 results/uarch/w17_owner_progress_archival_closure_20261002/profile_sources/rtl/hdc/v41x/ot_hdc_v41x_window_kv_blocks.sv
 create mode 100644 results/uarch/w17_owner_progress_archival_closure_20261002/profile_sources/rtl/hdc/v41x/ot_hdc_v41x_xu_adapt.sv
 create mode 100644 results/uarch/w17_owner_progress_archival_closure_20261002/profile_sources/rtl/proto/ot_fp32_add_rne_pipe.sv
 create mode 100644 results/uarch/w17_owner_progress_archival_closure_20261002/profile_sources/rtl/proto/ot_fp32_mul_rne_pipe.sv
 create mode 100644 results/uarch/w17_owner_progress_archival_closure_20261002/profile_sources/rtl/rom/ot_rom_fabric_router.sv
 create mode 100644 results/uarch/w17_owner_progress_archival_closure_20261002/profile_sources/rtl/rom/ot_rom_pkg_ctrl_x.sv
 create mode 100644 results/uarch/w17_owner_progress_archival_closure_20261002/profile_sources/rtl/rom/ot_w15_rom_oneshot_px.sv
 create mode 100644 results/uarch/w17_owner_progress_archival_closure_20261002/profile_sources/rtl/test/v41_runtime/ot_rom_4096x274_m8_rt.sv
 create mode 100644 results/uarch/w17_owner_progress_archival_closure_20261002/profile_sources/rtl/test/v41_runtime/ot_rom_8192x274_m8_rt.sv
 create mode 100644 results/uarch/w17_owner_progress_archival_closure_20261002/profile_sources/rtl/test/v41_runtime/ot_v41_rt_die.sv
 create mode 100644 results/uarch/w17_owner_progress_archival_closure_20261002/profile_sources/rtl/test/w17_window_actual_producer_cancel_declaration_repaired/ot_hdc_v41x_window_kv_blocks_cancel.sv
 create mode 100644 results/uarch/w17_owner_progress_archival_closure_20261002/profile_sources/rtl/test/w17_window_core_cancel_join_r8/actual_fastpp_core_selected_cone.sv
 create mode 100644 results/uarch/w17_owner_progress_archival_closure_20261002/profile_sources/rtl/test/w17_window_recovery_candidate_prepared/hbm_karb_recovery.sv
 create mode 100644 results/uarch/w17_owner_progress_archival_closure_20261002/profile_sources/rtl/test/w17_window_recovery_candidate_prepared/idx_hbm_recovery.sv
 create mode 100644 results/uarch/w17_owner_progress_archival_closure_20261002/profile_sources/rtl/test/w17_window_recovery_candidate_prepared/kv_reqmux_recovery.sv
 create mode 100644 results/uarch/w17_owner_progress_archival_closure_20261002/profile_sources/rtl/test/w17_window_recovery_candidate_prepared/kv_rope_reqmux_recovery.sv
 create mode 100644 results/uarch/w17_owner_progress_archival_closure_20261002/profile_sources/rtl/test/w17_window_recovery_candidate_prepared/pinned_ot_chip_v41x_hbm_rsp_pipe.sv
 create mode 100644 results/uarch/w17_owner_progress_archival_closure_20261002/profile_sources/rtl/test/w17_window_recovery_candidate_prepared/pinned_ot_chip_v41x_window_row_codec.sv
 create mode 100644 results/uarch/w17_owner_progress_archival_closure_20261002/profile_sources/rtl/test/w17_window_recovery_candidate_prepared/pinned_ot_chip_v41x_window_stage4.sv
 create mode 100644 results/uarch/w17_owner_progress_archival_closure_20261002/profile_sources/rtl/test/w17_window_recovery_candidate_prepared/window_prefetch_recovery.sv
 create mode 100644 results/uarch/w17_owner_progress_archival_closure_20261002/profile_sources/rtl/v41die/ot_v41_pair_w17w10.sv
 create mode 100644 results/uarch/w17_owner_progress_archival_closure_20261002/profile_sources/rtl/v41die/ot_v41_retn_w17w10.sv
 create mode 100644 results/uarch/w17_owner_progress_archival_closure_20261002/profile_sources/rtl/v41die/ot_v41_rom_adapt.sv
 create mode 100644 results/uarch/w17_owner_progress_archival_closure_20261002/profile_sources/rtl/v41die/ot_v41_spine_w17w10.sv
 create mode 100644 results/uarch/w17_owner_progress_archival_closure_20261002/profile_sources/rtl/v41rom/ot_v41_bf16_lanes.sv
 create mode 100644 results/uarch/w17_owner_progress_archival_closure_20261002/profile_sources/rtl/v41rom/ot_v41_bf16_lanes2.sv
 create mode 100644 results/uarch/w17_owner_progress_archival_closure_20261002/profile_sources/rtl/v41rom/ot_v41_bmul2.sv
 create mode 100644 results/uarch/w17_owner_progress_archival_closure_20261002/profile_sources/rtl/v41rom/ot_v41_bterm.sv
 create mode 100644 results/uarch/w17_owner_progress_archival_closure_20261002/profile_sources/rtl/v41rom/ot_v41_bterm2_w10.sv
 create mode 100644 results/uarch/w17_owner_progress_archival_closure_20261002/profile_sources/rtl/v41rom/ot_v41_chain.sv
 create mode 100644 results/uarch/w17_owner_progress_archival_closure_20261002/profile_sources/rtl/v41rom/ot_v41_chain2.sv
 create mode 100644 results/uarch/w17_owner_progress_archival_closure_20261002/profile_sources/rtl/v41rom/ot_v41_fadd.sv
 create mode 100644 results/uarch/w17_owner_progress_archival_closure_20261002/profile_sources/rtl/v41rom/ot_v41_ret.sv
 create mode 100644 results/uarch/w17_owner_progress_archival_closure_20261002/profile_sources/rtl/v41rom/ot_v41_rom_elem_w10.sv
 create mode 100644 results/uarch/w17_owner_progress_archival_closure_20261002/profile_sources/rtl/v41rom/ot_v41_segtree.sv
 create mode 100644 results/uarch/w17_owner_progress_archival_closure_20261002/profile_sources/rtl/v41rom/ot_v41_segtree2.sv
 create mode 100644 results/uarch/w17_owner_progress_archival_closure_20261002/profile_sources/rtl/w17_runtime/chip/ot_chip_v41x_die.sv
 create mode 100644 results/uarch/w17_owner_progress_archival_closure_20261002/profile_sources/rtl/w17_runtime/chip/ot_chip_v41x_tile.sv
 create mode 100644 results/uarch/w17_owner_progress_archival_closure_20261002/profile_sources/rtl/w17_runtime/hdc/v41x/ot_hdc_v41x_att_adapt.sv
 create mode 100644 results/uarch/w17_owner_progress_archival_closure_20261002/profile_sources/tb.sv
 create mode 100644 results/uarch/w17_owner_progress_archival_closure_20261002/replay.json
 create mode 100644 results/uarch/w17_owner_progress_archival_closure_20261002/tests.log
 create mode 100644 tests/test_w17_owner_progress_archival_closure.py
 create mode 100644 tools/w17_owner_progress_archival_pytest.py
 create mode 100644 tools/w17_owner_progress_archival_replay.py
[detached HEAD 80e8fbd3d] Close archival failed command source cone and terminal reads without prerequisites
 Date: Fri Oct 2 06:25:15 2026 +0000
 134 files changed, 33377 insertions(+), 3 deletions(-)
 create mode 100644 results/uarch/w17_owner_progress_archival_closure_20261002/failed_root/results/rtl/w17_owner_progress_watchdog_20261002/attempt2_resource_FAIL/active_stage.json
 create mode 100644 results/uarch/w17_owner_progress_archival_closure_20261002/failed_root/results/uarch/w17_PC24_terminal_admission_20261002/record.json
 create mode 100644 results/uarch/w17_owner_progress_archival_closure_20261002/failed_root/rtl/test/w17_owner_progress_watchdog/owner_progress_exports.sv
 create mode 100644 results/uarch/w17_owner_progress_archival_closure_20261002/failed_root/rtl/test/w17_owner_progress_watchdog/pinned/physical/asap7_memory_macros/ot_sram_1r1w_256x256_m2_r2c2/ot_sram_1r1w_256x256_m2_r2c2.v
 create mode 100644 results/uarch/w17_owner_progress_archival_closure_20261002/failed_root/rtl/test/w17_owner_progress_watchdog/pinned/rtl/chip/ot_chip_v41x_attn_desc_lifecycle.sv
 create mode 100644 results/uarch/w17_owner_progress_archival_closure_20261002/failed_root/rtl/test/w17_owner_progress_watchdog/pinned/rtl/chip/ot_chip_v41x_attn_row_merge.sv
 create mode 100644 results/uarch/w17_owner_progress_archival_closure_20261002/failed_root/rtl/test/w17_owner_progress_watchdog/pinned/rtl/chip/ot_chip_v41x_coll_transpose.sv
 create mode 100644 results/uarch/w17_owner_progress_archival_closure_20261002/failed_root/rtl/test/w17_owner_progress_watchdog/pinned/rtl/chip/ot_chip_v41x_hbm3e_phy.sv
 create mode 100644 results/uarch/w17_owner_progress_archival_closure_20261002/failed_root/rtl/test/w17_owner_progress_watchdog/pinned/rtl/chip/ot_chip_v41x_hbm_karb.sv
 create mode 100644 results/uarch/w17_owner_progress_archival_closure_20261002/failed_root/rtl/test/w17_owner_progress_watchdog/pinned/rtl/chip/ot_chip_v41x_hbm_karb_local.sv
 create mode 100644 results/uarch/w17_owner_progress_archival_closure_20261002/failed_root/rtl/test/w17_owner_progress_watchdog/pinned/rtl/chip/ot_chip_v41x_hbm_rsp_pipe.sv
 create mode 100644 results/uarch/w17_owner_progress_archival_closure_20261002/failed_root/rtl/test/w17_owner_progress_watchdog/pinned/rtl/chip/ot_chip_v41x_karb_q2.sv
 create mode 100644 results/uarch/w17_owner_progress_archival_closure_20261002/failed_root/rtl/test/w17_owner_progress_watchdog/pinned/rtl/chip/ot_chip_v41x_karb_qn.sv
 create mode 100644 results/uarch/w17_owner_progress_archival_closure_20261002/failed_root/rtl/test/w17_owner_progress_watchdog/pinned/rtl/chip/ot_chip_v41x_karb_region.sv
 create mode 100644 results/uarch/w17_owner_progress_archival_closure_20261002/failed_root/rtl/test/w17_owner_progress_watchdog/pinned/rtl/chip/ot_chip_v41x_karb_region_kq.sv
 create mode 100644 results/uarch/w17_owner_progress_archival_closure_20261002/failed_root/rtl/test/w17_owner_progress_watchdog/pinned/rtl/chip/ot_chip_v41x_karb_slice.sv
 create mode 100644 results/uarch/w17_owner_progress_archival_closure_20261002/failed_root/rtl/test/w17_owner_progress_watchdog/pinned/rtl/chip/ot_chip_v41x_karb_stack_ep.sv
 create mode 100644 results/uarch/w17_owner_progress_archival_closure_20261002/failed_root/rtl/test/w17_owner_progress_watchdog/pinned/rtl/chip/ot_chip_v41x_kv_prefetch.sv
 create mode 100644 results/uarch/w17_owner_progress_archival_closure_20261002/failed_root/rtl/test/w17_owner_progress_watchdog/pinned/rtl/chip/ot_chip_v41x_kv_reqmux.sv
 create mode 100644 results/uarch/w17_owner_progress_archival_closure_20261002/failed_root/rtl/test/w17_owner_progress_watchdog/pinned/rtl/chip/ot_chip_v41x_kv_rope_reqmux.sv
 create mode 100644 results/uarch/w17_owner_progress_archival_closure_20261002/failed_root/rtl/test/w17_owner_progress_watchdog/pinned/rtl/chip/ot_chip_v41x_rope_hbm_cache.sv
 create mode 100644 results/uarch/w17_owner_progress_archival_closure_20261002/failed_root/rtl/test/w17_owner_progress_watchdog/pinned/rtl/chip/ot_chip_v41x_rope_region_guard.sv
 create mode 100644 results/uarch/w17_owner_progress_archival_closure_20261002/failed_root/rtl/test/w17_owner_progress_watchdog/pinned/rtl/chip/ot_chip_v41x_rope_su_word.sv
 create mode 100644 results/uarch/w17_owner_progress_archival_closure_20261002/failed_root/rtl/test/w17_owner_progress_watchdog/pinned/rtl/chip/ot_chip_v41x_window_attn_source.sv
 create mode 100644 results/uarch/w17_owner_progress_archival_closure_20261002/failed_root/rtl/test/w17_owner_progress_watchdog/pinned/rtl/chip/ot_chip_v41x_window_block_guard.sv
 create mode 100644 results/uarch/w17_owner_progress_archival_closure_20261002/failed_root/rtl/test/w17_owner_progress_watchdog/pinned/rtl/chip/ot_chip_v41x_window_kv_prefetch.sv
 create mode 100644 results/uarch/w17_owner_progress_archival_closure_20261002/failed_root/rtl/test/w17_owner_progress_watchdog/pinned/rtl/chip/ot_chip_v41x_window_refill_schedule.sv
 create mode 100644 results/uarch/w17_owner_progress_archival_closure_20261002/failed_root/rtl/test/w17_owner_progress_watchdog/pinned/rtl/chip/ot_chip_v41x_window_retention.sv
 create mode 100644 results/uarch/w17_owner_progress_archival_closure_20261002/failed_root/rtl/test/w17_owner_progress_watchdog/pinned/rtl/chip/ot_chip_v41x_window_row_codec.sv
 create mode 100644 results/uarch/w17_owner_progress_archival_closure_20261002/failed_root/rtl/test/w17_owner_progress_watchdog/pinned/rtl/chip/ot_chip_v41x_window_stage4.sv
 create mode 100644 results/uarch/w17_owner_progress_archival_closure_20261002/failed_root/rtl/test/w17_owner_progress_watchdog/pinned/rtl/chip/ot_chip_v41x_window_stream.sv
 create mode 100644 results/uarch/w17_owner_progress_archival_closure_20261002/failed_root/rtl/test/w17_owner_progress_watchdog/pinned/rtl/chip/ot_coll_topk_merge.sv
 create mode 100644 results/uarch/w17_owner_progress_archival_closure_20261002/failed_root/rtl/test/w17_owner_progress_watchdog/pinned/rtl/chip/ot_w15_coll_dma.sv
 create mode 100644 results/uarch/w17_owner_progress_archival_closure_20261002/failed_root/rtl/test/w17_owner_progress_watchdog/pinned/rtl/common/ot_prefix.sv
 create mode 100644 results/uarch/w17_owner_progress_archival_closure_20261002/failed_root/rtl/test/w17_owner_progress_watchdog/pinned/rtl/hdc/hbm/ot_hdc_qstream.sv
 create mode 100644 results/uarch/w17_owner_progress_archival_closure_20261002/failed_root/rtl/test/w17_owner_progress_watchdog/pinned/rtl/hdc/kv/ot_hdc_hbm_model.sv
 create mode 100644 results/uarch/w17_owner_progress_archival_closure_20261002/failed_root/rtl/test/w17_owner_progress_watchdog/pinned/rtl/hdc/ot_hdc_accept.sv
 create mode 100644 results/uarch/w17_owner_progress_archival_closure_20261002/failed_root/rtl/test/w17_owner_progress_watchdog/pinned/rtl/hdc/ot_hdc_cg.sv
 create mode 100644 results/uarch/w17_owner_progress_archival_closure_20261002/failed_root/rtl/test/w17_owner_progress_watchdog/pinned/rtl/hdc/ot_hdc_delay.sv
 create mode 100644 results/uarch/w17_owner_progress_archival_closure_20261002/failed_root/rtl/test/w17_owner_progress_watchdog/pinned/rtl/hdc/ot_hdc_fastfp.sv
 create mode 100644 results/uarch/w17_owner_progress_archival_closure_20261002/failed_root/rtl/test/w17_owner_progress_watchdog/pinned/rtl/hdc/ot_hdc_fastfp_lat.sv
 create mode 100644 results/uarch/w17_owner_progress_archival_closure_20261002/failed_root/rtl/test/w17_owner_progress_watchdog/pinned/rtl/hdc/ot_hdc_fp32_add_lat.sv
 create mode 100644 results/uarch/w17_owner_progress_archival_closure_20261002/failed_root/rtl/test/w17_owner_progress_watchdog/pinned/rtl/hdc/ot_hdc_fp32_mul_pipe.sv
 create mode 100644 results/uarch/w17_owner_progress_archival_closure_20261002/failed_root/rtl/test/w17_owner_progress_watchdog/pinned/rtl/hdc/ot_hdc_fpu.sv
 create mode 100644 results/uarch/w17_owner_progress_archival_closure_20261002/failed_root/rtl/test/w17_owner_progress_watchdog/pinned/rtl/hdc/ot_hdc_reduce.sv
 create mode 100644 results/uarch/w17_owner_progress_archival_closure_20261002/failed_root/rtl/test/w17_owner_progress_watchdog/pinned/rtl/hdc/ot_hdc_sfu.sv
 create mode 100644 results/uarch/w17_owner_progress_archival_closure_20261002/failed_root/rtl/test/w17_owner_progress_watchdog/pinned/rtl/hdc/v41/ot_hdc_actquant.sv
 create mode 100644 results/uarch/w17_owner_progress_archival_closure_20261002/failed_root/rtl/test/w17_owner_progress_watchdog/pinned/rtl/hdc/v41/ot_hdc_blockdot.sv
 create mode 100644 results/uarch/w17_owner_progress_archival_closure_20261002/failed_root/rtl/test/w17_owner_progress_watchdog/pinned/rtl/hdc/v41/ot_hdc_chunk8_stack.sv
 create mode 100644 results/uarch/w17_owner_progress_archival_closure_20261002/failed_root/rtl/test/w17_owner_progress_watchdog/pinned/rtl/hdc/v41/ot_hdc_engram_hash.sv
 create mode 100644 results/uarch/w17_owner_progress_archival_closure_20261002/failed_root/rtl/test/w17_owner_progress_watchdog/pinned/rtl/hdc/v41/ot_hdc_engram_tables_pkg.sv
 create mode 100644 results/uarch/w17_owner_progress_archival_closure_20261002/failed_root/rtl/test/w17_owner_progress_watchdog/pinned/rtl/hdc/v41/ot_hdc_fdiv.sv
 create mode 100644 results/uarch/w17_owner_progress_archival_closure_20261002/failed_root/rtl/test/w17_owner_progress_watchdog/pinned/rtl/hdc/v41/ot_hdc_fp4qdq.sv
 create mode 100644 results/uarch/w17_owner_progress_archival_closure_20261002/failed_root/rtl/test/w17_owner_progress_watchdog/pinned/rtl/hdc/v41/ot_hdc_fsqrt.sv
 create mode 100644 results/uarch/w17_owner_progress_archival_closure_20261002/failed_root/rtl/test/w17_owner_progress_watchdog/pinned/rtl/hdc/v41/ot_hdc_select.sv
 create mode 100644 results/uarch/w17_owner_progress_archival_closure_20261002/failed_root/rtl/test/w17_owner_progress_watchdog/pinned/rtl/hdc/v41/ot_hdc_sinkhorn.sv
 create mode 100644 results/uarch/w17_owner_progress_archival_closure_20261002/failed_root/rtl/test/w17_owner_progress_watchdog/pinned/rtl/hdc/v41/ot_hdc_sinkhorn_mc.sv
 create mode 100644 results/uarch/w17_owner_progress_archival_closure_20261002/failed_root/rtl/test/w17_owner_progress_watchdog/pinned/rtl/hdc/v41/ot_hdc_sinkhorn_seq.sv
 create mode 100644 results/uarch/w17_owner_progress_archival_closure_20261002/failed_root/rtl/test/w17_owner_progress_watchdog/pinned/rtl/hdc/v41/ot_hdc_sk_arith.sv
 create mode 100644 results/uarch/w17_owner_progress_archival_closure_20261002/failed_root/rtl/test/w17_owner_progress_watchdog/pinned/rtl/hdc/v41/ot_hdc_sk_recip_rom.sv
 create mode 100644 results/uarch/w17_owner_progress_archival_closure_20261002/failed_root/rtl/test/w17_owner_progress_watchdog/pinned/rtl/hdc/v41/ot_hdc_softplus.sv
 create mode 100644 results/uarch/w17_owner_progress_archival_closure_20261002/failed_root/rtl/test/w17_owner_progress_watchdog/pinned/rtl/hdc/v41/ot_hdc_v41_hcproj.sv
 create mode 100644 results/uarch/w17_owner_progress_archival_closure_20261002/failed_root/rtl/test/w17_owner_progress_watchdog/pinned/rtl/hdc/v41/ot_hdc_v41_matvec.sv
 create mode 100644 results/uarch/w17_owner_progress_archival_closure_20261002/failed_root/rtl/test/w17_owner_progress_watchdog/pinned/rtl/hdc/v41/ot_hdc_v41_qe.sv
 create mode 100644 results/uarch/w17_owner_progress_archival_closure_20261002/failed_root/rtl/test/w17_owner_progress_watchdog/pinned/rtl/hdc/v41/ot_hdc_v41_stream.sv
 create mode 100644 results/uarch/w17_owner_progress_archival_closure_20261002/failed_root/rtl/test/w17_owner_progress_watchdog/pinned/rtl/hdc/v41/ot_hdc_v41_xu.sv
 create mode 100644 results/uarch/w17_owner_progress_archival_closure_20261002/failed_root/rtl/test/w17_owner_progress_watchdog/pinned/rtl/hdc/v41x/ot_hdc_v41x_attn.sv
 create mode 100644 results/uarch/w17_owner_progress_archival_closure_20261002/failed_root/rtl/test/w17_owner_progress_watchdog/pinned/rtl/hdc/v41x/ot_hdc_v41x_attn_staging.sv
 create mode 100644 results/uarch/w17_owner_progress_archival_closure_20261002/failed_root/rtl/test/w17_owner_progress_watchdog/pinned/rtl/hdc/v41x/ot_hdc_v41x_attn_tile.sv
 create mode 100644 results/uarch/w17_owner_progress_archival_closure_20261002/failed_root/rtl/test/w17_owner_progress_watchdog/pinned/rtl/hdc/v41x/ot_hdc_v41x_egather.sv
 create mode 100644 results/uarch/w17_owner_progress_archival_closure_20261002/failed_root/rtl/test/w17_owner_progress_watchdog/pinned/rtl/hdc/v41x/ot_hdc_v41x_hcp.sv
 create mode 100644 results/uarch/w17_owner_progress_archival_closure_20261002/failed_root/rtl/test/w17_owner_progress_watchdog/pinned/rtl/hdc/v41x/ot_hdc_v41x_he_adapt.sv
 create mode 100644 results/uarch/w17_owner_progress_archival_closure_20261002/failed_root/rtl/test/w17_owner_progress_watchdog/pinned/rtl/hdc/v41x/ot_hdc_v41x_idx.sv
 create mode 100644 results/uarch/w17_owner_progress_archival_closure_20261002/failed_root/rtl/test/w17_owner_progress_watchdog/pinned/rtl/hdc/v41x/ot_hdc_v41x_idx_adapt.sv
 create mode 100644 results/uarch/w17_owner_progress_archival_closure_20261002/failed_root/rtl/test/w17_owner_progress_watchdog/pinned/rtl/hdc/v41x/ot_hdc_v41x_idx_arith.sv
 create mode 100644 results/uarch/w17_owner_progress_archival_closure_20261002/failed_root/rtl/test/w17_owner_progress_watchdog/pinned/rtl/hdc/v41x/ot_hdc_v41x_idx_hbm.sv
 create mode 100644 results/uarch/w17_owner_progress_archival_closure_20261002/failed_root/rtl/test/w17_owner_progress_watchdog/pinned/rtl/hdc/v41x/ot_hdc_v41x_idx_hsum.sv
 create mode 100644 results/uarch/w17_owner_progress_archival_closure_20261002/failed_root/rtl/test/w17_owner_progress_watchdog/pinned/rtl/hdc/v41x/ot_hdc_v41x_idx_kstream.sv
 create mode 100644 results/uarch/w17_owner_progress_archival_closure_20261002/failed_root/rtl/test/w17_owner_progress_watchdog/pinned/rtl/hdc/v41x/ot_hdc_v41x_idx_pcol.sv
 create mode 100644 results/uarch/w17_owner_progress_archival_closure_20261002/failed_root/rtl/test/w17_owner_progress_watchdog/pinned/rtl/hdc/v41x/ot_hdc_v41x_idx_pool_adapt.sv
 create mode 100644 results/uarch/w17_owner_progress_archival_closure_20261002/failed_root/rtl/test/w17_owner_progress_watchdog/pinned/rtl/hdc/v41x/ot_hdc_v41x_idx_pool_batch.sv
 create mode 100644 results/uarch/w17_owner_progress_archival_closure_20261002/failed_root/rtl/test/w17_owner_progress_watchdog/pinned/rtl/hdc/v41x/ot_hdc_v41x_idx_pool_finish.sv
 create mode 100644 results/uarch/w17_owner_progress_archival_closure_20261002/failed_root/rtl/test/w17_owner_progress_watchdog/pinned/rtl/hdc/v41x/ot_hdc_v41x_idx_pool_hbm_bridge.sv
 create mode 100644 results/uarch/w17_owner_progress_archival_closure_20261002/failed_root/rtl/test/w17_owner_progress_watchdog/pinned/rtl/hdc/v41x/ot_hdc_v41x_idx_pool_kwr.sv
 create mode 100644 results/uarch/w17_owner_progress_archival_closure_20261002/failed_root/rtl/test/w17_owner_progress_watchdog/pinned/rtl/hdc/v41x/ot_hdc_v41x_idx_pool_replica.sv
 create mode 100644 results/uarch/w17_owner_progress_archival_closure_20261002/failed_root/rtl/test/w17_owner_progress_watchdog/pinned/rtl/hdc/v41x/ot_hdc_v41x_idx_shard_addr.sv
 create mode 100644 results/uarch/w17_owner_progress_archival_closure_20261002/failed_root/rtl/test/w17_owner_progress_watchdog/pinned/rtl/hdc/v41x/ot_hdc_v41x_idx_shard_reader.sv
 create mode 100644 results/uarch/w17_owner_progress_archival_closure_20261002/failed_root/rtl/test/w17_owner_progress_watchdog/pinned/rtl/hdc/v41x/ot_hdc_v41x_me_adapt.sv
 create mode 100644 results/uarch/w17_owner_progress_archival_closure_20261002/failed_root/rtl/test/w17_owner_progress_watchdog/pinned/rtl/hdc/v41x/ot_hdc_v41x_me_xbank.sv
 create mode 100644 results/uarch/w17_owner_progress_archival_closure_20261002/failed_root/rtl/test/w17_owner_progress_watchdog/pinned/rtl/hdc/v41x/ot_hdc_v41x_me_xbank_macro.sv
 create mode 100644 results/uarch/w17_owner_progress_archival_closure_20261002/failed_root/rtl/test/w17_owner_progress_watchdog/pinned/rtl/hdc/v41x/ot_hdc_v41x_qrom_compact_word.sv
 create mode 100644 results/uarch/w17_owner_progress_archival_closure_20261002/failed_root/rtl/test/w17_owner_progress_watchdog/pinned/rtl/hdc/v41x/ot_hdc_v41x_sel.sv
 create mode 100644 results/uarch/w17_owner_progress_archival_closure_20261002/failed_root/rtl/test/w17_owner_progress_watchdog/pinned/rtl/hdc/v41x/ot_hdc_v41x_sel_lib.sv
 create mode 100644 results/uarch/w17_owner_progress_archival_closure_20261002/failed_root/rtl/test/w17_owner_progress_watchdog/pinned/rtl/hdc/v41x/ot_hdc_v41x_sel_slice.sv
 create mode 100644 results/uarch/w17_owner_progress_archival_closure_20261002/failed_root/rtl/test/w17_owner_progress_watchdog/pinned/rtl/hdc/v41x/ot_hdc_v41x_sfu.sv
 create mode 100644 results/uarch/w17_owner_progress_archival_closure_20261002/failed_root/rtl/test/w17_owner_progress_watchdog/pinned/rtl/hdc/v41x/ot_hdc_v41x_su_adapt.sv
 create mode 100644 results/uarch/w17_owner_progress_archival_closure_20261002/failed_root/rtl/test/w17_owner_progress_watchdog/pinned/rtl/hdc/v41x/ot_hdc_v41x_vec.sv
 create mode 100644 results/uarch/w17_owner_progress_archival_closure_20261002/failed_root/rtl/test/w17_owner_progress_watchdog/pinned/rtl/hdc/v41x/ot_hdc_v41x_vec_lane.sv
 create mode 100644 results/uarch/w17_owner_progress_archival_closure_20261002/failed_root/rtl/test/w17_owner_progress_watchdog/pinned/rtl/hdc/v41x/ot_hdc_v41x_vec_red.sv
 create mode 100644 results/uarch/w17_owner_progress_archival_closure_20261002/failed_root/rtl/test/w17_owner_progress_watchdog/pinned/rtl/hdc/v41x/ot_hdc_v41x_vec_side.sv
 create mode 100644 results/uarch/w17_owner_progress_archival_closure_20261002/failed_root/rtl/test/w17_owner_progress_watchdog/pinned/rtl/hdc/v41x/ot_hdc_v41x_wgt_bdot.sv
 create mode 100644 results/uarch/w17_owner_progress_archival_closure_20261002/failed_root/rtl/test/w17_owner_progress_watchdog/pinned/rtl/hdc/v41x/ot_hdc_v41x_wgt_mac.sv
 create mode 100644 results/uarch/w17_owner_progress_archival_closure_20261002/failed_root/rtl/test/w17_owner_progress_watchdog/pinned/rtl/hdc/v41x/ot_hdc_v41x_wgt_red.sv
 create mode 100644 results/uarch/w17_owner_progress_archival_closure_20261002/failed_root/rtl/test/w17_owner_progress_watchdog/pinned/rtl/hdc/v41x/ot_hdc_v41x_wgt_tile.sv
 create mode 100644 results/uarch/w17_owner_progress_archival_closure_20261002/failed_root/rtl/test/w17_owner_progress_watchdog/pinned/rtl/hdc/v41x/ot_hdc_v41x_window_kv_blocks.sv
 create mode 100644 results/uarch/w17_owner_progress_archival_closure_20261002/failed_root/rtl/test/w17_owner_progress_watchdog/pinned/rtl/hdc/v41x/ot_hdc_v41x_xu_adapt.sv
 create mode 100644 results/uarch/w17_owner_progress_archival_closure_20261002/failed_root/rtl/test/w17_owner_progress_watchdog/pinned/rtl/proto/ot_fp32_add_rne_pipe.sv
 create mode 100644 results/uarch/w17_owner_progress_archival_closure_20261002/failed_root/rtl/test/w17_owner_progress_watchdog/pinned/rtl/proto/ot_fp32_mul_rne_pipe.sv
 create mode 100644 results/uarch/w17_owner_progress_archival_closure_20261002/failed_root/rtl/test/w17_owner_progress_watchdog/pinned/rtl/rom/ot_rom_fabric_router.sv
 create mode 100644 results/uarch/w17_owner_progress_archival_closure_20261002/failed_root/rtl/test/w17_owner_progress_watchdog/pinned/rtl/rom/ot_rom_pkg_ctrl_x.sv
 create mode 100644 results/uarch/w17_owner_progress_archival_closure_20261002/failed_root/rtl/test/w17_owner_progress_watchdog/pinned/rtl/rom/ot_w15_rom_oneshot_px.sv
 create mode 100644 results/uarch/w17_owner_progress_archival_closure_20261002/failed_root/rtl/test/w17_owner_progress_watchdog/pinned/rtl/test/v41_runtime/ot_rom_4096x274_m8_rt.sv
 create mode 100644 results/uarch/w17_owner_progress_archival_closure_20261002/failed_root/rtl/test/w17_owner_progress_watchdog/pinned/rtl/test/v41_runtime/ot_rom_8192x274_m8_rt.sv
 create mode 100644 results/uarch/w17_owner_progress_archival_closure_20261002/failed_root/rtl/test/w17_owner_progress_watchdog/pinned/rtl/v41die/ot_v41_pair_w17w10.sv
 create mode 100644 results/uarch/w17_owner_progress_archival_closure_20261002/failed_root/rtl/test/w17_owner_progress_watchdog/pinned/rtl/v41die/ot_v41_retn_w17w10.sv
 create mode 100644 results/uarch/w17_owner_progress_archival_closure_20261002/failed_root/rtl/test/w17_owner_progress_watchdog/pinned/rtl/v41die/ot_v41_rom_adapt.sv
 create mode 100644 results/uarch/w17_owner_progress_archival_closure_20261002/failed_root/rtl/test/w17_owner_progress_watchdog/pinned/rtl/v41die/ot_v41_spine_w17w10.sv
 create mode 100644 results/uarch/w17_owner_progress_archival_closure_20261002/failed_root/rtl/test/w17_owner_progress_watchdog/pinned/rtl/v41rom/ot_v41_bf16_lanes.sv
 create mode 100644 results/uarch/w17_owner_progress_archival_closure_20261002/failed_root/rtl/test/w17_owner_progress_watchdog/pinned/rtl/v41rom/ot_v41_bf16_lanes2.sv
 create mode 100644 results/uarch/w17_owner_progress_archival_closure_20261002/failed_root/rtl/test/w17_owner_progress_watchdog/pinned/rtl/v41rom/ot_v41_bmul2.sv
 create mode 100644 results/uarch/w17_owner_progress_archival_closure_20261002/failed_root/rtl/test/w17_owner_progress_watchdog/pinned/rtl/v41rom/ot_v41_bterm.sv
 create mode 100644 results/uarch/w17_owner_progress_archival_closure_20261002/failed_root/rtl/test/w17_owner_progress_watchdog/pinned/rtl/v41rom/ot_v41_bterm2_w10.sv
 create mode 100644 results/uarch/w17_owner_progress_archival_closure_20261002/failed_root/rtl/test/w17_owner_progress_watchdog/pinned/rtl/v41rom/ot_v41_chain.sv
 create mode 100644 results/uarch/w17_owner_progress_archival_closure_20261002/failed_root/rtl/test/w17_owner_progress_watchdog/pinned/rtl/v41rom/ot_v41_chain2.sv
 create mode 100644 results/uarch/w17_owner_progress_archival_closure_20261002/failed_root/rtl/test/w17_owner_progress_watchdog/pinned/rtl/v41rom/ot_v41_fadd.sv
 create mode 100644 results/uarch/w17_owner_progress_archival_closure_20261002/failed_root/rtl/test/w17_owner_progress_watchdog/pinned/rtl/v41rom/ot_v41_ret.sv
 create mode 100644 results/uarch/w17_owner_progress_archival_closure_20261002/failed_root/rtl/test/w17_owner_progress_watchdog/pinned/rtl/v41rom/ot_v41_rom_elem_w10.sv
 create mode 100644 results/uarch/w17_owner_progress_archival_closure_20261002/failed_root/rtl/test/w17_owner_progress_watchdog/pinned/rtl/v41rom/ot_v41_segtree.sv
 create mode 100644 results/uarch/w17_owner_progress_archival_closure_20261002/failed_root/rtl/test/w17_owner_progress_watchdog/pinned/rtl/v41rom/ot_v41_segtree2.sv
 create mode 100644 results/uarch/w17_owner_progress_archival_closure_20261002/failed_root/rtl/test/w17_owner_progress_watchdog/pinned/rtl/w17_runtime/hdc/v41x/ot_hdc_v41x_att_adapt.sv
 create mode 100644 results/uarch/w17_owner_progress_archival_closure_20261002/failed_root/rtl/test/w17_owner_progress_watchdog/tb.sv
 create mode 100644 results/uarch/w17_owner_progress_archival_closure_20261002/standalone_replay.json
