RESULT ref_mode=1 hint=320 b2b=1 phase=41 cred=32 layers=36
LAYER 0 go=3 first_ps=44032 stream_ps=1121280 data_ps=1077248
LAYER 1 go=1100 first_ps=57344 stream_ps=1132544 data_ps=1075200
LAYER 2 go=2208 first_ps=43008 stream_ps=1127424 data_ps=1084416
LAYER 3 go=3311 first_ps=44032 stream_ps=1387520 data_ps=1343488
LAYER 4 go=4668 first_ps=43008 stream_ps=1133568 data_ps=1090560
LAYER 5 go=5777 first_ps=44032 stream_ps=1122304 data_ps=1078272
LAYER 6 go=6875 first_ps=44032 stream_ps=1387520 data_ps=1343488
LAYER 7 go=8232 first_ps=43008 stream_ps=1131520 data_ps=1088512
LAYER 8 go=9339 first_ps=44032 stream_ps=1126400 data_ps=1082368
LAYER 9 go=10441 first_ps=44032 stream_ps=1553408 data_ps=1509376
LAYER 10 go=11960 first_ps=53248 stream_ps=1131520 data_ps=1078272
LAYER 11 go=13067 first_ps=44032 stream_ps=1128448 data_ps=1084416
LAYER 12 go=14171 first_ps=44032 stream_ps=1557504 data_ps=1513472
LAYER 13 go=15694 first_ps=43008 stream_ps=1130496 data_ps=1087488
LAYER 14 go=16800 first_ps=51200 stream_ps=1128448 data_ps=1077248
LAYER 15 go=17904 first_ps=43008 stream_ps=1546240 data_ps=1503232
LAYER 16 go=19416 first_ps=43008 stream_ps=1131520 data_ps=1088512
LAYER 17 go=20523 first_ps=44032 stream_ps=1127424 data_ps=1083392
LAYER 18 go=21626 first_ps=43008 stream_ps=1546240 data_ps=1503232
LAYER 19 go=23138 first_ps=43008 stream_ps=1128448 data_ps=1085440
LAYER 20 go=24242 first_ps=43008 stream_ps=1131520 data_ps=1088512
LAYER 21 go=25349 first_ps=44032 stream_ps=1576960 data_ps=1532928
LAYER 22 go=26891 first_ps=44032 stream_ps=1129472 data_ps=1085440
LAYER 23 go=27996 first_ps=43008 stream_ps=1132544 data_ps=1089536
LAYER 24 go=29104 first_ps=43008 stream_ps=1122304 data_ps=1079296
LAYER 25 go=30202 first_ps=43008 stream_ps=1386496 data_ps=1343488
LAYER 26 go=31558 first_ps=43008 stream_ps=1131520 data_ps=1088512
LAYER 27 go=32665 first_ps=44032 stream_ps=1124352 data_ps=1080320
LAYER 28 go=33765 first_ps=44032 stream_ps=1552384 data_ps=1508352
LAYER 29 go=35283 first_ps=44032 stream_ps=1128448 data_ps=1084416
LAYER 30 go=36387 first_ps=52224 stream_ps=1125376 data_ps=1073152
LAYER 31 go=37488 first_ps=43008 stream_ps=1573888 data_ps=1530880
LAYER 32 go=39027 first_ps=44032 stream_ps=1128448 data_ps=1084416
LAYER 33 go=40131 first_ps=44032 stream_ps=1127424 data_ps=1083392
LAYER 34 go=41234 first_ps=43008 stream_ps=1568768 data_ps=1525760
LAYER 35 go=42768 first_ps=43008 stream_ps=1131520 data_ps=1088512
SUMMARY worst_stream_ps=1576960 mean_stream_ps=1245866 first_data_ps_min=43008 first_data_ps_max=57344 layers_over_need=11
SUMMARY bytes_per_layer=1048576 worst_Bps=664935064935 mean_Bps=841643835616
SUMMARY sectors_good=1179648 sectors_bad=0 violations=0 cmds ACT=37184 PRE=37184 PREab=0 REF=11866 RD=1179648 max_ref_gap_ps=120832 max_landing=32
SUMMARY verdict=PASS
- rtl/test/model_ready_hbm_r14/tb_hbm_stream_bw.sv:220: Verilog $finish
- S i m u l a t i o n   R e p o r t: Verilator 5.050 2026-07-01
- Verilator: $finish at 45us; walltime 2.188 s; speed 20.537 us/s
- Verilator: cpu 2.187 s on 1 threads; allocated 45 MB
