OpenROAD 26Q3-1510-g6cb3f2b704 
Features included (+) or not (-): +GPU +GUI +Python
This program is licensed under the BSD-3 license. See the LICENSE file for details.
Components of this program may be licensed under more restrictive licenses which must be honored.
[INFO ODB-0227] LEF file: /OpenROAD-flow-scripts/flow/platforms/asap7/lef/asap7_tech_1x_201209.lef, created 30 layers, 9 vias
[INFO ODB-0227] LEF file: /OpenROAD-flow-scripts/flow/platforms/asap7/lef/asap7sc7p5t_28_R_1x_220121a.lef, created 212 library cells
[WARNING STA-1212] /OpenROAD-flow-scripts/flow/platforms/asap7/lib/NLDM/asap7sc7p5t_SIMPLE_RVT_FF_nldm_211120.lib.gz line 9184, timing group from output port.
[WARNING STA-1212] /OpenROAD-flow-scripts/flow/platforms/asap7/lib/NLDM/asap7sc7p5t_SIMPLE_RVT_FF_nldm_211120.lib.gz line 9217, timing group from output port.
[WARNING STA-1212] /OpenROAD-flow-scripts/flow/platforms/asap7/lib/NLDM/asap7sc7p5t_SIMPLE_RVT_FF_nldm_211120.lib.gz line 9250, timing group from output port.
[WARNING STA-1212] /OpenROAD-flow-scripts/flow/platforms/asap7/lib/NLDM/asap7sc7p5t_SIMPLE_RVT_FF_nldm_211120.lib.gz line 9283, timing group from output port.
[WARNING STA-1212] /OpenROAD-flow-scripts/flow/platforms/asap7/lib/NLDM/asap7sc7p5t_SIMPLE_RVT_FF_nldm_211120.lib.gz line 9316, timing group from output port.
[WARNING STA-1212] /OpenROAD-flow-scripts/flow/platforms/asap7/lib/NLDM/asap7sc7p5t_SIMPLE_RVT_FF_nldm_211120.lib.gz line 9349, timing group from output port.
[WARNING STA-1212] /OpenROAD-flow-scripts/flow/platforms/asap7/lib/NLDM/asap7sc7p5t_SIMPLE_RVT_FF_nldm_211120.lib.gz line 9382, timing group from output port.
[WARNING STA-1212] /OpenROAD-flow-scripts/flow/platforms/asap7/lib/NLDM/asap7sc7p5t_SIMPLE_RVT_FF_nldm_211120.lib.gz line 10518, timing group from output port.
[WARNING STA-1212] /OpenROAD-flow-scripts/flow/platforms/asap7/lib/NLDM/asap7sc7p5t_SIMPLE_RVT_FF_nldm_211120.lib.gz line 10551, timing group from output port.
[WARNING STA-1212] /OpenROAD-flow-scripts/flow/platforms/asap7/lib/NLDM/asap7sc7p5t_SIMPLE_RVT_FF_nldm_211120.lib.gz line 10584, timing group from output port.
OT_CORNER ff
OT_WS 1.0225639779370965e-11
OT_TNS 0.0
Startpoint: on.pc[1].u.on.wq_older[9]$_SDFFCE_PN0P_
            (rising edge-triggered flip-flop clocked by core_clk)
Endpoint: on.pc[1].u.on.wq_older[9]$_SDFFCE_PN0P_
          (rising edge-triggered flip-flop clocked by core_clk)
Path Group: core_clk
Path Type: min

  Delay    Time   Description
---------------------------------------------------------
   0.00    0.00   clock core_clk (rise edge)
   0.00    0.00   clock source latency
   0.00    0.00 ^ clk (in)
  27.83   27.83 ^ clkbuf_0_clk/Y (BUFx24_ASAP7_75t_R)
  28.04   55.87 ^ clkbuf_2_0_0_clk/Y (BUFx24_ASAP7_75t_R)
  30.37   86.24 ^ clkbuf_5_1__f_clk/Y (BUFx24_ASAP7_75t_R)
  25.78  112.02 ^ clkbuf_leaf_4_clk/Y (BUFx24_ASAP7_75t_R)
   2.27  114.29 ^ on.pc[1].u.on.wq_older[9]$_SDFFCE_PN0P_/CLK (DFFHQNx1_ASAP7_75t_R)
  39.67  153.96 ^ on.pc[1].u.on.wq_older[9]$_SDFFCE_PN0P_/QN (DFFHQNx1_ASAP7_75t_R)
   7.60  161.56 v _41832_/Y (OAI22x1_ASAP7_75t_R)
   0.06  161.62 v on.pc[1].u.on.wq_older[9]$_SDFFCE_PN0P_/D (DFFHQNx1_ASAP7_75t_R)
         161.62   data arrival time

   0.00    0.00   clock core_clk (rise edge)
   0.00    0.00   clock source latency
   0.00    0.00 ^ clk (in)
  29.01   29.01 ^ clkbuf_0_clk/Y (BUFx24_ASAP7_75t_R)
  29.60   58.61 ^ clkbuf_2_0_0_clk/Y (BUFx24_ASAP7_75t_R)
  32.87   91.48 ^ clkbuf_5_1__f_clk/Y (BUFx24_ASAP7_75t_R)
  27.94  119.43 ^ clkbuf_leaf_4_clk/Y (BUFx24_ASAP7_75t_R)
   2.76  122.19 ^ on.pc[1].u.on.wq_older[9]$_SDFFCE_PN0P_/CLK (DFFHQNx1_ASAP7_75t_R)
  25.00  147.19   clock uncertainty
  -7.90  139.29   clock reconvergence pessimism
  12.10  151.39   library hold time
         151.39   data required time
---------------------------------------------------------
         151.39   data required time
        -161.62   data arrival time
---------------------------------------------------------
          10.23   slack (MET)


OT_VIOL_D_PINS 0
OT_WS_REG_D 10.225640
OT_WS_OUT 155.738800
OT_WS_R2R 10.225640
OT_WS_I2R 14.639692
