JOIN_PASS rejected_fault mode=1
/srv/opentallas-scratch/candidate-global-join-r1/src/rtl/hbm_accel/index/tb_hbm_candidate_global_publication_join.sv:67: $finish called at 1595195000 (1fs)
	Command being timed: "vvp /srv/opentallas-scratch/candidate-global-join-r1/gate/gate.vvp +mode=1"
	User time (seconds): 3.66
	System time (seconds): 0.01
	Percent of CPU this job got: 99%
	Elapsed (wall clock) time (h:mm:ss or m:ss): 0:03.67
	Average shared text size (kbytes): 0
	Average unshared data size (kbytes): 0
	Average stack size (kbytes): 0
	Average total size (kbytes): 0
	Maximum resident set size (kbytes): 24912
	Average resident set size (kbytes): 0
	Major (requiring I/O) page faults: 0
	Minor (reclaiming a frame) page faults: 5117
	Voluntary context switches: 1
	Involuntary context switches: 5
	Swaps: 0
	File system inputs: 0
	File system outputs: 8
	Socket messages sent: 0
	Socket messages received: 0
	Signals delivered: 0
	Page size (bytes): 4096
	Exit status: 0
