Traceback (most recent call last):
  File "/tmp/kepler-ds-r50-current-main-20261002/tools/ds_hbm_dual_constructor_r56.py", line 30, in <module>
    if __name__=='__main__':main()
  File "/tmp/kepler-ds-r50-current-main-20261002/tools/ds_hbm_dual_constructor_r56.py", line 28, in main
    original.main()
  File "/tmp/kepler-ds-r50-current-main-20261002/tools/ds_hbm_checkpointed_prefix_r55.py", line 209, in main
    role=helper.scope_role_proof(provider,engine)
  File "/tmp/kepler-ds-r50-current-main-20261002/tools/ds_producer_checkpoint_resume_v3.py", line 112, in scope_role_proof
    body=inspect.getsource(cls)
  File "/usr/lib/python3.10/inspect.py", line 1139, in getsource
    lines, lnum = getsourcelines(object)
  File "/usr/lib/python3.10/inspect.py", line 1121, in getsourcelines
    lines, lnum = findsource(object)
  File "/usr/lib/python3.10/inspect.py", line 940, in findsource
    file = getsourcefile(object)
  File "/usr/lib/python3.10/inspect.py", line 817, in getsourcefile
    filename = getfile(object)
  File "/usr/lib/python3.10/inspect.py", line 786, in getfile
    raise TypeError('{!r} is a built-in class'.format(object))
TypeError: <class 'Sagan_committed_r39.NativeExecution'> is a built-in class
