Warning 503: sta.tcl line 1, report_checks -group_count is deprecated. Use -group_path_count instead.
Startpoint: rst_n (input port clocked by core_clk)
Endpoint: _49159_ (removal check against rising-edge clock core_clk)
Path Group: asynchronous
Path Type: min

    Delay      Time   Description
-------------------------------------------------------------
   0.0000    0.0000   clock core_clk (rise edge)
   0.0000    0.0000   clock network delay (ideal)
 200.0000  200.0000 ^ input external delay
   0.0000  200.0000 ^ rst_n (in)
   0.0000  200.0000 ^ _49159_/SETN (DFFASRHQNx1_ASAP7_75t_R)
           200.0000   data arrival time

   0.0000    0.0000   clock core_clk (rise edge)
   0.0000    0.0000   clock network delay (ideal)
   0.0000    0.0000   clock reconvergence pessimism
             0.0000 ^ _49159_/CLK (DFFASRHQNx1_ASAP7_75t_R)
  26.6676   26.6676   library removal time
            26.6676   data required time
-------------------------------------------------------------
            26.6676   data required time
          -200.0000   data arrival time
-------------------------------------------------------------
           173.3324   slack (MET)


Startpoint: _49340_ (rising edge-triggered flip-flop clocked by core_clk)
Endpoint: _49340_ (rising edge-triggered flip-flop clocked by core_clk)
Path Group: core_clk
Path Type: min

    Delay      Time   Description
-------------------------------------------------------------
   0.0000    0.0000   clock core_clk (rise edge)
   0.0000    0.0000   clock network delay (ideal)
   0.0000    0.0000 ^ _49340_/CLK (DFFHQNx1_ASAP7_75t_R)
  49.3283   49.3283 ^ _49340_/QN (DFFHQNx1_ASAP7_75t_R)
  11.0852   60.4135 v _26642_/Y (OAI22x1_ASAP7_75t_R)
   0.0000   60.4135 v _49340_/D (DFFHQNx1_ASAP7_75t_R)
            60.4135   data arrival time

   0.0000    0.0000   clock core_clk (rise edge)
   0.0000    0.0000   clock network delay (ideal)
   0.0000    0.0000   clock reconvergence pessimism
             0.0000 ^ _49340_/CLK (DFFHQNx1_ASAP7_75t_R)
   8.9082    8.9082   library hold time
             8.9082   data required time
-------------------------------------------------------------
             8.9082   data required time
           -60.4135   data arrival time
-------------------------------------------------------------
            51.5053   slack (MET)


