Running as unit: run-u50425.service
%Warning-WIDTHEXPAND: cand_ot_v41_segtree2.sv:92:25: Operator EQ expects 32 bits on the RHS, but RHS's VARREF 'e_t' generates 4 bits.
                                                   : ... note: In instance 'tb_tree16.cand_dut'
   92 |             if (hi / LV == e_t && hi % LV == e_l) e_oh[hi] = 1'b1;
      |                         ^~
                      ... For warning description see https://verilator.org/warn/WIDTHEXPAND?v=5.050
                      ... Use "/* verilator lint_off WIDTHEXPAND */" and lint_on around source to disable this message.
%Warning-WIDTHEXPAND: cand_ot_v41_segtree2.sv:92:43: Operator EQ expects 32 bits on the RHS, but RHS's VARREF 'e_l' generates 3 bits.
                                                   : ... note: In instance 'tb_tree16.cand_dut'
   92 |             if (hi / LV == e_t && hi % LV == e_l) e_oh[hi] = 1'b1;
      |                                           ^~
%Warning-WIDTHEXPAND: cand_ot_v41_segtree2.sv:93:25: Operator EQ expects 32 bits on the RHS, but RHS's VARREF 'e_t' generates 4 bits.
                                                   : ... note: In instance 'tb_tree16.cand_dut'
   93 |             if (hi / LV == e_t && hi % LV > e_l) e_above[hi] = 1'b1;
      |                         ^~
%Warning-WIDTHEXPAND: cand_ot_v41_segtree2.sv:146:30: Operator COND expects 4 bits on the Conditional True, but Conditional True's CONST '1'h1' generates 1 bits.
                                                    : ... note: In instance 'tb_tree16.cand_dut'
  146 |             qc <= qc + (in_v ? 1'b1 : 1'b0) - (use_q ? 1'b1 : 1'b0);
      |                              ^
%Warning-WIDTHEXPAND: cand_ot_v41_segtree2.sv:146:30: Operator COND expects 4 bits on the Conditional False, but Conditional False's CONST '1'h0' generates 1 bits.
                                                    : ... note: In instance 'tb_tree16.cand_dut'
  146 |             qc <= qc + (in_v ? 1'b1 : 1'b0) - (use_q ? 1'b1 : 1'b0);
      |                              ^
%Warning-WIDTHEXPAND: cand_ot_v41_segtree2.sv:146:54: Operator COND expects 4 bits on the Conditional True, but Conditional True's CONST '1'h1' generates 1 bits.
                                                    : ... note: In instance 'tb_tree16.cand_dut'
  146 |             qc <= qc + (in_v ? 1'b1 : 1'b0) - (use_q ? 1'b1 : 1'b0);
      |                                                      ^
%Warning-WIDTHEXPAND: cand_ot_v41_segtree2.sv:146:54: Operator COND expects 4 bits on the Conditional False, but Conditional False's CONST '1'h0' generates 1 bits.
                                                    : ... note: In instance 'tb_tree16.cand_dut'
  146 |             qc <= qc + (in_v ? 1'b1 : 1'b0) - (use_q ? 1'b1 : 1'b0);
      |                                                      ^
%Warning-WIDTHEXPAND: cand_ot_v41_segtree2.sv:147:28: Operator EQ expects 32 bits on the LHS, but LHS's VARREF 'qc' generates 4 bits.
                                                    : ... note: In instance 'tb_tree16.cand_dut'
  147 |             if (in_v && qc == QD && !use_q) fault <= 1'b1;
      |                            ^~
%Warning-WIDTHEXPAND: cand_ot_v41_segtree2.sv:150:66: Operator EQ expects 32 bits on the LHS, but LHS's VARREF 'x_t' generates 4 bits.
                                                    : ... note: In instance 'tb_tree16.cand_dut'
  150 |                 infl[ti] <= infl[ti] + (((pair | promote) && x_t == ti) ? 1'b1 : 1'b0)
      |                                                                  ^~
%Warning-WIDTHEXPAND: cand_ot_v41_segtree2.sv:151:64: Operator EQ expects 32 bits on the LHS, but LHS's VARREF 'out_t' generates 4 bits.
                                                    : ... note: In instance 'tb_tree16.cand_dut'
  151 |                                      - ((x_v && x_add && out_t == ti) ? 1'b1 : 1'b0);
      |                                                                ^~
%Warning-WIDTHEXPAND: cand_ot_v41_segtree2.sv:150:73: Operator COND expects 4 bits on the Conditional True, but Conditional True's CONST '1'h1' generates 1 bits.
                                                    : ... note: In instance 'tb_tree16.cand_dut'
  150 |                 infl[ti] <= infl[ti] + (((pair | promote) && x_t == ti) ? 1'b1 : 1'b0)
      |                                                                         ^
%Warning-WIDTHEXPAND: cand_ot_v41_segtree2.sv:150:73: Operator COND expects 4 bits on the Conditional False, but Conditional False's CONST '1'h0' generates 1 bits.
                                                    : ... note: In instance 'tb_tree16.cand_dut'
  150 |                 infl[ti] <= infl[ti] + (((pair | promote) && x_t == ti) ? 1'b1 : 1'b0)
      |                                                                         ^
%Warning-WIDTHEXPAND: cand_ot_v41_segtree2.sv:151:71: Operator COND expects 4 bits on the Conditional True, but Conditional True's CONST '1'h1' generates 1 bits.
                                                    : ... note: In instance 'tb_tree16.cand_dut'
  151 |                                      - ((x_v && x_add && out_t == ti) ? 1'b1 : 1'b0);
      |                                                                       ^
%Warning-WIDTHEXPAND: cand_ot_v41_segtree2.sv:151:71: Operator COND expects 4 bits on the Conditional False, but Conditional False's CONST '1'h0' generates 1 bits.
                                                    : ... note: In instance 'tb_tree16.cand_dut'
  151 |                                      - ((x_v && x_add && out_t == ti) ? 1'b1 : 1'b0);
      |                                                                       ^
%Warning-WIDTHEXPAND: cand_ot_v41_segtree2.sv:165:35: Operator COND expects 3 bits on the Conditional True, but Conditional True's CONST '1'h1' generates 1 bits.
                                                    : ... note: In instance 'tb_tree16.cand_dut'
  165 |             h_v <= qv[qr + (use_q ? 1'b1 : 1'b0)]; h_t <= qt[qr + (use_q ? 1'b1 : 1'b0)];
      |                                   ^
%Warning-WIDTHEXPAND: cand_ot_v41_segtree2.sv:165:35: Operator COND expects 3 bits on the Conditional False, but Conditional False's CONST '1'h0' generates 1 bits.
                                                    : ... note: In instance 'tb_tree16.cand_dut'
  165 |             h_v <= qv[qr + (use_q ? 1'b1 : 1'b0)]; h_t <= qt[qr + (use_q ? 1'b1 : 1'b0)];
      |                                   ^
%Warning-WIDTHEXPAND: cand_ot_v41_segtree2.sv:165:74: Operator COND expects 3 bits on the Conditional True, but Conditional True's CONST '1'h1' generates 1 bits.
                                                    : ... note: In instance 'tb_tree16.cand_dut'
  165 |             h_v <= qv[qr + (use_q ? 1'b1 : 1'b0)]; h_t <= qt[qr + (use_q ? 1'b1 : 1'b0)];
      |                                                                          ^
%Warning-WIDTHEXPAND: cand_ot_v41_segtree2.sv:165:74: Operator COND expects 3 bits on the Conditional False, but Conditional False's CONST '1'h0' generates 1 bits.
                                                    : ... note: In instance 'tb_tree16.cand_dut'
  165 |             h_v <= qv[qr + (use_q ? 1'b1 : 1'b0)]; h_t <= qt[qr + (use_q ? 1'b1 : 1'b0)];
      |                                                                          ^
%Warning-WIDTHEXPAND: cand_ot_v41_segtree2.sv:166:35: Operator COND expects 3 bits on the Conditional True, but Conditional True's CONST '1'h1' generates 1 bits.
                                                    : ... note: In instance 'tb_tree16.cand_dut'
  166 |             h_f <= qf[qr + (use_q ? 1'b1 : 1'b0)]; h_e <= qe[qr + (use_q ? 1'b1 : 1'b0)];
      |                                   ^
%Warning-WIDTHEXPAND: cand_ot_v41_segtree2.sv:166:35: Operator COND expects 3 bits on the Conditional False, but Conditional False's CONST '1'h0' generates 1 bits.
                                                    : ... note: In instance 'tb_tree16.cand_dut'
  166 |             h_f <= qf[qr + (use_q ? 1'b1 : 1'b0)]; h_e <= qe[qr + (use_q ? 1'b1 : 1'b0)];
      |                                   ^
%Warning-WIDTHEXPAND: cand_ot_v41_segtree2.sv:166:74: Operator COND expects 3 bits on the Conditional True, but Conditional True's CONST '1'h1' generates 1 bits.
                                                    : ... note: In instance 'tb_tree16.cand_dut'
  166 |             h_f <= qf[qr + (use_q ? 1'b1 : 1'b0)]; h_e <= qe[qr + (use_q ? 1'b1 : 1'b0)];
      |                                                                          ^
%Warning-WIDTHEXPAND: cand_ot_v41_segtree2.sv:166:74: Operator COND expects 3 bits on the Conditional False, but Conditional False's CONST '1'h0' generates 1 bits.
                                                    : ... note: In instance 'tb_tree16.cand_dut'
  166 |             h_f <= qf[qr + (use_q ? 1'b1 : 1'b0)]; h_e <= qe[qr + (use_q ? 1'b1 : 1'b0)];
      |                                                                          ^
%Warning-WIDTHEXPAND: cand_ot_v41_segtree2.sv:167:35: Operator COND expects 3 bits on the Conditional True, but Conditional True's CONST '1'h1' generates 1 bits.
                                                    : ... note: In instance 'tb_tree16.cand_dut'
  167 |             h_p <= qp[qr + (use_q ? 1'b1 : 1'b0)];
      |                                   ^
%Warning-WIDTHEXPAND: cand_ot_v41_segtree2.sv:167:35: Operator COND expects 3 bits on the Conditional False, but Conditional False's CONST '1'h0' generates 1 bits.
                                                    : ... note: In instance 'tb_tree16.cand_dut'
  167 |             h_p <= qp[qr + (use_q ? 1'b1 : 1'b0)];
      |                                   ^
%Warning-WIDTHEXPAND: cand_ot_v41_segtree2.sv:162:25: Operator COND expects 3 bits on the Conditional True, but Conditional True's CONST '1'h1' generates 1 bits.
                                                    : ... note: In instance 'tb_tree16.cand_dut'
  162 |         if (qr + (use_q ? 1'b1 : 1'b0) == qw) begin       
      |                         ^
%Warning-WIDTHEXPAND: cand_ot_v41_segtree2.sv:162:25: Operator COND expects 3 bits on the Conditional False, but Conditional False's CONST '1'h0' generates 1 bits.
                                                    : ... note: In instance 'tb_tree16.cand_dut'
  162 |         if (qr + (use_q ? 1'b1 : 1'b0) == qw) begin       
      |                         ^
%Warning-WIDTHEXPAND: ref_ot_v41_segtree2.sv:92:25: Operator EQ expects 32 bits on the RHS, but RHS's VARREF 'e_t' generates 4 bits.
                                                  : ... note: In instance 'tb_tree16.ref_dut'
   92 |             if (hi / LV == e_t && hi % LV == e_l) e_oh[hi] = 1'b1;
      |                         ^~
%Warning-WIDTHEXPAND: ref_ot_v41_segtree2.sv:92:43: Operator EQ expects 32 bits on the RHS, but RHS's VARREF 'e_l' generates 3 bits.
                                                  : ... note: In instance 'tb_tree16.ref_dut'
   92 |             if (hi / LV == e_t && hi % LV == e_l) e_oh[hi] = 1'b1;
      |                                           ^~
%Warning-WIDTHEXPAND: ref_ot_v41_segtree2.sv:93:25: Operator EQ expects 32 bits on the RHS, but RHS's VARREF 'e_t' generates 4 bits.
                                                  : ... note: In instance 'tb_tree16.ref_dut'
   93 |             if (hi / LV == e_t && hi % LV > e_l) e_above[hi] = 1'b1;
      |                         ^~
%Warning-WIDTHEXPAND: ref_ot_v41_segtree2.sv:146:30: Operator COND expects 4 bits on the Conditional True, but Conditional True's CONST '1'h1' generates 1 bits.
                                                   : ... note: In instance 'tb_tree16.ref_dut'
  146 |             qc <= qc + (in_v ? 1'b1 : 1'b0) - (use_q ? 1'b1 : 1'b0);
      |                              ^
%Warning-WIDTHEXPAND: ref_ot_v41_segtree2.sv:146:30: Operator COND expects 4 bits on the Conditional False, but Conditional False's CONST '1'h0' generates 1 bits.
                                                   : ... note: In instance 'tb_tree16.ref_dut'
  146 |             qc <= qc + (in_v ? 1'b1 : 1'b0) - (use_q ? 1'b1 : 1'b0);
      |                              ^
%Warning-WIDTHEXPAND: ref_ot_v41_segtree2.sv:146:54: Operator COND expects 4 bits on the Conditional True, but Conditional True's CONST '1'h1' generates 1 bits.
                                                   : ... note: In instance 'tb_tree16.ref_dut'
  146 |             qc <= qc + (in_v ? 1'b1 : 1'b0) - (use_q ? 1'b1 : 1'b0);
      |                                                      ^
%Warning-WIDTHEXPAND: ref_ot_v41_segtree2.sv:146:54: Operator COND expects 4 bits on the Conditional False, but Conditional False's CONST '1'h0' generates 1 bits.
                                                   : ... note: In instance 'tb_tree16.ref_dut'
  146 |             qc <= qc + (in_v ? 1'b1 : 1'b0) - (use_q ? 1'b1 : 1'b0);
      |                                                      ^
%Warning-WIDTHEXPAND: ref_ot_v41_segtree2.sv:147:28: Operator EQ expects 32 bits on the LHS, but LHS's VARREF 'qc' generates 4 bits.
                                                   : ... note: In instance 'tb_tree16.ref_dut'
  147 |             if (in_v && qc == QD && !use_q) fault <= 1'b1;
      |                            ^~
%Warning-WIDTHEXPAND: ref_ot_v41_segtree2.sv:150:66: Operator EQ expects 32 bits on the LHS, but LHS's VARREF 'x_t' generates 4 bits.
                                                   : ... note: In instance 'tb_tree16.ref_dut'
  150 |                 infl[ti] <= infl[ti] + (((pair | promote) && x_t == ti) ? 1'b1 : 1'b0)
      |                                                                  ^~
%Warning-WIDTHEXPAND: ref_ot_v41_segtree2.sv:151:64: Operator EQ expects 32 bits on the LHS, but LHS's VARREF 'out_t' generates 4 bits.
                                                   : ... note: In instance 'tb_tree16.ref_dut'
  151 |                                      - ((x_v && x_add && out_t == ti) ? 1'b1 : 1'b0);
      |                                                                ^~
%Warning-WIDTHEXPAND: ref_ot_v41_segtree2.sv:150:73: Operator COND expects 4 bits on the Conditional True, but Conditional True's CONST '1'h1' generates 1 bits.
                                                   : ... note: In instance 'tb_tree16.ref_dut'
  150 |                 infl[ti] <= infl[ti] + (((pair | promote) && x_t == ti) ? 1'b1 : 1'b0)
      |                                                                         ^
%Warning-WIDTHEXPAND: ref_ot_v41_segtree2.sv:150:73: Operator COND expects 4 bits on the Conditional False, but Conditional False's CONST '1'h0' generates 1 bits.
                                                   : ... note: In instance 'tb_tree16.ref_dut'
  150 |                 infl[ti] <= infl[ti] + (((pair | promote) && x_t == ti) ? 1'b1 : 1'b0)
      |                                                                         ^
%Warning-WIDTHEXPAND: ref_ot_v41_segtree2.sv:151:71: Operator COND expects 4 bits on the Conditional True, but Conditional True's CONST '1'h1' generates 1 bits.
                                                   : ... note: In instance 'tb_tree16.ref_dut'
  151 |                                      - ((x_v && x_add && out_t == ti) ? 1'b1 : 1'b0);
      |                                                                       ^
%Warning-WIDTHEXPAND: ref_ot_v41_segtree2.sv:151:71: Operator COND expects 4 bits on the Conditional False, but Conditional False's CONST '1'h0' generates 1 bits.
                                                   : ... note: In instance 'tb_tree16.ref_dut'
  151 |                                      - ((x_v && x_add && out_t == ti) ? 1'b1 : 1'b0);
      |                                                                       ^
%Warning-WIDTHEXPAND: ref_ot_v41_segtree2.sv:165:35: Operator COND expects 3 bits on the Conditional True, but Conditional True's CONST '1'h1' generates 1 bits.
                                                   : ... note: In instance 'tb_tree16.ref_dut'
  165 |             h_v <= qv[qr + (use_q ? 1'b1 : 1'b0)]; h_t <= qt[qr + (use_q ? 1'b1 : 1'b0)];
      |                                   ^
%Warning-WIDTHEXPAND: ref_ot_v41_segtree2.sv:165:35: Operator COND expects 3 bits on the Conditional False, but Conditional False's CONST '1'h0' generates 1 bits.
                                                   : ... note: In instance 'tb_tree16.ref_dut'
  165 |             h_v <= qv[qr + (use_q ? 1'b1 : 1'b0)]; h_t <= qt[qr + (use_q ? 1'b1 : 1'b0)];
      |                                   ^
%Warning-WIDTHEXPAND: ref_ot_v41_segtree2.sv:165:74: Operator COND expects 3 bits on the Conditional True, but Conditional True's CONST '1'h1' generates 1 bits.
                                                   : ... note: In instance 'tb_tree16.ref_dut'
  165 |             h_v <= qv[qr + (use_q ? 1'b1 : 1'b0)]; h_t <= qt[qr + (use_q ? 1'b1 : 1'b0)];
      |                                                                          ^
%Warning-WIDTHEXPAND: ref_ot_v41_segtree2.sv:165:74: Operator COND expects 3 bits on the Conditional False, but Conditional False's CONST '1'h0' generates 1 bits.
                                                   : ... note: In instance 'tb_tree16.ref_dut'
  165 |             h_v <= qv[qr + (use_q ? 1'b1 : 1'b0)]; h_t <= qt[qr + (use_q ? 1'b1 : 1'b0)];
      |                                                                          ^
%Warning-WIDTHEXPAND: ref_ot_v41_segtree2.sv:166:35: Operator COND expects 3 bits on the Conditional True, but Conditional True's CONST '1'h1' generates 1 bits.
                                                   : ... note: In instance 'tb_tree16.ref_dut'
  166 |             h_f <= qf[qr + (use_q ? 1'b1 : 1'b0)]; h_e <= qe[qr + (use_q ? 1'b1 : 1'b0)];
      |                                   ^
%Warning-WIDTHEXPAND: ref_ot_v41_segtree2.sv:166:35: Operator COND expects 3 bits on the Conditional False, but Conditional False's CONST '1'h0' generates 1 bits.
                                                   : ... note: In instance 'tb_tree16.ref_dut'
  166 |             h_f <= qf[qr + (use_q ? 1'b1 : 1'b0)]; h_e <= qe[qr + (use_q ? 1'b1 : 1'b0)];
      |                                   ^
%Warning-WIDTHEXPAND: ref_ot_v41_segtree2.sv:166:74: Operator COND expects 3 bits on the Conditional True, but Conditional True's CONST '1'h1' generates 1 bits.
                                                   : ... note: In instance 'tb_tree16.ref_dut'
  166 |             h_f <= qf[qr + (use_q ? 1'b1 : 1'b0)]; h_e <= qe[qr + (use_q ? 1'b1 : 1'b0)];
      |                                                                          ^
%Warning-WIDTHEXPAND: ref_ot_v41_segtree2.sv:166:74: Operator COND expects 3 bits on the Conditional False, but Conditional False's CONST '1'h0' generates 1 bits.
                                                   : ... note: In instance 'tb_tree16.ref_dut'
  166 |             h_f <= qf[qr + (use_q ? 1'b1 : 1'b0)]; h_e <= qe[qr + (use_q ? 1'b1 : 1'b0)];
      |                                                                          ^
%Warning-WIDTHEXPAND: ref_ot_v41_segtree2.sv:167:35: Operator COND expects 3 bits on the Conditional True, but Conditional True's CONST '1'h1' generates 1 bits.
                                                   : ... note: In instance 'tb_tree16.ref_dut'
  167 |             h_p <= qp[qr + (use_q ? 1'b1 : 1'b0)];
      |                                   ^
%Warning-WIDTHEXPAND: ref_ot_v41_segtree2.sv:167:35: Operator COND expects 3 bits on the Conditional False, but Conditional False's CONST '1'h0' generates 1 bits.
                                                   : ... note: In instance 'tb_tree16.ref_dut'
  167 |             h_p <= qp[qr + (use_q ? 1'b1 : 1'b0)];
      |                                   ^
%Warning-WIDTHEXPAND: ref_ot_v41_segtree2.sv:162:25: Operator COND expects 3 bits on the Conditional True, but Conditional True's CONST '1'h1' generates 1 bits.
                                                   : ... note: In instance 'tb_tree16.ref_dut'
  162 |         if (qr + (use_q ? 1'b1 : 1'b0) == qw) begin       
      |                         ^
%Warning-WIDTHEXPAND: ref_ot_v41_segtree2.sv:162:25: Operator COND expects 3 bits on the Conditional False, but Conditional False's CONST '1'h0' generates 1 bits.
                                                   : ... note: In instance 'tb_tree16.ref_dut'
  162 |         if (qr + (use_q ? 1'b1 : 1'b0) == qw) begin       
      |                         ^
%Warning-WIDTHEXPAND: tb_field_common_wrappers.sv:123:37: Operator ASSIGN expects 32 bits on the Assign RHS, but Assign RHS's VARXREF 'qc' generates 4 bits.
                                                        : ... note: In instance 'tb_tree16'
  123 |         if(ref_dut.qc>peak_q) peak_q=ref_dut.qc;
      |                                     ^
%Warning-WIDTHEXPAND: tb_field_common_wrappers.sv:123:22: Operator GT expects 32 bits on the LHS, but LHS's VARXREF 'qc' generates 4 bits.
                                                        : ... note: In instance 'tb_tree16'
  123 |         if(ref_dut.qc>peak_q) peak_q=ref_dut.qc;
      |                      ^
%Warning-WIDTHEXPAND: tb_field_common_wrappers.sv:126:28: Operator NEQCASE expects 32 or 4 bits on the LHS, but LHS's VARREF 'rp' generates 3 bits.
                                                        : ... note: In instance 'tb_tree16'
  126 |           if(seen[rt] || rp!==(rt%8)) $fatal(1,"tree identity/position duplicate");
      |                            ^~~
%Warning-WIDTHTRUNC: tb_field_common_wrappers.sv:145:25: Operator ASSIGN expects 4 bits on the Assign RHS, but Assign RHS's VARREF 't' generates 32 bits.
                                                       : ... note: In instance 'tb_tree16'
  145 |           in_v=1;in_tree=t;in_pos=t%8;in_final=(j==n-1);in_err=(t==3 && j==0);
      |                         ^
                     ... For warning description see https://verilator.org/warn/WIDTHTRUNC?v=5.050
                     ... Use "/* verilator lint_off WIDTHTRUNC */" and lint_on around source to disable this message.
%Warning-WIDTHTRUNC: tb_field_common_wrappers.sv:145:34: Operator ASSIGN expects 3 bits on the Assign RHS, but Assign RHS's MODDIVS generates 32 bits.
                                                       : ... note: In instance 'tb_tree16'
  145 |           in_v=1;in_tree=t;in_pos=t%8;in_final=(j==n-1);in_err=(t==3 && j==0);
      |                                  ^
%Warning-WIDTHTRUNC: tb_field_common_wrappers.sv:162:23: Operator ASSIGN expects 4 bits on the Assign RHS, but Assign RHS's MODDIVS generates 32 bits.
                                                       : ... note: In instance 'tb_tree16'
  162 |         in_v=1;in_tree=j%16;in_pos=j%8;in_final=0;in_err=0;in_val=32'h3f800000;tick();
      |                       ^
%Warning-WIDTHTRUNC: tb_field_common_wrappers.sv:162:35: Operator ASSIGN expects 3 bits on the Assign RHS, but Assign RHS's MODDIVS generates 32 bits.
                                                       : ... note: In instance 'tb_tree16'
  162 |         in_v=1;in_tree=j%16;in_pos=j%8;in_final=0;in_err=0;in_val=32'h3f800000;tick();
      |                                   ^
make: Entering directory '/tmp/field-common-wrapper-run-r3/candidate/obj_tree16'
g++ -Os  -I.  -MMD -I/home/ubuntu/.local/opentallas-tools/verilator-5.050/share/verilator/include -I/home/ubuntu/.local/opentallas-tools/verilator-5.050/share/verilator/include/vltstd -DVERILATOR=1 -DVM_COVERAGE=0 -DVM_SC=0 -DVM_TIMING=1 -DVM_TRACE=0 -DVM_TRACE_FST=0 -DVM_TRACE_VCD=0 -DVM_TRACE_SAIF=0 -DVM_VPI=0 -faligned-new -fcf-protection=none -Wno-bool-operation -Wno-int-in-bool-context -Wno-shadow -Wno-sign-compare -Wno-subobject-linkage -Wno-tautological-compare -Wno-uninitialized -Wno-unused-but-set-parameter -Wno-unused-but-set-variable -Wno-unused-parameter -Wno-unused-variable    -DVL_TIME_CONTEXT   -fcoroutines -c -o verilated.o /home/ubuntu/.local/opentallas-tools/verilator-5.050/share/verilator/include/verilated.cpp
g++ -Os  -I.  -MMD -I/home/ubuntu/.local/opentallas-tools/verilator-5.050/share/verilator/include -I/home/ubuntu/.local/opentallas-tools/verilator-5.050/share/verilator/include/vltstd -DVERILATOR=1 -DVM_COVERAGE=0 -DVM_SC=0 -DVM_TIMING=1 -DVM_TRACE=0 -DVM_TRACE_FST=0 -DVM_TRACE_VCD=0 -DVM_TRACE_SAIF=0 -DVM_VPI=0 -faligned-new -fcf-protection=none -Wno-bool-operation -Wno-int-in-bool-context -Wno-shadow -Wno-sign-compare -Wno-subobject-linkage -Wno-tautological-compare -Wno-uninitialized -Wno-unused-but-set-parameter -Wno-unused-but-set-variable -Wno-unused-parameter -Wno-unused-variable    -DVL_TIME_CONTEXT   -fcoroutines -c -o verilated_timing.o /home/ubuntu/.local/opentallas-tools/verilator-5.050/share/verilator/include/verilated_timing.cpp
g++ -Os  -I.  -MMD -I/home/ubuntu/.local/opentallas-tools/verilator-5.050/share/verilator/include -I/home/ubuntu/.local/opentallas-tools/verilator-5.050/share/verilator/include/vltstd -DVERILATOR=1 -DVM_COVERAGE=0 -DVM_SC=0 -DVM_TIMING=1 -DVM_TRACE=0 -DVM_TRACE_FST=0 -DVM_TRACE_VCD=0 -DVM_TRACE_SAIF=0 -DVM_VPI=0 -faligned-new -fcf-protection=none -Wno-bool-operation -Wno-int-in-bool-context -Wno-shadow -Wno-sign-compare -Wno-subobject-linkage -Wno-tautological-compare -Wno-uninitialized -Wno-unused-but-set-parameter -Wno-unused-but-set-variable -Wno-unused-parameter -Wno-unused-variable    -DVL_TIME_CONTEXT   -fcoroutines -c -o verilated_threads.o /home/ubuntu/.local/opentallas-tools/verilator-5.050/share/verilator/include/verilated_threads.cpp
python3 /home/ubuntu/.local/opentallas-tools/verilator-5.050/share/verilator/bin/verilator_includer -DVL_INCLUDE_OPT=include Vtb_tree16.cpp Vtb_tree16___024root__0.cpp Vtb_tree16_ref_ot_v41_ksadd__0.cpp Vtb_tree16__main.cpp Vtb_tree16__ConstPool__0__Slow.cpp Vtb_tree16___024root__Slow.cpp Vtb_tree16___024root__0__Slow.cpp Vtb_tree16_ref_ot_v41_ksadd__Slow.cpp Vtb_tree16_ref_ot_v41_ksadd__0__Slow.cpp Vtb_tree16__Syms__Slow.cpp > Vtb_tree16__ALL.cpp
g++ -Os  -I.  -MMD -I/home/ubuntu/.local/opentallas-tools/verilator-5.050/share/verilator/include -I/home/ubuntu/.local/opentallas-tools/verilator-5.050/share/verilator/include/vltstd -DVERILATOR=1 -DVM_COVERAGE=0 -DVM_SC=0 -DVM_TIMING=1 -DVM_TRACE=0 -DVM_TRACE_FST=0 -DVM_TRACE_VCD=0 -DVM_TRACE_SAIF=0 -DVM_VPI=0 -faligned-new -fcf-protection=none -Wno-bool-operation -Wno-int-in-bool-context -Wno-shadow -Wno-sign-compare -Wno-subobject-linkage -Wno-tautological-compare -Wno-uninitialized -Wno-unused-but-set-parameter -Wno-unused-but-set-variable -Wno-unused-parameter -Wno-unused-variable    -DVL_TIME_CONTEXT   -fcoroutines -c -o Vtb_tree16__ALL.o Vtb_tree16__ALL.cpp
g++    verilated.o verilated_timing.o verilated_threads.o Vtb_tree16__ALL.a    -pthread -lpthread -latomic   -o Vtb_tree16
rm Vtb_tree16__ALL.verilator_deplist.tmp
make: Leaving directory '/tmp/field-common-wrapper-run-r3/candidate/obj_tree16'
- V e r i l a t i o n   R e p o r t: Verilator 5.050 2026-07-01 rev v5.050
- Verilator: Built from 0.795 MB sources in 24 modules, into 0.872 MB in 10 C++ files needing 0.001 MB
- Verilator: Walltime 3.917 s (elab=0.019, cvt=0.078, bld=3.800); cpu 0.125 s on 2 threads; allocated 52.184 MB
RESOURCE {"memory.max": "4294967296", "memory.swap.max": "0", "memory.peak": "552738816", "memory.events": "low 0\nhigh 0\nmax 0\noom 0\noom_kill 0\noom_group_kill 0", "returncode": 0, "cpus": [0, 1], "elapsed_seconds": 3.974}
Finished with result: success
Main processes terminated with: code=exited/status=0
Service runtime: 4.004s
CPU time consumed: 6.820s
