{
 "setup_ss": {
  "corner": "ss",
  "check": "setup",
  "worst_slack_ps": -18.91,
  "tns_ps": -465.2,
  "worst_register_d_slack_ps": -18.908098,
  "worst_reg_to_reg_slack_ps": -18.91,
  "worst_input_to_reg_slack_ps": Infinity,
  "worst_output_port_slack_ps": 1000000000.0,
  "violating_d_pins": 63,
  "errors": [],
  "odb_sha256": "296f2f9e4f091283dc6eb6caebbb3f7b6158f1eba402c593ebfb2f69c09da8ea",
  "spef_sha256": "d099ea945968d22b4a8ab983a29d273fa34a173a320f46ed72d73620fe3a4643",
  "sdc_sha256": "8a43c8da96e5f67aec74db5d9b391723d8e4d5e8b85b623778c187620e9a9abd"
 },
 "hold_ff": {
  "corner": "ff",
  "check": "hold",
  "worst_slack_ps": -1.64,
  "tns_ps": -1.6,
  "worst_register_d_slack_ps": -1.640743,
  "worst_reg_to_reg_slack_ps": -1.64,
  "worst_input_to_reg_slack_ps": Infinity,
  "worst_output_port_slack_ps": 1000000000.0,
  "violating_d_pins": 1,
  "errors": [],
  "odb_sha256": "296f2f9e4f091283dc6eb6caebbb3f7b6158f1eba402c593ebfb2f69c09da8ea",
  "spef_sha256": "d099ea945968d22b4a8ab983a29d273fa34a173a320f46ed72d73620fe3a4643",
  "sdc_sha256": "8a43c8da96e5f67aec74db5d9b391723d8e4d5e8b85b623778c187620e9a9abd"
 },
 "closes_signoff": false
}
