
-- Executing script file `run.ys' --

1. Executing Verilog-2005 frontend: implementation.sv
Parsing SystemVerilog input from `implementation.sv' to AST representation.
Generating RTLIL representation for module `\ot_v41_ksadd'.
Successfully finished Verilog frontend.

2. Executing Verilog-2005 frontend: miter.sv
Parsing SystemVerilog input from `miter.sv' to AST representation.
Generating RTLIL representation for module `\proof'.
Successfully finished Verilog frontend.

3. Executing HIERARCHY pass (managing design hierarchy).

3.1. Analyzing design hierarchy..
Top module:  \proof
Used module:     \ot_v41_ksadd
Parameter \W = 12

3.2. Executing AST frontend in derive mode using pre-parsed AST for module `\ot_v41_ksadd'.
Parameter \W = 12
Generating RTLIL representation for module `$paramod\ot_v41_ksadd\W=s32'00000000000000000000000000001100'.

3.3. Analyzing design hierarchy..
Top module:  \proof
Used module:     $paramod\ot_v41_ksadd\W=s32'00000000000000000000000000001100

3.4. Analyzing design hierarchy..
Top module:  \proof
Used module:     $paramod\ot_v41_ksadd\W=s32'00000000000000000000000000001100
Removing unused module `\ot_v41_ksadd'.
Removed 1 unused modules.

4. Executing PROC pass (convert processes to netlists).

4.1. Executing PROC_CLEAN pass (remove empty switches from decision trees).
Cleaned up 0 empty switches.

4.2. Executing PROC_RMDEAD pass (remove dead branches from decision trees).
Removed a total of 0 dead cases.

4.3. Executing PROC_PRUNE pass (remove redundant assignments in processes).
Removed 0 redundant assignments.
Promoted 106 assignments to connections.

4.4. Executing PROC_INIT pass (extract init attributes).

4.5. Executing PROC_ARST pass (detect async resets in processes).

4.6. Executing PROC_ROM pass (convert switches to ROMs).
Converted 0 switches.

4.7. Executing PROC_MUX pass (convert decision trees to multiplexers).
Creating decoders for process `$paramod\ot_v41_ksadd\W=s32'00000000000000000000000000001100.$proc$implementation.sv:22$861'.
Creating decoders for process `$paramod\ot_v41_ksadd\W=s32'00000000000000000000000000001100.$proc$implementation.sv:21$858'.
Creating decoders for process `$paramod\ot_v41_ksadd\W=s32'00000000000000000000000000001100.$proc$implementation.sv:22$856'.
Creating decoders for process `$paramod\ot_v41_ksadd\W=s32'00000000000000000000000000001100.$proc$implementation.sv:21$853'.
Creating decoders for process `$paramod\ot_v41_ksadd\W=s32'00000000000000000000000000001100.$proc$implementation.sv:22$851'.
Creating decoders for process `$paramod\ot_v41_ksadd\W=s32'00000000000000000000000000001100.$proc$implementation.sv:21$848'.
Creating decoders for process `$paramod\ot_v41_ksadd\W=s32'00000000000000000000000000001100.$proc$implementation.sv:22$846'.
Creating decoders for process `$paramod\ot_v41_ksadd\W=s32'00000000000000000000000000001100.$proc$implementation.sv:21$843'.
Creating decoders for process `$paramod\ot_v41_ksadd\W=s32'00000000000000000000000000001100.$proc$implementation.sv:22$841'.
Creating decoders for process `$paramod\ot_v41_ksadd\W=s32'00000000000000000000000000001100.$proc$implementation.sv:21$838'.
Creating decoders for process `$paramod\ot_v41_ksadd\W=s32'00000000000000000000000000001100.$proc$implementation.sv:25$837'.
Creating decoders for process `$paramod\ot_v41_ksadd\W=s32'00000000000000000000000000001100.$proc$implementation.sv:24$836'.
Creating decoders for process `$paramod\ot_v41_ksadd\W=s32'00000000000000000000000000001100.$proc$implementation.sv:25$835'.
Creating decoders for process `$paramod\ot_v41_ksadd\W=s32'00000000000000000000000000001100.$proc$implementation.sv:24$834'.
Creating decoders for process `$paramod\ot_v41_ksadd\W=s32'00000000000000000000000000001100.$proc$implementation.sv:25$833'.
Creating decoders for process `$paramod\ot_v41_ksadd\W=s32'00000000000000000000000000001100.$proc$implementation.sv:24$832'.
Creating decoders for process `$paramod\ot_v41_ksadd\W=s32'00000000000000000000000000001100.$proc$implementation.sv:25$831'.
Creating decoders for process `$paramod\ot_v41_ksadd\W=s32'00000000000000000000000000001100.$proc$implementation.sv:24$830'.
Creating decoders for process `$paramod\ot_v41_ksadd\W=s32'00000000000000000000000000001100.$proc$implementation.sv:25$829'.
Creating decoders for process `$paramod\ot_v41_ksadd\W=s32'00000000000000000000000000001100.$proc$implementation.sv:24$828'.
Creating decoders for process `$paramod\ot_v41_ksadd\W=s32'00000000000000000000000000001100.$proc$implementation.sv:25$827'.
Creating decoders for process `$paramod\ot_v41_ksadd\W=s32'00000000000000000000000000001100.$proc$implementation.sv:24$826'.
Creating decoders for process `$paramod\ot_v41_ksadd\W=s32'00000000000000000000000000001100.$proc$implementation.sv:25$825'.
Creating decoders for process `$paramod\ot_v41_ksadd\W=s32'00000000000000000000000000001100.$proc$implementation.sv:24$824'.
Creating decoders for process `$paramod\ot_v41_ksadd\W=s32'00000000000000000000000000001100.$proc$implementation.sv:25$823'.
Creating decoders for process `$paramod\ot_v41_ksadd\W=s32'00000000000000000000000000001100.$proc$implementation.sv:24$822'.
Creating decoders for process `$paramod\ot_v41_ksadd\W=s32'00000000000000000000000000001100.$proc$implementation.sv:22$820'.
Creating decoders for process `$paramod\ot_v41_ksadd\W=s32'00000000000000000000000000001100.$proc$implementation.sv:21$817'.
Creating decoders for process `$paramod\ot_v41_ksadd\W=s32'00000000000000000000000000001100.$proc$implementation.sv:22$815'.
Creating decoders for process `$paramod\ot_v41_ksadd\W=s32'00000000000000000000000000001100.$proc$implementation.sv:21$812'.
Creating decoders for process `$paramod\ot_v41_ksadd\W=s32'00000000000000000000000000001100.$proc$implementation.sv:22$810'.
Creating decoders for process `$paramod\ot_v41_ksadd\W=s32'00000000000000000000000000001100.$proc$implementation.sv:21$807'.
Creating decoders for process `$paramod\ot_v41_ksadd\W=s32'00000000000000000000000000001100.$proc$implementation.sv:22$805'.
Creating decoders for process `$paramod\ot_v41_ksadd\W=s32'00000000000000000000000000001100.$proc$implementation.sv:21$802'.
Creating decoders for process `$paramod\ot_v41_ksadd\W=s32'00000000000000000000000000001100.$proc$implementation.sv:22$800'.
Creating decoders for process `$paramod\ot_v41_ksadd\W=s32'00000000000000000000000000001100.$proc$implementation.sv:21$797'.
Creating decoders for process `$paramod\ot_v41_ksadd\W=s32'00000000000000000000000000001100.$proc$implementation.sv:22$795'.
Creating decoders for process `$paramod\ot_v41_ksadd\W=s32'00000000000000000000000000001100.$proc$implementation.sv:21$792'.
Creating decoders for process `$paramod\ot_v41_ksadd\W=s32'00000000000000000000000000001100.$proc$implementation.sv:22$790'.
Creating decoders for process `$paramod\ot_v41_ksadd\W=s32'00000000000000000000000000001100.$proc$implementation.sv:21$787'.
Creating decoders for process `$paramod\ot_v41_ksadd\W=s32'00000000000000000000000000001100.$proc$implementation.sv:22$785'.
Creating decoders for process `$paramod\ot_v41_ksadd\W=s32'00000000000000000000000000001100.$proc$implementation.sv:21$782'.
Creating decoders for process `$paramod\ot_v41_ksadd\W=s32'00000000000000000000000000001100.$proc$implementation.sv:22$780'.
Creating decoders for process `$paramod\ot_v41_ksadd\W=s32'00000000000000000000000000001100.$proc$implementation.sv:21$777'.
Creating decoders for process `$paramod\ot_v41_ksadd\W=s32'00000000000000000000000000001100.$proc$implementation.sv:25$776'.
Creating decoders for process `$paramod\ot_v41_ksadd\W=s32'00000000000000000000000000001100.$proc$implementation.sv:24$775'.
Creating decoders for process `$paramod\ot_v41_ksadd\W=s32'00000000000000000000000000001100.$proc$implementation.sv:25$774'.
Creating decoders for process `$paramod\ot_v41_ksadd\W=s32'00000000000000000000000000001100.$proc$implementation.sv:24$773'.
Creating decoders for process `$paramod\ot_v41_ksadd\W=s32'00000000000000000000000000001100.$proc$implementation.sv:25$772'.
Creating decoders for process `$paramod\ot_v41_ksadd\W=s32'00000000000000000000000000001100.$proc$implementation.sv:24$771'.
Creating decoders for process `$paramod\ot_v41_ksadd\W=s32'00000000000000000000000000001100.$proc$implementation.sv:25$770'.
Creating decoders for process `$paramod\ot_v41_ksadd\W=s32'00000000000000000000000000001100.$proc$implementation.sv:24$769'.
Creating decoders for process `$paramod\ot_v41_ksadd\W=s32'00000000000000000000000000001100.$proc$implementation.sv:22$767'.
Creating decoders for process `$paramod\ot_v41_ksadd\W=s32'00000000000000000000000000001100.$proc$implementation.sv:21$764'.
Creating decoders for process `$paramod\ot_v41_ksadd\W=s32'00000000000000000000000000001100.$proc$implementation.sv:22$762'.
Creating decoders for process `$paramod\ot_v41_ksadd\W=s32'00000000000000000000000000001100.$proc$implementation.sv:21$759'.
Creating decoders for process `$paramod\ot_v41_ksadd\W=s32'00000000000000000000000000001100.$proc$implementation.sv:22$757'.
Creating decoders for process `$paramod\ot_v41_ksadd\W=s32'00000000000000000000000000001100.$proc$implementation.sv:21$754'.
Creating decoders for process `$paramod\ot_v41_ksadd\W=s32'00000000000000000000000000001100.$proc$implementation.sv:22$752'.
Creating decoders for process `$paramod\ot_v41_ksadd\W=s32'00000000000000000000000000001100.$proc$implementation.sv:21$749'.
Creating decoders for process `$paramod\ot_v41_ksadd\W=s32'00000000000000000000000000001100.$proc$implementation.sv:22$747'.
Creating decoders for process `$paramod\ot_v41_ksadd\W=s32'00000000000000000000000000001100.$proc$implementation.sv:21$744'.
Creating decoders for process `$paramod\ot_v41_ksadd\W=s32'00000000000000000000000000001100.$proc$implementation.sv:22$742'.
Creating decoders for process `$paramod\ot_v41_ksadd\W=s32'00000000000000000000000000001100.$proc$implementation.sv:21$739'.
Creating decoders for process `$paramod\ot_v41_ksadd\W=s32'00000000000000000000000000001100.$proc$implementation.sv:22$737'.
Creating decoders for process `$paramod\ot_v41_ksadd\W=s32'00000000000000000000000000001100.$proc$implementation.sv:21$734'.
Creating decoders for process `$paramod\ot_v41_ksadd\W=s32'00000000000000000000000000001100.$proc$implementation.sv:22$732'.
Creating decoders for process `$paramod\ot_v41_ksadd\W=s32'00000000000000000000000000001100.$proc$implementation.sv:21$729'.
Creating decoders for process `$paramod\ot_v41_ksadd\W=s32'00000000000000000000000000001100.$proc$implementation.sv:22$727'.
Creating decoders for process `$paramod\ot_v41_ksadd\W=s32'00000000000000000000000000001100.$proc$implementation.sv:21$724'.
Creating decoders for process `$paramod\ot_v41_ksadd\W=s32'00000000000000000000000000001100.$proc$implementation.sv:22$722'.
Creating decoders for process `$paramod\ot_v41_ksadd\W=s32'00000000000000000000000000001100.$proc$implementation.sv:21$719'.
Creating decoders for process `$paramod\ot_v41_ksadd\W=s32'00000000000000000000000000001100.$proc$implementation.sv:22$717'.
Creating decoders for process `$paramod\ot_v41_ksadd\W=s32'00000000000000000000000000001100.$proc$implementation.sv:21$714'.
Creating decoders for process `$paramod\ot_v41_ksadd\W=s32'00000000000000000000000000001100.$proc$implementation.sv:25$713'.
Creating decoders for process `$paramod\ot_v41_ksadd\W=s32'00000000000000000000000000001100.$proc$implementation.sv:24$712'.
Creating decoders for process `$paramod\ot_v41_ksadd\W=s32'00000000000000000000000000001100.$proc$implementation.sv:25$711'.
Creating decoders for process `$paramod\ot_v41_ksadd\W=s32'00000000000000000000000000001100.$proc$implementation.sv:24$710'.
Creating decoders for process `$paramod\ot_v41_ksadd\W=s32'00000000000000000000000000001100.$proc$implementation.sv:22$708'.
Creating decoders for process `$paramod\ot_v41_ksadd\W=s32'00000000000000000000000000001100.$proc$implementation.sv:21$705'.
Creating decoders for process `$paramod\ot_v41_ksadd\W=s32'00000000000000000000000000001100.$proc$implementation.sv:22$703'.
Creating decoders for process `$paramod\ot_v41_ksadd\W=s32'00000000000000000000000000001100.$proc$implementation.sv:21$700'.
Creating decoders for process `$paramod\ot_v41_ksadd\W=s32'00000000000000000000000000001100.$proc$implementation.sv:22$698'.
Creating decoders for process `$paramod\ot_v41_ksadd\W=s32'00000000000000000000000000001100.$proc$implementation.sv:21$695'.
Creating decoders for process `$paramod\ot_v41_ksadd\W=s32'00000000000000000000000000001100.$proc$implementation.sv:22$693'.
Creating decoders for process `$paramod\ot_v41_ksadd\W=s32'00000000000000000000000000001100.$proc$implementation.sv:21$690'.
Creating decoders for process `$paramod\ot_v41_ksadd\W=s32'00000000000000000000000000001100.$proc$implementation.sv:22$688'.
Creating decoders for process `$paramod\ot_v41_ksadd\W=s32'00000000000000000000000000001100.$proc$implementation.sv:21$685'.
Creating decoders for process `$paramod\ot_v41_ksadd\W=s32'00000000000000000000000000001100.$proc$implementation.sv:22$683'.
Creating decoders for process `$paramod\ot_v41_ksadd\W=s32'00000000000000000000000000001100.$proc$implementation.sv:21$680'.
Creating decoders for process `$paramod\ot_v41_ksadd\W=s32'00000000000000000000000000001100.$proc$implementation.sv:22$678'.
Creating decoders for process `$paramod\ot_v41_ksadd\W=s32'00000000000000000000000000001100.$proc$implementation.sv:21$675'.
Creating decoders for process `$paramod\ot_v41_ksadd\W=s32'00000000000000000000000000001100.$proc$implementation.sv:22$673'.
Creating decoders for process `$paramod\ot_v41_ksadd\W=s32'00000000000000000000000000001100.$proc$implementation.sv:21$670'.
Creating decoders for process `$paramod\ot_v41_ksadd\W=s32'00000000000000000000000000001100.$proc$implementation.sv:22$668'.
Creating decoders for process `$paramod\ot_v41_ksadd\W=s32'00000000000000000000000000001100.$proc$implementation.sv:21$665'.
Creating decoders for process `$paramod\ot_v41_ksadd\W=s32'00000000000000000000000000001100.$proc$implementation.sv:22$663'.
Creating decoders for process `$paramod\ot_v41_ksadd\W=s32'00000000000000000000000000001100.$proc$implementation.sv:21$660'.
Creating decoders for process `$paramod\ot_v41_ksadd\W=s32'00000000000000000000000000001100.$proc$implementation.sv:22$658'.
Creating decoders for process `$paramod\ot_v41_ksadd\W=s32'00000000000000000000000000001100.$proc$implementation.sv:21$655'.
Creating decoders for process `$paramod\ot_v41_ksadd\W=s32'00000000000000000000000000001100.$proc$implementation.sv:22$653'.
Creating decoders for process `$paramod\ot_v41_ksadd\W=s32'00000000000000000000000000001100.$proc$implementation.sv:21$650'.
Creating decoders for process `$paramod\ot_v41_ksadd\W=s32'00000000000000000000000000001100.$proc$implementation.sv:25$649'.
Creating decoders for process `$paramod\ot_v41_ksadd\W=s32'00000000000000000000000000001100.$proc$implementation.sv:24$648'.
Creating decoders for process `$paramod\ot_v41_ksadd\W=s32'00000000000000000000000000001100.$proc$implementation.sv:15$646'.
Creating decoders for process `$paramod\ot_v41_ksadd\W=s32'00000000000000000000000000001100.$proc$implementation.sv:14$644'.

4.8. Executing PROC_DLATCH pass (convert process syncs to latches).
No latch inferred for signal `$paramod\ot_v41_ksadd\W=s32'00000000000000000000000000001100.\p[4] [12]' from process `$paramod\ot_v41_ksadd\W=s32'00000000000000000000000000001100.$proc$implementation.sv:22$861'.
No latch inferred for signal `$paramod\ot_v41_ksadd\W=s32'00000000000000000000000000001100.\g[4] [12]' from process `$paramod\ot_v41_ksadd\W=s32'00000000000000000000000000001100.$proc$implementation.sv:21$858'.
No latch inferred for signal `$paramod\ot_v41_ksadd\W=s32'00000000000000000000000000001100.\p[4] [11]' from process `$paramod\ot_v41_ksadd\W=s32'00000000000000000000000000001100.$proc$implementation.sv:22$856'.
No latch inferred for signal `$paramod\ot_v41_ksadd\W=s32'00000000000000000000000000001100.\g[4] [11]' from process `$paramod\ot_v41_ksadd\W=s32'00000000000000000000000000001100.$proc$implementation.sv:21$853'.
No latch inferred for signal `$paramod\ot_v41_ksadd\W=s32'00000000000000000000000000001100.\p[4] [10]' from process `$paramod\ot_v41_ksadd\W=s32'00000000000000000000000000001100.$proc$implementation.sv:22$851'.
No latch inferred for signal `$paramod\ot_v41_ksadd\W=s32'00000000000000000000000000001100.\g[4] [10]' from process `$paramod\ot_v41_ksadd\W=s32'00000000000000000000000000001100.$proc$implementation.sv:21$848'.
No latch inferred for signal `$paramod\ot_v41_ksadd\W=s32'00000000000000000000000000001100.\p[4] [9]' from process `$paramod\ot_v41_ksadd\W=s32'00000000000000000000000000001100.$proc$implementation.sv:22$846'.
No latch inferred for signal `$paramod\ot_v41_ksadd\W=s32'00000000000000000000000000001100.\g[4] [9]' from process `$paramod\ot_v41_ksadd\W=s32'00000000000000000000000000001100.$proc$implementation.sv:21$843'.
No latch inferred for signal `$paramod\ot_v41_ksadd\W=s32'00000000000000000000000000001100.\p[4] [8]' from process `$paramod\ot_v41_ksadd\W=s32'00000000000000000000000000001100.$proc$implementation.sv:22$841'.
No latch inferred for signal `$paramod\ot_v41_ksadd\W=s32'00000000000000000000000000001100.\g[4] [8]' from process `$paramod\ot_v41_ksadd\W=s32'00000000000000000000000000001100.$proc$implementation.sv:21$838'.
No latch inferred for signal `$paramod\ot_v41_ksadd\W=s32'00000000000000000000000000001100.\p[4] [7]' from process `$paramod\ot_v41_ksadd\W=s32'00000000000000000000000000001100.$proc$implementation.sv:25$837'.
No latch inferred for signal `$paramod\ot_v41_ksadd\W=s32'00000000000000000000000000001100.\g[4] [7]' from process `$paramod\ot_v41_ksadd\W=s32'00000000000000000000000000001100.$proc$implementation.sv:24$836'.
No latch inferred for signal `$paramod\ot_v41_ksadd\W=s32'00000000000000000000000000001100.\p[4] [6]' from process `$paramod\ot_v41_ksadd\W=s32'00000000000000000000000000001100.$proc$implementation.sv:25$835'.
No latch inferred for signal `$paramod\ot_v41_ksadd\W=s32'00000000000000000000000000001100.\g[4] [6]' from process `$paramod\ot_v41_ksadd\W=s32'00000000000000000000000000001100.$proc$implementation.sv:24$834'.
No latch inferred for signal `$paramod\ot_v41_ksadd\W=s32'00000000000000000000000000001100.\p[4] [5]' from process `$paramod\ot_v41_ksadd\W=s32'00000000000000000000000000001100.$proc$implementation.sv:25$833'.
No latch inferred for signal `$paramod\ot_v41_ksadd\W=s32'00000000000000000000000000001100.\g[4] [5]' from process `$paramod\ot_v41_ksadd\W=s32'00000000000000000000000000001100.$proc$implementation.sv:24$832'.
No latch inferred for signal `$paramod\ot_v41_ksadd\W=s32'00000000000000000000000000001100.\p[4] [4]' from process `$paramod\ot_v41_ksadd\W=s32'00000000000000000000000000001100.$proc$implementation.sv:25$831'.
No latch inferred for signal `$paramod\ot_v41_ksadd\W=s32'00000000000000000000000000001100.\g[4] [4]' from process `$paramod\ot_v41_ksadd\W=s32'00000000000000000000000000001100.$proc$implementation.sv:24$830'.
No latch inferred for signal `$paramod\ot_v41_ksadd\W=s32'00000000000000000000000000001100.\p[4] [3]' from process `$paramod\ot_v41_ksadd\W=s32'00000000000000000000000000001100.$proc$implementation.sv:25$829'.
No latch inferred for signal `$paramod\ot_v41_ksadd\W=s32'00000000000000000000000000001100.\g[4] [3]' from process `$paramod\ot_v41_ksadd\W=s32'00000000000000000000000000001100.$proc$implementation.sv:24$828'.
No latch inferred for signal `$paramod\ot_v41_ksadd\W=s32'00000000000000000000000000001100.\p[4] [2]' from process `$paramod\ot_v41_ksadd\W=s32'00000000000000000000000000001100.$proc$implementation.sv:25$827'.
No latch inferred for signal `$paramod\ot_v41_ksadd\W=s32'00000000000000000000000000001100.\g[4] [2]' from process `$paramod\ot_v41_ksadd\W=s32'00000000000000000000000000001100.$proc$implementation.sv:24$826'.
No latch inferred for signal `$paramod\ot_v41_ksadd\W=s32'00000000000000000000000000001100.\p[4] [1]' from process `$paramod\ot_v41_ksadd\W=s32'00000000000000000000000000001100.$proc$implementation.sv:25$825'.
No latch inferred for signal `$paramod\ot_v41_ksadd\W=s32'00000000000000000000000000001100.\g[4] [1]' from process `$paramod\ot_v41_ksadd\W=s32'00000000000000000000000000001100.$proc$implementation.sv:24$824'.
No latch inferred for signal `$paramod\ot_v41_ksadd\W=s32'00000000000000000000000000001100.\p[4] [0]' from process `$paramod\ot_v41_ksadd\W=s32'00000000000000000000000000001100.$proc$implementation.sv:25$823'.
No latch inferred for signal `$paramod\ot_v41_ksadd\W=s32'00000000000000000000000000001100.\g[4] [0]' from process `$paramod\ot_v41_ksadd\W=s32'00000000000000000000000000001100.$proc$implementation.sv:24$822'.
No latch inferred for signal `$paramod\ot_v41_ksadd\W=s32'00000000000000000000000000001100.\p[3] [12]' from process `$paramod\ot_v41_ksadd\W=s32'00000000000000000000000000001100.$proc$implementation.sv:22$820'.
No latch inferred for signal `$paramod\ot_v41_ksadd\W=s32'00000000000000000000000000001100.\g[3] [12]' from process `$paramod\ot_v41_ksadd\W=s32'00000000000000000000000000001100.$proc$implementation.sv:21$817'.
No latch inferred for signal `$paramod\ot_v41_ksadd\W=s32'00000000000000000000000000001100.\p[3] [11]' from process `$paramod\ot_v41_ksadd\W=s32'00000000000000000000000000001100.$proc$implementation.sv:22$815'.
No latch inferred for signal `$paramod\ot_v41_ksadd\W=s32'00000000000000000000000000001100.\g[3] [11]' from process `$paramod\ot_v41_ksadd\W=s32'00000000000000000000000000001100.$proc$implementation.sv:21$812'.
No latch inferred for signal `$paramod\ot_v41_ksadd\W=s32'00000000000000000000000000001100.\p[3] [10]' from process `$paramod\ot_v41_ksadd\W=s32'00000000000000000000000000001100.$proc$implementation.sv:22$810'.
No latch inferred for signal `$paramod\ot_v41_ksadd\W=s32'00000000000000000000000000001100.\g[3] [10]' from process `$paramod\ot_v41_ksadd\W=s32'00000000000000000000000000001100.$proc$implementation.sv:21$807'.
No latch inferred for signal `$paramod\ot_v41_ksadd\W=s32'00000000000000000000000000001100.\p[3] [9]' from process `$paramod\ot_v41_ksadd\W=s32'00000000000000000000000000001100.$proc$implementation.sv:22$805'.
No latch inferred for signal `$paramod\ot_v41_ksadd\W=s32'00000000000000000000000000001100.\g[3] [9]' from process `$paramod\ot_v41_ksadd\W=s32'00000000000000000000000000001100.$proc$implementation.sv:21$802'.
No latch inferred for signal `$paramod\ot_v41_ksadd\W=s32'00000000000000000000000000001100.\p[3] [8]' from process `$paramod\ot_v41_ksadd\W=s32'00000000000000000000000000001100.$proc$implementation.sv:22$800'.
No latch inferred for signal `$paramod\ot_v41_ksadd\W=s32'00000000000000000000000000001100.\g[3] [8]' from process `$paramod\ot_v41_ksadd\W=s32'00000000000000000000000000001100.$proc$implementation.sv:21$797'.
No latch inferred for signal `$paramod\ot_v41_ksadd\W=s32'00000000000000000000000000001100.\p[3] [7]' from process `$paramod\ot_v41_ksadd\W=s32'00000000000000000000000000001100.$proc$implementation.sv:22$795'.
No latch inferred for signal `$paramod\ot_v41_ksadd\W=s32'00000000000000000000000000001100.\g[3] [7]' from process `$paramod\ot_v41_ksadd\W=s32'00000000000000000000000000001100.$proc$implementation.sv:21$792'.
No latch inferred for signal `$paramod\ot_v41_ksadd\W=s32'00000000000000000000000000001100.\p[3] [6]' from process `$paramod\ot_v41_ksadd\W=s32'00000000000000000000000000001100.$proc$implementation.sv:22$790'.
No latch inferred for signal `$paramod\ot_v41_ksadd\W=s32'00000000000000000000000000001100.\g[3] [6]' from process `$paramod\ot_v41_ksadd\W=s32'00000000000000000000000000001100.$proc$implementation.sv:21$787'.
No latch inferred for signal `$paramod\ot_v41_ksadd\W=s32'00000000000000000000000000001100.\p[3] [5]' from process `$paramod\ot_v41_ksadd\W=s32'00000000000000000000000000001100.$proc$implementation.sv:22$785'.
No latch inferred for signal `$paramod\ot_v41_ksadd\W=s32'00000000000000000000000000001100.\g[3] [5]' from process `$paramod\ot_v41_ksadd\W=s32'00000000000000000000000000001100.$proc$implementation.sv:21$782'.
No latch inferred for signal `$paramod\ot_v41_ksadd\W=s32'00000000000000000000000000001100.\p[3] [4]' from process `$paramod\ot_v41_ksadd\W=s32'00000000000000000000000000001100.$proc$implementation.sv:22$780'.
No latch inferred for signal `$paramod\ot_v41_ksadd\W=s32'00000000000000000000000000001100.\g[3] [4]' from process `$paramod\ot_v41_ksadd\W=s32'00000000000000000000000000001100.$proc$implementation.sv:21$777'.
No latch inferred for signal `$paramod\ot_v41_ksadd\W=s32'00000000000000000000000000001100.\p[3] [3]' from process `$paramod\ot_v41_ksadd\W=s32'00000000000000000000000000001100.$proc$implementation.sv:25$776'.
No latch inferred for signal `$paramod\ot_v41_ksadd\W=s32'00000000000000000000000000001100.\g[3] [3]' from process `$paramod\ot_v41_ksadd\W=s32'00000000000000000000000000001100.$proc$implementation.sv:24$775'.
No latch inferred for signal `$paramod\ot_v41_ksadd\W=s32'00000000000000000000000000001100.\p[3] [2]' from process `$paramod\ot_v41_ksadd\W=s32'00000000000000000000000000001100.$proc$implementation.sv:25$774'.
No latch inferred for signal `$paramod\ot_v41_ksadd\W=s32'00000000000000000000000000001100.\g[3] [2]' from process `$paramod\ot_v41_ksadd\W=s32'00000000000000000000000000001100.$proc$implementation.sv:24$773'.
No latch inferred for signal `$paramod\ot_v41_ksadd\W=s32'00000000000000000000000000001100.\p[3] [1]' from process `$paramod\ot_v41_ksadd\W=s32'00000000000000000000000000001100.$proc$implementation.sv:25$772'.
No latch inferred for signal `$paramod\ot_v41_ksadd\W=s32'00000000000000000000000000001100.\g[3] [1]' from process `$paramod\ot_v41_ksadd\W=s32'00000000000000000000000000001100.$proc$implementation.sv:24$771'.
No latch inferred for signal `$paramod\ot_v41_ksadd\W=s32'00000000000000000000000000001100.\p[3] [0]' from process `$paramod\ot_v41_ksadd\W=s32'00000000000000000000000000001100.$proc$implementation.sv:25$770'.
No latch inferred for signal `$paramod\ot_v41_ksadd\W=s32'00000000000000000000000000001100.\g[3] [0]' from process `$paramod\ot_v41_ksadd\W=s32'00000000000000000000000000001100.$proc$implementation.sv:24$769'.
No latch inferred for signal `$paramod\ot_v41_ksadd\W=s32'00000000000000000000000000001100.\p[2] [12]' from process `$paramod\ot_v41_ksadd\W=s32'00000000000000000000000000001100.$proc$implementation.sv:22$767'.
No latch inferred for signal `$paramod\ot_v41_ksadd\W=s32'00000000000000000000000000001100.\g[2] [12]' from process `$paramod\ot_v41_ksadd\W=s32'00000000000000000000000000001100.$proc$implementation.sv:21$764'.
No latch inferred for signal `$paramod\ot_v41_ksadd\W=s32'00000000000000000000000000001100.\p[2] [11]' from process `$paramod\ot_v41_ksadd\W=s32'00000000000000000000000000001100.$proc$implementation.sv:22$762'.
No latch inferred for signal `$paramod\ot_v41_ksadd\W=s32'00000000000000000000000000001100.\g[2] [11]' from process `$paramod\ot_v41_ksadd\W=s32'00000000000000000000000000001100.$proc$implementation.sv:21$759'.
No latch inferred for signal `$paramod\ot_v41_ksadd\W=s32'00000000000000000000000000001100.\p[2] [10]' from process `$paramod\ot_v41_ksadd\W=s32'00000000000000000000000000001100.$proc$implementation.sv:22$757'.
No latch inferred for signal `$paramod\ot_v41_ksadd\W=s32'00000000000000000000000000001100.\g[2] [10]' from process `$paramod\ot_v41_ksadd\W=s32'00000000000000000000000000001100.$proc$implementation.sv:21$754'.
No latch inferred for signal `$paramod\ot_v41_ksadd\W=s32'00000000000000000000000000001100.\p[2] [9]' from process `$paramod\ot_v41_ksadd\W=s32'00000000000000000000000000001100.$proc$implementation.sv:22$752'.
No latch inferred for signal `$paramod\ot_v41_ksadd\W=s32'00000000000000000000000000001100.\g[2] [9]' from process `$paramod\ot_v41_ksadd\W=s32'00000000000000000000000000001100.$proc$implementation.sv:21$749'.
No latch inferred for signal `$paramod\ot_v41_ksadd\W=s32'00000000000000000000000000001100.\p[2] [8]' from process `$paramod\ot_v41_ksadd\W=s32'00000000000000000000000000001100.$proc$implementation.sv:22$747'.
No latch inferred for signal `$paramod\ot_v41_ksadd\W=s32'00000000000000000000000000001100.\g[2] [8]' from process `$paramod\ot_v41_ksadd\W=s32'00000000000000000000000000001100.$proc$implementation.sv:21$744'.
No latch inferred for signal `$paramod\ot_v41_ksadd\W=s32'00000000000000000000000000001100.\p[2] [7]' from process `$paramod\ot_v41_ksadd\W=s32'00000000000000000000000000001100.$proc$implementation.sv:22$742'.
No latch inferred for signal `$paramod\ot_v41_ksadd\W=s32'00000000000000000000000000001100.\g[2] [7]' from process `$paramod\ot_v41_ksadd\W=s32'00000000000000000000000000001100.$proc$implementation.sv:21$739'.
No latch inferred for signal `$paramod\ot_v41_ksadd\W=s32'00000000000000000000000000001100.\p[2] [6]' from process `$paramod\ot_v41_ksadd\W=s32'00000000000000000000000000001100.$proc$implementation.sv:22$737'.
No latch inferred for signal `$paramod\ot_v41_ksadd\W=s32'00000000000000000000000000001100.\g[2] [6]' from process `$paramod\ot_v41_ksadd\W=s32'00000000000000000000000000001100.$proc$implementation.sv:21$734'.
No latch inferred for signal `$paramod\ot_v41_ksadd\W=s32'00000000000000000000000000001100.\p[2] [5]' from process `$paramod\ot_v41_ksadd\W=s32'00000000000000000000000000001100.$proc$implementation.sv:22$732'.
No latch inferred for signal `$paramod\ot_v41_ksadd\W=s32'00000000000000000000000000001100.\g[2] [5]' from process `$paramod\ot_v41_ksadd\W=s32'00000000000000000000000000001100.$proc$implementation.sv:21$729'.
No latch inferred for signal `$paramod\ot_v41_ksadd\W=s32'00000000000000000000000000001100.\p[2] [4]' from process `$paramod\ot_v41_ksadd\W=s32'00000000000000000000000000001100.$proc$implementation.sv:22$727'.
No latch inferred for signal `$paramod\ot_v41_ksadd\W=s32'00000000000000000000000000001100.\g[2] [4]' from process `$paramod\ot_v41_ksadd\W=s32'00000000000000000000000000001100.$proc$implementation.sv:21$724'.
No latch inferred for signal `$paramod\ot_v41_ksadd\W=s32'00000000000000000000000000001100.\p[2] [3]' from process `$paramod\ot_v41_ksadd\W=s32'00000000000000000000000000001100.$proc$implementation.sv:22$722'.
No latch inferred for signal `$paramod\ot_v41_ksadd\W=s32'00000000000000000000000000001100.\g[2] [3]' from process `$paramod\ot_v41_ksadd\W=s32'00000000000000000000000000001100.$proc$implementation.sv:21$719'.
No latch inferred for signal `$paramod\ot_v41_ksadd\W=s32'00000000000000000000000000001100.\p[2] [2]' from process `$paramod\ot_v41_ksadd\W=s32'00000000000000000000000000001100.$proc$implementation.sv:22$717'.
No latch inferred for signal `$paramod\ot_v41_ksadd\W=s32'00000000000000000000000000001100.\g[2] [2]' from process `$paramod\ot_v41_ksadd\W=s32'00000000000000000000000000001100.$proc$implementation.sv:21$714'.
No latch inferred for signal `$paramod\ot_v41_ksadd\W=s32'00000000000000000000000000001100.\p[2] [1]' from process `$paramod\ot_v41_ksadd\W=s32'00000000000000000000000000001100.$proc$implementation.sv:25$713'.
No latch inferred for signal `$paramod\ot_v41_ksadd\W=s32'00000000000000000000000000001100.\g[2] [1]' from process `$paramod\ot_v41_ksadd\W=s32'00000000000000000000000000001100.$proc$implementation.sv:24$712'.
No latch inferred for signal `$paramod\ot_v41_ksadd\W=s32'00000000000000000000000000001100.\p[2] [0]' from process `$paramod\ot_v41_ksadd\W=s32'00000000000000000000000000001100.$proc$implementation.sv:25$711'.
No latch inferred for signal `$paramod\ot_v41_ksadd\W=s32'00000000000000000000000000001100.\g[2] [0]' from process `$paramod\ot_v41_ksadd\W=s32'00000000000000000000000000001100.$proc$implementation.sv:24$710'.
No latch inferred for signal `$paramod\ot_v41_ksadd\W=s32'00000000000000000000000000001100.\p[1] [12]' from process `$paramod\ot_v41_ksadd\W=s32'00000000000000000000000000001100.$proc$implementation.sv:22$708'.
No latch inferred for signal `$paramod\ot_v41_ksadd\W=s32'00000000000000000000000000001100.\g[1] [12]' from process `$paramod\ot_v41_ksadd\W=s32'00000000000000000000000000001100.$proc$implementation.sv:21$705'.
No latch inferred for signal `$paramod\ot_v41_ksadd\W=s32'00000000000000000000000000001100.\p[1] [11]' from process `$paramod\ot_v41_ksadd\W=s32'00000000000000000000000000001100.$proc$implementation.sv:22$703'.
No latch inferred for signal `$paramod\ot_v41_ksadd\W=s32'00000000000000000000000000001100.\g[1] [11]' from process `$paramod\ot_v41_ksadd\W=s32'00000000000000000000000000001100.$proc$implementation.sv:21$700'.
No latch inferred for signal `$paramod\ot_v41_ksadd\W=s32'00000000000000000000000000001100.\p[1] [10]' from process `$paramod\ot_v41_ksadd\W=s32'00000000000000000000000000001100.$proc$implementation.sv:22$698'.
No latch inferred for signal `$paramod\ot_v41_ksadd\W=s32'00000000000000000000000000001100.\g[1] [10]' from process `$paramod\ot_v41_ksadd\W=s32'00000000000000000000000000001100.$proc$implementation.sv:21$695'.
No latch inferred for signal `$paramod\ot_v41_ksadd\W=s32'00000000000000000000000000001100.\p[1] [9]' from process `$paramod\ot_v41_ksadd\W=s32'00000000000000000000000000001100.$proc$implementation.sv:22$693'.
No latch inferred for signal `$paramod\ot_v41_ksadd\W=s32'00000000000000000000000000001100.\g[1] [9]' from process `$paramod\ot_v41_ksadd\W=s32'00000000000000000000000000001100.$proc$implementation.sv:21$690'.
No latch inferred for signal `$paramod\ot_v41_ksadd\W=s32'00000000000000000000000000001100.\p[1] [8]' from process `$paramod\ot_v41_ksadd\W=s32'00000000000000000000000000001100.$proc$implementation.sv:22$688'.
No latch inferred for signal `$paramod\ot_v41_ksadd\W=s32'00000000000000000000000000001100.\g[1] [8]' from process `$paramod\ot_v41_ksadd\W=s32'00000000000000000000000000001100.$proc$implementation.sv:21$685'.
No latch inferred for signal `$paramod\ot_v41_ksadd\W=s32'00000000000000000000000000001100.\p[1] [7]' from process `$paramod\ot_v41_ksadd\W=s32'00000000000000000000000000001100.$proc$implementation.sv:22$683'.
No latch inferred for signal `$paramod\ot_v41_ksadd\W=s32'00000000000000000000000000001100.\g[1] [7]' from process `$paramod\ot_v41_ksadd\W=s32'00000000000000000000000000001100.$proc$implementation.sv:21$680'.
No latch inferred for signal `$paramod\ot_v41_ksadd\W=s32'00000000000000000000000000001100.\p[1] [6]' from process `$paramod\ot_v41_ksadd\W=s32'00000000000000000000000000001100.$proc$implementation.sv:22$678'.
No latch inferred for signal `$paramod\ot_v41_ksadd\W=s32'00000000000000000000000000001100.\g[1] [6]' from process `$paramod\ot_v41_ksadd\W=s32'00000000000000000000000000001100.$proc$implementation.sv:21$675'.
No latch inferred for signal `$paramod\ot_v41_ksadd\W=s32'00000000000000000000000000001100.\p[1] [5]' from process `$paramod\ot_v41_ksadd\W=s32'00000000000000000000000000001100.$proc$implementation.sv:22$673'.
No latch inferred for signal `$paramod\ot_v41_ksadd\W=s32'00000000000000000000000000001100.\g[1] [5]' from process `$paramod\ot_v41_ksadd\W=s32'00000000000000000000000000001100.$proc$implementation.sv:21$670'.
No latch inferred for signal `$paramod\ot_v41_ksadd\W=s32'00000000000000000000000000001100.\p[1] [4]' from process `$paramod\ot_v41_ksadd\W=s32'00000000000000000000000000001100.$proc$implementation.sv:22$668'.
No latch inferred for signal `$paramod\ot_v41_ksadd\W=s32'00000000000000000000000000001100.\g[1] [4]' from process `$paramod\ot_v41_ksadd\W=s32'00000000000000000000000000001100.$proc$implementation.sv:21$665'.
No latch inferred for signal `$paramod\ot_v41_ksadd\W=s32'00000000000000000000000000001100.\p[1] [3]' from process `$paramod\ot_v41_ksadd\W=s32'00000000000000000000000000001100.$proc$implementation.sv:22$663'.
No latch inferred for signal `$paramod\ot_v41_ksadd\W=s32'00000000000000000000000000001100.\g[1] [3]' from process `$paramod\ot_v41_ksadd\W=s32'00000000000000000000000000001100.$proc$implementation.sv:21$660'.
No latch inferred for signal `$paramod\ot_v41_ksadd\W=s32'00000000000000000000000000001100.\p[1] [2]' from process `$paramod\ot_v41_ksadd\W=s32'00000000000000000000000000001100.$proc$implementation.sv:22$658'.
No latch inferred for signal `$paramod\ot_v41_ksadd\W=s32'00000000000000000000000000001100.\g[1] [2]' from process `$paramod\ot_v41_ksadd\W=s32'00000000000000000000000000001100.$proc$implementation.sv:21$655'.
No latch inferred for signal `$paramod\ot_v41_ksadd\W=s32'00000000000000000000000000001100.\p[1] [1]' from process `$paramod\ot_v41_ksadd\W=s32'00000000000000000000000000001100.$proc$implementation.sv:22$653'.
No latch inferred for signal `$paramod\ot_v41_ksadd\W=s32'00000000000000000000000000001100.\g[1] [1]' from process `$paramod\ot_v41_ksadd\W=s32'00000000000000000000000000001100.$proc$implementation.sv:21$650'.
No latch inferred for signal `$paramod\ot_v41_ksadd\W=s32'00000000000000000000000000001100.\p[1] [0]' from process `$paramod\ot_v41_ksadd\W=s32'00000000000000000000000000001100.$proc$implementation.sv:25$649'.
No latch inferred for signal `$paramod\ot_v41_ksadd\W=s32'00000000000000000000000000001100.\g[1] [0]' from process `$paramod\ot_v41_ksadd\W=s32'00000000000000000000000000001100.$proc$implementation.sv:24$648'.
No latch inferred for signal `$paramod\ot_v41_ksadd\W=s32'00000000000000000000000000001100.\p[0]' from process `$paramod\ot_v41_ksadd\W=s32'00000000000000000000000000001100.$proc$implementation.sv:15$646'.
No latch inferred for signal `$paramod\ot_v41_ksadd\W=s32'00000000000000000000000000001100.\g[0]' from process `$paramod\ot_v41_ksadd\W=s32'00000000000000000000000000001100.$proc$implementation.sv:14$644'.

4.9. Executing PROC_DFF pass (convert process syncs to FFs).

4.10. Executing PROC_MEMWR pass (convert process memory writes to cells).

4.11. Executing PROC_CLEAN pass (remove empty switches from decision trees).
Removing empty process `$paramod\ot_v41_ksadd\W=s32'00000000000000000000000000001100.$proc$implementation.sv:22$861'.
Removing empty process `$paramod\ot_v41_ksadd\W=s32'00000000000000000000000000001100.$proc$implementation.sv:21$858'.
Removing empty process `$paramod\ot_v41_ksadd\W=s32'00000000000000000000000000001100.$proc$implementation.sv:22$856'.
Removing empty process `$paramod\ot_v41_ksadd\W=s32'00000000000000000000000000001100.$proc$implementation.sv:21$853'.
Removing empty process `$paramod\ot_v41_ksadd\W=s32'00000000000000000000000000001100.$proc$implementation.sv:22$851'.
Removing empty process `$paramod\ot_v41_ksadd\W=s32'00000000000000000000000000001100.$proc$implementation.sv:21$848'.
Removing empty process `$paramod\ot_v41_ksadd\W=s32'00000000000000000000000000001100.$proc$implementation.sv:22$846'.
Removing empty process `$paramod\ot_v41_ksadd\W=s32'00000000000000000000000000001100.$proc$implementation.sv:21$843'.
Removing empty process `$paramod\ot_v41_ksadd\W=s32'00000000000000000000000000001100.$proc$implementation.sv:22$841'.
Removing empty process `$paramod\ot_v41_ksadd\W=s32'00000000000000000000000000001100.$proc$implementation.sv:21$838'.
Removing empty process `$paramod\ot_v41_ksadd\W=s32'00000000000000000000000000001100.$proc$implementation.sv:25$837'.
Removing empty process `$paramod\ot_v41_ksadd\W=s32'00000000000000000000000000001100.$proc$implementation.sv:24$836'.
Removing empty process `$paramod\ot_v41_ksadd\W=s32'00000000000000000000000000001100.$proc$implementation.sv:25$835'.
Removing empty process `$paramod\ot_v41_ksadd\W=s32'00000000000000000000000000001100.$proc$implementation.sv:24$834'.
Removing empty process `$paramod\ot_v41_ksadd\W=s32'00000000000000000000000000001100.$proc$implementation.sv:25$833'.
Removing empty process `$paramod\ot_v41_ksadd\W=s32'00000000000000000000000000001100.$proc$implementation.sv:24$832'.
Removing empty process `$paramod\ot_v41_ksadd\W=s32'00000000000000000000000000001100.$proc$implementation.sv:25$831'.
Removing empty process `$paramod\ot_v41_ksadd\W=s32'00000000000000000000000000001100.$proc$implementation.sv:24$830'.
Removing empty process `$paramod\ot_v41_ksadd\W=s32'00000000000000000000000000001100.$proc$implementation.sv:25$829'.
Removing empty process `$paramod\ot_v41_ksadd\W=s32'00000000000000000000000000001100.$proc$implementation.sv:24$828'.
Removing empty process `$paramod\ot_v41_ksadd\W=s32'00000000000000000000000000001100.$proc$implementation.sv:25$827'.
Removing empty process `$paramod\ot_v41_ksadd\W=s32'00000000000000000000000000001100.$proc$implementation.sv:24$826'.
Removing empty process `$paramod\ot_v41_ksadd\W=s32'00000000000000000000000000001100.$proc$implementation.sv:25$825'.
Removing empty process `$paramod\ot_v41_ksadd\W=s32'00000000000000000000000000001100.$proc$implementation.sv:24$824'.
Removing empty process `$paramod\ot_v41_ksadd\W=s32'00000000000000000000000000001100.$proc$implementation.sv:25$823'.
Removing empty process `$paramod\ot_v41_ksadd\W=s32'00000000000000000000000000001100.$proc$implementation.sv:24$822'.
Removing empty process `$paramod\ot_v41_ksadd\W=s32'00000000000000000000000000001100.$proc$implementation.sv:22$820'.
Removing empty process `$paramod\ot_v41_ksadd\W=s32'00000000000000000000000000001100.$proc$implementation.sv:21$817'.
Removing empty process `$paramod\ot_v41_ksadd\W=s32'00000000000000000000000000001100.$proc$implementation.sv:22$815'.
Removing empty process `$paramod\ot_v41_ksadd\W=s32'00000000000000000000000000001100.$proc$implementation.sv:21$812'.
Removing empty process `$paramod\ot_v41_ksadd\W=s32'00000000000000000000000000001100.$proc$implementation.sv:22$810'.
Removing empty process `$paramod\ot_v41_ksadd\W=s32'00000000000000000000000000001100.$proc$implementation.sv:21$807'.
Removing empty process `$paramod\ot_v41_ksadd\W=s32'00000000000000000000000000001100.$proc$implementation.sv:22$805'.
Removing empty process `$paramod\ot_v41_ksadd\W=s32'00000000000000000000000000001100.$proc$implementation.sv:21$802'.
Removing empty process `$paramod\ot_v41_ksadd\W=s32'00000000000000000000000000001100.$proc$implementation.sv:22$800'.
Removing empty process `$paramod\ot_v41_ksadd\W=s32'00000000000000000000000000001100.$proc$implementation.sv:21$797'.
Removing empty process `$paramod\ot_v41_ksadd\W=s32'00000000000000000000000000001100.$proc$implementation.sv:22$795'.
Removing empty process `$paramod\ot_v41_ksadd\W=s32'00000000000000000000000000001100.$proc$implementation.sv:21$792'.
Removing empty process `$paramod\ot_v41_ksadd\W=s32'00000000000000000000000000001100.$proc$implementation.sv:22$790'.
Removing empty process `$paramod\ot_v41_ksadd\W=s32'00000000000000000000000000001100.$proc$implementation.sv:21$787'.
Removing empty process `$paramod\ot_v41_ksadd\W=s32'00000000000000000000000000001100.$proc$implementation.sv:22$785'.
Removing empty process `$paramod\ot_v41_ksadd\W=s32'00000000000000000000000000001100.$proc$implementation.sv:21$782'.
Removing empty process `$paramod\ot_v41_ksadd\W=s32'00000000000000000000000000001100.$proc$implementation.sv:22$780'.
Removing empty process `$paramod\ot_v41_ksadd\W=s32'00000000000000000000000000001100.$proc$implementation.sv:21$777'.
Removing empty process `$paramod\ot_v41_ksadd\W=s32'00000000000000000000000000001100.$proc$implementation.sv:25$776'.
Removing empty process `$paramod\ot_v41_ksadd\W=s32'00000000000000000000000000001100.$proc$implementation.sv:24$775'.
Removing empty process `$paramod\ot_v41_ksadd\W=s32'00000000000000000000000000001100.$proc$implementation.sv:25$774'.
Removing empty process `$paramod\ot_v41_ksadd\W=s32'00000000000000000000000000001100.$proc$implementation.sv:24$773'.
Removing empty process `$paramod\ot_v41_ksadd\W=s32'00000000000000000000000000001100.$proc$implementation.sv:25$772'.
Removing empty process `$paramod\ot_v41_ksadd\W=s32'00000000000000000000000000001100.$proc$implementation.sv:24$771'.
Removing empty process `$paramod\ot_v41_ksadd\W=s32'00000000000000000000000000001100.$proc$implementation.sv:25$770'.
Removing empty process `$paramod\ot_v41_ksadd\W=s32'00000000000000000000000000001100.$proc$implementation.sv:24$769'.
Removing empty process `$paramod\ot_v41_ksadd\W=s32'00000000000000000000000000001100.$proc$implementation.sv:22$767'.
Removing empty process `$paramod\ot_v41_ksadd\W=s32'00000000000000000000000000001100.$proc$implementation.sv:21$764'.
Removing empty process `$paramod\ot_v41_ksadd\W=s32'00000000000000000000000000001100.$proc$implementation.sv:22$762'.
Removing empty process `$paramod\ot_v41_ksadd\W=s32'00000000000000000000000000001100.$proc$implementation.sv:21$759'.
Removing empty process `$paramod\ot_v41_ksadd\W=s32'00000000000000000000000000001100.$proc$implementation.sv:22$757'.
Removing empty process `$paramod\ot_v41_ksadd\W=s32'00000000000000000000000000001100.$proc$implementation.sv:21$754'.
Removing empty process `$paramod\ot_v41_ksadd\W=s32'00000000000000000000000000001100.$proc$implementation.sv:22$752'.
Removing empty process `$paramod\ot_v41_ksadd\W=s32'00000000000000000000000000001100.$proc$implementation.sv:21$749'.
Removing empty process `$paramod\ot_v41_ksadd\W=s32'00000000000000000000000000001100.$proc$implementation.sv:22$747'.
Removing empty process `$paramod\ot_v41_ksadd\W=s32'00000000000000000000000000001100.$proc$implementation.sv:21$744'.
Removing empty process `$paramod\ot_v41_ksadd\W=s32'00000000000000000000000000001100.$proc$implementation.sv:22$742'.
Removing empty process `$paramod\ot_v41_ksadd\W=s32'00000000000000000000000000001100.$proc$implementation.sv:21$739'.
Removing empty process `$paramod\ot_v41_ksadd\W=s32'00000000000000000000000000001100.$proc$implementation.sv:22$737'.
Removing empty process `$paramod\ot_v41_ksadd\W=s32'00000000000000000000000000001100.$proc$implementation.sv:21$734'.
Removing empty process `$paramod\ot_v41_ksadd\W=s32'00000000000000000000000000001100.$proc$implementation.sv:22$732'.
Removing empty process `$paramod\ot_v41_ksadd\W=s32'00000000000000000000000000001100.$proc$implementation.sv:21$729'.
Removing empty process `$paramod\ot_v41_ksadd\W=s32'00000000000000000000000000001100.$proc$implementation.sv:22$727'.
Removing empty process `$paramod\ot_v41_ksadd\W=s32'00000000000000000000000000001100.$proc$implementation.sv:21$724'.
Removing empty process `$paramod\ot_v41_ksadd\W=s32'00000000000000000000000000001100.$proc$implementation.sv:22$722'.
Removing empty process `$paramod\ot_v41_ksadd\W=s32'00000000000000000000000000001100.$proc$implementation.sv:21$719'.
Removing empty process `$paramod\ot_v41_ksadd\W=s32'00000000000000000000000000001100.$proc$implementation.sv:22$717'.
Removing empty process `$paramod\ot_v41_ksadd\W=s32'00000000000000000000000000001100.$proc$implementation.sv:21$714'.
Removing empty process `$paramod\ot_v41_ksadd\W=s32'00000000000000000000000000001100.$proc$implementation.sv:25$713'.
Removing empty process `$paramod\ot_v41_ksadd\W=s32'00000000000000000000000000001100.$proc$implementation.sv:24$712'.
Removing empty process `$paramod\ot_v41_ksadd\W=s32'00000000000000000000000000001100.$proc$implementation.sv:25$711'.
Removing empty process `$paramod\ot_v41_ksadd\W=s32'00000000000000000000000000001100.$proc$implementation.sv:24$710'.
Removing empty process `$paramod\ot_v41_ksadd\W=s32'00000000000000000000000000001100.$proc$implementation.sv:22$708'.
Removing empty process `$paramod\ot_v41_ksadd\W=s32'00000000000000000000000000001100.$proc$implementation.sv:21$705'.
Removing empty process `$paramod\ot_v41_ksadd\W=s32'00000000000000000000000000001100.$proc$implementation.sv:22$703'.
Removing empty process `$paramod\ot_v41_ksadd\W=s32'00000000000000000000000000001100.$proc$implementation.sv:21$700'.
Removing empty process `$paramod\ot_v41_ksadd\W=s32'00000000000000000000000000001100.$proc$implementation.sv:22$698'.
Removing empty process `$paramod\ot_v41_ksadd\W=s32'00000000000000000000000000001100.$proc$implementation.sv:21$695'.
Removing empty process `$paramod\ot_v41_ksadd\W=s32'00000000000000000000000000001100.$proc$implementation.sv:22$693'.
Removing empty process `$paramod\ot_v41_ksadd\W=s32'00000000000000000000000000001100.$proc$implementation.sv:21$690'.
Removing empty process `$paramod\ot_v41_ksadd\W=s32'00000000000000000000000000001100.$proc$implementation.sv:22$688'.
Removing empty process `$paramod\ot_v41_ksadd\W=s32'00000000000000000000000000001100.$proc$implementation.sv:21$685'.
Removing empty process `$paramod\ot_v41_ksadd\W=s32'00000000000000000000000000001100.$proc$implementation.sv:22$683'.
Removing empty process `$paramod\ot_v41_ksadd\W=s32'00000000000000000000000000001100.$proc$implementation.sv:21$680'.
Removing empty process `$paramod\ot_v41_ksadd\W=s32'00000000000000000000000000001100.$proc$implementation.sv:22$678'.
Removing empty process `$paramod\ot_v41_ksadd\W=s32'00000000000000000000000000001100.$proc$implementation.sv:21$675'.
Removing empty process `$paramod\ot_v41_ksadd\W=s32'00000000000000000000000000001100.$proc$implementation.sv:22$673'.
Removing empty process `$paramod\ot_v41_ksadd\W=s32'00000000000000000000000000001100.$proc$implementation.sv:21$670'.
Removing empty process `$paramod\ot_v41_ksadd\W=s32'00000000000000000000000000001100.$proc$implementation.sv:22$668'.
Removing empty process `$paramod\ot_v41_ksadd\W=s32'00000000000000000000000000001100.$proc$implementation.sv:21$665'.
Removing empty process `$paramod\ot_v41_ksadd\W=s32'00000000000000000000000000001100.$proc$implementation.sv:22$663'.
Removing empty process `$paramod\ot_v41_ksadd\W=s32'00000000000000000000000000001100.$proc$implementation.sv:21$660'.
Removing empty process `$paramod\ot_v41_ksadd\W=s32'00000000000000000000000000001100.$proc$implementation.sv:22$658'.
Removing empty process `$paramod\ot_v41_ksadd\W=s32'00000000000000000000000000001100.$proc$implementation.sv:21$655'.
Removing empty process `$paramod\ot_v41_ksadd\W=s32'00000000000000000000000000001100.$proc$implementation.sv:22$653'.
Removing empty process `$paramod\ot_v41_ksadd\W=s32'00000000000000000000000000001100.$proc$implementation.sv:21$650'.
Removing empty process `$paramod\ot_v41_ksadd\W=s32'00000000000000000000000000001100.$proc$implementation.sv:25$649'.
Removing empty process `$paramod\ot_v41_ksadd\W=s32'00000000000000000000000000001100.$proc$implementation.sv:24$648'.
Removing empty process `$paramod\ot_v41_ksadd\W=s32'00000000000000000000000000001100.$proc$implementation.sv:15$646'.
Removing empty process `$paramod\ot_v41_ksadd\W=s32'00000000000000000000000000001100.$proc$implementation.sv:14$644'.
Cleaned up 0 empty switches.

4.12. Executing OPT_EXPR pass (perform const folding).
Optimizing module proof.
Optimizing module $paramod\ot_v41_ksadd\W=s32'00000000000000000000000000001100.
<suppressed ~12 debug messages>

5. Executing FLATTEN pass (flatten design).
Deleting now unused module $paramod\ot_v41_ksadd\W=s32'00000000000000000000000000001100.
<suppressed ~1 debug messages>

6. Executing OPT pass (performing simple optimizations).

6.1. Executing OPT_EXPR pass (perform const folding).
Optimizing module proof.

6.2. Executing OPT_MERGE pass (detect identical cells).
Finding identical cells in module `\proof'.
Computing hashes of 107 cells of `\proof'.
Finding duplicate cells in `\proof'.
Computing hashes of 106 cells of `\proof'.
Finding duplicate cells in `\proof'.
<suppressed ~3 debug messages>
Removed a total of 1 cells.

6.3. Executing OPT_MUXTREE pass (detect dead branches in mux trees).
Running muxtree optimizer on module \proof..
  Creating internal representation of mux trees.
  No muxes found in this module.
Removed 0 multiplexer ports.

6.4. Executing OPT_REDUCE pass (consolidate $*mux and $reduce_* inputs).
  Optimizing cells in module \proof.
Performed a total of 0 changes.

6.5. Executing OPT_MERGE pass (detect identical cells).
Finding identical cells in module `\proof'.
Computing hashes of 106 cells of `\proof'.
Finding duplicate cells in `\proof'.
Removed a total of 0 cells.

6.6. Executing OPT_DFF pass (perform DFF optimizations).

6.7. Executing OPT_CLEAN pass (remove unused cells and wires).
Finding unused cells or wires in module \proof..
Removed 0 unused cells and 186 unused wires.
<suppressed ~1 debug messages>

6.8. Executing OPT_EXPR pass (perform const folding).
Optimizing module proof.

6.9. Rerunning OPT passes. (Maybe there is more to do..)

6.10. Executing OPT_MUXTREE pass (detect dead branches in mux trees).
Running muxtree optimizer on module \proof..
  Creating internal representation of mux trees.
  No muxes found in this module.
Removed 0 multiplexer ports.

6.11. Executing OPT_REDUCE pass (consolidate $*mux and $reduce_* inputs).
  Optimizing cells in module \proof.
Performed a total of 0 changes.

6.12. Executing OPT_MERGE pass (detect identical cells).
Finding identical cells in module `\proof'.
Computing hashes of 106 cells of `\proof'.
Finding duplicate cells in `\proof'.
Removed a total of 0 cells.

6.13. Executing OPT_DFF pass (perform DFF optimizations).

6.14. Executing OPT_CLEAN pass (remove unused cells and wires).
Finding unused cells or wires in module \proof..

6.15. Executing OPT_EXPR pass (perform const folding).
Optimizing module proof.

6.16. Finished fast OPT passes. (There is nothing left to do.)

7. Executing CHECK pass (checking for obvious problems).
Checking module proof...
Found and reported 0 problems.

8. Executing SAT pass (solving SAT problems in the circuit).
Using SAT solver `minisat`.

Setting up SAT problem:
Final constraint equation: { } = { }
Imported 106 cells to SAT database.
Import proof-constraint: \equal = 1'1
Final proof equation: \equal = 1'1
Import show expression: { \a \b \cin \actual \expected \equal }

Solving problem with 1032 variables and 2706 clauses..
SAT proof finished - no model found: SUCCESS!

                  /$$$$$$      /$$$$$$$$     /$$$$$$$    
                 /$$__  $$    | $$_____/    | $$__  $$   
                | $$  \ $$    | $$          | $$  \ $$   
                | $$  | $$    | $$$$$       | $$  | $$   
                | $$  | $$    | $$__/       | $$  | $$   
                | $$/$$ $$    | $$          | $$  | $$   
                |  $$$$$$/ /$$| $$$$$$$$ /$$| $$$$$$$//$$
                 \____ $$$|__/|________/|__/|_______/|__/
                       \__/                              

