
==========================================================================
finish report_tns
--------------------------------------------------------------------------
tns max 0.00

==========================================================================
finish report_wns
--------------------------------------------------------------------------
wns max 0.00

==========================================================================
finish report_worst_slack
--------------------------------------------------------------------------
worst slack max 20.26

==========================================================================
finish report_clock_min_period
--------------------------------------------------------------------------
core_clk period_min = 899.74 fmax = 1111.43

==========================================================================
finish report_clock_skew
--------------------------------------------------------------------------
Clock core_clk
 201.56 source latency x_r[69]$_DFF_P_/CLK ^
-168.27 target latency g_lvl[7].g_reg.r[1727]$_DFF_P_/CLK ^
  60.00 clock uncertainty
  -1.76 CRPR
--------------
  91.54 setup skew


==========================================================================
finish report_checks -path_delay min
--------------------------------------------------------------------------
Startpoint: d[154] (input port clocked by core_clk)
Endpoint: x_r[154]$_DFF_P_ (rising edge-triggered flip-flop clocked by core_clk)
Path Group: core_clk
Path Type: min

Fanout     Cap    Slew   Delay    Time   Description
-----------------------------------------------------------------------------
                          0.00    0.00   clock core_clk (rise edge)
                          0.00    0.00   clock network delay (propagated)
                          0.00    0.00 ^ input external delay
     1    0.86    0.00    0.00    0.00 ^ d[154] (in)
                                         d[154] (net)
                  0.19    0.06    0.06 ^ hold37274/A (BUFx2_ASAP7_75t_R)
     1    0.58    6.99   13.34   13.40 ^ hold37274/Y (BUFx2_ASAP7_75t_R)
                                         net37274 (net)
                  6.99    0.05   13.45 ^ hold21822/A (BUFx2_ASAP7_75t_R)
     1    0.49    6.68   15.67   29.12 ^ hold21822/Y (BUFx2_ASAP7_75t_R)
                                         net21822 (net)
                  6.68    0.04   29.16 ^ hold37275/A (BUFx2_ASAP7_75t_R)
     1    0.69    7.42   15.98   45.14 ^ hold37275/Y (BUFx2_ASAP7_75t_R)
                                         net37275 (net)
                  7.42    0.07   45.21 ^ hold14074/A (BUFx2_ASAP7_75t_R)
     1    1.09    9.13   17.16   62.37 ^ hold14074/Y (BUFx2_ASAP7_75t_R)
                                         net14074 (net)
                  9.15    0.17   62.54 ^ hold37276/A (BUFx2_ASAP7_75t_R)
     1    0.64    7.24   16.78   79.32 ^ hold37276/Y (BUFx2_ASAP7_75t_R)
                                         net37276 (net)
                  7.24    0.08   79.40 ^ hold21823/A (BUFx2_ASAP7_75t_R)
     1    0.63    7.18   16.06   95.46 ^ hold21823/Y (BUFx2_ASAP7_75t_R)
                                         net21823 (net)
                  7.18    0.06   95.52 ^ hold37277/A (BUFx2_ASAP7_75t_R)
     1    0.71    7.50   16.22  111.73 ^ hold37277/Y (BUFx2_ASAP7_75t_R)
                                         net37277 (net)
                  7.50    0.07  111.81 ^ input611/A (BUFx2_ASAP7_75t_R)
     1    0.44    6.47   15.73  127.53 ^ input611/Y (BUFx2_ASAP7_75t_R)
                                         net611 (net)
                  6.47    0.03  127.56 ^ hold37278/A (BUFx2_ASAP7_75t_R)
     1    0.52    6.76   15.52  143.09 ^ hold37278/Y (BUFx2_ASAP7_75t_R)
                                         net37278 (net)
                  6.76    0.05  143.14 ^ hold21824/A (BUFx2_ASAP7_75t_R)
     1    0.47    6.60   15.53  158.67 ^ hold21824/Y (BUFx2_ASAP7_75t_R)
                                         net21824 (net)
                  6.60    0.04  158.71 ^ hold37279/A (BUFx2_ASAP7_75t_R)
     1    0.55    6.87   15.64  174.35 ^ hold37279/Y (BUFx2_ASAP7_75t_R)
                                         net37279 (net)
                  6.88    0.05  174.39 ^ hold14075/A (BUFx2_ASAP7_75t_R)
     1    0.60    7.08   15.86  190.26 ^ hold14075/Y (BUFx2_ASAP7_75t_R)
                                         net14075 (net)
                  7.08    0.06  190.31 ^ hold37280/A (BUFx2_ASAP7_75t_R)
     1    0.42    6.39   15.53  205.84 ^ hold37280/Y (BUFx2_ASAP7_75t_R)
                                         net37280 (net)
                  6.39    0.02  205.85 ^ hold21825/A (BUFx2_ASAP7_75t_R)
     1    0.52    6.78   15.51  221.36 ^ hold21825/Y (BUFx2_ASAP7_75t_R)
                                         net21825 (net)
                  6.78    0.04  221.40 ^ hold37281/A (BUFx2_ASAP7_75t_R)
     1    0.71    7.52   16.08  237.48 ^ hold37281/Y (BUFx2_ASAP7_75t_R)
                                         net37281 (net)
                  7.53    0.07  237.55 ^ x_r[154]$_DFF_P_/D (DFFHQNx1_ASAP7_75t_R)
                                237.55   data arrival time

                          0.00    0.00   clock core_clk (rise edge)
                          0.00    0.00   clock source latency
     1   17.19    0.00    0.00    0.00 ^ clk (in)
                                         clk (net)
                 39.75   12.54   12.54 ^ clkbuf_0_clk/A (BUFx24_ASAP7_75t_R)
     4   17.20   17.62   34.67   47.21 ^ clkbuf_0_clk/Y (BUFx24_ASAP7_75t_R)
                                         clknet_0_clk (net)
                 21.23    4.06   51.27 ^ clkbuf_2_0_0_clk/A (BUFx24_ASAP7_75t_R)
     2   11.80   13.36   27.39   78.66 ^ clkbuf_2_0_0_clk/Y (BUFx24_ASAP7_75t_R)
                                         clknet_2_0_0_clk (net)
                 20.67    5.14   83.80 ^ clkbuf_3_0_0_clk/A (BUFx24_ASAP7_75t_R)
     4   17.34   17.39   28.57  112.37 ^ clkbuf_3_0_0_clk/Y (BUFx24_ASAP7_75t_R)
                                         clknet_3_0_0_clk (net)
                 19.51    3.09  115.46 ^ clkbuf_5_2__f_clk/A (BUFx24_ASAP7_75t_R)
    10   33.72   27.23   28.65  144.10 ^ clkbuf_5_2__f_clk/Y (BUFx24_ASAP7_75t_R)
                                         clknet_5_2__leaf_clk (net)
                 51.22   14.23  158.33 ^ clkbuf_leaf_308_clk/A (BUFx24_ASAP7_75t_R)
    21   15.18   16.69   37.31  195.64 ^ clkbuf_leaf_308_clk/Y (BUFx24_ASAP7_75t_R)
                                         clknet_leaf_308_clk (net)
                 19.69    3.60  199.24 ^ x_r[154]$_DFF_P_/CLK (DFFHQNx1_ASAP7_75t_R)
                         25.00  224.24   clock uncertainty
                          0.00  224.24   clock reconvergence pessimism
                         -0.94  223.30   library hold time
                                223.30   data required time
-----------------------------------------------------------------------------
                                223.30   data required time
                               -237.55   data arrival time
-----------------------------------------------------------------------------
                                 14.25   slack (MET)



==========================================================================
finish report_checks -path_delay max
--------------------------------------------------------------------------
Startpoint: k_r[1]$_DFF_P_ (rising edge-triggered flip-flop clocked by core_clk)
Endpoint: g_lvl[7].g_reg.r[927]$_DFF_P_
          (rising edge-triggered flip-flop clocked by core_clk)
Path Group: core_clk
Path Type: max

Fanout     Cap    Slew   Delay    Time   Description
-----------------------------------------------------------------------------
                          0.00    0.00   clock core_clk (rise edge)
                          0.00    0.00   clock source latency
     1   17.19    0.00    0.00    0.00 ^ clk (in)
                                         clk (net)
                 39.75   12.54   12.54 ^ clkbuf_0_clk/A (BUFx24_ASAP7_75t_R)
     4   17.20   17.62   34.67   47.21 ^ clkbuf_0_clk/Y (BUFx24_ASAP7_75t_R)
                                         clknet_0_clk (net)
                 21.31    4.11   51.32 ^ clkbuf_2_1_0_clk/A (BUFx24_ASAP7_75t_R)
     2   10.52   12.68   27.40   78.72 ^ clkbuf_2_1_0_clk/Y (BUFx24_ASAP7_75t_R)
                                         clknet_2_1_0_clk (net)
                 17.81    4.13   82.85 ^ clkbuf_3_2_0_clk/A (BUFx24_ASAP7_75t_R)
     4   15.81   16.42   27.34  110.19 ^ clkbuf_3_2_0_clk/Y (BUFx24_ASAP7_75t_R)
                                         clknet_3_2_0_clk (net)
                 18.90    3.26  113.45 ^ clkbuf_5_9__f_clk/A (BUFx24_ASAP7_75t_R)
    11   32.53   26.93   30.50  143.96 ^ clkbuf_5_9__f_clk/Y (BUFx24_ASAP7_75t_R)
                                         clknet_5_9__leaf_clk (net)
                 31.52    5.80  149.75 ^ clkbuf_leaf_285_clk/A (BUFx24_ASAP7_75t_R)
    19   15.17   15.83   32.15  181.90 ^ clkbuf_leaf_285_clk/Y (BUFx24_ASAP7_75t_R)
                                         clknet_leaf_285_clk (net)
                 17.58    2.70  184.60 ^ k_r[1]$_DFF_P_/CLK (DFFHQNx1_ASAP7_75t_R)
     4    4.15   45.15   68.30  252.90 v k_r[1]$_DFF_P_/QN (DFFHQNx1_ASAP7_75t_R)
                                         _02056_ (net)
                 45.20    0.72  253.62 v place11121/A (BUFx3_ASAP7_75t_R)
    29   26.71   75.33   46.20  299.83 v place11121/Y (BUFx3_ASAP7_75t_R)
                                         net11121 (net)
                121.79   33.43  333.25 v place11120/A (BUFx3_ASAP7_75t_R)
    18   11.56   36.30   55.05  388.31 v place11120/Y (BUFx3_ASAP7_75t_R)
                                         net11120 (net)
                 38.18    4.43  392.74 v place11119/A (BUFx6f_ASAP7_75t_R)
    32   18.75   31.02   33.46  426.20 v place11119/Y (BUFx6f_ASAP7_75t_R)
                                         net11119 (net)
                 39.37    8.38  434.58 v place11118/A (BUFx6f_ASAP7_75t_R)
    32   19.48   30.98   35.88  470.45 v place11118/Y (BUFx6f_ASAP7_75t_R)
                                         net11118 (net)
                 34.41    5.43  475.88 v place11117/A (BUFx6f_ASAP7_75t_R)
    32   18.60   31.10   30.84  506.73 v place11117/Y (BUFx6f_ASAP7_75t_R)
                                         net11117 (net)
                 46.00   11.57  518.30 v place11116/A (BUFx3_ASAP7_75t_R)
    32   18.11   51.59   45.35  563.65 v place11116/Y (BUFx3_ASAP7_75t_R)
                                         net11116 (net)
                 57.81    9.36  573.00 v place11115/A (BUFx3_ASAP7_75t_R)
    32   20.74   58.52   50.64  623.64 v place11115/Y (BUFx3_ASAP7_75t_R)
                                         net11115 (net)
                 62.59    8.22  631.86 v place11113/A (BUFx3_ASAP7_75t_R)
    29   16.97   47.26   50.57  682.43 v place11113/Y (BUFx3_ASAP7_75t_R)
                                         net11113 (net)
                 48.51    4.21  686.64 v _64037_/C (OA211x2_ASAP7_75t_R)
     2    1.48   15.76   52.89  739.52 v _64037_/Y (OA211x2_ASAP7_75t_R)
                                         _34524_ (net)
                 15.77    0.18  739.70 v _64041_/B (OR3x1_ASAP7_75t_R)
     4    2.62   26.66   38.25  777.95 v _64041_/Y (OR3x1_ASAP7_75t_R)
                                         _34528_ (net)
                 26.67    0.23  778.18 v _64449_/A3 (AO33x2_ASAP7_75t_R)
     4    6.57   35.64   58.83  837.01 v _64449_/Y (AO33x2_ASAP7_75t_R)
                                         _34912_ (net)
                 37.17    3.97  840.98 v _64450_/A2 (OA21x2_ASAP7_75t_R)
     1    0.87   10.21   32.04  873.02 v _64450_/Y (OA21x2_ASAP7_75t_R)
                                         _34913_ (net)
                 10.22    0.09  873.11 v _64452_/C (OR4x1_ASAP7_75t_R)
     1    8.44   72.25   64.71  937.82 v _64452_/Y (OR4x1_ASAP7_75t_R)
                                         _34915_ (net)
                 73.63    5.60  943.42 v place9427/A (BUFx6f_ASAP7_75t_R)
     2    2.40   10.19   33.75  977.17 v place9427/Y (BUFx6f_ASAP7_75t_R)
                                         net9427 (net)
                 10.30    0.50  977.67 v _66611_/B (AND2x2_ASAP7_75t_R)
     1    0.82   10.57   19.45  997.11 v _66611_/Y (AND2x2_ASAP7_75t_R)
                                         _36946_ (net)
                 10.58    0.08  997.19 v _66612_/B (AO21x1_ASAP7_75t_R)
     1    0.69   11.79   22.06 1019.25 v _66612_/Y (AO21x1_ASAP7_75t_R)
                                         g_lvl[7].y[927] (net)
                 11.79    0.06 1019.31 v g_lvl[7].g_reg.r[927]$_DFF_P_/D (DFFHQNx1_ASAP7_75t_R)
                               1019.31   data arrival time

                        920.00  920.00   clock core_clk (rise edge)
                          0.00  920.00   clock source latency
     1   16.60    0.00    0.00  920.00 ^ clk (in)
                                         clk (net)
                 37.49   11.83  931.83 ^ clkbuf_0_clk/A (BUFx24_ASAP7_75t_R)
     4   14.85   16.08   33.63  965.45 ^ clkbuf_0_clk/Y (BUFx24_ASAP7_75t_R)
                                         clknet_0_clk (net)
                 19.60    3.85  969.30 ^ clkbuf_2_3_0_clk/A (BUFx24_ASAP7_75t_R)
     2    9.86   12.19   26.71  996.01 ^ clkbuf_2_3_0_clk/Y (BUFx24_ASAP7_75t_R)
                                         clknet_2_3_0_clk (net)
                 17.16    3.98  999.99 ^ clkbuf_3_6_0_clk/A (BUFx24_ASAP7_75t_R)
     4   14.19   15.39   26.84 1026.84 ^ clkbuf_3_6_0_clk/Y (BUFx24_ASAP7_75t_R)
                                         clknet_3_6_0_clk (net)
                 18.10    3.31 1030.15 ^ clkbuf_5_24__f_clk/A (BUFx24_ASAP7_75t_R)
    11   32.55   26.58   30.32 1060.47 ^ clkbuf_5_24__f_clk/Y (BUFx24_ASAP7_75t_R)
                                         clknet_5_24__leaf_clk (net)
                 31.92    6.17 1066.63 ^ clkbuf_leaf_204_clk/A (BUFx24_ASAP7_75t_R)
    16   11.57   14.00   31.44 1098.08 ^ clkbuf_leaf_204_clk/Y (BUFx24_ASAP7_75t_R)
                                         clknet_leaf_204_clk (net)
                 15.19    2.05 1100.12 ^ g_lvl[7].g_reg.r[927]$_DFF_P_/CLK (DFFHQNx1_ASAP7_75t_R)
                        -60.00 1040.12   clock uncertainty
                          1.76 1041.88   clock reconvergence pessimism
                         -2.31 1039.57   library setup time
                               1039.57   data required time
-----------------------------------------------------------------------------
                               1039.57   data required time
                               -1019.31   data arrival time
-----------------------------------------------------------------------------
                                 20.26   slack (MET)



==========================================================================
finish report_checks -unconstrained
--------------------------------------------------------------------------
Startpoint: k_r[1]$_DFF_P_ (rising edge-triggered flip-flop clocked by core_clk)
Endpoint: g_lvl[7].g_reg.r[927]$_DFF_P_
          (rising edge-triggered flip-flop clocked by core_clk)
Path Group: core_clk
Path Type: max

Fanout     Cap    Slew   Delay    Time   Description
-----------------------------------------------------------------------------
                          0.00    0.00   clock core_clk (rise edge)
                          0.00    0.00   clock source latency
     1   17.19    0.00    0.00    0.00 ^ clk (in)
                                         clk (net)
                 39.75   12.54   12.54 ^ clkbuf_0_clk/A (BUFx24_ASAP7_75t_R)
     4   17.20   17.62   34.67   47.21 ^ clkbuf_0_clk/Y (BUFx24_ASAP7_75t_R)
                                         clknet_0_clk (net)
                 21.31    4.11   51.32 ^ clkbuf_2_1_0_clk/A (BUFx24_ASAP7_75t_R)
     2   10.52   12.68   27.40   78.72 ^ clkbuf_2_1_0_clk/Y (BUFx24_ASAP7_75t_R)
                                         clknet_2_1_0_clk (net)
                 17.81    4.13   82.85 ^ clkbuf_3_2_0_clk/A (BUFx24_ASAP7_75t_R)
     4   15.81   16.42   27.34  110.19 ^ clkbuf_3_2_0_clk/Y (BUFx24_ASAP7_75t_R)
                                         clknet_3_2_0_clk (net)
                 18.90    3.26  113.45 ^ clkbuf_5_9__f_clk/A (BUFx24_ASAP7_75t_R)
    11   32.53   26.93   30.50  143.96 ^ clkbuf_5_9__f_clk/Y (BUFx24_ASAP7_75t_R)
                                         clknet_5_9__leaf_clk (net)
                 31.52    5.80  149.75 ^ clkbuf_leaf_285_clk/A (BUFx24_ASAP7_75t_R)
    19   15.17   15.83   32.15  181.90 ^ clkbuf_leaf_285_clk/Y (BUFx24_ASAP7_75t_R)
                                         clknet_leaf_285_clk (net)
                 17.58    2.70  184.60 ^ k_r[1]$_DFF_P_/CLK (DFFHQNx1_ASAP7_75t_R)
     4    4.15   45.15   68.30  252.90 v k_r[1]$_DFF_P_/QN (DFFHQNx1_ASAP7_75t_R)
                                         _02056_ (net)
                 45.20    0.72  253.62 v place11121/A (BUFx3_ASAP7_75t_R)
    29   26.71   75.33   46.20  299.83 v place11121/Y (BUFx3_ASAP7_75t_R)
                                         net11121 (net)
                121.79   33.43  333.25 v place11120/A (BUFx3_ASAP7_75t_R)
    18   11.56   36.30   55.05  388.31 v place11120/Y (BUFx3_ASAP7_75t_R)
                                         net11120 (net)
                 38.18    4.43  392.74 v place11119/A (BUFx6f_ASAP7_75t_R)
    32   18.75   31.02   33.46  426.20 v place11119/Y (BUFx6f_ASAP7_75t_R)
                                         net11119 (net)
                 39.37    8.38  434.58 v place11118/A (BUFx6f_ASAP7_75t_R)
    32   19.48   30.98   35.88  470.45 v place11118/Y (BUFx6f_ASAP7_75t_R)
                                         net11118 (net)
                 34.41    5.43  475.88 v place11117/A (BUFx6f_ASAP7_75t_R)
    32   18.60   31.10   30.84  506.73 v place11117/Y (BUFx6f_ASAP7_75t_R)
                                         net11117 (net)
                 46.00   11.57  518.30 v place11116/A (BUFx3_ASAP7_75t_R)
    32   18.11   51.59   45.35  563.65 v place11116/Y (BUFx3_ASAP7_75t_R)
                                         net11116 (net)
                 57.81    9.36  573.00 v place11115/A (BUFx3_ASAP7_75t_R)
    32   20.74   58.52   50.64  623.64 v place11115/Y (BUFx3_ASAP7_75t_R)
                                         net11115 (net)
                 62.59    8.22  631.86 v place11113/A (BUFx3_ASAP7_75t_R)
    29   16.97   47.26   50.57  682.43 v place11113/Y (BUFx3_ASAP7_75t_R)
                                         net11113 (net)
                 48.51    4.21  686.64 v _64037_/C (OA211x2_ASAP7_75t_R)
     2    1.48   15.76   52.89  739.52 v _64037_/Y (OA211x2_ASAP7_75t_R)
                                         _34524_ (net)
                 15.77    0.18  739.70 v _64041_/B (OR3x1_ASAP7_75t_R)
     4    2.62   26.66   38.25  777.95 v _64041_/Y (OR3x1_ASAP7_75t_R)
                                         _34528_ (net)
                 26.67    0.23  778.18 v _64449_/A3 (AO33x2_ASAP7_75t_R)
     4    6.57   35.64   58.83  837.01 v _64449_/Y (AO33x2_ASAP7_75t_R)
                                         _34912_ (net)
                 37.17    3.97  840.98 v _64450_/A2 (OA21x2_ASAP7_75t_R)
     1    0.87   10.21   32.04  873.02 v _64450_/Y (OA21x2_ASAP7_75t_R)
                                         _34913_ (net)
                 10.22    0.09  873.11 v _64452_/C (OR4x1_ASAP7_75t_R)
     1    8.44   72.25   64.71  937.82 v _64452_/Y (OR4x1_ASAP7_75t_R)
                                         _34915_ (net)
                 73.63    5.60  943.42 v place9427/A (BUFx6f_ASAP7_75t_R)
     2    2.40   10.19   33.75  977.17 v place9427/Y (BUFx6f_ASAP7_75t_R)
                                         net9427 (net)
                 10.30    0.50  977.67 v _66611_/B (AND2x2_ASAP7_75t_R)
     1    0.82   10.57   19.45  997.11 v _66611_/Y (AND2x2_ASAP7_75t_R)
                                         _36946_ (net)
                 10.58    0.08  997.19 v _66612_/B (AO21x1_ASAP7_75t_R)
     1    0.69   11.79   22.06 1019.25 v _66612_/Y (AO21x1_ASAP7_75t_R)
                                         g_lvl[7].y[927] (net)
                 11.79    0.06 1019.31 v g_lvl[7].g_reg.r[927]$_DFF_P_/D (DFFHQNx1_ASAP7_75t_R)
                               1019.31   data arrival time

                        920.00  920.00   clock core_clk (rise edge)
                          0.00  920.00   clock source latency
     1   16.60    0.00    0.00  920.00 ^ clk (in)
                                         clk (net)
                 37.49   11.83  931.83 ^ clkbuf_0_clk/A (BUFx24_ASAP7_75t_R)
     4   14.85   16.08   33.63  965.45 ^ clkbuf_0_clk/Y (BUFx24_ASAP7_75t_R)
                                         clknet_0_clk (net)
                 19.60    3.85  969.30 ^ clkbuf_2_3_0_clk/A (BUFx24_ASAP7_75t_R)
     2    9.86   12.19   26.71  996.01 ^ clkbuf_2_3_0_clk/Y (BUFx24_ASAP7_75t_R)
                                         clknet_2_3_0_clk (net)
                 17.16    3.98  999.99 ^ clkbuf_3_6_0_clk/A (BUFx24_ASAP7_75t_R)
     4   14.19   15.39   26.84 1026.84 ^ clkbuf_3_6_0_clk/Y (BUFx24_ASAP7_75t_R)
                                         clknet_3_6_0_clk (net)
                 18.10    3.31 1030.15 ^ clkbuf_5_24__f_clk/A (BUFx24_ASAP7_75t_R)
    11   32.55   26.58   30.32 1060.47 ^ clkbuf_5_24__f_clk/Y (BUFx24_ASAP7_75t_R)
                                         clknet_5_24__leaf_clk (net)
                 31.92    6.17 1066.63 ^ clkbuf_leaf_204_clk/A (BUFx24_ASAP7_75t_R)
    16   11.57   14.00   31.44 1098.08 ^ clkbuf_leaf_204_clk/Y (BUFx24_ASAP7_75t_R)
                                         clknet_leaf_204_clk (net)
                 15.19    2.05 1100.12 ^ g_lvl[7].g_reg.r[927]$_DFF_P_/CLK (DFFHQNx1_ASAP7_75t_R)
                        -60.00 1040.12   clock uncertainty
                          1.76 1041.88   clock reconvergence pessimism
                         -2.31 1039.57   library setup time
                               1039.57   data required time
-----------------------------------------------------------------------------
                               1039.57   data required time
                               -1019.31   data arrival time
-----------------------------------------------------------------------------
                                 20.26   slack (MET)



==========================================================================
finish report_check_types -max_slew -max_cap -max_fanout -violators
--------------------------------------------------------------------------

==========================================================================
finish max_slew_check_slack
--------------------------------------------------------------------------
91.65343475341797

==========================================================================
finish max_slew_check_limit
--------------------------------------------------------------------------
320.0

==========================================================================
finish max_slew_check_slack_limit
--------------------------------------------------------------------------
0.2864

==========================================================================
finish max_fanout_check_slack
--------------------------------------------------------------------------
0.0

==========================================================================
finish max_fanout_check_limit
--------------------------------------------------------------------------
32.0

==========================================================================
finish max_fanout_check_slack_limit
--------------------------------------------------------------------------
0.0000

==========================================================================
finish max_capacitance_check_slack
--------------------------------------------------------------------------
25.99043846130371

==========================================================================
finish max_capacitance_check_limit
--------------------------------------------------------------------------
46.08000183105469

==========================================================================
finish max_capacitance_check_slack_limit
--------------------------------------------------------------------------
0.5640

==========================================================================
finish max_slew_violation_count
--------------------------------------------------------------------------
max slew violation count 0

==========================================================================
finish max_fanout_violation_count
--------------------------------------------------------------------------
max fanout violation count 0

==========================================================================
finish max_cap_violation_count
--------------------------------------------------------------------------
max cap violation count 0

==========================================================================
finish setup_violation_count
--------------------------------------------------------------------------
setup violation count 0

==========================================================================
finish hold_violation_count
--------------------------------------------------------------------------
hold violation count 0

==========================================================================
finish report_checks -path_delay max reg to reg
--------------------------------------------------------------------------
Startpoint: k_r[1]$_DFF_P_ (rising edge-triggered flip-flop clocked by core_clk)
Endpoint: g_lvl[7].g_reg.r[927]$_DFF_P_
          (rising edge-triggered flip-flop clocked by core_clk)
Path Group: core_clk
Path Type: max

  Delay    Time   Description
---------------------------------------------------------
   0.00    0.00   clock core_clk (rise edge)
   0.00    0.00   clock source latency
   0.00    0.00 ^ clk (in)
  47.21   47.21 ^ clkbuf_0_clk/Y (BUFx24_ASAP7_75t_R)
  31.50   78.72 ^ clkbuf_2_1_0_clk/Y (BUFx24_ASAP7_75t_R)
  31.48  110.19 ^ clkbuf_3_2_0_clk/Y (BUFx24_ASAP7_75t_R)
  33.76  143.96 ^ clkbuf_5_9__f_clk/Y (BUFx24_ASAP7_75t_R)
  37.95  181.90 ^ clkbuf_leaf_285_clk/Y (BUFx24_ASAP7_75t_R)
   2.70  184.60 ^ k_r[1]$_DFF_P_/CLK (DFFHQNx1_ASAP7_75t_R)
  68.30  252.90 v k_r[1]$_DFF_P_/QN (DFFHQNx1_ASAP7_75t_R)
  46.92  299.83 v place11121/Y (BUFx3_ASAP7_75t_R)
  88.48  388.31 v place11120/Y (BUFx3_ASAP7_75t_R)
  37.89  426.20 v place11119/Y (BUFx6f_ASAP7_75t_R)
  44.25  470.45 v place11118/Y (BUFx6f_ASAP7_75t_R)
  36.27  506.73 v place11117/Y (BUFx6f_ASAP7_75t_R)
  56.92  563.65 v place11116/Y (BUFx3_ASAP7_75t_R)
  59.99  623.64 v place11115/Y (BUFx3_ASAP7_75t_R)
  58.79  682.43 v place11113/Y (BUFx3_ASAP7_75t_R)
  57.10  739.52 v _64037_/Y (OA211x2_ASAP7_75t_R)
  38.42  777.95 v _64041_/Y (OR3x1_ASAP7_75t_R)
  59.06  837.01 v _64449_/Y (AO33x2_ASAP7_75t_R)
  36.01  873.02 v _64450_/Y (OA21x2_ASAP7_75t_R)
  64.80  937.82 v _64452_/Y (OR4x1_ASAP7_75t_R)
  39.35  977.17 v place9427/Y (BUFx6f_ASAP7_75t_R)
  19.95  997.11 v _66611_/Y (AND2x2_ASAP7_75t_R)
  22.14 1019.25 v _66612_/Y (AO21x1_ASAP7_75t_R)
   0.06 1019.31 v g_lvl[7].g_reg.r[927]$_DFF_P_/D (DFFHQNx1_ASAP7_75t_R)
        1019.31   data arrival time

 920.00  920.00   clock core_clk (rise edge)
   0.00  920.00   clock source latency
   0.00  920.00 ^ clk (in)
  45.45  965.45 ^ clkbuf_0_clk/Y (BUFx24_ASAP7_75t_R)
  30.56  996.01 ^ clkbuf_2_3_0_clk/Y (BUFx24_ASAP7_75t_R)
  30.82 1026.84 ^ clkbuf_3_6_0_clk/Y (BUFx24_ASAP7_75t_R)
  33.63 1060.47 ^ clkbuf_5_24__f_clk/Y (BUFx24_ASAP7_75t_R)
  37.61 1098.08 ^ clkbuf_leaf_204_clk/Y (BUFx24_ASAP7_75t_R)
   2.05 1100.12 ^ g_lvl[7].g_reg.r[927]$_DFF_P_/CLK (DFFHQNx1_ASAP7_75t_R)
 -60.00 1040.12   clock uncertainty
   1.76 1041.88   clock reconvergence pessimism
  -2.31 1039.57   library setup time
        1039.57   data required time
---------------------------------------------------------
        1039.57   data required time
        -1019.31   data arrival time
---------------------------------------------------------
          20.26   slack (MET)



==========================================================================
finish report_checks -path_delay min reg to reg
--------------------------------------------------------------------------
Startpoint: k_r[8]$_DFF_P_ (rising edge-triggered flip-flop clocked by core_clk)
Endpoint: g_lvl[7].g_reg.kr[8]$_DFF_P_
          (rising edge-triggered flip-flop clocked by core_clk)
Path Group: core_clk
Path Type: min

  Delay    Time   Description
---------------------------------------------------------
   0.00    0.00   clock core_clk (rise edge)
   0.00    0.00   clock source latency
   0.00    0.00 ^ clk (in)
  45.45   45.45 ^ clkbuf_0_clk/Y (BUFx24_ASAP7_75t_R)
  30.56   76.01 ^ clkbuf_2_3_0_clk/Y (BUFx24_ASAP7_75t_R)
  30.82  106.84 ^ clkbuf_3_6_0_clk/Y (BUFx24_ASAP7_75t_R)
  32.44  139.27 ^ clkbuf_5_26__f_clk/Y (BUFx24_ASAP7_75t_R)
  43.10  182.37 ^ clkbuf_leaf_192_clk/Y (BUFx24_ASAP7_75t_R)
   1.17  183.55 ^ k_r[8]$_DFF_P_/CLK (DFFHQNx1_ASAP7_75t_R)
  50.68  234.23 ^ k_r[8]$_DFF_P_/QN (DFFHQNx1_ASAP7_75t_R)
  10.65  244.88 v _78113_/Y (INVx1_ASAP7_75t_R)
   0.11  244.99 v g_lvl[7].g_reg.kr[8]$_DFF_P_/D (DFFHQNx2_ASAP7_75t_R)
         244.99   data arrival time

   0.00    0.00   clock core_clk (rise edge)
   0.00    0.00   clock source latency
   0.00    0.00 ^ clk (in)
  47.21   47.21 ^ clkbuf_0_clk/Y (BUFx24_ASAP7_75t_R)
  32.14   79.35 ^ clkbuf_2_3_0_clk/Y (BUFx24_ASAP7_75t_R)
  32.31  111.66 ^ clkbuf_3_6_0_clk/Y (BUFx24_ASAP7_75t_R)
  34.50  146.17 ^ clkbuf_5_26__f_clk/Y (BUFx24_ASAP7_75t_R)
  48.24  194.41 ^ clkbuf_leaf_192_clk/Y (BUFx24_ASAP7_75t_R)
   0.57  194.98 ^ g_lvl[7].g_reg.kr[8]$_DFF_P_/CLK (DFFHQNx2_ASAP7_75t_R)
  25.00  219.98   clock uncertainty
 -12.04  207.94   clock reconvergence pessimism
  14.33  222.28   library hold time
         222.28   data required time
---------------------------------------------------------
         222.28   data required time
        -244.99   data arrival time
---------------------------------------------------------
          22.72   slack (MET)



==========================================================================
finish critical path target clock latency max path
--------------------------------------------------------------------------
177.8837

==========================================================================
finish critical path target clock latency min path
--------------------------------------------------------------------------
199.2409

==========================================================================
finish critical path source clock latency min path
--------------------------------------------------------------------------
0.0000

==========================================================================
finish critical path delay
--------------------------------------------------------------------------
1019.3088

==========================================================================
finish critical path slack
--------------------------------------------------------------------------
20.2593

==========================================================================
finish slack div critical path delay
--------------------------------------------------------------------------
1.987553

==========================================================================
finish report_power
--------------------------------------------------------------------------
Group                  Internal  Switching    Leakage      Total
                          Power      Power      Power      Power (Watts)
----------------------------------------------------------------
Sequential             9.23e-03   1.71e-03   1.41e-06   1.09e-02  32.9%
Combinational          6.13e-03   7.89e-03   6.26e-06   1.40e-02  42.2%
Clock                  4.92e-03   3.36e-03   3.45e-07   8.28e-03  24.9%
Macro                  0.00e+00   0.00e+00   0.00e+00   0.00e+00   0.0%
Pad                    0.00e+00   0.00e+00   0.00e+00   0.00e+00   0.0%
----------------------------------------------------------------
Total                  2.03e-02   1.30e-02   8.02e-06   3.32e-02 100.0%
                          61.0%      39.0%       0.0%
