%Warning-WIDTHEXPAND: mut_refusal_no_fault_ot_v41_bmul2_rne_prepare.sv:29:43: Operator SUB expects 10 bits on the LHS, but LHS's VARREF 'e' generates 8 bits.
                                                                            : ... note: In instance 'tb_bmul_rne_primitive.t.m8'
   29 |             if (e != 0) dec = {1'b1, m, e - 10'sd127};
      |                                           ^
                      ... For warning description see https://verilator.org/warn/WIDTHEXPAND?v=5.050
                      ... Use "/* verilator lint_off WIDTHEXPAND */" and lint_on around source to disable this message.
%Warning-WIDTHEXPAND: mut_zero_nonfinite_bypass_ot_v41_bmul2_rne_prepare.sv:29:43: Operator SUB expects 10 bits on the LHS, but LHS's VARREF 'e' generates 8 bits.
                                                                                 : ... note: In instance 'tb_bmul_rne_primitive.t.m7'
   29 |             if (e != 0) dec = {1'b1, m, e - 10'sd127};
      |                                           ^
%Warning-WIDTHEXPAND: mut_underflow_fault_ot_v41_bmul2_rne_prepare.sv:29:43: Operator SUB expects 10 bits on the LHS, but LHS's VARREF 'e' generates 8 bits.
                                                                           : ... note: In instance 'tb_bmul_rne_primitive.t.m6'
   29 |             if (e != 0) dec = {1'b1, m, e - 10'sd127};
      |                                           ^
%Warning-WIDTHEXPAND: mut_old_range_ot_v41_bmul2_rne_prepare.sv:29:43: Operator SUB expects 10 bits on the LHS, but LHS's VARREF 'e' generates 8 bits.
                                                                     : ... note: In instance 'tb_bmul_rne_primitive.t.m5'
   29 |             if (e != 0) dec = {1'b1, m, e - 10'sd127};
      |                                           ^
%Warning-WIDTHEXPAND: mut_negative_zero_ot_v41_bmul2_rne_prepare.sv:29:43: Operator SUB expects 10 bits on the LHS, but LHS's VARREF 'e' generates 8 bits.
                                                                         : ... note: In instance 'tb_bmul_rne_primitive.t.m4'
   29 |             if (e != 0) dec = {1'b1, m, e - 10'sd127};
      |                                           ^
%Warning-WIDTHEXPAND: mut_shift_offbyone_ot_v41_bmul2_rne_prepare.sv:29:43: Operator SUB expects 10 bits on the LHS, but LHS's VARREF 'e' generates 8 bits.
                                                                          : ... note: In instance 'tb_bmul_rne_primitive.t.m3'
   29 |             if (e != 0) dec = {1'b1, m, e - 10'sd127};
      |                                           ^
%Warning-WIDTHEXPAND: mut_tie_away_ot_v41_bmul2_rne_prepare.sv:29:43: Operator SUB expects 10 bits on the LHS, but LHS's VARREF 'e' generates 8 bits.
                                                                    : ... note: In instance 'tb_bmul_rne_primitive.t.m2'
   29 |             if (e != 0) dec = {1'b1, m, e - 10'sd127};
      |                                           ^
%Warning-WIDTHEXPAND: mut_truncation_ot_v41_bmul2_rne_prepare.sv:29:43: Operator SUB expects 10 bits on the LHS, but LHS's VARREF 'e' generates 8 bits.
                                                                      : ... note: In instance 'tb_bmul_rne_primitive.t.m1'
   29 |             if (e != 0) dec = {1'b1, m, e - 10'sd127};
      |                                           ^
%Warning-WIDTHEXPAND: cand_ot_v41_bmul2_rne_prepare.sv:29:43: Operator SUB expects 10 bits on the LHS, but LHS's VARREF 'e' generates 8 bits.
                                                            : ... note: In instance 'tb_bmul_rne_primitive.t.cand_dut'
   29 |             if (e != 0) dec = {1'b1, m, e - 10'sd127};
      |                                           ^
%Warning-WIDTHEXPAND: ref_ot_v41_bmul2_rne_prepare.sv:29:43: Operator SUB expects 10 bits on the LHS, but LHS's VARREF 'e' generates 8 bits.
                                                           : ... note: In instance 'tb_bmul_rne_primitive.t.ref_dut'
   29 |             if (e != 0) dec = {1'b1, m, e - 10'sd127};
      |                                           ^
%Warning-WIDTHEXPAND: ref_ot_v41_bmul2.sv:26:43: Operator SUB expects 10 bits on the LHS, but LHS's VARREF 'e' generates 8 bits.
                                               : ... note: In instance 'tb_bmul_rne_primitive.t.old_dut'
   26 |             if (e != 0) dec = {1'b1, m, e - 10'sd127};
      |                                           ^
%Warning-WIDTHTRUNC: tb_dsrom_bmul_rne_primitive.sv:64:46: Logical operator LOGOR expects 1 bit on the RHS, but RHS's VARREF 'old_y' generates 32 bits.
                                                         : ... note: In instance 'tb_bmul_rne_primitive.t'
   64 |         if(old_f || off_f || ref_f || cand_f || old_y || off_y || ref_y || cand_y) $fatal(1,"asyncreset output");
      |                                              ^~
                     ... For warning description see https://verilator.org/warn/WIDTHTRUNC?v=5.050
                     ... Use "/* verilator lint_off WIDTHTRUNC */" and lint_on around source to disable this message.
%Warning-WIDTHTRUNC: tb_dsrom_bmul_rne_primitive.sv:64:55: Logical operator LOGOR expects 1 bit on the RHS, but RHS's VARREF 'off_y' generates 32 bits.
                                                         : ... note: In instance 'tb_bmul_rne_primitive.t'
   64 |         if(old_f || off_f || ref_f || cand_f || old_y || off_y || ref_y || cand_y) $fatal(1,"asyncreset output");
      |                                                       ^~
%Warning-WIDTHTRUNC: tb_dsrom_bmul_rne_primitive.sv:64:64: Logical operator LOGOR expects 1 bit on the RHS, but RHS's VARREF 'ref_y' generates 32 bits.
                                                         : ... note: In instance 'tb_bmul_rne_primitive.t'
   64 |         if(old_f || off_f || ref_f || cand_f || old_y || off_y || ref_y || cand_y) $fatal(1,"asyncreset output");
      |                                                                ^~
%Warning-WIDTHTRUNC: tb_dsrom_bmul_rne_primitive.sv:64:73: Logical operator LOGOR expects 1 bit on the RHS, but RHS's VARREF 'cand_y' generates 32 bits.
                                                         : ... note: In instance 'tb_bmul_rne_primitive.t'
   64 |         if(old_f || off_f || ref_f || cand_f || old_y || off_y || ref_y || cand_y) $fatal(1,"asyncreset output");
      |                                                                         ^~
make: Entering directory '/tmp/opentallas-bmul-rne-build-20261002-r2/obj_positive'
g++ -Os  -I.  -MMD -I/home/ubuntu/.local/opentallas-tools/verilator-5.050/share/verilator/include -I/home/ubuntu/.local/opentallas-tools/verilator-5.050/share/verilator/include/vltstd -DVERILATOR=1 -DVM_COVERAGE=0 -DVM_SC=0 -DVM_TIMING=1 -DVM_TRACE=0 -DVM_TRACE_FST=0 -DVM_TRACE_VCD=0 -DVM_TRACE_SAIF=0 -DVM_VPI=0 -faligned-new -fcf-protection=none -Wno-bool-operation -Wno-int-in-bool-context -Wno-shadow -Wno-sign-compare -Wno-subobject-linkage -Wno-tautological-compare -Wno-uninitialized -Wno-unused-but-set-parameter -Wno-unused-but-set-variable -Wno-unused-parameter -Wno-unused-variable    -DVL_TIME_CONTEXT   -fcoroutines -c -o verilated.o /home/ubuntu/.local/opentallas-tools/verilator-5.050/share/verilator/include/verilated.cpp
g++ -Os  -I.  -MMD -I/home/ubuntu/.local/opentallas-tools/verilator-5.050/share/verilator/include -I/home/ubuntu/.local/opentallas-tools/verilator-5.050/share/verilator/include/vltstd -DVERILATOR=1 -DVM_COVERAGE=0 -DVM_SC=0 -DVM_TIMING=1 -DVM_TRACE=0 -DVM_TRACE_FST=0 -DVM_TRACE_VCD=0 -DVM_TRACE_SAIF=0 -DVM_VPI=0 -faligned-new -fcf-protection=none -Wno-bool-operation -Wno-int-in-bool-context -Wno-shadow -Wno-sign-compare -Wno-subobject-linkage -Wno-tautological-compare -Wno-uninitialized -Wno-unused-but-set-parameter -Wno-unused-but-set-variable -Wno-unused-parameter -Wno-unused-variable    -DVL_TIME_CONTEXT   -fcoroutines -c -o verilated_timing.o /home/ubuntu/.local/opentallas-tools/verilator-5.050/share/verilator/include/verilated_timing.cpp
g++ -Os  -I.  -MMD -I/home/ubuntu/.local/opentallas-tools/verilator-5.050/share/verilator/include -I/home/ubuntu/.local/opentallas-tools/verilator-5.050/share/verilator/include/vltstd -DVERILATOR=1 -DVM_COVERAGE=0 -DVM_SC=0 -DVM_TIMING=1 -DVM_TRACE=0 -DVM_TRACE_FST=0 -DVM_TRACE_VCD=0 -DVM_TRACE_SAIF=0 -DVM_VPI=0 -faligned-new -fcf-protection=none -Wno-bool-operation -Wno-int-in-bool-context -Wno-shadow -Wno-sign-compare -Wno-subobject-linkage -Wno-tautological-compare -Wno-uninitialized -Wno-unused-but-set-parameter -Wno-unused-but-set-variable -Wno-unused-parameter -Wno-unused-variable    -DVL_TIME_CONTEXT   -fcoroutines -c -o verilated_threads.o /home/ubuntu/.local/opentallas-tools/verilator-5.050/share/verilator/include/verilated_threads.cpp
python3 /home/ubuntu/.local/opentallas-tools/verilator-5.050/share/verilator/bin/verilator_includer -DVL_INCLUDE_OPT=include Vtb_bmul_rne_primitive.cpp Vtb_bmul_rne_primitive___024root__0.cpp Vtb_bmul_rne_primitive___024root__1.cpp Vtb_bmul_rne_primitive__main.cpp Vtb_bmul_rne_primitive__ConstPool__0__Slow.cpp Vtb_bmul_rne_primitive___024root__Slow.cpp Vtb_bmul_rne_primitive___024root__0__Slow.cpp Vtb_bmul_rne_primitive__Syms__Slow.cpp > Vtb_bmul_rne_primitive__ALL.cpp
g++ -Os  -I.  -MMD -I/home/ubuntu/.local/opentallas-tools/verilator-5.050/share/verilator/include -I/home/ubuntu/.local/opentallas-tools/verilator-5.050/share/verilator/include/vltstd -DVERILATOR=1 -DVM_COVERAGE=0 -DVM_SC=0 -DVM_TIMING=1 -DVM_TRACE=0 -DVM_TRACE_FST=0 -DVM_TRACE_VCD=0 -DVM_TRACE_SAIF=0 -DVM_VPI=0 -faligned-new -fcf-protection=none -Wno-bool-operation -Wno-int-in-bool-context -Wno-shadow -Wno-sign-compare -Wno-subobject-linkage -Wno-tautological-compare -Wno-uninitialized -Wno-unused-but-set-parameter -Wno-unused-but-set-variable -Wno-unused-parameter -Wno-unused-variable    -DVL_TIME_CONTEXT   -fcoroutines -c -o Vtb_bmul_rne_primitive__ALL.o Vtb_bmul_rne_primitive__ALL.cpp
g++    verilated.o verilated_timing.o verilated_threads.o Vtb_bmul_rne_primitive__ALL.a    -pthread -lpthread -latomic   -o Vtb_bmul_rne_primitive
rm Vtb_bmul_rne_primitive__ALL.verilator_deplist.tmp
make: Leaving directory '/tmp/opentallas-bmul-rne-build-20261002-r2/obj_positive'
- V e r i l a t i o n   R e p o r t: Verilator 5.050 2026-07-01 rev v5.050
- Verilator: Built from 1.167 MB sources in 36 modules, into 1.641 MB in 8 C++ files needing 0.002 MB
- Verilator: Walltime 6.831 s (elab=0.018, cvt=0.182, bld=6.598); cpu 0.233 s on 1 threads; allocated 75.188 MB
