      700 |       0 |       0 |            0 |    +0.0% | -4909.901 | -4286597.500 | din_p0[592]$_DFF_P_/D
      710 |       0 |       0 |            0 |    +0.0% | -4909.901 | -4286597.500 | din_p0[592]$_DFF_P_/D
      720 |       0 |       0 |            0 |    +0.0% | -4909.901 | -4286597.500 | din_p0[592]$_DFF_P_/D
      730 |       0 |       0 |            0 |    +0.0% | -4909.901 | -4286597.500 | din_p0[592]$_DFF_P_/D
      740 |       0 |       0 |            0 |    +0.0% | -4909.901 | -4286597.500 | din_p0[592]$_DFF_P_/D
      750 |       0 |       0 |            0 |    +0.0% | -4909.901 | -4286597.500 | din_p0[592]$_DFF_P_/D
      760 |       0 |       0 |            0 |    +0.0% | -4909.901 | -4286597.500 | din_p0[592]$_DFF_P_/D
      770 |       0 |       0 |            0 |    +0.0% | -4909.901 | -4286597.500 | din_p0[592]$_DFF_P_/D
      780 |       0 |       0 |            0 |    +0.0% | -4909.901 | -4286597.500 | din_p0[592]$_DFF_P_/D
      790 |       0 |       0 |            0 |    +0.0% | -4909.901 | -4286597.500 | din_p0[592]$_DFF_P_/D
      800 |       0 |       0 |            0 |    +0.0% | -4909.901 | -4286597.500 | din_p0[592]$_DFF_P_/D
      810 |       0 |       0 |            0 |    +0.0% | -4909.901 | -4286597.500 | din_p0[592]$_DFF_P_/D
      820 |       0 |       0 |            0 |    +0.0% | -4909.901 | -4286597.500 | din_p0[592]$_DFF_P_/D
      830 |       0 |       0 |            0 |    +0.0% | -4909.901 | -4286597.500 | din_p0[592]$_DFF_P_/D
      840 |       0 |       0 |            0 |    +0.0% | -4909.901 | -4286597.500 | din_p0[592]$_DFF_P_/D
      850 |       0 |       0 |            0 |    +0.0% | -4909.901 | -4286597.500 | din_p0[592]$_DFF_P_/D
      860 |       0 |       0 |            0 |    +0.0% | -4909.901 | -4286597.500 | din_p0[592]$_DFF_P_/D
      870 |       0 |       0 |            0 |    +0.0% | -4909.901 | -4286597.500 | din_p0[592]$_DFF_P_/D
      880 |       0 |       0 |            0 |    +0.0% | -4909.901 | -4286597.500 | din_p0[592]$_DFF_P_/D
      890 |       0 |       0 |            0 |    +0.0% | -4909.901 | -4286597.500 | din_p0[592]$_DFF_P_/D
      900 |       0 |       0 |            0 |    +0.0% | -4909.901 | -4286597.500 | din_p0[592]$_DFF_P_/D
      910 |       0 |       0 |            0 |    +0.0% | -4909.901 | -4286597.500 | din_p0[592]$_DFF_P_/D
      920 |       0 |       0 |            0 |    +0.0% | -4909.901 | -4286597.500 | din_p0[592]$_DFF_P_/D
      930 |       0 |       0 |            0 |    +0.0% | -4909.901 | -4286597.500 | din_p0[592]$_DFF_P_/D
      940 |       0 |       0 |            0 |    +0.0% | -4909.901 | -4286597.500 | din_p0[592]$_DFF_P_/D
      950 |       0 |       0 |            0 |    +0.0% | -4909.901 | -4286597.500 | din_p0[592]$_DFF_P_/D
      960 |       0 |       0 |            0 |    +0.0% | -4909.901 | -4286597.500 | din_p0[592]$_DFF_P_/D
      970 |       0 |       0 |            0 |    +0.0% | -4909.901 | -4286597.500 | din_p0[592]$_DFF_P_/D
      980 |       0 |       0 |            0 |    +0.0% | -4909.901 | -4286597.500 | din_p0[592]$_DFF_P_/D
      990 |       0 |       0 |            0 |    +0.0% | -4909.901 | -4286597.500 | din_p0[592]$_DFF_P_/D
     1000 |       0 |       0 |            0 |    +0.0% | -4909.901 | -4286597.500 | din_p0[592]$_DFF_P_/D
     1010 |       0 |       0 |            0 |    +0.0% | -4909.901 | -4286597.500 | din_p0[592]$_DFF_P_/D
     1020 |       0 |       0 |            0 |    +0.0% | -4909.901 | -4286597.500 | din_p0[592]$_DFF_P_/D
     1030 |       0 |      32 |            0 |    +0.0% | -4909.901 | -4285816.000 | din_p0[592]$_DFF_P_/D
     1040 |       0 |     112 |            0 |    +0.0% | -4909.901 | -4283801.000 | din_p0[592]$_DFF_P_/D
