{
  "source_ready": false,
  "missing": [
    "physical/hbm_die_abstracts_20261006/memory_control/ot_hbm_integrated_formatter_provider.sv"
  ],
  "errors": [],
  "prepared_bytes": 972482,
  "parameters": {
    "ENABLE": 1,
    "COMBINED_ENABLE": 1,
    "W2_RESULT_ENABLE": 1,
    "W2_SECTOR_ENABLE": 1,
    "SU_ENABLE": 1,
    "SU_PROVIDER_ADAPTER": 1,
    "SU_REGISTERED_OUTPUTS": 1,
    "SU_REGISTERED_STATUS": 1,
    "SU_REGISTERED_BOUNDARY": 1,
    "SU_BALANCED_OWNER_BOUNDARY": 1,
    "SU_FOUR_COMBINATIONAL_CUTS": 1,
    "SU_FAST_OWNER_FRONTIER": 1,
    "ND": 2,
    "NSM": 2,
    "NS": 2,
    "NPC": 2,
    "MEM_WORDS": 2097152,
    "VM_AW": 21,
    "FORMATTER_ENABLE": 1,
    "NORMAL_GATHER_ENABLE": 1,
    "LOCAL_CP_RESET_ENABLE": 1,
    "TW": 17,
    "PW": 20,
    "IMW": 14
  }
}
