images loaded in 0.0 s
models constructed and preloaded in 10.4 s (tiles/die=1536, kv_ideal=0, pos=0 token=0)
STAGE E done cycles=98 start_cyc=7 end_cyc=105 me_busy=6/6 next_token=0/0 next_val=00000000/00000000 seq_fault=0 core_fault=0 coll_fault=0 wall=11s
MEMSTAT E die0 fill_cycles=0 fill_sectors=0 wr_sectors=0 rsp_tile_stall=0 kvok_low_with_desc=0 drain_low=0 wr_lat_max=0 stall_kv=0 stall_drain=0 stall_bridge=0 stall_retire=0 stall_mem=0 tile_edges=6
MEMSTAT E die1 fill_cycles=0 fill_sectors=0 wr_sectors=0 rsp_tile_stall=0 kvok_low_with_desc=0 drain_low=0 wr_lat_max=0 stall_kv=0 stall_drain=0 stall_bridge=0 stall_retire=0 stall_mem=0 tile_edges=6
MEMSTAT E die2 fill_cycles=0 fill_sectors=0 wr_sectors=0 rsp_tile_stall=0 kvok_low_with_desc=0 drain_low=0 wr_lat_max=0 stall_kv=0 stall_drain=0 stall_bridge=0 stall_retire=0 stall_mem=0 tile_edges=6
MEMSTAT E die3 fill_cycles=0 fill_sectors=0 wr_sectors=0 rsp_tile_stall=0 kvok_low_with_desc=0 drain_low=0 wr_lat_max=0 stall_kv=0 stall_drain=0 stall_bridge=0 stall_retire=0 stall_mem=0 tile_edges=6
stage L0 loaded (layer 0): code_words=1056 scale_words=50112 crom_words=541953 preload 11.5 s
STAGE L0 done cycles=4960 start_cyc=106 end_cyc=5066 me_busy=2037/2037 next_token=0/0 next_val=00000000/00000000 seq_fault=0 core_fault=0 coll_fault=0 wall=1463s
MEMSTAT L0 die0 fill_cycles=132 fill_sectors=128 wr_sectors=136 rsp_tile_stall=0 kvok_low_with_desc=0 drain_low=300 wr_lat_max=71 stall_kv=15 stall_drain=278 stall_bridge=425 stall_retire=0 stall_mem=0 tile_edges=2051
MEMSTAT L0 die1 fill_cycles=132 fill_sectors=128 wr_sectors=136 rsp_tile_stall=0 kvok_low_with_desc=0 drain_low=300 wr_lat_max=71 stall_kv=15 stall_drain=278 stall_bridge=425 stall_retire=0 stall_mem=0 tile_edges=2051
MEMSTAT L0 die2 fill_cycles=132 fill_sectors=128 wr_sectors=136 rsp_tile_stall=0 kvok_low_with_desc=0 drain_low=300 wr_lat_max=71 stall_kv=15 stall_drain=278 stall_bridge=425 stall_retire=0 stall_mem=0 tile_edges=2051
MEMSTAT L0 die3 fill_cycles=132 fill_sectors=128 wr_sectors=136 rsp_tile_stall=0 kvok_low_with_desc=0 drain_low=300 wr_lat_max=71 stall_kv=15 stall_drain=278 stall_bridge=425 stall_retire=0 stall_mem=0 tile_edges=2051
stage L1 loaded (layer 1): code_words=1056 scale_words=50112 crom_words=541953 preload 7.5 s
STAGE L1 done cycles=5736 start_cyc=5067 end_cyc=10803 me_busy=2037/2037 next_token=0/0 next_val=00000000/00000000 seq_fault=0 core_fault=0 coll_fault=0 wall=2764s
MEMSTAT L1 die0 fill_cycles=600 fill_sectors=128 wr_sectors=136 rsp_tile_stall=0 kvok_low_with_desc=0 drain_low=1152 wr_lat_max=552 stall_kv=15 stall_drain=1130 stall_bridge=425 stall_retire=0 stall_mem=0 tile_edges=4134
MEMSTAT L1 die1 fill_cycles=600 fill_sectors=128 wr_sectors=136 rsp_tile_stall=0 kvok_low_with_desc=0 drain_low=1152 wr_lat_max=552 stall_kv=15 stall_drain=1130 stall_bridge=425 stall_retire=0 stall_mem=0 tile_edges=4134
MEMSTAT L1 die2 fill_cycles=600 fill_sectors=128 wr_sectors=136 rsp_tile_stall=0 kvok_low_with_desc=0 drain_low=1152 wr_lat_max=552 stall_kv=15 stall_drain=1130 stall_bridge=425 stall_retire=0 stall_mem=0 tile_edges=4134
MEMSTAT L1 die3 fill_cycles=600 fill_sectors=128 wr_sectors=136 rsp_tile_stall=0 kvok_low_with_desc=0 drain_low=1152 wr_lat_max=552 stall_kv=15 stall_drain=1130 stall_bridge=425 stall_retire=0 stall_mem=0 tile_edges=4134
stage L2 loaded (layer 2): code_words=1056 scale_words=50112 crom_words=541953 preload 6.4 s
STAGE L2 done cycles=5348 start_cyc=10804 end_cyc=16152 me_busy=2037/2037 next_token=0/0 next_val=00000000/00000000 seq_fault=0 core_fault=0 coll_fault=0 wall=3992s
MEMSTAT L2 die0 fill_cycles=604 fill_sectors=128 wr_sectors=136 rsp_tile_stall=2 kvok_low_with_desc=0 drain_low=688 wr_lat_max=552 stall_kv=15 stall_drain=666 stall_bridge=425 stall_retire=0 stall_mem=0 tile_edges=6213
MEMSTAT L2 die1 fill_cycles=604 fill_sectors=128 wr_sectors=136 rsp_tile_stall=2 kvok_low_with_desc=0 drain_low=688 wr_lat_max=552 stall_kv=15 stall_drain=666 stall_bridge=425 stall_retire=0 stall_mem=0 tile_edges=6213
MEMSTAT L2 die2 fill_cycles=604 fill_sectors=128 wr_sectors=136 rsp_tile_stall=2 kvok_low_with_desc=0 drain_low=688 wr_lat_max=552 stall_kv=15 stall_drain=666 stall_bridge=425 stall_retire=0 stall_mem=0 tile_edges=6213
MEMSTAT L2 die3 fill_cycles=604 fill_sectors=128 wr_sectors=136 rsp_tile_stall=2 kvok_low_with_desc=0 drain_low=688 wr_lat_max=552 stall_kv=15 stall_drain=666 stall_bridge=425 stall_retire=0 stall_mem=0 tile_edges=6213
QWEN_ROM_REALMEM PASS stages=4 cycles=16152 edges=16152 settle_max=2 wall_s=3992.1 RSS_KiB=12812944 threads=28 kv_ideal=0
