OpenROAD 26Q3-1510-g6cb3f2b704 
Features included (+) or not (-): +GPU +GUI +Python
This program is licensed under the BSD-3 license. See the LICENSE file for details.
Components of this program may be licensed under more restrictive licenses which must be honored.
[INFO ORD-0030] Using 16 thread(s).
source /OpenROAD-flow-scripts/flow/platforms/asap7/liberty_suppressions.tcl
read_liberty -corner WC /OpenROAD-flow-scripts/flow/platforms/asap7/lib/NLDM/asap7sc7p5t_AO_RVT_SS_nldm_211120.lib.gz
read_liberty -corner WC /OpenROAD-flow-scripts/flow/platforms/asap7/lib/NLDM/asap7sc7p5t_INVBUF_RVT_SS_nldm_220122.lib.gz
read_liberty -corner WC /OpenROAD-flow-scripts/flow/platforms/asap7/lib/NLDM/asap7sc7p5t_OA_RVT_SS_nldm_211120.lib.gz
read_liberty -corner WC /OpenROAD-flow-scripts/flow/platforms/asap7/lib/NLDM/asap7sc7p5t_SEQ_RVT_SS_nldm_220123.lib
read_liberty -corner WC /OpenROAD-flow-scripts/flow/platforms/asap7/lib/NLDM/asap7sc7p5t_SIMPLE_RVT_SS_nldm_211120.lib.gz
read_liberty -corner BC /OpenROAD-flow-scripts/flow/platforms/asap7/lib/NLDM/asap7sc7p5t_AO_RVT_FF_nldm_211120.lib.gz
read_liberty -corner BC /OpenROAD-flow-scripts/flow/platforms/asap7/lib/NLDM/asap7sc7p5t_INVBUF_RVT_FF_nldm_220122.lib.gz
read_liberty -corner BC /OpenROAD-flow-scripts/flow/platforms/asap7/lib/NLDM/asap7sc7p5t_OA_RVT_FF_nldm_211120.lib.gz
read_liberty -corner BC /OpenROAD-flow-scripts/flow/platforms/asap7/lib/NLDM/asap7sc7p5t_SIMPLE_RVT_FF_nldm_211120.lib.gz
read_liberty -corner BC /OpenROAD-flow-scripts/flow/platforms/asap7/lib/NLDM/asap7sc7p5t_SEQ_RVT_FF_nldm_220123.lib
read_db /work/results/asap7/opentallas_ot_hbm_integrated_su_cp_context_asap7_harvey_cp_fourcut_context_r1/base/1_synth.odb
read_sdc /work/results/asap7/opentallas_ot_hbm_integrated_su_cp_context_asap7_harvey_cp_fourcut_context_r1/base/1_synth.sdc
source /OpenROAD-flow-scripts/flow/platforms/asap7/setRC.tcl

==========================================================================
Floorplan check_setup
--------------------------------------------------------------------------
number instances in verilog is 4812
[INFO IFP-0001] Added 160 rows of 800 site asap7sc7p5t.
[INFO IFP-0100] Die BBox:  (  0.000  0.000 ) ( 77.760 77.760 ) um
[INFO IFP-0101] Core BBox: ( 17.280 17.280 ) ( 60.480 60.480 ) um
[INFO IFP-0102] Core area:                         1866.240 um^2
[INFO IFP-0103] Total instances area:               724.422 um^2
[INFO IFP-0104] Effective utilization:                0.388
[INFO IFP-0105] Number of instances:                   4812
source /OpenROAD-flow-scripts/flow/platforms/asap7/openRoad/make_tracks.tcl
source /OpenROAD-flow-scripts/flow/platforms/asap7/fastroute.tcl
set_dont_use "*x1p*_ASAP7* *xp*_ASAP7* SDF* ICG*"
repair_tie_fanout -separation 0 asap7sc7p5t_SIMPLE_RVT_SS_nldm_211120/TIELOx1_ASAP7_75t_R/L
[INFO RSZ-0042] Inserted 421 tie TIELOx1_ASAP7_75t_R instances.
repair_tie_fanout -separation 0 asap7sc7p5t_SIMPLE_RVT_SS_nldm_211120/TIEHIx1_ASAP7_75t_R/H
[INFO RSZ-0042] Inserted 735 tie TIEHIx1_ASAP7_75t_R instances.
repair_timing -setup_margin 0 -hold_margin 10 -repair_tns 100 -setup -skip_last_gasp -sequence unbuffer,sizeup,swap,vt_swap -verbose
[WARNING EST-0027] no estimated parasitics. Using wire load models.
[INFO RSZ-0100] Repair move sequence: UnbufferMove SizeUpMove SwapPinsMove 
[INFO RSZ-0094] Found 3 endpoints with setup violations.
[INFO RSZ-0099] Repairing 3 out of 3 (100.00%) violating endpoints...
   Iter   | Removed | Resized | Inserted | Cloned |  Pin  |   Area   |    WNS   |   StTNS    |   EnTNS    |  Viol  |  Worst  
          | Buffers |  Gates  | Buffers  |  Gates | Swaps |          |          |            |            | Endpts | St/EnPt 
------------------------------------------------------------------------------------------------------------------------------
       0* |       0 |       0 |        0 |      0 |     0 |    +0.0% | -117.471 |   -12987.2 |     -222.0 |      3 | exec_owned
      10* |       0 |       5 |        0 |      0 |     4 |    +0.0% |  -65.696 |     -683.6 |     -123.0 |      3 | exec_owned
      11* |       0 |       5 |        0 |      0 |     5 |    +0.0% |   11.423 |        0.0 |        0.0 |      3 | quiet
      12* |       0 |       5 |        0 |      0 |     5 |    +0.0% |   11.423 |        0.0 |        0.0 |      3 | quiet
      13* |       0 |       5 |        0 |      0 |     5 |    +0.0% |   11.423 |        0.0 |        0.0 |      3 | quiet
      13* |       0 |       5 |        0 |      0 |     5 |    +0.0% |   11.423 |        0.0 |        0.0 |      3 | quiet
    final |       0 |       5 |        0 |      0 |     5 |    +0.0% |   11.423 |        0.0 |        0.0 |      0 | quiet
------------------------------------------------------------------------------------------------------------------------------
[INFO RSZ-0051] Resized 5 instances: 5 up, 0 up match, 0 down, 0 VT
[INFO RSZ-0043] Swapped pins on 5 instances.
[INFO RSZ-0505] Runtime: 0.30s
Default units for flow
 time 1ps
 capacitance 1fF
 resistance 1kohm
 voltage 1v
 current 1mA
 power 1pW
 distance 1um
   Layer   | Unit Resistance | Unit Capacitance 
           |       (kohm/um) |          (fF/um)
------------------------------------------------
        M1 |        7.04e-02 |         1.00e-10
        M2 |        2.97e-02 |         1.75e-01
        M3 |        3.13e-02 |         1.56e-01
        M4 |        1.80e-02 |         1.78e-01
        M5 |        1.90e-02 |         1.64e-01
        M6 |        1.19e-02 |         1.87e-01
        M7 |        1.25e-02 |         1.63e-01
        M8 |        8.45e-03 |         1.04e-01
        M9 |        8.90e-03 |         9.28e-02
       Pad |        0.00e+00 |         0.00e+00
------------------------------------------------

   Layer   | Via Resistance 
           |         (kohm) 
----------------------------
        V1 |       1.72e-02 
        V2 |       1.72e-02 
        V3 |       1.72e-02 
        V4 |       1.18e-02 
        V5 |       1.18e-02 
        V6 |       8.20e-03 
        V7 |       8.20e-03 
        V8 |       6.30e-03 
        V9 |       6.30e-03 
----------------------------
Report metrics stage 2, floorplan final...

==========================================================================
floorplan final report_design_area
--------------------------------------------------------------------------
Design area 774 um^2 41% utilization.
write_db /work/results/asap7/opentallas_ot_hbm_integrated_su_cp_context_asap7_harvey_cp_fourcut_context_r1/base/2_1_floorplan.odb
write_sdc -no_timestamp /work/results/asap7/opentallas_ot_hbm_integrated_su_cp_context_asap7_harvey_cp_fourcut_context_r1/base/2_1_floorplan.sdc
Elapsed time: 0:03.78[h:]min:sec. CPU time: user 4.09 sys 0.62 (124%). Peak memory: 334364KB.
Log                       Ext     Elapsed/s Peak Memory/MB sha1sum result [0:20)
2_1_floorplan             .odb            3            326 d2147e9db4b4d4cd6597
2_1_floorplan             .sdc                             f9669a79598d8ee7bd60
