OpenROAD 26Q3-1510-g6cb3f2b704 
Features included (+) or not (-): +GPU +GUI +Python
This program is licensed under the BSD-3 license. See the LICENSE file for details.
Components of this program may be licensed under more restrictive licenses which must be honored.
[INFO ORD-0030] Using 16 thread(s).
source /OpenROAD-flow-scripts/flow/platforms/asap7/liberty_suppressions.tcl
read_liberty -corner WC /OpenROAD-flow-scripts/flow/platforms/asap7/lib/NLDM/asap7sc7p5t_AO_RVT_SS_nldm_211120.lib.gz
read_liberty -corner WC /OpenROAD-flow-scripts/flow/platforms/asap7/lib/NLDM/asap7sc7p5t_INVBUF_RVT_SS_nldm_220122.lib.gz
read_liberty -corner WC /OpenROAD-flow-scripts/flow/platforms/asap7/lib/NLDM/asap7sc7p5t_OA_RVT_SS_nldm_211120.lib.gz
read_liberty -corner WC /OpenROAD-flow-scripts/flow/platforms/asap7/lib/NLDM/asap7sc7p5t_SEQ_RVT_SS_nldm_220123.lib
read_liberty -corner WC /OpenROAD-flow-scripts/flow/platforms/asap7/lib/NLDM/asap7sc7p5t_SIMPLE_RVT_SS_nldm_211120.lib.gz
read_liberty -corner BC /OpenROAD-flow-scripts/flow/platforms/asap7/lib/NLDM/asap7sc7p5t_AO_RVT_FF_nldm_211120.lib.gz
read_liberty -corner BC /OpenROAD-flow-scripts/flow/platforms/asap7/lib/NLDM/asap7sc7p5t_INVBUF_RVT_FF_nldm_220122.lib.gz
read_liberty -corner BC /OpenROAD-flow-scripts/flow/platforms/asap7/lib/NLDM/asap7sc7p5t_OA_RVT_FF_nldm_211120.lib.gz
read_liberty -corner BC /OpenROAD-flow-scripts/flow/platforms/asap7/lib/NLDM/asap7sc7p5t_SIMPLE_RVT_FF_nldm_211120.lib.gz
read_liberty -corner BC /OpenROAD-flow-scripts/flow/platforms/asap7/lib/NLDM/asap7sc7p5t_SEQ_RVT_FF_nldm_220123.lib
read_db /work/results/asap7/opentallas_ot_hbm_integrated_su_cp_context_asap7_harvey_cp_fourcut_context_r1/base/6_1_fill.odb
read_sdc /work/results/asap7/opentallas_ot_hbm_integrated_su_cp_context_asap7_harvey_cp_fourcut_context_r1/base/6_1_fill.sdc
source /OpenROAD-flow-scripts/flow/platforms/asap7/setRC.tcl
write_db /work/results/asap7/opentallas_ot_hbm_integrated_su_cp_context_asap7_harvey_cp_fourcut_context_r1/base/6_final.odb
write_sdc -no_timestamp /work/results/asap7/opentallas_ot_hbm_integrated_su_cp_context_asap7_harvey_cp_fourcut_context_r1/base/6_final.sdc
Deleted 0 routing obstructions
[INFO RCX-0431] Defined process_corner X with ext_model_index 0
[INFO RCX-0029] Defined extraction corner X
[WARNING RCX-0514] The ext_model_file option is deprecated. Use set_extraction_rules_file command instead.
[INFO RCX-0435] Reading extraction model file /OpenROAD-flow-scripts/flow/platforms/asap7/rcx_patterns.rules ...
[INFO RCX-0436] RC segment generation ot_hbm_integrated_su_cp_context (max_merge_res 50.0) ...
[INFO RCX-0040] Final 51003 rc segments
[INFO RCX-0439] Coupling Cap extraction ot_hbm_integrated_su_cp_context ...
[INFO RCX-0440] Coupling threshhold is 0.1000 fF, coupling capacitance less than 0.1000 fF will be grounded.
[INFO RCX-0442] 16% of 53427 wires extracted
[INFO RCX-0442] 51% of 53427 wires extracted
[INFO RCX-0442] 73% of 53427 wires extracted
[INFO RCX-0442] 100% of 53427 wires extracted
[INFO RCX-0045] Extract 7062 nets, 58055 rsegs, 58055 caps, 82905 ccs
[INFO RCX-0443] 7062 nets finished
[INFO PSM-0040] All shapes on net VDD are connected.
########## IR report #################
Net              : VDD
Corner           : WC
Total power      : 1.52e-03 W
Supply voltage   : 6.30e-01 V
Worstcase voltage: 6.28e-01 V
Average voltage  : 6.29e-01 V
Average IR drop  : 8.11e-04 V
Worstcase IR drop: 2.39e-03 V
Percentage drop  : 0.38 %
######################################
[INFO PSM-0040] All shapes on net VSS are connected.
########## IR report #################
Net              : VSS
Corner           : WC
Total power      : 1.52e-03 W
Supply voltage   : 0.00e+00 V
Worstcase voltage: 1.67e-03 V
Average voltage  : 7.13e-04 V
Average IR drop  : 7.13e-04 V
Worstcase IR drop: 1.67e-03 V
Percentage drop  : 0.27 %
######################################
Cell type report:                       Count       Area
  Fill cell                              9226     981.57
  Tap cell                                401      11.69
  Tie cell                               1156      50.56
  Clock buffer                             57      14.59
  Timing Repair Buffer                   1429     115.81
  Inverter                                321      15.76
  Clock inverter                           17       1.41
  Timing Repair inverter                    4       0.23
  Sequential cell                         673     255.12
  Multi-Input combinational cell         3319     419.48
  Total                                 16603    1866.24
Report metrics stage 6, finish...

==========================================================================
finish report_design_area
--------------------------------------------------------------------------
Design area 885 um^2 47% utilization.
[WARNING GUI-0076] QStandardPaths: XDG_RUNTIME_DIR not set, defaulting to '/work/tmp/runtime-root'
Elapsed time: 0:08.35[h:]min:sec. CPU time: user 9.72 sys 1.79 (137%). Peak memory: 565740KB.
Log                       Ext     Elapsed/s Peak Memory/MB sha1sum result [0:20)
6_report                                  8            552                  N/A
