cyc 0
seg 0 uniform_k512 k 512 sel 512 beats 34 reps 0 tail_slab_minus_ref 201 cyc 508
seg 1 ties k 300 sel 300 beats 21 reps 0 tail_slab_minus_ref 170 cyc 938
seg 2 neginf k 512 sel 512 beats 34 reps 0 tail_slab_minus_ref 202 cyc 1402
seg 3 k_gt_n k 512 sel 81 beats 7 reps 0 tail_slab_minus_ref 129 cyc 1642
seg 4 tiny k 7 sel 7 beats 4 reps 0 tail_slab_minus_ref 128 cyc 1876
seg 5 normal_12k k 512 sel 512 beats 33 reps 0 tail_slab_minus_ref 208 cyc 2766
seg 6 ascending_overflow k 512 sel 512 beats 35 reps 2 tail_slab_minus_ref 246 cyc 12690
seg 7 all_equal_overflow k 300 sel 300 beats 22 reps 2 tail_slab_minus_ref 310 cyc 17366
seg 8 rand0 k 196 sel 196 beats 15 reps 0 tail_slab_minus_ref 166 cyc 17994
seg 9 rand1 k 97 sel 97 beats 7 reps 0 tail_slab_minus_ref 142 cyc 18512
seg 10 rand2 k 111 sel 111 beats 10 reps 0 tail_slab_minus_ref 157 cyc 19132
seg 11 rand3 k 286 sel 286 beats 20 reps 0 tail_slab_minus_ref 179 cyc 19746
cyc 20000
seg 12 rand4 k 163 sel 163 beats 12 reps 0 tail_slab_minus_ref 151 cyc 20190
seg 13 rand5 k 421 sel 421 beats 28 reps 0 tail_slab_minus_ref 173 cyc 20792
seg 14 rand6 k 476 sel 476 beats 33 reps 0 tail_slab_minus_ref 198 cyc 21366
seg 15 rand7 k 54 sel 54 beats 6 reps 0 tail_slab_minus_ref 146 cyc 21730
seg 16 rand8 k 37 sel 37 beats 4 reps 0 tail_slab_minus_ref 130 cyc 21994
seg 17 rand9 k 137 sel 137 beats 12 reps 0 tail_slab_minus_ref 143 cyc 22572
seg 18 rand10 k 194 sel 194 beats 15 reps 0 tail_slab_minus_ref 145 cyc 22928
seg 19 rand11 k 339 sel 339 beats 25 reps 2 tail_slab_minus_ref 218 cyc 24626
seg 20 rand12 k 214 sel 214 beats 17 reps 0 tail_slab_minus_ref 150 cyc 25104
seg 21 rand13 k 495 sel 495 beats 33 reps 0 tail_slab_minus_ref 195 cyc 25598
seg 22 rand14 k 386 sel 386 beats 28 reps 0 tail_slab_minus_ref 169 cyc 26222
seg 23 rand15 k 465 sel 465 beats 33 reps 0 tail_slab_minus_ref 213 cyc 27090
seg 24 rand16 k 74 sel 74 beats 8 reps 0 tail_slab_minus_ref 136 cyc 27490
seg 25 rand17 k 415 sel 415 beats 28 reps 0 tail_slab_minus_ref 167 cyc 28024
seg 26 rand18 k 189 sel 189 beats 14 reps 0 tail_slab_minus_ref 156 cyc 28632
seg 27 rand19 k 505 sel 505 beats 34 reps 0 tail_slab_minus_ref 185 cyc 29072
seg 28 rand20 k 128 sel 128 beats 10 reps 0 tail_slab_minus_ref 153 cyc 29410
seg 29 rand21 k 221 sel 221 beats 17 reps 0 tail_slab_minus_ref 177 cyc 30114
seg 30 rand22 k 477 sel 477 beats 33 reps 0 tail_slab_minus_ref 197 cyc 30726
seg 31 rand23 k 58 sel 58 beats 7 reps 0 tail_slab_minus_ref 151 cyc 31092
fault case k_mismatch: FAULT bit 13    seen
fault case orphan_beat: FAULT bit 11    seen
fault case qslot_collision: FAULT bit 12    seen
RESULT PASS segments 32 out_beats 639 replays 6 errors 0 tail_minus_ref max 310 mean 174 ref_holds 20
- rtl/dsrom_sys/s81_ph/test/tb_s81ph_sel.sv:302: Verilog $finish
- S i m u l a t i o n   R e p o r t: Verilator 5.032 2025-01-01
- Verilator: $finish at 26us; walltime 41.665 s; speed 628.200 ns/s
- Verilator: cpu 41.640 s on 1 threads; alloced 1030 MB
