{
 "setup_ss": {
  "corner": "ss",
  "check": "setup",
  "worst_slack_ps": 72.07,
  "tns_ps": 0.0,
  "worst_register_d_slack_ps": 124.220581,
  "worst_reg_to_reg_slack_ps": 169.56,
  "worst_input_to_reg_slack_ps": 411.33,
  "worst_output_port_slack_ps": 72.071236,
  "violating_d_pins": 0,
  "errors": [],
  "odb_sha256": "74d18f56e45f7b76964bbc73d7a10adc1e3b966346018705598649a1ce4dc529",
  "spef_sha256": "6218334fdbc478bfed1fb4573c6759812d2e16bd3f9e0bc95cd508d48062d53c",
  "sdc_sha256": "24c2ad579a9e68dfbe75f99ca13f07219cd4a54fb65672af512a10642e5c1328"
 },
 "hold_ff": {
  "corner": "ff",
  "check": "hold",
  "worst_slack_ps": 3.22,
  "tns_ps": 0.0,
  "worst_register_d_slack_ps": 3.219591,
  "worst_reg_to_reg_slack_ps": 3.22,
  "worst_input_to_reg_slack_ps": 160.88,
  "worst_output_port_slack_ps": 357.65567,
  "violating_d_pins": 0,
  "errors": [],
  "odb_sha256": "74d18f56e45f7b76964bbc73d7a10adc1e3b966346018705598649a1ce4dc529",
  "spef_sha256": "6218334fdbc478bfed1fb4573c6759812d2e16bd3f9e0bc95cd508d48062d53c",
  "sdc_sha256": "24c2ad579a9e68dfbe75f99ca13f07219cd4a54fb65672af512a10642e5c1328"
 },
 "closes_signoff": true
}
