BOOT sent 20633 sectors at ck 41317
BOOT ready=1 fault=0 code=00 at ck 41540
FAIL token 0 (ix 0): 4011 mismatches
FAIL token 1 (ix 1): 4003 mismatches
FAIL token 15 (ix 2): 3573 mismatches
FAIL token 16 (ix 3): 3258 mismatches
FAIL token 17 (ix 4): 3718 mismatches
FAIL token 511 (ix 5): 4051 mismatches
FAIL token 512 (ix 6): 4055 mismatches
FAIL token 513 (ix 7): 4045 mismatches
FAIL token 1023 (ix 8): 4058 mismatches
FAIL token 1024 (ix 9): 4003 mismatches
FAIL token 1025 (ix 10): 4052 mismatches
FAIL token 2047 (ix 11): 4047 mismatches
FAIL token 8191 (ix 13): 4051 mismatches
FAIL token 8192 (ix 14): 4057 mismatches
FAIL token 65535 (ix 15): 4024 mismatches
FAIL token 65536 (ix 16): 4046 mismatches
FAIL token 131071 (ix 17): 4041 mismatches
FAIL token 131072 (ix 18): 4047 mismatches
FAIL token 151551 (ix 19): 4049 mismatches
FAIL token 151552 (ix 20): 4053 mismatches
FAIL token 151919 (ix 21): 4036 mismatches
FAIL token 151920 (ix 22): 4031 mismatches
FAIL token 151934 (ix 23): 4042 mismatches
FAIL token 151935 (ix 24): 4044 mismatches
FAIL token 76595 (ix 25): 4052 mismatches
FAIL token 11889 (ix 26): 4049 mismatches
FAIL token 114972 (ix 27): 4044 mismatches
FAIL token 62941 (ix 28): 4040 mismatches
FAIL token 40183 (ix 29): 4063 mismatches
FAIL token 73349 (ix 30): 4044 mismatches
FAIL token 22734 (ix 31): 4041 mismatches
FAIL token 56311 (ix 32): 4047 mismatches
FAIL token 81357 (ix 33): 4048 mismatches
FAIL token 57300 (ix 34): 4039 mismatches
FAIL token 107388 (ix 35): 4061 mismatches
FAIL token 31922 (ix 36): 4063 mismatches
FAIL token 148568 (ix 37): 4042 mismatches
FAIL token 122472 (ix 38): 4060 mismatches
FAIL token 7283 (ix 39): 4049 mismatches
FAIL token 104562 (ix 40): 4068 mismatches
FAIL token 95576 (ix 41): 4044 mismatches
FAIL token 58866 (ix 42): 4046 mismatches
FAIL token 62205 (ix 43): 4038 mismatches
FAIL token 75139 (ix 44): 4041 mismatches
FAIL token 118080 (ix 45): 4025 mismatches
FAIL token 15701 (ix 46): 4049 mismatches
FAIL token 50505 (ix 47): 4045 mismatches
FAIL token 24546 (ix 48): 4049 mismatches
FAIL token 144947 (ix 49): 4047 mismatches
FAIL token 76070 (ix 50): 4063 mismatches
FAIL token 106342 (ix 51): 4044 mismatches
FAIL token 129462 (ix 52): 4042 mismatches
FAIL token 121575 (ix 53): 4058 mismatches
FAIL token 121293 (ix 54): 4058 mismatches
FAIL token 15246 (ix 55): 4047 mismatches
FAIL token 2172 (ix 56): 4045 mismatches
FAIL token 92491 (ix 57): 4048 mismatches
FAIL token 20437 (ix 58): 4048 mismatches
FAIL token 128543 (ix 59): 4051 mismatches
FAIL token 16665 (ix 60): 4071 mismatches
FAIL token 86263 (ix 61): 4038 mismatches
FAIL token 151644 (ix 62): 4051 mismatches
FAIL token 138442 (ix 63): 4057 mismatches
FAIL token 17629 (ix 64): 4039 mismatches
FAIL token 83229 (ix 65): 4055 mismatches
FAIL token 33832 (ix 66): 4059 mismatches
FAIL token 91710 (ix 67): 4047 mismatches
FAIL token 13693 (ix 68): 4047 mismatches
FAIL token 21493 (ix 69): 4042 mismatches
FAIL token 31371 (ix 70): 4030 mismatches
FAIL token 76987 (ix 71): 4047 mismatches
FAIL token 52533 (ix 72): 4042 mismatches
FAIL token 66041 (ix 73): 4046 mismatches
FAIL token 44580 (ix 74): 4046 mismatches
FAIL token 22197 (ix 75): 4048 mismatches
FAIL token 71456 (ix 76): 4057 mismatches
FAIL token 1423 (ix 77): 4028 mismatches
FAIL token 50532 (ix 78): 4054 mismatches
FAIL token 28046 (ix 79): 4049 mismatches
FAIL token 4566 (ix 80): 4041 mismatches
FAIL token 138675 (ix 81): 4055 mismatches
FAIL token 112242 (ix 82): 4042 mismatches
FAIL token 7141 (ix 83): 4044 mismatches
FAIL token 18486 (ix 84): 4051 mismatches
FAIL token 136586 (ix 85): 4051 mismatches
FAIL token 21760 (ix 86): 4045 mismatches
FAIL token 112880 (ix 87): 4037 mismatches
FAIL token 25982 (ix 88): 4044 mismatches
FAIL token 11125 (ix 89): 4062 mismatches
FAIL token 113224 (ix 90): 4054 mismatches
FAIL token 37179 (ix 91): 4048 mismatches
FAIL token 47640 (ix 92): 4063 mismatches
FAIL token 84185 (ix 93): 4042 mismatches
FAIL token 114477 (ix 94): 4067 mismatches
FAIL token 19301 (ix 95): 4054 mismatches
FAIL token 78351 (ix 96): 4048 mismatches
FAIL token 76236 (ix 97): 4038 mismatches
FAIL token 94124 (ix 98): 4056 mismatches
FAIL token 30344 (ix 99): 4045 mismatches
FAIL token 150461 (ix 100): 4052 mismatches
FAIL token 95130 (ix 101): 4048 mismatches
FAIL token 10550 (ix 102): 4055 mismatches
FAIL token 63084 (ix 103): 4044 mismatches
FAIL token 49612 (ix 104): 4042 mismatches
FAIL token 122006 (ix 105): 4043 mismatches
FAIL token 77935 (ix 106): 4052 mismatches
FAIL token 70169 (ix 107): 4055 mismatches
FAIL token 35441 (ix 108): 4046 mismatches
FAIL token 4257 (ix 109): 4047 mismatches
FAIL token 64330 (ix 110): 4067 mismatches
FAIL token 145809 (ix 111): 4050 mismatches
FAIL token 26085 (ix 112): 4042 mismatches
FAIL token 69757 (ix 113): 4051 mismatches
FAIL token 1094 (ix 114): 4039 mismatches
FAIL token 122392 (ix 115): 4053 mismatches
FAIL token 68804 (ix 116): 4035 mismatches
FAIL token 134238 (ix 117): 4037 mismatches
FAIL token 61010 (ix 118): 4057 mismatches
FAIL token 87302 (ix 119): 4055 mismatches
FAIL token 31720 (ix 120): 4042 mismatches
FAIL token 139476 (ix 121): 4044 mismatches
FAIL token 75391 (ix 122): 4041 mismatches
FAIL token 80315 (ix 123): 4043 mismatches
FAIL token 10623 (ix 124): 4060 mismatches
FAIL token 74189 (ix 125): 4052 mismatches
FAIL token 16199 (ix 126): 4044 mismatches
FAIL token 135165 (ix 127): 4041 mismatches
FAIL token 16678 (ix 128): 4060 mismatches
FAIL token 10184 (ix 129): 4052 mismatches
FAIL token 92138 (ix 130): 4054 mismatches
FAIL token 26127 (ix 131): 4052 mismatches
FAIL token 3311 (ix 132): 4052 mismatches
FAIL token 116714 (ix 133): 4052 mismatches
FAIL token 16820 (ix 134): 4055 mismatches
FAIL token 109316 (ix 135): 4050 mismatches
FAIL token 125587 (ix 136): 4065 mismatches
FAIL token 56905 (ix 137): 4036 mismatches
FAIL token 97013 (ix 138): 4037 mismatches
FAIL token 38177 (ix 139): 4051 mismatches
FAIL token 66080 (ix 140): 4046 mismatches
FAIL token 55084 (ix 141): 4050 mismatches
FAIL token 38628 (ix 142): 4036 mismatches
FAIL token 108351 (ix 143): 4052 mismatches
FAIL token 107643 (ix 144): 4042 mismatches
FAIL token 40934 (ix 145): 4052 mismatches
FAIL token 54811 (ix 146): 4054 mismatches
FAIL token 80478 (ix 147): 4058 mismatches
FAIL token 133267 (ix 148): 4043 mismatches
FAIL token 13617 (ix 149): 4050 mismatches
FAIL token 36545 (ix 150): 4037 mismatches
FAIL token 51548 (ix 151): 4046 mismatches
FAIL token 35944 (ix 152): 4049 mismatches
FAIL token 120232 (ix 153): 4055 mismatches
FAIL token 94241 (ix 154): 4050 mismatches
FAIL token 63118 (ix 155): 4054 mismatches
FAIL token 79538 (ix 156): 4048 mismatches
FAIL token 33902 (ix 157): 4052 mismatches
FAIL token 12137 (ix 158): 4045 mismatches
GWFAULT code=10 st=3 w=18 ct=71998 seq=0 lk=1 slot_tag=480 sv=1111
UE token 71998: detected, fail closed (gw code 10)
STATS ntok=159 lat_min=434 lat_mean=473 lat_max=789 (core cycles go->fill, excl. first) static_wait_max=320 hclk wait_mean_x100=4118 boot_ready_ck=41540 early_rsp=0 dram_viol=0 ce=2 ue_seen=1 hub_fault=0 far=0000 strip=0010 fc=00/20/00/00 gwfc=10 su_fault=0
FAIL emb_hbm_e2e errors=158 MUT_STRIP=2 MUT_GW=0
- rtl/test/emb_hbm/tb_emb_hbm_e2e.sv:322: Verilog $finish
- S i m u l a t i o n   R e p o r t: Verilator 5.032 2025-01-01
- Verilator: $finish at 129us; walltime 187.119 s; speed 695.989 ns/s
- Verilator: cpu 185.339 s on 1 threads; alloced 1054 MB
