OpenROAD 26Q3-1510-g6cb3f2b704 
Features included (+) or not (-): +GPU +GUI +Python
This program is licensed under the BSD-3 license. See the LICENSE file for details.
Components of this program may be licensed under more restrictive licenses which must be honored.
[INFO ORD-0030] Using 16 thread(s).
source /OpenROAD-flow-scripts/flow/platforms/asap7/liberty_suppressions.tcl
read_liberty /OpenROAD-flow-scripts/flow/platforms/asap7/lib/NLDM/asap7sc7p5t_AO_RVT_TT_nldm_211120.lib.gz
read_liberty /OpenROAD-flow-scripts/flow/platforms/asap7/lib/NLDM/asap7sc7p5t_INVBUF_RVT_TT_nldm_220122.lib.gz
read_liberty /OpenROAD-flow-scripts/flow/platforms/asap7/lib/NLDM/asap7sc7p5t_OA_RVT_TT_nldm_211120.lib.gz
read_liberty /OpenROAD-flow-scripts/flow/platforms/asap7/lib/NLDM/asap7sc7p5t_SEQ_RVT_TT_nldm_220123.lib
read_liberty /OpenROAD-flow-scripts/flow/platforms/asap7/lib/NLDM/asap7sc7p5t_SIMPLE_RVT_TT_nldm_211120.lib.gz
read_liberty /OpenROAD-flow-scripts/flow/platforms/asap7/lib/NLDM/asap7sc7p5t_AO_RVT_FF_nldm_211120.lib.gz
read_liberty /OpenROAD-flow-scripts/flow/platforms/asap7/lib/NLDM/asap7sc7p5t_INVBUF_RVT_FF_nldm_220122.lib.gz
read_liberty /OpenROAD-flow-scripts/flow/platforms/asap7/lib/NLDM/asap7sc7p5t_OA_RVT_FF_nldm_211120.lib.gz
read_liberty /OpenROAD-flow-scripts/flow/platforms/asap7/lib/NLDM/asap7sc7p5t_SIMPLE_RVT_FF_nldm_211120.lib.gz
read_liberty /OpenROAD-flow-scripts/flow/platforms/asap7/lib/NLDM/asap7sc7p5t_SEQ_RVT_FF_nldm_220123.lib
read_db /work/results/asap7/opentallas_ot_dshbm_argmax_m_asap7_mtp_mtp_argmax_f1_d30fa5f39_tc/base/5_1_grt.odb
read_sdc -mode ss /work/results/asap7/opentallas_ot_dshbm_argmax_m_asap7_mtp_mtp_argmax_f1_d30fa5f39_tc/base/5_1_grt.sdc
read_sdc -mode ff /work/results/asap7/opentallas_ot_dshbm_argmax_m_asap7_mtp_mtp_argmax_f1_d30fa5f39_tc/base/5_1_grt.sdc
OT_HOLD_MM: scenes WC (mode ss) / BC (mode ff) from /work/results/asap7/opentallas_ot_dshbm_argmax_m_asap7_mtp_mtp_argmax_f1_d30fa5f39_tc/base/5_1_grt.sdc
source /OpenROAD-flow-scripts/flow/platforms/asap7/setRC.tcl
[WARNING STA-0450] virtual clock vclk can not be propagated.
detailed_route -output_drc /work/reports/asap7/opentallas_ot_dshbm_argmax_m_asap7_mtp_mtp_argmax_f1_d30fa5f39_tc/base/5_route_drc.rpt -output_maze /work/results/asap7/opentallas_ot_dshbm_argmax_m_asap7_mtp_mtp_argmax_f1_d30fa5f39_tc/base/maze.log -droute_end_iter 64 -verbose 1 -drc_report_iter_step 5
[INFO DRT-0149] Reading tech and libs.

Units:                1000
Number of layers:     21
Number of macros:     212
Number of vias:       14
Number of viarulegen: 11

[INFO DRT-0150] Reading design.

Design:                   ot_dshbm_argmax_m
Die area:                 ( 0 0 ) ( 118424 118424 )
Number of track patterns: 32
Number of DEF vias:       0
Number of components:     53687
Number of terminals:      547
Number of snets:          2
Number of nets:           52120

[INFO DRT-0167] List of default vias:
  Layer V2
    default via: VIA23
  Layer V3
    default via: VIA34
  Layer V4
    default via: VIA45
  Layer V5
    default via: VIA56
  Layer V6
    default via: VIA67
  Layer V7
    default via: VIA78
  Layer V8
    default via: VIA89
  Layer V9
    default via: VIA9Pad
[INFO DRT-0162] Library cell analysis.
[INFO DRT-0163] Instance analysis.
[INFO DRT-0164] Number of unique instances = 257.
[INFO DRT-0168] Init region query.
[INFO DRT-0024]   Complete Active.
[INFO DRT-0024]   Complete V0.
[INFO DRT-0024]   Complete M1.
[INFO DRT-0024]   Complete V1.
[INFO DRT-0024]   Complete M2.
[INFO DRT-0024]   Complete V2.
[INFO DRT-0024]   Complete M3.
[INFO DRT-0024]   Complete V3.
[INFO DRT-0024]   Complete M4.
[INFO DRT-0024]   Complete V4.
[INFO DRT-0024]   Complete M5.
[INFO DRT-0024]   Complete V5.
[INFO DRT-0024]   Complete M6.
[INFO DRT-0024]   Complete V6.
[INFO DRT-0024]   Complete M7.
[INFO DRT-0024]   Complete V7.
[INFO DRT-0024]   Complete M8.
[INFO DRT-0024]   Complete V8.
[INFO DRT-0024]   Complete M9.
[INFO DRT-0024]   Complete V9.
[INFO DRT-0024]   Complete Pad.
[INFO DRT-0033] Active shape region query size = 0.
[INFO DRT-0033] V0 shape region query size = 0.
[INFO DRT-0033] M1 shape region query size = 958872.
[INFO DRT-0033] V1 shape region query size = 1463393.
[INFO DRT-0033] M2 shape region query size = 52485.
[INFO DRT-0033] V2 shape region query size = 27984.
[INFO DRT-0033] M3 shape region query size = 27984.
[INFO DRT-0033] V3 shape region query size = 18656.
[INFO DRT-0033] M4 shape region query size = 18840.
[INFO DRT-0033] V4 shape region query size = 18656.
[INFO DRT-0033] M5 shape region query size = 10679.
[INFO DRT-0033] V5 shape region query size = 1892.
[INFO DRT-0033] M6 shape region query size = 1032.
[INFO DRT-0033] V6 shape region query size = 0.
[INFO DRT-0033] M7 shape region query size = 0.
[INFO DRT-0033] V7 shape region query size = 0.
[INFO DRT-0033] M8 shape region query size = 0.
[INFO DRT-0033] V8 shape region query size = 0.
[INFO DRT-0033] M9 shape region query size = 0.
[INFO DRT-0033] V9 shape region query size = 0.
[INFO DRT-0033] Pad shape region query size = 0.
[INFO DRT-0165] Start pin access.
[INFO DRT-0076]   Complete 1000 pins.
[INFO DRT-0078]   Complete 1448 pins.
[INFO DRT-0079]   Complete 100 unique inst patterns.
[INFO DRT-0079]   Complete 200 unique inst patterns.
[INFO DRT-0081]   Complete 257 unique inst patterns.
[INFO DRT-0082]   Complete 10000 groups.
[INFO DRT-0082]   Complete 20000 groups.
[INFO DRT-0082]   Complete 30000 groups.
[INFO DRT-0084]   Complete 35237 groups.
#scanned instances     = 53687
#unique  instances     = 257
#stdCellGenAp          = 6796
#stdCellValidPlanarAp  = 47
#stdCellValidViaAp     = 5544
#stdCellPinNoAp        = 0
#stdCellPinCnt         = 147330
#instTermValidViaApCnt = 0
#macroGenAp            = 0
#macroValidPlanarAp    = 0
#macroValidViaAp       = 0
#macroNoAp             = 0
[INFO DRT-0166] Complete pin access.
[INFO DRT-0267] cpu time = 00:09:06, elapsed time = 00:00:37, memory = 849.79 (MB), peak = 868.04 (MB)
[INFO DRT-0156] guideIn read 100000 guides.
[INFO DRT-0156] guideIn read 200000 guides.
[INFO DRT-0156] guideIn read 300000 guides.

[INFO DRT-0157] Number of guides:     388196

[INFO DRT-0169] Post process guides.
[INFO DRT-0176] GCELLGRID X 0 DO 207 STEP 570 ;
[INFO DRT-0177] GCELLGRID Y 0 DO 207 STEP 570 ;
[INFO DRT-0026]   Complete 100000 origin guides.
[INFO DRT-0026]   Complete 200000 origin guides.
[INFO DRT-0026]   Complete 300000 origin guides.
[INFO DRT-0028]   Complete Active.
[INFO DRT-0028]   Complete V0.
[INFO DRT-0028]   Complete M1.
[INFO DRT-0028]   Complete V1.
[INFO DRT-0028]   Complete M2.
[INFO DRT-0028]   Complete V2.
[INFO DRT-0028]   Complete M3.
[INFO DRT-0028]   Complete V3.
[INFO DRT-0028]   Complete M4.
[INFO DRT-0028]   Complete V4.
[INFO DRT-0028]   Complete M5.
[INFO DRT-0028]   Complete V5.
[INFO DRT-0028]   Complete M6.
[INFO DRT-0028]   Complete V6.
[INFO DRT-0028]   Complete M7.
[INFO DRT-0028]   Complete V7.
[INFO DRT-0028]   Complete M8.
[INFO DRT-0028]   Complete V8.
[INFO DRT-0028]   Complete M9.
[INFO DRT-0028]   Complete V9.
[INFO DRT-0028]   Complete Pad.
[INFO DRT-0178] Init guide query.
[INFO DRT-0035]   Complete Active (guide).
[INFO DRT-0035]   Complete V0 (guide).
[INFO DRT-0035]   Complete M1 (guide).
[INFO DRT-0035]   Complete V1 (guide).
[INFO DRT-0035]   Complete M2 (guide).
[INFO DRT-0035]   Complete V2 (guide).
[INFO DRT-0035]   Complete M3 (guide).
[INFO DRT-0035]   Complete V3 (guide).
[INFO DRT-0035]   Complete M4 (guide).
[INFO DRT-0035]   Complete V4 (guide).
[INFO DRT-0035]   Complete M5 (guide).
[INFO DRT-0035]   Complete V5 (guide).
[INFO DRT-0035]   Complete M6 (guide).
[INFO DRT-0035]   Complete V6 (guide).
[INFO DRT-0035]   Complete M7 (guide).
[INFO DRT-0035]   Complete V7 (guide).
[INFO DRT-0035]   Complete M8 (guide).
[INFO DRT-0035]   Complete V8 (guide).
[INFO DRT-0035]   Complete M9 (guide).
[INFO DRT-0035]   Complete V9 (guide).
[INFO DRT-0035]   Complete Pad (guide).
[INFO DRT-0036] Active guide region query size = 0.
[INFO DRT-0036] V0 guide region query size = 0.
[INFO DRT-0036] M1 guide region query size = 125062.
[INFO DRT-0036] V1 guide region query size = 0.
[INFO DRT-0036] M2 guide region query size = 112690.
[INFO DRT-0036] V2 guide region query size = 0.
[INFO DRT-0036] M3 guide region query size = 58368.
[INFO DRT-0036] V3 guide region query size = 0.
[INFO DRT-0036] M4 guide region query size = 7918.
[INFO DRT-0036] V4 guide region query size = 0.
[INFO DRT-0036] M5 guide region query size = 6245.
[INFO DRT-0036] V5 guide region query size = 0.
[INFO DRT-0036] M6 guide region query size = 4005.
[INFO DRT-0036] V6 guide region query size = 0.
[INFO DRT-0036] M7 guide region query size = 1666.
[INFO DRT-0036] V7 guide region query size = 0.
[INFO DRT-0036] M8 guide region query size = 0.
[INFO DRT-0036] V8 guide region query size = 0.
[INFO DRT-0036] M9 guide region query size = 0.
[INFO DRT-0036] V9 guide region query size = 0.
[INFO DRT-0036] Pad guide region query size = 0.
[INFO DRT-0179] Init gr pin query.
[INFO DRT-0267] cpu time = 00:00:01, elapsed time = 00:00:00, memory = 971.23 (MB), peak = 955.98 (MB)
[INFO DRT-0245] skipped writing guide updates to database.
[INFO DRT-0181] Start track assignment.
[INFO DRT-0184] Done with 191341 vertical wires in 5 frboxes and 124613 horizontal wires in 5 frboxes.
[INFO DRT-0186] Done with 16704 vertical wires in 5 frboxes and 24742 horizontal wires in 5 frboxes.
[INFO DRT-0182] Complete track assignment.
[INFO DRT-0267] cpu time = 00:00:20, elapsed time = 00:00:06, memory = 1843.04 (MB), peak = 1820.12 (MB)
[INFO DRT-0187] Start routing data preparation.
[INFO DRT-0267] cpu time = 00:00:00, elapsed time = 00:00:00, memory = 1859.41 (MB), peak = 1836.12 (MB)
[INFO DRT-0194] Start detail routing.
[INFO DRT-0195] Start 0th optimization iteration.
    Completing 10% with 0 violations.
    elapsed time = 00:00:05, memory = 3556.68 (MB).
    Completing 20% with 0 violations.
    elapsed time = 00:00:11, memory = 5176.71 (MB).
    Completing 30% with 1390 violations.
    elapsed time = 00:00:18, memory = 5785.71 (MB).
    Completing 40% with 1390 violations.
    elapsed time = 00:00:25, memory = 5809.20 (MB).
    Completing 50% with 1390 violations.
    elapsed time = 00:00:30, memory = 5722.29 (MB).
    Completing 60% with 2681 violations.
    elapsed time = 00:00:41, memory = 6465.37 (MB).
    Completing 70% with 2681 violations.
    elapsed time = 00:00:49, memory = 6632.34 (MB).
    Completing 80% with 3809 violations.
    elapsed time = 00:00:59, memory = 7029.79 (MB).
    Completing 90% with 3809 violations.
    elapsed time = 00:01:06, memory = 7040.26 (MB).
    Completing 100% with 4880 violations.
    elapsed time = 00:01:16, memory = 6552.43 (MB).
[INFO DRT-0199]   Number of violations = 7880.
Viol/Layer          M1     M2     V2     M3     V3     M4     V4     M5     V5     M6     V6     M7
CutSpcTbl            0      0      0      0     32      0     11      0     11      0     16      0
EOL                  0    382      0     46      0     12      0      1      0      1      0      0
Metal Spacing      647    132      0    402      0      1      0      5      0     20      0      0
Recheck              2   1283      0    840      0    391      0    301      0    159      0     24
Short                0    435      1    100      2      7     11     19     11     54      5      0
eolKeepOut           0   2295      0    152      0     57      0      6      0      6      0      0
[INFO DRT-0267] cpu time = 00:15:53, elapsed time = 00:01:17, memory = 6623.77 (MB), peak = 7172.95 (MB)
Total wire length = 141586 um.
Total wire length on LAYER M1 = 0 um.
Total wire length on LAYER M2 = 52218 um.
Total wire length on LAYER M3 = 72267 um.
Total wire length on LAYER M4 = 9031 um.
Total wire length on LAYER M5 = 2680 um.
Total wire length on LAYER M6 = 2655 um.
Total wire length on LAYER M7 = 2732 um.
Total wire length on LAYER M8 = 0 um.
Total wire length on LAYER M9 = 0 um.
Total wire length on LAYER Pad = 0 um.
Total number of vias = 393078.
Up-via summary (total 393078):

-----------------
 Active         0
     M1    143827
     M2    216149
     M3     22701
     M4      5235
     M5      3063
     M6      2103
     M7         0
     M8         0
     M9         0
-----------------
       393078


[INFO DRT-0195] Start 1st optimization iteration.
    Completing 10% with 7880 violations.
    elapsed time = 00:00:05, memory = 7279.93 (MB).
    Completing 20% with 7880 violations.
    elapsed time = 00:00:12, memory = 7301.86 (MB).
    Completing 30% with 5814 violations.
    elapsed time = 00:00:22, memory = 7466.38 (MB).
    Completing 40% with 5814 violations.
    elapsed time = 00:00:29, memory = 7520.89 (MB).
    Completing 50% with 5814 violations.
    elapsed time = 00:00:36, memory = 6968.51 (MB).
    Completing 60% with 3958 violations.
    elapsed time = 00:00:46, memory = 7647.19 (MB).
    Completing 70% with 3958 violations.
    elapsed time = 00:00:53, memory = 7565.93 (MB).
    Completing 80% with 2174 violations.
    elapsed time = 00:01:04, memory = 7710.24 (MB).
    Completing 90% with 2174 violations.
    elapsed time = 00:01:10, memory = 7746.75 (MB).
    Completing 100% with 582 violations.
    elapsed time = 00:01:20, memory = 7184.94 (MB).
[INFO DRT-0199]   Number of violations = 630.
Viol/Layer          M1     M2     M3     V3     M4     V4     V6
CutSpcTbl            0      0      0      4      0      2      6
EOL                  0     65      1      0      2      0      0
Metal Spacing       67     10     79      0      1      0      0
Recheck              0     25     21      0      2      0      0
Short                0     29     39      0      0      0      0
eolKeepOut           0    267      4      0      6      0      0
[INFO DRT-0267] cpu time = 00:15:12, elapsed time = 00:01:21, memory = 7184.95 (MB), peak = 7770.08 (MB)
Total wire length = 140433 um.
Total wire length on LAYER M1 = 0 um.
Total wire length on LAYER M2 = 51958 um.
Total wire length on LAYER M3 = 72199 um.
Total wire length on LAYER M4 = 9022 um.
Total wire length on LAYER M5 = 2417 um.
Total wire length on LAYER M6 = 2327 um.
Total wire length on LAYER M7 = 2506 um.
Total wire length on LAYER M8 = 0 um.
Total wire length on LAYER M9 = 0 um.
Total wire length on LAYER Pad = 0 um.
Total number of vias = 378303.
Up-via summary (total 378303):

-----------------
 Active         0
     M1    143793
     M2    206447
     M3     20194
     M4      4037
     M5      2211
     M6      1621
     M7         0
     M8         0
     M9         0
-----------------
       378303


[INFO DRT-0195] Start 2nd optimization iteration.
    Completing 10% with 630 violations.
    elapsed time = 00:00:01, memory = 7768.36 (MB).
    Completing 20% with 630 violations.
    elapsed time = 00:00:04, memory = 7721.07 (MB).
    Completing 30% with 577 violations.
    elapsed time = 00:00:07, memory = 7433.29 (MB).
    Completing 40% with 577 violations.
    elapsed time = 00:00:09, memory = 7613.81 (MB).
    Completing 50% with 577 violations.
    elapsed time = 00:00:11, memory = 7645.62 (MB).
    Completing 60% with 453 violations.
    elapsed time = 00:00:15, memory = 7419.33 (MB).
    Completing 70% with 453 violations.
    elapsed time = 00:00:18, memory = 7550.68 (MB).
    Completing 80% with 390 violations.
    elapsed time = 00:00:21, memory = 7027.10 (MB).
    Completing 90% with 390 violations.
    elapsed time = 00:00:24, memory = 7591.30 (MB).
    Completing 100% with 298 violations.
    elapsed time = 00:00:28, memory = 6966.20 (MB).
[INFO DRT-0199]   Number of violations = 304.
Viol/Layer          M1     M2     M3     V3     M4     V4     V6
CutSpcTbl            0      0      0      1      0      2      4
EOL                  0     32      1      0      0      0      0
Metal Spacing       31      6     63      0      0      0      0
Recheck              0      3      5      0      1      0      0
Short                0     11     19      0      0      0      0
eolKeepOut           0    123      2      0      0      0      0
[INFO DRT-0267] cpu time = 00:05:16, elapsed time = 00:00:29, memory = 6966.07 (MB), peak = 7770.08 (MB)
Total wire length = 140270 um.
Total wire length on LAYER M1 = 0 um.
Total wire length on LAYER M2 = 52006 um.
Total wire length on LAYER M3 = 72194 um.
Total wire length on LAYER M4 = 8909 um.
Total wire length on LAYER M5 = 2398 um.
Total wire length on LAYER M6 = 2307 um.
Total wire length on LAYER M7 = 2454 um.
Total wire length on LAYER M8 = 0 um.
Total wire length on LAYER M9 = 0 um.
Total wire length on LAYER Pad = 0 um.
Total number of vias = 376305.
Up-via summary (total 376305):

-----------------
 Active         0
     M1    143793
     M2    205251
     M3     19738
     M4      3852
     M5      2122
     M6      1549
     M7         0
     M8         0
     M9         0
-----------------
       376305


[INFO DRT-0195] Start 3rd optimization iteration.
    Completing 10% with 304 violations.
    elapsed time = 00:00:00, memory = 7399.58 (MB).
    Completing 20% with 304 violations.
    elapsed time = 00:00:01, memory = 7451.00 (MB).
    Completing 30% with 207 violations.
    elapsed time = 00:00:03, memory = 7154.55 (MB).
    Completing 40% with 207 violations.
    elapsed time = 00:00:04, memory = 7412.28 (MB).
    Completing 50% with 207 violations.
    elapsed time = 00:00:05, memory = 6966.19 (MB).
    Completing 60% with 129 violations.
    elapsed time = 00:00:06, memory = 6966.19 (MB).
    Completing 70% with 129 violations.
    elapsed time = 00:00:06, memory = 7413.37 (MB).
    Completing 80% with 73 violations.
    elapsed time = 00:00:07, memory = 6966.19 (MB).
    Completing 90% with 73 violations.
    elapsed time = 00:00:08, memory = 7428.18 (MB).
    Completing 100% with 7 violations.
    elapsed time = 00:00:09, memory = 6966.21 (MB).
[INFO DRT-0199]   Number of violations = 7.
Viol/Layer          M3     M4
EOL                  0      1
Metal Spacing        3      0
eolKeepOut           0      3
[INFO DRT-0267] cpu time = 00:01:28, elapsed time = 00:00:10, memory = 6966.21 (MB), peak = 7770.08 (MB)
Total wire length = 140279 um.
Total wire length on LAYER M1 = 0 um.
Total wire length on LAYER M2 = 51846 um.
Total wire length on LAYER M3 = 72180 um.
Total wire length on LAYER M4 = 9090 um.
Total wire length on LAYER M5 = 2425 um.
Total wire length on LAYER M6 = 2296 um.
Total wire length on LAYER M7 = 2439 um.
Total wire length on LAYER M8 = 0 um.
Total wire length on LAYER M9 = 0 um.
Total wire length on LAYER Pad = 0 um.
Total number of vias = 376372.
Up-via summary (total 376372):

-----------------
 Active         0
     M1    143793
     M2    204969
     M3     20085
     M4      3870
     M5      2115
     M6      1540
     M7         0
     M8         0
     M9         0
-----------------
       376372


[INFO DRT-0195] Start 4th guides tiles iteration.
    Completing 10% with 7 violations.
    elapsed time = 00:00:00, memory = 6966.21 (MB).
    Completing 30% with 7 violations.
    elapsed time = 00:00:00, memory = 6966.21 (MB).
    Completing 50% with 7 violations.
    elapsed time = 00:00:00, memory = 6966.21 (MB).
    Completing 60% with 7 violations.
    elapsed time = 00:00:00, memory = 6966.21 (MB).
    Completing 80% with 0 violations.
    elapsed time = 00:00:00, memory = 6966.21 (MB).
    Completing 100% with 0 violations.
    elapsed time = 00:00:00, memory = 6966.21 (MB).
[INFO DRT-0199]   Number of violations = 0.
[INFO DRT-0267] cpu time = 00:00:01, elapsed time = 00:00:00, memory = 6966.21 (MB), peak = 7770.08 (MB)
Total wire length = 140279 um.
Total wire length on LAYER M1 = 0 um.
Total wire length on LAYER M2 = 51846 um.
Total wire length on LAYER M3 = 72179 um.
Total wire length on LAYER M4 = 9091 um.
Total wire length on LAYER M5 = 2426 um.
Total wire length on LAYER M6 = 2296 um.
Total wire length on LAYER M7 = 2439 um.
Total wire length on LAYER M8 = 0 um.
Total wire length on LAYER M9 = 0 um.
Total wire length on LAYER Pad = 0 um.
Total number of vias = 376376.
Up-via summary (total 376376):

-----------------
 Active         0
     M1    143793
     M2    204967
     M3     20089
     M4      3872
     M5      2115
     M6      1540
     M7         0
     M8         0
     M9         0
-----------------
       376376


[INFO DRT-0198] Complete detail routing.
Total wire length = 140279 um.
Total wire length on LAYER M1 = 0 um.
Total wire length on LAYER M2 = 51846 um.
Total wire length on LAYER M3 = 72179 um.
Total wire length on LAYER M4 = 9091 um.
Total wire length on LAYER M5 = 2426 um.
Total wire length on LAYER M6 = 2296 um.
Total wire length on LAYER M7 = 2439 um.
Total wire length on LAYER M8 = 0 um.
Total wire length on LAYER M9 = 0 um.
Total wire length on LAYER Pad = 0 um.
Total number of vias = 376376.
Up-via summary (total 376376):

-----------------
 Active         0
     M1    143793
     M2    204967
     M3     20089
     M4      3872
     M5      2115
     M6      1540
     M7         0
     M8         0
     M9         0
-----------------
       376376


[INFO DRT-0267] cpu time = 00:37:53, elapsed time = 00:03:19, memory = 6966.21 (MB), peak = 7770.08 (MB)

[INFO DRT-0180] Post processing.
[INFO DRT-0501] Runtime: 245.13s
Took 245 seconds: detailed_route -output_drc /work/reports/asap7/opentallas_ot_dshbm_argmax_m_asap7_mtp_mtp_argmax_f1_d30fa5f39_tc/base/5_route_drc.rpt -output_maze /work/results/asap7/opentallas_ot_dshbm_argmax_m_asap7_mtp_mtp_argmax_f1_d30fa5f39_tc/base/maze.log -droute_end_iter 64 -verbose 1 -drc_report_iter_step 5
[WARNING GRT-0246] No diode with LEF class CORE ANTENNACELL found.
[INFO ANT-0002] Found 0 net violations.
[INFO ANT-0001] Found 0 pin violations.
[INFO ANT-0002] Found 0 net violations.
[INFO ANT-0001] Found 0 pin violations.
Design area 6487 um^2 50% utilization.
write_db /work/results/asap7/opentallas_ot_dshbm_argmax_m_asap7_mtp_mtp_argmax_f1_d30fa5f39_tc/base/5_2_route.odb
Elapsed time: 4:16.44[h:]min:sec. CPU time: user 2871.64 sys 27.51 (1130%). Peak memory: 7956564KB.
Log                       Ext     Elapsed/s Peak Memory/MB sha1sum result [0:20)
5_2_route                 .odb          256           7770 ea3e47b9f327e0f1b94b
