TPUT 0 op 2 issue 0 ret 453 cost_milli 283008
TPUT 1 op 2 issue 454 ret 907 cost_milli 283008
TPUT 2 op 2 issue 908 ret 1361 cost_milli 283008
TPUT 3 op 2 issue 1362 ret 1815 cost_milli 283008
TPUT 4 op 2 issue 1816 ret 2269 cost_milli 283008
TPUT 5 op 2 issue 2270 ret 2723 cost_milli 283008
TPUT 6 op 3 issue 2724 ret 3964 cost_milli 1227000
TPUT 7 op 3 issue 3965 ret 8480 cost_milli 4510000
TPUT 8 op 3 issue 8481 ret 9717 cost_milli 1227000
EXACT 0 mismatch 0
EXACT 1 mismatch 0
EXACT 2 mismatch 0
EXACT 3 mismatch 0
EXACT 4 mismatch 0
EXACT 5 mismatch 0
EXACT 6 mismatch 0
EXACT 7 mismatch 0
EXACT 8 mismatch 0
PASS HGI_IDX_TPUT records=9 words=3171 cycles=9717
- rtl/hbm_accel/generic/idx/tb_hgi_idx_tput.sv:63: Verilog $finish
- S i m u l a t i o n   R e p o r t: Verilator 5.050 2026-07-01
- Verilator: $finish at 58us; walltime 3.413 s; speed 16.957 us/s
- Verilator: cpu 1.026 s on 1 threads; allocated 10 MB
