OpenROAD 26Q3-1510-g6cb3f2b704 
Features included (+) or not (-): +GPU +GUI +Python
This program is licensed under the BSD-3 license. See the LICENSE file for details.
Components of this program may be licensed under more restrictive licenses which must be honored.
[INFO ORD-0030] Using 8 thread(s).
source /OpenROAD-flow-scripts/flow/platforms/asap7/liberty_suppressions.tcl
read_liberty -corner WC /OpenROAD-flow-scripts/flow/platforms/asap7/lib/NLDM/asap7sc7p5t_AO_RVT_SS_nldm_211120.lib.gz
read_liberty -corner WC /OpenROAD-flow-scripts/flow/platforms/asap7/lib/NLDM/asap7sc7p5t_INVBUF_RVT_SS_nldm_220122.lib.gz
read_liberty -corner WC /OpenROAD-flow-scripts/flow/platforms/asap7/lib/NLDM/asap7sc7p5t_OA_RVT_SS_nldm_211120.lib.gz
read_liberty -corner WC /OpenROAD-flow-scripts/flow/platforms/asap7/lib/NLDM/asap7sc7p5t_SEQ_RVT_SS_nldm_220123.lib
read_liberty -corner WC /OpenROAD-flow-scripts/flow/platforms/asap7/lib/NLDM/asap7sc7p5t_SIMPLE_RVT_SS_nldm_211120.lib.gz
read_liberty -corner WC /src/physical/asap7_memory_macros/ot_rom_4096x274_m8/ot_rom_4096x274_m8_ss.lib
read_liberty -corner BC /OpenROAD-flow-scripts/flow/platforms/asap7/lib/NLDM/asap7sc7p5t_AO_RVT_FF_nldm_211120.lib.gz
read_liberty -corner BC /OpenROAD-flow-scripts/flow/platforms/asap7/lib/NLDM/asap7sc7p5t_INVBUF_RVT_FF_nldm_220122.lib.gz
read_liberty -corner BC /OpenROAD-flow-scripts/flow/platforms/asap7/lib/NLDM/asap7sc7p5t_OA_RVT_FF_nldm_211120.lib.gz
read_liberty -corner BC /OpenROAD-flow-scripts/flow/platforms/asap7/lib/NLDM/asap7sc7p5t_SIMPLE_RVT_FF_nldm_211120.lib.gz
read_liberty -corner BC /OpenROAD-flow-scripts/flow/platforms/asap7/lib/NLDM/asap7sc7p5t_SEQ_RVT_FF_nldm_220123.lib
read_liberty -corner BC /src/physical/asap7_memory_macros/ot_rom_4096x274_m8/ot_rom_4096x274_m8_ff.lib
read_db /work/results/asap7/opentallas_ot_v41_rom_elem_q_asap7_w10_wc_frontpar_r1/base/2_1_floorplan.odb
read_sdc /work/results/asap7/opentallas_ot_v41_rom_elem_q_asap7_w10_wc_frontpar_r1/base/2_1_floorplan.sdc
source /OpenROAD-flow-scripts/flow/platforms/asap7/setRC.tcl
[INFO GPL-0022] Initialize gpl and calculate uniform density.
Placement density is 0.753500018119812, computed from PLACE_DENSITY_LB_ADDON  0.05 and lower bound 0.7300000190734863
rtl_macro_placer -max_num_level 2 -halo_width 2 -halo_height 2 -min_ar 0.33 -area_weight 0.1 -wirelength_weight 100.0 -outline_weight 100.0 -boundary_weight 50.0 -notch_weight 50.0 -report_directory /work/objects/asap7/opentallas_ot_v41_rom_elem_q_asap7_w10_wc_frontpar_r1/base/rtlmp -fence_lx 0.0 -fence_ly 0.0 -fence_ux 0.0 -fence_uy 0.0 -target_util 0.753500018119812
[WARNING MPL-0074] -halo_width/-halo_height are deprecated, use the set_macro_base_halo command instead.
Die Area: (0.00, 0.00) (510.84, 126.90),  Floorplan Area: (0.00, 0.27) (510.84, 126.63)
	Number of std cell instances: 166322
	Area of std cell instances: 21805.69
	Number of macros: 4
	Macros to be placed: 4
	Area of macros: 31525.46
	Base halo (L, B, R, T): (2.00, 2.00, 2.00, 2.00)
	Area of macros with halos: 32556.84
	Area of std cell instances + Area of macros: 53331.15
	Floorplan area: 64549.74
	Design Utilization: 0.83
	Floorplan Utilization: 0.66
	Manufacturing Grid: 1

[WARNING MPL-0055] Couldn't find a solution for the specified utilization. The utilization was adjusted to 0.88180035.
[INFO MPL-0500] Runtime: 79.29s
Took 79 seconds: rtl_macro_placer -max_num_level 2 -halo_width 2 -halo_height 2 -min_ar 0.33 -area_weight 0.1 -wirelength_weight 100.0 -outline_weight 100.0 -boundary_weight 50.0 -notch_weight 50.0 -report_directory /work/objects/asap7/opentallas_ot_v41_rom_elem_q_asap7_w10_wc_frontpar_r1/base/rtlmp -fence_lx 0.0 -fence_ly 0.0 -fence_ux 0.0 -fence_uy 0.0 -target_util 0.753500018119812
source /work/hooks/post_macro_place_v41_w10_elem_pair_q_pp_lw239_tile511x127_place.tcl
OT_W10_ELEM_PLACE macros=4 fixed_capture_flops=0
Design area 53331 um^2 83% utilization.
write_db /work/results/asap7/opentallas_ot_v41_rom_elem_q_asap7_w10_wc_frontpar_r1/base/2_2_floorplan_macro.odb
Elapsed time: 1:24.13[h:]min:sec. CPU time: user 108.18 sys 34.22 (169%). Peak memory: 1085176KB.
Log                       Ext     Elapsed/s Peak Memory/MB sha1sum result [0:20)
2_2_floorplan_macro       .odb           84           1059 30878df3db8f3957713a
