OpenROAD 26Q3-1510-g6cb3f2b704 
Features included (+) or not (-): +GPU +GUI +Python
This program is licensed under the BSD-3 license. See the LICENSE file for details.
Components of this program may be licensed under more restrictive licenses which must be honored.
[INFO ORD-0030] Using 16 thread(s).
source /OpenROAD-flow-scripts/flow/platforms/asap7/liberty_suppressions.tcl
read_liberty -corner WC /OpenROAD-flow-scripts/flow/platforms/asap7/lib/NLDM/asap7sc7p5t_AO_RVT_SS_nldm_211120.lib.gz
read_liberty -corner WC /OpenROAD-flow-scripts/flow/platforms/asap7/lib/NLDM/asap7sc7p5t_INVBUF_RVT_SS_nldm_220122.lib.gz
read_liberty -corner WC /OpenROAD-flow-scripts/flow/platforms/asap7/lib/NLDM/asap7sc7p5t_OA_RVT_SS_nldm_211120.lib.gz
read_liberty -corner WC /OpenROAD-flow-scripts/flow/platforms/asap7/lib/NLDM/asap7sc7p5t_SEQ_RVT_SS_nldm_220123.lib
read_liberty -corner WC /OpenROAD-flow-scripts/flow/platforms/asap7/lib/NLDM/asap7sc7p5t_SIMPLE_RVT_SS_nldm_211120.lib.gz
read_liberty -corner WC /src/physical/asap7_memory_macros_v2/ot_sram_1r1w_512x128_m4_r2c2/ot_sram_1r1w_512x128_m4_r2c2_ss.lib
read_liberty -corner WC /src/physical/asap7_memory_macros_v2/ot_rom_4096x72_m8/ot_rom_4096x72_m8_ss.lib
read_liberty -corner BC /OpenROAD-flow-scripts/flow/platforms/asap7/lib/NLDM/asap7sc7p5t_AO_RVT_FF_nldm_211120.lib.gz
read_liberty -corner BC /OpenROAD-flow-scripts/flow/platforms/asap7/lib/NLDM/asap7sc7p5t_INVBUF_RVT_FF_nldm_220122.lib.gz
read_liberty -corner BC /OpenROAD-flow-scripts/flow/platforms/asap7/lib/NLDM/asap7sc7p5t_OA_RVT_FF_nldm_211120.lib.gz
read_liberty -corner BC /OpenROAD-flow-scripts/flow/platforms/asap7/lib/NLDM/asap7sc7p5t_SIMPLE_RVT_FF_nldm_211120.lib.gz
read_liberty -corner BC /OpenROAD-flow-scripts/flow/platforms/asap7/lib/NLDM/asap7sc7p5t_SEQ_RVT_FF_nldm_220123.lib
read_liberty -corner BC /src/physical/asap7_memory_macros_v2/ot_sram_1r1w_512x128_m4_r2c2/ot_sram_1r1w_512x128_m4_r2c2_ff.lib
read_liberty -corner BC /src/physical/asap7_memory_macros_v2/ot_rom_4096x72_m8/ot_rom_4096x72_m8_ff.lib
read_db /work/results/asap7/zeno_wfc_inputclock_r4_u55/u55/2_1_floorplan.odb
read_sdc /work/results/asap7/zeno_wfc_inputclock_r4_u55/u55/2_1_floorplan.sdc
source /OpenROAD-flow-scripts/flow/platforms/asap7/setRC.tcl
source /src/physical/dsrom_wfc_protected_context/macro_placement.tcl
Error: macro_place.tcl, 6 Unrecognized actual hardmacro u_r4.u_cfg.g_live.g_bank\[0\].u_prompt
Elapsed time: 0:02.97[h:]min:sec. CPU time: user 2.71 sys 0.27 (100%). Peak memory: 945276KB.
