images loaded in 2.7 s
stream: total_words=2839 preroll=5000 ctl_cycles; words_ready_at_start=160/160
models constructed in 9.0 s (tiles/die=1536 nodes/die=1440)
progress tick=0 cyc=1 pc_base=0/0 me_busy=1/1 wall=0s passes=3
progress tick=4096 cyc=4097 pc_base=21/21 me_busy=1565/1565 wall=405s passes=10095
progress tick=8192 cyc=8193 pc_base=21/21 me_busy=1698/1698 wall=547s passes=18420
progress tick=12288 cyc=12289 pc_base=21/21 me_busy=1833/1833 wall=725s passes=26747
progress tick=16384 cyc=16385 pc_base=21/21 me_busy=2320/2320 wall=1025s passes=35426
progress tick=20480 cyc=20481 pc_base=21/21 me_busy=2454/2454 wall=1232s passes=43752
STAGE L1 done cycles=23379 start_cyc=7 end_cyc=23386 me_busy=2678/2678 next_token=0/0 next_val=00000000/00000000 seq_fault=0 core_fault=0 coll_fault=0 me_writes=3216 su_writes=60454 wall=1365s
HBMSTAT L1 die0 hbm_wait=19035 kv_wait=4 matmul=1967 attention=143 collective=816 stream_unit=1346 other=69 ctl_cycles=24030 rd=2651284 room_block=302684 desc_gap=2688 words_done=858 last_wread_cyc=22581 hbm_fault=0 wst_fault=0
HBMSTAT L1 die1 hbm_wait=19035 kv_wait=4 matmul=1967 attention=143 collective=816 stream_unit=1346 other=69 ctl_cycles=24030 rd=2651284 room_block=302684 desc_gap=2688 words_done=858 last_wread_cyc=22581 hbm_fault=0 wst_fault=0
stage L2 loaded: code_words=1488 scale_words=50616 crom_words=543233
progress tick=24576 cyc=24577 pc_base=0/0 me_busy=2744/2744 wall=1417s passes=52625
progress tick=28672 cyc=28673 pc_base=0/0 me_busy=3796/3796 wall=1754s passes=61869
progress tick=32768 cyc=32769 pc_base=21/21 me_busy=4171/4171 wall=1960s passes=70826
progress tick=36864 cyc=36865 pc_base=21/21 me_busy=4305/4305 wall=2117s passes=79152
progress tick=40960 cyc=40961 pc_base=21/21 me_busy=4440/4440 wall=2300s passes=87479
progress tick=45056 cyc=45057 pc_base=21/21 me_busy=4574/4574 wall=2569s passes=95805
progress tick=49152 cyc=49153 pc_base=21/21 me_busy=5061/5061 wall=2925s passes=104484
progress tick=53248 cyc=53249 pc_base=21/21 me_busy=5193/5193 wall=3189s passes=112808
STAGE L2 done cycles=30699 start_cyc=23387 end_cyc=54086 me_busy=2672/2672 next_token=0/0 next_val=00000000/00000000 seq_fault=0 core_fault=0 coll_fault=0 me_writes=6432 su_writes=120908 wall=3294s
HBMSTAT L2 die0 hbm_wait=26356 kv_wait=4 matmul=1967 attention=143 collective=816 stream_unit=1346 other=68 ctl_cycles=24984 rd=3086336 room_block=0 desc_gap=2944 words_done=1863 last_wread_cyc=53281 hbm_fault=0 wst_fault=0
HBMSTAT L2 die1 hbm_wait=26356 kv_wait=4 matmul=1967 attention=143 collective=816 stream_unit=1346 other=68 ctl_cycles=24984 rd=3086336 room_block=0 desc_gap=2944 words_done=1863 last_wread_cyc=53281 hbm_fault=0 wst_fault=0
stage L3 loaded: code_words=1488 scale_words=50616 crom_words=543233
progress tick=57344 cyc=57345 pc_base=0/0 me_busy=5628/5628 wall=3558s passes=121826
progress tick=61440 cyc=61441 pc_base=21/21 me_busy=6778/6778 wall=4083s passes=131558
