/OpenROAD-flow-scripts/flow/scripts/flow.sh 5_1_grt global_route
Running global_route.tcl, stage 5_1_grt
source /OpenROAD-flow-scripts/flow/platforms/asap7/liberty_suppressions.tcl
read_liberty -corner WC /OpenROAD-flow-scripts/flow/platforms/asap7/lib/NLDM/asap7sc7p5t_AO_RVT_SS_nldm_211120.lib.gz
read_liberty -corner WC /OpenROAD-flow-scripts/flow/platforms/asap7/lib/NLDM/asap7sc7p5t_INVBUF_RVT_SS_nldm_220122.lib.gz
read_liberty -corner WC /OpenROAD-flow-scripts/flow/platforms/asap7/lib/NLDM/asap7sc7p5t_OA_RVT_SS_nldm_211120.lib.gz
read_liberty -corner WC /OpenROAD-flow-scripts/flow/platforms/asap7/lib/NLDM/asap7sc7p5t_SEQ_RVT_SS_nldm_220123.lib
read_liberty -corner WC /OpenROAD-flow-scripts/flow/platforms/asap7/lib/NLDM/asap7sc7p5t_SIMPLE_RVT_SS_nldm_211120.lib.gz
read_liberty -corner WC /src/physical/asap7_memory_macros/ot_sram_1r1w_128x256_m1_r2c2/ot_sram_1r1w_128x256_m1_r2c2_ss.lib
read_liberty -corner BC /OpenROAD-flow-scripts/flow/platforms/asap7/lib/NLDM/asap7sc7p5t_AO_RVT_FF_nldm_211120.lib.gz
read_liberty -corner BC /OpenROAD-flow-scripts/flow/platforms/asap7/lib/NLDM/asap7sc7p5t_INVBUF_RVT_FF_nldm_220122.lib.gz
read_liberty -corner BC /OpenROAD-flow-scripts/flow/platforms/asap7/lib/NLDM/asap7sc7p5t_OA_RVT_FF_nldm_211120.lib.gz
read_liberty -corner BC /OpenROAD-flow-scripts/flow/platforms/asap7/lib/NLDM/asap7sc7p5t_SIMPLE_RVT_FF_nldm_211120.lib.gz
read_liberty -corner BC /OpenROAD-flow-scripts/flow/platforms/asap7/lib/NLDM/asap7sc7p5t_SEQ_RVT_FF_nldm_220123.lib
read_liberty -corner BC /src/physical/asap7_memory_macros/ot_sram_1r1w_128x256_m1_r2c2/ot_sram_1r1w_128x256_m1_r2c2_ff.lib
read_db /work/results/asap7/smh_tile_toW_tileW_a3/base/4_cts.odb
read_sdc /work/results/asap7/smh_tile_toW_tileW_a3/base/4_cts.sdc
source /OpenROAD-flow-scripts/flow/platforms/asap7/setRC.tcl
source /work/local_channels.tcl
pin_access
[INFO DRT-0149] Reading tech and libs.

Units:                1000
Number of layers:     21
Number of macros:     213
Number of vias:       17
Number of viarulegen: 11

[INFO DRT-0150] Reading design.

Design:                   ot_hbm_accel_smh_tile_w
Die area:                 ( 0 0 ) ( 319680 509760 )
Number of track patterns: 32
Number of DEF vias:       0
Number of components:     523844
Number of terminals:      7766
Number of snets:          2
Number of nets:           511562

[INFO DRT-0167] List of default vias:
  Layer V2
    default via: VIA23
  Layer V3
    default via: VIA34
  Layer V4
    default via: VIA45
  Layer V5
    default via: VIA56
  Layer V6
    default via: VIA67
  Layer V7
    default via: VIA78
  Layer V8
    default via: VIA89
  Layer V9
    default via: VIA9Pad
[INFO DRT-0162] Library cell analysis.
[INFO DRT-0163] Instance analysis.
  Complete 100000 instances.
  Complete 200000 instances.
  Complete 300000 instances.
  Complete 400000 instances.
  Complete 500000 instances.
[INFO DRT-0164] Number of unique instances = 305.
[INFO DRT-0168] Init region query.
[INFO DRT-0018]   Complete 100000 insts.
[INFO DRT-0018]   Complete 200000 insts.
[INFO DRT-0018]   Complete 300000 insts.
[INFO DRT-0018]   Complete 400000 insts.
[INFO DRT-0018]   Complete 500000 insts.
[INFO DRT-0024]   Complete Active.
[INFO DRT-0024]   Complete V0.
[INFO DRT-0024]   Complete M1.
[INFO DRT-0024]   Complete V1.
[INFO DRT-0024]   Complete M2.
[INFO DRT-0024]   Complete V2.
[INFO DRT-0024]   Complete M3.
[INFO DRT-0024]   Complete V3.
[INFO DRT-0024]   Complete M4.
[INFO DRT-0024]   Complete V4.
[INFO DRT-0024]   Complete M5.
[INFO DRT-0024]   Complete V5.
[INFO DRT-0024]   Complete M6.
[INFO DRT-0024]   Complete V6.
[INFO DRT-0024]   Complete M7.
[INFO DRT-0024]   Complete V7.
[INFO DRT-0024]   Complete M8.
[INFO DRT-0024]   Complete V8.
[INFO DRT-0024]   Complete M9.
[INFO DRT-0024]   Complete V9.
[INFO DRT-0024]   Complete Pad.
[INFO DRT-0033] Active shape region query size = 0.
[INFO DRT-0033] V0 shape region query size = 0.
[INFO DRT-0033] M1 shape region query size = 9243409.
[INFO DRT-0033] V1 shape region query size = 13900245.
[INFO DRT-0033] M2 shape region query size = 454707.
[INFO DRT-0033] V2 shape region query size = 256443.
[INFO DRT-0033] M3 shape region query size = 256451.
[INFO DRT-0033] V3 shape region query size = 170962.
[INFO DRT-0033] M4 shape region query size = 200196.
[INFO DRT-0033] V4 shape region query size = 199794.
[INFO DRT-0033] M5 shape region query size = 106351.
[INFO DRT-0033] V5 shape region query size = 12002.
[INFO DRT-0033] M6 shape region query size = 6174.
[INFO DRT-0033] V6 shape region query size = 0.
[INFO DRT-0033] M7 shape region query size = 0.
[INFO DRT-0033] V7 shape region query size = 0.
[INFO DRT-0033] M8 shape region query size = 0.
[INFO DRT-0033] V8 shape region query size = 0.
[INFO DRT-0033] M9 shape region query size = 0.
[INFO DRT-0033] V9 shape region query size = 0.
[INFO DRT-0033] Pad shape region query size = 0.
[INFO DRT-0165] Start pin access.
[INFO DRT-0076]   Complete 1000 pins.
[INFO DRT-0076]   Complete 2000 pins.
[INFO DRT-0078]   Complete 2475 pins.
[INFO DRT-0079]   Complete 100 unique inst patterns.
[INFO DRT-0079]   Complete 200 unique inst patterns.
[INFO DRT-0079]   Complete 300 unique inst patterns.
[INFO DRT-0081]   Complete 304 unique inst patterns.
[INFO DRT-0082]   Complete 10000 groups.
[INFO DRT-0082]   Complete 20000 groups.
[INFO DRT-0082]   Complete 30000 groups.
[INFO DRT-0082]   Complete 40000 groups.
[INFO DRT-0082]   Complete 50000 groups.
[INFO DRT-0082]   Complete 60000 groups.
[INFO DRT-0082]   Complete 70000 groups.
[INFO DRT-0082]   Complete 80000 groups.
[INFO DRT-0082]   Complete 90000 groups.
[INFO DRT-0082]   Complete 100000 groups.
[INFO DRT-0082]   Complete 200000 groups.
[INFO DRT-0082]   Complete 300000 groups.
[INFO DRT-0084]   Complete 339725 groups.
#scanned instances     = 523844
#unique  instances     = 305
#stdCellGenAp          = 9217
#stdCellValidPlanarAp  = 18
#stdCellValidViaAp     = 7755
#stdCellPinNoAp        = 0
#stdCellPinCnt         = 1534281
#instTermValidViaApCnt = 0
#macroGenAp            = 819
#macroValidPlanarAp    = 819
#macroValidViaAp       = 0
#macroNoAp             = 0
[INFO DRT-0166] Complete pin access.
[INFO DRT-0267] cpu time = 01:23:44, elapsed time = 00:03:33, memory = 2676.06 (MB), peak = 3077.44 (MB)
Took 221 seconds: pin_access
global_route -congestion_report_file /work/reports/asap7/smh_tile_toW_tileW_a3/base/congestion.rpt -congestion_iterations 30 -congestion_report_iter_step 5 -verbose -resistance_aware
[INFO GRT-0020] Min routing layer: M2
[INFO GRT-0021] Max routing layer: M6
[INFO GRT-0022] Global adjustment: 0%
[INFO GRT-0023] Grid origin: (0, 0)
[INFO GRT-0088] Layer M1      Track-Pitch = 0.0360  line-2-Via Pitch: 0.0360
[INFO GRT-0088] Layer M2      Track-Pitch = 0.0390  line-2-Via Pitch: 0.0360
[INFO GRT-0088] Layer M3      Track-Pitch = 0.0360  line-2-Via Pitch: 0.0360
[INFO GRT-0088] Layer M4      Track-Pitch = 0.0480  line-2-Via Pitch: 0.0480
[INFO GRT-0088] Layer M5      Track-Pitch = 0.0480  line-2-Via Pitch: 0.0480
[INFO GRT-0088] Layer M6      Track-Pitch = 0.0640  line-2-Via Pitch: 0.0640
[INFO GRT-0003] Macros: 8
[INFO GRT-0004] Blockages: 302346
[WARNING GRT-0113] Underflow in reduce: cap, reducedCap: 0, 65529
[WARNING GRT-0113] Underflow in reduce: cap, reducedCap: 0, 65529
[WARNING GRT-0113] Underflow in reduce: cap, reducedCap: 0, 65529
[WARNING GRT-0113] Underflow in reduce: cap, reducedCap: 0, 65529
[WARNING GRT-0113] Underflow in reduce: cap, reducedCap: 0, 65529
[WARNING GRT-0113] Underflow in reduce: cap, reducedCap: 0, 65529
[WARNING GRT-0113] Underflow in reduce: cap, reducedCap: 0, 65529
[WARNING GRT-0113] Underflow in reduce: cap, reducedCap: 0, 65529
[WARNING GRT-0113] Underflow in reduce: cap, reducedCap: 0, 65529
[WARNING GRT-0113] Underflow in reduce: cap, reducedCap: 0, 65529
[WARNING GRT-0113] Underflow in reduce: cap, reducedCap: 0, 65529
[WARNING GRT-0113] Underflow in reduce: cap, reducedCap: 0, 65529
[WARNING GRT-0113] Underflow in reduce: cap, reducedCap: 0, 65529
[WARNING GRT-0113] Underflow in reduce: cap, reducedCap: 0, 65529
[WARNING GRT-0113] Underflow in reduce: cap, reducedCap: 0, 65529
[WARNING GRT-0113] Underflow in reduce: cap, reducedCap: 0, 65529
[WARNING GRT-0113] Underflow in reduce: cap, reducedCap: 0, 65529
[WARNING GRT-0113] Underflow in reduce: cap, reducedCap: 0, 65529
[WARNING GRT-0113] Underflow in reduce: cap, reducedCap: 0, 65529
[WARNING GRT-0113] Underflow in reduce: cap, reducedCap: 0, 65529
[WARNING GRT-0113] Underflow in reduce: cap, reducedCap: 0, 65529
[WARNING GRT-0113] Underflow in reduce: cap, reducedCap: 0, 65529
[WARNING GRT-0114] Underflow in reduce: cap, reducedCap: 0, 65528
[WARNING GRT-0114] Underflow in reduce: cap, reducedCap: 0, 65528
[WARNING GRT-0114] Underflow in reduce: cap, reducedCap: 0, 65528
[WARNING GRT-0114] Underflow in reduce: cap, reducedCap: 0, 65528
[WARNING GRT-0114] Underflow in reduce: cap, reducedCap: 0, 65528
[WARNING GRT-0114] Underflow in reduce: cap, reducedCap: 0, 65528
[WARNING GRT-0114] Underflow in reduce: cap, reducedCap: 0, 65528
[WARNING GRT-0114] Underflow in reduce: cap, reducedCap: 0, 65528
[WARNING GRT-0114] Underflow in reduce: cap, reducedCap: 0, 65528
[WARNING GRT-0114] Underflow in reduce: cap, reducedCap: 0, 65528
[WARNING GRT-0114] Underflow in reduce: cap, reducedCap: 0, 65528
[WARNING GRT-0114] Underflow in reduce: cap, reducedCap: 0, 65528
[WARNING GRT-0114] Underflow in reduce: cap, reducedCap: 0, 65528
[WARNING GRT-0114] Underflow in reduce: cap, reducedCap: 0, 65528
[WARNING GRT-0114] Underflow in reduce: cap, reducedCap: 0, 65528
[WARNING GRT-0114] Underflow in reduce: cap, reducedCap: 0, 65528
[WARNING GRT-0114] Underflow in reduce: cap, reducedCap: 0, 65528
[WARNING GRT-0114] Underflow in reduce: cap, reducedCap: 0, 65528
[WARNING GRT-0114] Underflow in reduce: cap, reducedCap: 0, 65528
[WARNING GRT-0114] Underflow in reduce: cap, reducedCap: 0, 65528
[WARNING GRT-0114] Underflow in reduce: cap, reducedCap: 0, 65528
[WARNING GRT-0114] Underflow in reduce: cap, reducedCap: 0, 65528
[WARNING GRT-0113] Underflow in reduce: cap, reducedCap: 0, 65530
[WARNING GRT-0113] Underflow in reduce: cap, reducedCap: 0, 65530
[WARNING GRT-0113] Underflow in reduce: cap, reducedCap: 0, 65530
[WARNING GRT-0113] Underflow in reduce: cap, reducedCap: 0, 65530
[WARNING GRT-0113] Underflow in reduce: cap, reducedCap: 0, 65530
[WARNING GRT-0113] Underflow in reduce: cap, reducedCap: 0, 65530
[WARNING GRT-0113] Underflow in reduce: cap, reducedCap: 0, 65530
[WARNING GRT-0113] Underflow in reduce: cap, reducedCap: 0, 65530
[WARNING GRT-0113] Underflow in reduce: cap, reducedCap: 0, 65530
[WARNING GRT-0113] Underflow in reduce: cap, reducedCap: 0, 65530
[WARNING GRT-0113] Underflow in reduce: cap, reducedCap: 0, 65530
[WARNING GRT-0113] Underflow in reduce: cap, reducedCap: 0, 65530
[WARNING GRT-0113] Underflow in reduce: cap, reducedCap: 0, 65530
[WARNING GRT-0113] Underflow in reduce: cap, reducedCap: 0, 65530
[WARNING GRT-0113] Underflow in reduce: cap, reducedCap: 0, 65530
[WARNING GRT-0113] Underflow in reduce: cap, reducedCap: 0, 65530
[WARNING GRT-0113] Underflow in reduce: cap, reducedCap: 0, 65530
[WARNING GRT-0113] Underflow in reduce: cap, reducedCap: 0, 65530
[WARNING GRT-0113] Underflow in reduce: cap, reducedCap: 0, 65530
[WARNING GRT-0113] Underflow in reduce: cap, reducedCap: 0, 65530
[WARNING GRT-0113] Underflow in reduce: cap, reducedCap: 0, 65530
[WARNING GRT-0113] Underflow in reduce: cap, reducedCap: 0, 65530
[WARNING GRT-0113] Underflow in reduce: cap, reducedCap: 0, 65529
[WARNING GRT-0113] Underflow in reduce: cap, reducedCap: 0, 65529
[WARNING GRT-0113] Underflow in reduce: cap, reducedCap: 0, 65529
[WARNING GRT-0113] Underflow in reduce: cap, reducedCap: 0, 65529
[WARNING GRT-0113] Underflow in reduce: cap, reducedCap: 0, 65529
[WARNING GRT-0113] Underflow in reduce: cap, reducedCap: 0, 65529
[WARNING GRT-0113] Underflow in reduce: cap, reducedCap: 0, 65529
[WARNING GRT-0114] Underflow in reduce: cap, reducedCap: 0, 65528
[WARNING GRT-0114] Underflow in reduce: cap, reducedCap: 0, 65528
[WARNING GRT-0114] Underflow in reduce: cap, reducedCap: 0, 65528
[WARNING GRT-0114] Underflow in reduce: cap, reducedCap: 0, 65528
[WARNING GRT-0114] Underflow in reduce: cap, reducedCap: 0, 65528
[WARNING GRT-0114] Underflow in reduce: cap, reducedCap: 0, 65528
[WARNING GRT-0114] Underflow in reduce: cap, reducedCap: 0, 65528
[WARNING GRT-0114] Underflow in reduce: cap, reducedCap: 0, 65528
[WARNING GRT-0113] Underflow in reduce: cap, reducedCap: 0, 65530
[WARNING GRT-0113] Underflow in reduce: cap, reducedCap: 0, 65530
[WARNING GRT-0113] Underflow in reduce: cap, reducedCap: 0, 65530
[WARNING GRT-0113] Underflow in reduce: cap, reducedCap: 0, 65530
[WARNING GRT-0113] Underflow in reduce: cap, reducedCap: 0, 65530
[WARNING GRT-0113] Underflow in reduce: cap, reducedCap: 0, 65530
[WARNING GRT-0113] Underflow in reduce: cap, reducedCap: 0, 65530
[WARNING GRT-0113] Underflow in reduce: cap, reducedCap: 0, 65530
[WARNING GRT-0113] Underflow in reduce: cap, reducedCap: 0, 65529
[WARNING GRT-0113] Underflow in reduce: cap, reducedCap: 0, 65529
[WARNING GRT-0113] Underflow in reduce: cap, reducedCap: 0, 65529
[WARNING GRT-0113] Underflow in reduce: cap, reducedCap: 0, 65529
[WARNING GRT-0113] Underflow in reduce: cap, reducedCap: 0, 65529
[WARNING GRT-0113] Underflow in reduce: cap, reducedCap: 0, 65529
[WARNING GRT-0113] Underflow in reduce: cap, reducedCap: 0, 65529
[WARNING GRT-0113] Underflow in reduce: cap, reducedCap: 0, 65529
[WARNING GRT-0114] Underflow in reduce: cap, reducedCap: 0, 65528
[WARNING GRT-0114] Underflow in reduce: cap, reducedCap: 0, 65528
[WARNING GRT-0114] Underflow in reduce: cap, reducedCap: 0, 65528
[WARNING GRT-0114] Underflow in reduce: cap, reducedCap: 0, 65528
[WARNING GRT-0114] Underflow in reduce: cap, reducedCap: 0, 65528
[WARNING GRT-0114] Underflow in reduce: cap, reducedCap: 0, 65528
[WARNING GRT-0114] Underflow in reduce: cap, reducedCap: 0, 65528
[WARNING GRT-0114] Underflow in reduce: cap, reducedCap: 0, 65528
[WARNING GRT-0113] Underflow in reduce: cap, reducedCap: 0, 65530
[WARNING GRT-0113] Underflow in reduce: cap, reducedCap: 0, 65530
[WARNING GRT-0113] Underflow in reduce: cap, reducedCap: 0, 65530
[WARNING GRT-0113] Underflow in reduce: cap, reducedCap: 0, 65530
[WARNING GRT-0113] Underflow in reduce: cap, reducedCap: 0, 65530
[WARNING GRT-0113] Underflow in reduce: cap, reducedCap: 0, 65530
[WARNING GRT-0113] Underflow in reduce: cap, reducedCap: 0, 65530
[WARNING GRT-0113] Underflow in reduce: cap, reducedCap: 0, 65530
[WARNING GRT-0113] Underflow in reduce: cap, reducedCap: 0, 65529
[WARNING GRT-0113] Underflow in reduce: cap, reducedCap: 0, 65529
[WARNING GRT-0113] Underflow in reduce: cap, reducedCap: 0, 65529
[WARNING GRT-0114] Underflow in reduce: cap, reducedCap: 0, 65528
[WARNING GRT-0114] Underflow in reduce: cap, reducedCap: 0, 65528
[WARNING GRT-0114] Underflow in reduce: cap, reducedCap: 0, 65528
[WARNING GRT-0113] Underflow in reduce: cap, reducedCap: 0, 65530
[WARNING GRT-0113] Underflow in reduce: cap, reducedCap: 0, 65530
[WARNING GRT-0113] Underflow in reduce: cap, reducedCap: 0, 65530
[INFO GRT-0019] Found 3734 clock nets.
[INFO GRT-0001] Minimum degree: 2
[INFO GRT-0002] Maximum degree: 33

[INFO GRT-0053] Routing resources analysis:
          Routing      Original      Derated      Resource
Layer     Direction    Resources     Resources    Reduction (%)
---------------------------------------------------------------
M1         Vertical            0             0          0.00%
M2         Horizontal    5224040       6341254          -21.39%
M3         Vertical      6189744       7286700          -17.72%
M4         Horizontal    4730289       6209985          -31.28%
M5         Vertical      5070751       3718608          26.67%
M6         Horizontal    4175740       2819571          32.48%
---------------------------------------------------------------

[INFO GRT-0101] Running extra iterations to remove congestion.
[INFO GRT-0102] Start extra iteration 1/30
[INFO GRT-0102] Start extra iteration 2/30
[INFO GRT-0102] Start extra iteration 3/30
make: *** [Makefile:585: do-5_1_grt] Terminated
