violation type: Horizontal congestion
	srcs: net:net102972 net:_174830_ net:_185169_ net:net102614 net:net132570 net:u.u_bld/net136529 net:u.u_bld/net122313 net:u.u_bld/net122214 net:u.u_bld/net122207 net:u.u_bld/net122157 net:u.u_bld/net121970 net:_273458_ net:net36215 net:bout[1732] net:bout[1281] net:bout[1536] net:bout[1428] net:bout[1792] net:u.u_bld/net122484 net:net134878 net:net110946 net:u.g_lf\[1\].u_leaf.bf_h\[12\] net:u.u_bld/net122163
	comment: capacity:22 usage:23 congestion:1
	bbox = (224.0100, 217.1700) - (224.5800, 217.7400) on Layer -
violation type: Horizontal congestion
	srcs: net:net123268 net:net123252 net:u.u_bld/net135476 net:net136357 net:net136369 net:net113595 net:net113649
	comment: capacity:6 usage:7 congestion:1
	bbox = (206.3400, 162.4500) - (206.9100, 163.0200) on Layer -
violation type: Horizontal congestion
	srcs: net:net108023 net:clknet_leaf_2359_clk_regs net:_158659_ net:net100278 net:_172545_ net:_185169_ net:u.u_bld/net136529 net:u.u_bld/net122313 net:u.u_bld/net122214 net:u.u_bld/net122207 net:u.u_bld/net122157 net:u.u_bld/net121970 net:_268558_ net:net109674 net:bout[1536] net:bout[1428] net:bout[1792] net:u.u_bld/net121232 net:u.u_bld/net122484 net:net134878 net:net110946 net:u.u_bld/net122163 net:u.u_bld/net136585
	comment: capacity:22 usage:23 congestion:1
	bbox = (218.3100, 217.1700) - (218.8800, 217.7400) on Layer -
violation type: Horizontal congestion
	srcs: net:net123252 net:u.u_bld/net121183 net:net136373 net:net113595 net:net113606 net:net113713 net:net113738
	comment: capacity:6 usage:7 congestion:1
	bbox = (197.2200, 162.4500) - (197.7900, 163.0200) on Layer -
violation type: Horizontal congestion
	srcs: net:net123268 net:net123252 net:u.u_bld/net135476 net:net136357 net:net136369 net:net113595 net:net113649
	comment: capacity:6 usage:7 congestion:1
	bbox = (204.0600, 162.4500) - (204.6300, 163.0200) on Layer -
violation type: Horizontal congestion
	srcs: net:net123268 net:net123252 net:u.u_bld/net135476 net:net136357 net:net136369 net:net113595 net:net113649
	comment: capacity:6 usage:7 congestion:1
	bbox = (204.6300, 162.4500) - (205.2000, 163.0200) on Layer -
violation type: Horizontal congestion
	srcs: net:net101160 net:net100789 net:net100347 net:net99769 net:net100701 net:net99840 net:u.u_bld/net122313 net:u.u_bld/net122214 net:u.u_bld/net122207 net:u.u_bld/net122157 net:u.u_bld/net122049 net:u.u_bld/net121905 net:u.u_bld/net135418 net:u.u_bld/net121817 net:u.u_bld/net121807 net:u.g_lf\[0\].u_leaf.blk_h\[100\] net:bout[1428] net:bout[1792] net:u.u_bld/net121389 net:u.u_bld/net121669 net:u.u_bld/net121962 net:net135027 net:u.u_bld/net122177 net:net112986
	comment: capacity:23 usage:24 congestion:1
	bbox = (206.3400, 217.1700) - (206.9100, 217.7400) on Layer -
violation type: Horizontal congestion
	srcs: net:net123268 net:net123252 net:u.u_bld/net135476 net:net136357 net:net136369 net:net113595 net:net113649
	comment: capacity:6 usage:7 congestion:1
	bbox = (205.7700, 162.4500) - (206.3400, 163.0200) on Layer -
violation type: Horizontal congestion
	srcs: net:net123268 net:net123252 net:u.u_bld/net121183 net:net136373 net:net113595 net:net113606 net:net113713
	comment: capacity:6 usage:7 congestion:1
	bbox = (198.3600, 162.4500) - (198.9300, 163.0200) on Layer -
violation type: Horizontal congestion
	srcs: net:net108855 net:_158572_ net:net100278 net:_182210_ net:_185169_ net:net100700 net:net101332 net:net132352 net:u.u_bld/net136529 net:u.u_bld/net122313 net:u.u_bld/net122214 net:u.u_bld/net122207 net:u.u_bld/net122157 net:u.u_bld/net121970 net:u.u_bld/net121803 net:bout[1536] net:bout[1428] net:bout[1792] net:u.u_bld/net121232 net:u.u_bld/net122484 net:net134878 net:net110946 net:u.u_bld/net122163 net:net111918
	comment: capacity:23 usage:24 congestion:1
	bbox = (215.4600, 217.1700) - (216.0300, 217.7400) on Layer -
violation type: Horizontal congestion
	srcs: net:net104937 net:net100347 net:net99769 net:net100701 net:net99840 net:net123293 net:u.u_bld/net122313 net:u.u_bld/net122214 net:u.u_bld/net122207 net:u.u_bld/net122157 net:u.u_bld/net122049 net:u.u_bld/net121970 net:u.u_bld/net121905 net:u.u_bld/net135418 net:u.u_bld/net121817 net:u.u_bld/net121683 net:u.g_lf\[0\].u_leaf.blk_h\[100\] net:bout[1536] net:bout[1428] net:bout[1792] net:net135027 net:u.g_lf\[1\].u_leaf.bf_l\[252\] net:u.u_bld/net122177
	comment: capacity:22 usage:23 congestion:1
	bbox = (207.4800, 217.1700) - (208.0500, 217.7400) on Layer -
violation type: Horizontal congestion
	srcs: net:net123268 net:net123252 net:u.u_bld/net135476 net:net136357 net:net136369 net:net113595 net:net113649
	comment: capacity:6 usage:7 congestion:1
	bbox = (205.2000, 162.4500) - (205.7700, 163.0200) on Layer -
violation type: Vertical congestion
	srcs: net:net104205 net:net102344 net:net102346 net:net100789 net:_172553_ net:_182403_ net:net101332 net:net131054 net:net131439 net:_258704_ net:_272777_ net:_273626_ net:net113453 net:net113126 net:net131824 net:net128911 net:net128916 net:net135073 net:net113294 net:net112685 net:net112444
	comment: capacity:20 usage:21 congestion:1
	bbox = (221.1600, 210.3300) - (221.7300, 210.9000) on Layer -
violation type: Vertical congestion
	srcs: net:_035076_ net:net108024 net:_173559_ net:_182398_ net:net133656 net:net110942 net:net110641 net:net128927 net:_256447_ net:_261620_ net:_261873_ net:_273441_ net:net137181 net:_280121_ net:u.g_lf\[0\].u_leaf.g_k.u_bd.acc\[46\] net:net117849 net:net117839 net:net134319 net:net112164 net:net110639 net:net109998 net:u.u_bld/net121783
	comment: capacity:21 usage:22 congestion:1
	bbox = (218.8800, 210.9000) - (219.4500, 211.4700) on Layer -
violation type: Vertical congestion
	srcs: net:net106466 net:_176819_ net:_176840_ net:_184744_ net:_184747_ net:_184863_ net:_185648_ net:net132660 net:u.u_bld/net121565 net:u.u_bld/net121502 net:_269876_ net:_269899_ net:_277742_ net:u.u_bld/net121755 net:net110835 net:net110683 net:u.u_bld/net136502
	comment: capacity:16 usage:17 congestion:1
	bbox = (212.6100, 210.3300) - (213.1800, 210.9000) on Layer -
violation type: Vertical congestion
	srcs: net:_035061_ net:net102482 net:net108991 net:net108815 net:net111924 net:net105122 net:net103370 net:net100213 net:_172545_ net:_174812_ net:_174822_ net:_174841_ net:_186008_ net:net109173 net:u.u_bld/net136472 net:_261587_ net:_263532_ net:net134253 net:u.u_bld/net121387 net:u.g_lf\[1\].u_leaf.bf_h\[268\] net:u.g_lf\[1\].u_leaf.bf_h\[76\]
	comment: capacity:20 usage:21 congestion:1
	bbox = (224.5800, 209.7600) - (225.1500, 210.3300) on Layer -
violation type: Vertical congestion
	srcs: net:net107641 net:net108019 net:net104204 net:net101002 net:_172547_ net:_179063_ net:net100286 net:net132055 net:net132353 net:_256424_ net:_268213_ net:net134566 net:net111883 net:net130931
	comment: capacity:13 usage:14 congestion:1
	bbox = (218.3100, 210.3300) - (218.8800, 210.9000) on Layer -
violation type: Vertical congestion
	srcs: net:net106960 net:net101887 net:net100727 net:_162882_ net:_168954_ net:_168956_ net:net99960 net:_173235_ net:net100418 net:_265062_ net:_269211_ net:_269215_ net:_269219_ net:_269811_ net:_269817_ net:net113129 net:bout[1042] net:net132820 net:u.u_bld/net136537 net:net118870 net:u.g_lf\[1\].u_leaf.blk_h\[261\]
	comment: capacity:20 usage:21 congestion:1
	bbox = (230.8500, 210.3300) - (231.4200, 210.9000) on Layer -
violation type: Vertical congestion
	srcs: net:net109038 net:net108775 net:net107278 net:net107087 net:net106714 net:_163484_ net:_173541_ net:net131202 net:net131777 net:net132352 net:net123293 net:_256424_ net:_261860_ net:_273079_ net:net137194 net:net131154 net:net117840 net:net117838 net:net117837 net:net117868 net:net130931
	comment: capacity:20 usage:21 congestion:1
	bbox = (217.7400, 210.9000) - (218.3100, 211.4700) on Layer -
violation type: Vertical congestion
	srcs: net:net111778 net:net106619 net:net104279 net:net104278 net:net102800 net:net102692 net:net101161 net:net101172 net:net101013 net:net101048 net:_166257_ net:_174882_ net:_182347_ net:net132658 net:_250892_ net:_268596_ net:_270729_ net:u.u_bld/net121669 net:net134693 net:net134565 net:net110862
	comment: capacity:20 usage:21 congestion:1
	bbox = (226.2900, 211.4700) - (226.8600, 212.0400) on Layer -
violation type: Vertical congestion
	srcs: net:net106960 net:net101887 net:net100727 net:_165277_ net:_168955_ net:net99756 net:_173237_ net:net100418 net:_266793_ net:_269211_ net:_269215_ net:_269218_ net:_269811_ net:_269817_ net:net113129 net:net37162 net:bout[1042] net:net132820 net:u.u_bld/net136537 net:net134478 net:u.g_lf\[1\].u_leaf.blk_h\[261\]
	comment: capacity:20 usage:21 congestion:1
	bbox = (230.8500, 211.4700) - (231.4200, 212.0400) on Layer -
violation type: Vertical congestion
	srcs: net:net109038 net:net108775 net:net107278 net:net108022 net:_158684_ net:_163484_ net:net100213 net:_173542_ net:net131202 net:net100952 net:net101332 net:net131777 net:_256422_ net:_256424_ net:_261620_ net:net137194 net:net131154 net:net117840 net:net117838 net:net117837 net:net117868
	comment: capacity:20 usage:21 congestion:1
	bbox = (217.7400, 212.0400) - (218.3100, 212.6100) on Layer -
violation type: Vertical congestion
	srcs: net:net108946 net:net107643 net:net105367 net:_161814_ net:net100641 net:net132055 net:u.u_bld/net136573 net:u.u_bld/net121224 net:_256439_ net:_273451_ net:net137183 net:net101058 net:net131933 net:net117869 net:net117844 net:net117842 net:net134269 net:net134791 net:net112053 net:net111918 net:net110793
	comment: capacity:20 usage:21 congestion:1
	bbox = (217.1700, 210.9000) - (217.7400, 211.4700) on Layer -
violation type: Vertical congestion
	srcs: net:_035072_ net:net107560 net:net105895 net:net105393 net:net104559 net:net104205 net:net103869 net:net102345 net:net102106 net:net101193 net:_161463_ net:_182404_ net:net132664 net:_268256_ net:_268568_ net:_268589_ net:_269449_ net:_273679_ net:net134785 net:net134574 net:net113456
	comment: capacity:20 usage:21 congestion:1
	bbox = (221.7300, 211.4700) - (222.3000, 212.0400) on Layer -
violation type: Vertical congestion
	srcs: net:net109038 net:net108775 net:net107278 net:net103160 net:_163484_ net:_173542_ net:net131202 net:net131777 net:net123293 net:u.u_bld/net121821 net:_256424_ net:_261620_ net:_261860_ net:_273441_ net:net137194 net:net131154 net:net117840 net:net117838 net:net117837 net:net117868 net:u.u_bld/net135425
	comment: capacity:20 usage:21 congestion:1
	bbox = (217.7400, 211.4700) - (218.3100, 212.0400) on Layer -
violation type: Vertical congestion
	srcs: net:net105639 net:clknet_7_52_0_clk_regs net:_160768_ net:_161728_ net:net100347 net:net99776 net:_176821_ net:_181924_ net:_184838_ net:_184841_ net:_184845_ net:_184848_ net:_184849_ net:_184856_ net:net100701 net:net132573 net:u.u_bld/net121904 net:_277696_ net:net117500 net:net128889 net:net128882 net:net134289
	comment: capacity:21 usage:22 congestion:1
	bbox = (210.3300, 210.9000) - (210.9000, 211.4700) on Layer -
violation type: Vertical congestion
	srcs: net:net107653 net:net106529 net:net105640 net:_184756_ net:net132573 net:u.u_bld/net121827 net:u.u_bld/net135418 net:u.u_bld/net121455 net:_274675_ net:_274677_ net:_274691_ net:_277692_ net:_277699_ net:_277740_ net:_280336_ net:net117500 net:net128892 net:net128951 net:net117872 net:net117875 net:net112793 net:net109384
	comment: capacity:21 usage:22 congestion:1
	bbox = (212.0400, 210.3300) - (212.6100, 210.9000) on Layer -
