
==========================================================================
finish report_tns
--------------------------------------------------------------------------
tns max 0.00

==========================================================================
finish report_wns
--------------------------------------------------------------------------
wns max 0.00

==========================================================================
finish report_worst_slack
--------------------------------------------------------------------------
worst slack max 259.40

==========================================================================
finish report_clock_min_period
--------------------------------------------------------------------------
core_clk period_min = 660.60 fmax = 1513.79

==========================================================================
finish report_clock_skew
--------------------------------------------------------------------------
Clock core_clk
 196.14 source latency wr_local_mask_q[108]$_SDFFE_PN0P_/CLK ^
-178.86 target latency u_sram/clk ^
  60.00 clock uncertainty
  -1.08 CRPR
--------------
  76.20 setup skew


==========================================================================
finish report_checks -path_delay min
--------------------------------------------------------------------------
Startpoint: rd_row_q[2]$_SDFF_PN0_
            (rising edge-triggered flip-flop clocked by core_clk)
Endpoint: u_sram (rising edge-triggered flip-flop clocked by core_clk)
Path Group: core_clk
Path Type: min

Fanout     Cap    Slew   Delay    Time   Description
-----------------------------------------------------------------------------
                          0.00    0.00   clock core_clk (rise edge)
                          0.00    0.00   clock source latency
     1    9.33    0.00    0.00    0.00 ^ clk (in)
                                         clk (net)
                 12.55    3.96    3.96 ^ wire744/A (BUFx16f_ASAP7_75t_R)
     2   11.08   13.43   20.20   24.16 ^ wire744/Y (BUFx16f_ASAP7_75t_R)
                                         net743 (net)
                 21.87    5.61   29.77 ^ clkbuf_regs_0_core_clk/A (BUFx24_ASAP7_75t_R)
     1    1.80    8.70   26.14   55.91 ^ clkbuf_regs_0_core_clk/Y (BUFx24_ASAP7_75t_R)
                                         clk_regs (net)
                  8.70    0.15   56.06 ^ clkbuf_0_clk_regs/A (BUFx24_ASAP7_75t_R)
     2   10.55   12.97   23.36   79.42 ^ clkbuf_0_clk_regs/Y (BUFx24_ASAP7_75t_R)
                                         clknet_0_clk_regs (net)
                 14.78    2.41   81.83 ^ clkbuf_1_0_0_clk_regs/A (BUFx24_ASAP7_75t_R)
    11   32.01   20.38   26.15  107.98 ^ clkbuf_1_0_0_clk_regs/Y (BUFx24_ASAP7_75t_R)
                                         clknet_1_0_0_clk_regs (net)
                 67.02   19.90  127.88 ^ clkbuf_leaf_3_clk_regs/A (BUFx24_ASAP7_75t_R)
    33   16.22   17.82   41.54  169.42 ^ clkbuf_leaf_3_clk_regs/Y (BUFx24_ASAP7_75t_R)
                                         clknet_leaf_3_clk_regs (net)
                 18.96    2.22  171.65 ^ rd_row_q[2]$_SDFF_PN0_/CLK (DFFHQNx1_ASAP7_75t_R)
     1    1.15   21.75   54.36  226.00 ^ rd_row_q[2]$_SDFF_PN0_/QN (DFFHQNx1_ASAP7_75t_R)
                                         _0540_ (net)
                 21.76    0.20  226.20 ^ hold765/A (BUFx2_ASAP7_75t_R)
     1    1.11    9.43   21.87  248.07 ^ hold765/Y (BUFx2_ASAP7_75t_R)
                                         net764 (net)
                  9.45    0.20  248.27 ^ _2278_/A (INVx1_ASAP7_75t_R)
     1    1.07    9.96    8.66  256.93 v _2278_/Y (INVx1_ASAP7_75t_R)
                                         rd_row_q[2] (net)
                  9.96    0.14  257.06 v u_sram/r_addr_in[2] (ot_sram_1r1w_512x128_m4_r2c2)
                                257.06   data arrival time

                          0.00    0.00   clock core_clk (rise edge)
                          0.00    0.00   clock source latency
     1    9.98    0.00    0.00    0.00 ^ clk (in)
                                         clk (net)
                 14.05    4.43    4.43 ^ wire744/A (BUFx16f_ASAP7_75t_R)
     2   12.25   14.40   20.81   25.24 ^ wire744/Y (BUFx16f_ASAP7_75t_R)
                                         net743 (net)
                 20.27    4.61   29.86 ^ delaybuf_0_core_clk/A (BUFx24_ASAP7_75t_R)
     1    5.93   10.62   26.35   56.21 ^ delaybuf_0_core_clk/Y (BUFx24_ASAP7_75t_R)
                                         delaynet_0_core_clk (net)
                 12.58    2.45   58.66 ^ delaybuf_1_core_clk/A (BUFx24_ASAP7_75t_R)
     1    5.35   10.37   23.66   82.32 ^ delaybuf_1_core_clk/Y (BUFx24_ASAP7_75t_R)
                                         delaynet_1_core_clk (net)
                 11.52    1.96   84.28 ^ delaybuf_2_core_clk/A (BUFx24_ASAP7_75t_R)
     1    5.73   10.50   23.33  107.61 ^ delaybuf_2_core_clk/Y (BUFx24_ASAP7_75t_R)
                                         delaynet_2_core_clk (net)
                 12.09    2.23  109.84 ^ delaybuf_3_core_clk/A (BUFx24_ASAP7_75t_R)
     1    5.33   10.36   23.49  133.33 ^ delaybuf_3_core_clk/Y (BUFx24_ASAP7_75t_R)
                                         delaynet_3_core_clk (net)
                 11.48    1.94  135.27 ^ clkbuf_0_clk/A (BUFx24_ASAP7_75t_R)
     1    3.12    9.31   22.87  158.13 ^ clkbuf_0_clk/Y (BUFx24_ASAP7_75t_R)
                                         clknet_0_clk (net)
                  9.38    0.74  158.87 ^ clkbuf_1_0__f_clk/A (BUFx24_ASAP7_75t_R)
     1    9.61   12.53   23.49  182.36 ^ clkbuf_1_0__f_clk/Y (BUFx24_ASAP7_75t_R)
                                         clknet_1_0__leaf_clk (net)
                 13.24    1.43  183.79 ^ u_sram/clk (ot_sram_1r1w_512x128_m4_r2c2)
                         60.00  243.79   clock uncertainty
                         -1.08  242.71   clock reconvergence pessimism
                         21.18  263.89   library hold time
                                263.89   data required time
-----------------------------------------------------------------------------
                                263.89   data required time
                               -257.06   data arrival time
-----------------------------------------------------------------------------
                                 -6.83   slack (VIOLATED)



==========================================================================
finish report_checks -path_delay max
--------------------------------------------------------------------------
Startpoint: wr_group_q[1]$_SDFF_PN0_
            (rising edge-triggered flip-flop clocked by core_clk)
Endpoint: wr_local_data_q[87]$_SDFFE_PN0P_
          (rising edge-triggered flip-flop clocked by core_clk)
Path Group: core_clk
Path Type: max

Fanout     Cap    Slew   Delay    Time   Description
-----------------------------------------------------------------------------
                          0.00    0.00   clock core_clk (rise edge)
                          0.00    0.00   clock source latency
     1    9.98    0.00    0.00    0.00 ^ clk (in)
                                         clk (net)
                 14.05    4.43    4.43 ^ wire744/A (BUFx16f_ASAP7_75t_R)
     2   12.25   14.40   20.81   25.24 ^ wire744/Y (BUFx16f_ASAP7_75t_R)
                                         net743 (net)
                 24.18    6.30   31.55 ^ clkbuf_regs_0_core_clk/A (BUFx24_ASAP7_75t_R)
     1    2.39    9.07   27.03   58.58 ^ clkbuf_regs_0_core_clk/Y (BUFx24_ASAP7_75t_R)
                                         clk_regs (net)
                  9.07    0.19   58.77 ^ clkbuf_0_clk_regs/A (BUFx24_ASAP7_75t_R)
     2   11.72   13.66   23.68   82.45 ^ clkbuf_0_clk_regs/Y (BUFx24_ASAP7_75t_R)
                                         clknet_0_clk_regs (net)
                 15.88    2.77   85.22 ^ clkbuf_1_0_0_clk_regs/A (BUFx24_ASAP7_75t_R)
    11   39.15   23.31   26.91  112.13 ^ clkbuf_1_0_0_clk_regs/Y (BUFx24_ASAP7_75t_R)
                                         clknet_1_0_0_clk_regs (net)
                 84.24   25.40  137.53 ^ clkbuf_leaf_5_clk_regs/A (BUFx24_ASAP7_75t_R)
    32   19.91   20.95   45.86  183.40 ^ clkbuf_leaf_5_clk_regs/Y (BUFx24_ASAP7_75t_R)
                                         clknet_leaf_5_clk_regs (net)
                 22.25    2.61  186.01 ^ wr_group_q[1]$_SDFF_PN0_/CLK (DFFHQNx2_ASAP7_75t_R)
     4   13.63   77.08   88.01  274.02 v wr_group_q[1]$_SDFF_PN0_/QN (DFFHQNx2_ASAP7_75t_R)
                                         _0547_ (net)
                 93.66   18.46  292.48 v place699/A (BUFx3_ASAP7_75t_R)
     2   24.08   66.25   42.21  334.68 v place699/Y (BUFx3_ASAP7_75t_R)
                                         net698 (net)
                201.30   61.68  396.37 v place698/A (BUFx3_ASAP7_75t_R)
    29   26.76   81.27   67.76  464.13 v place698/Y (BUFx3_ASAP7_75t_R)
                                         net697 (net)
                129.15   34.84  498.97 v place697/A (BUFx3_ASAP7_75t_R)
    25   29.31   85.25   58.93  557.91 v place697/Y (BUFx3_ASAP7_75t_R)
                                         net696 (net)
                131.34   33.73  591.64 v place696/A (BUFx3_ASAP7_75t_R)
    27   23.77   66.22   68.33  659.96 v place696/Y (BUFx3_ASAP7_75t_R)
                                         net695 (net)
                 71.90   10.27  670.23 v _2912_/C (AND4x1_ASAP7_75t_R)
     1    0.70   11.43   32.33  702.57 v _2912_/Y (AND4x1_ASAP7_75t_R)
                                         _1412_ (net)
                 11.43    0.04  702.60 v _2913_/C (AND3x1_ASAP7_75t_R)
     1    1.04   12.28   18.71  721.31 v _2913_/Y (AND3x1_ASAP7_75t_R)
                                         _1413_ (net)
                 12.29    0.10  721.41 v _2914_/B (AOI211x1_ASAP7_75t_R)
     1    4.52   90.56   36.07  757.48 ^ _2914_/Y (AOI211x1_ASAP7_75t_R)
                                         _1003_ (net)
                 90.74    2.36  759.84 ^ wr_local_data_q[87]$_SDFFE_PN0P_/D (DFFHQNx1_ASAP7_75t_R)
                                759.84   data arrival time

                        920.00  920.00   clock core_clk (rise edge)
                          0.00  920.00   clock source latency
     1    9.33    0.00    0.00  920.00 ^ clk (in)
                                         clk (net)
                 12.55    3.96  923.96 ^ wire744/A (BUFx16f_ASAP7_75t_R)
     2   11.08   13.43   20.20  944.16 ^ wire744/Y (BUFx16f_ASAP7_75t_R)
                                         net743 (net)
                 21.87    5.61  949.77 ^ clkbuf_regs_0_core_clk/A (BUFx24_ASAP7_75t_R)
     1    1.80    8.70   26.14  975.91 ^ clkbuf_regs_0_core_clk/Y (BUFx24_ASAP7_75t_R)
                                         clk_regs (net)
                  8.70    0.15  976.06 ^ clkbuf_0_clk_regs/A (BUFx24_ASAP7_75t_R)
     2   10.55   12.97   23.36  999.42 ^ clkbuf_0_clk_regs/Y (BUFx24_ASAP7_75t_R)
                                         clknet_0_clk_regs (net)
                 14.80    2.42 1001.84 ^ clkbuf_1_1_0_clk_regs/A (BUFx24_ASAP7_75t_R)
    12   36.43   23.40   25.44 1027.28 ^ clkbuf_1_1_0_clk_regs/Y (BUFx24_ASAP7_75t_R)
                                         clknet_1_1_0_clk_regs (net)
                 79.23   23.76 1051.04 ^ clkbuf_leaf_18_clk_regs/A (BUFx24_ASAP7_75t_R)
    32   15.72   18.18   44.28 1095.32 ^ clkbuf_leaf_18_clk_regs/Y (BUFx24_ASAP7_75t_R)
                                         clknet_leaf_18_clk_regs (net)
                 18.27    0.69 1096.01 ^ wr_local_data_q[87]$_SDFFE_PN0P_/CLK (DFFHQNx1_ASAP7_75t_R)
                        -60.00 1036.01   clock uncertainty
                          3.03 1039.04   clock reconvergence pessimism
                        -19.79 1019.25   library setup time
                               1019.25   data required time
-----------------------------------------------------------------------------
                               1019.25   data required time
                               -759.84   data arrival time
-----------------------------------------------------------------------------
                                259.40   slack (MET)



==========================================================================
finish report_checks -unconstrained
--------------------------------------------------------------------------
Startpoint: wr_group_q[1]$_SDFF_PN0_
            (rising edge-triggered flip-flop clocked by core_clk)
Endpoint: wr_local_data_q[87]$_SDFFE_PN0P_
          (rising edge-triggered flip-flop clocked by core_clk)
Path Group: core_clk
Path Type: max

Fanout     Cap    Slew   Delay    Time   Description
-----------------------------------------------------------------------------
                          0.00    0.00   clock core_clk (rise edge)
                          0.00    0.00   clock source latency
     1    9.98    0.00    0.00    0.00 ^ clk (in)
                                         clk (net)
                 14.05    4.43    4.43 ^ wire744/A (BUFx16f_ASAP7_75t_R)
     2   12.25   14.40   20.81   25.24 ^ wire744/Y (BUFx16f_ASAP7_75t_R)
                                         net743 (net)
                 24.18    6.30   31.55 ^ clkbuf_regs_0_core_clk/A (BUFx24_ASAP7_75t_R)
     1    2.39    9.07   27.03   58.58 ^ clkbuf_regs_0_core_clk/Y (BUFx24_ASAP7_75t_R)
                                         clk_regs (net)
                  9.07    0.19   58.77 ^ clkbuf_0_clk_regs/A (BUFx24_ASAP7_75t_R)
     2   11.72   13.66   23.68   82.45 ^ clkbuf_0_clk_regs/Y (BUFx24_ASAP7_75t_R)
                                         clknet_0_clk_regs (net)
                 15.88    2.77   85.22 ^ clkbuf_1_0_0_clk_regs/A (BUFx24_ASAP7_75t_R)
    11   39.15   23.31   26.91  112.13 ^ clkbuf_1_0_0_clk_regs/Y (BUFx24_ASAP7_75t_R)
                                         clknet_1_0_0_clk_regs (net)
                 84.24   25.40  137.53 ^ clkbuf_leaf_5_clk_regs/A (BUFx24_ASAP7_75t_R)
    32   19.91   20.95   45.86  183.40 ^ clkbuf_leaf_5_clk_regs/Y (BUFx24_ASAP7_75t_R)
                                         clknet_leaf_5_clk_regs (net)
                 22.25    2.61  186.01 ^ wr_group_q[1]$_SDFF_PN0_/CLK (DFFHQNx2_ASAP7_75t_R)
     4   13.63   77.08   88.01  274.02 v wr_group_q[1]$_SDFF_PN0_/QN (DFFHQNx2_ASAP7_75t_R)
                                         _0547_ (net)
                 93.66   18.46  292.48 v place699/A (BUFx3_ASAP7_75t_R)
     2   24.08   66.25   42.21  334.68 v place699/Y (BUFx3_ASAP7_75t_R)
                                         net698 (net)
                201.30   61.68  396.37 v place698/A (BUFx3_ASAP7_75t_R)
    29   26.76   81.27   67.76  464.13 v place698/Y (BUFx3_ASAP7_75t_R)
                                         net697 (net)
                129.15   34.84  498.97 v place697/A (BUFx3_ASAP7_75t_R)
    25   29.31   85.25   58.93  557.91 v place697/Y (BUFx3_ASAP7_75t_R)
                                         net696 (net)
                131.34   33.73  591.64 v place696/A (BUFx3_ASAP7_75t_R)
    27   23.77   66.22   68.33  659.96 v place696/Y (BUFx3_ASAP7_75t_R)
                                         net695 (net)
                 71.90   10.27  670.23 v _2912_/C (AND4x1_ASAP7_75t_R)
     1    0.70   11.43   32.33  702.57 v _2912_/Y (AND4x1_ASAP7_75t_R)
                                         _1412_ (net)
                 11.43    0.04  702.60 v _2913_/C (AND3x1_ASAP7_75t_R)
     1    1.04   12.28   18.71  721.31 v _2913_/Y (AND3x1_ASAP7_75t_R)
                                         _1413_ (net)
                 12.29    0.10  721.41 v _2914_/B (AOI211x1_ASAP7_75t_R)
     1    4.52   90.56   36.07  757.48 ^ _2914_/Y (AOI211x1_ASAP7_75t_R)
                                         _1003_ (net)
                 90.74    2.36  759.84 ^ wr_local_data_q[87]$_SDFFE_PN0P_/D (DFFHQNx1_ASAP7_75t_R)
                                759.84   data arrival time

                        920.00  920.00   clock core_clk (rise edge)
                          0.00  920.00   clock source latency
     1    9.33    0.00    0.00  920.00 ^ clk (in)
                                         clk (net)
                 12.55    3.96  923.96 ^ wire744/A (BUFx16f_ASAP7_75t_R)
     2   11.08   13.43   20.20  944.16 ^ wire744/Y (BUFx16f_ASAP7_75t_R)
                                         net743 (net)
                 21.87    5.61  949.77 ^ clkbuf_regs_0_core_clk/A (BUFx24_ASAP7_75t_R)
     1    1.80    8.70   26.14  975.91 ^ clkbuf_regs_0_core_clk/Y (BUFx24_ASAP7_75t_R)
                                         clk_regs (net)
                  8.70    0.15  976.06 ^ clkbuf_0_clk_regs/A (BUFx24_ASAP7_75t_R)
     2   10.55   12.97   23.36  999.42 ^ clkbuf_0_clk_regs/Y (BUFx24_ASAP7_75t_R)
                                         clknet_0_clk_regs (net)
                 14.80    2.42 1001.84 ^ clkbuf_1_1_0_clk_regs/A (BUFx24_ASAP7_75t_R)
    12   36.43   23.40   25.44 1027.28 ^ clkbuf_1_1_0_clk_regs/Y (BUFx24_ASAP7_75t_R)
                                         clknet_1_1_0_clk_regs (net)
                 79.23   23.76 1051.04 ^ clkbuf_leaf_18_clk_regs/A (BUFx24_ASAP7_75t_R)
    32   15.72   18.18   44.28 1095.32 ^ clkbuf_leaf_18_clk_regs/Y (BUFx24_ASAP7_75t_R)
                                         clknet_leaf_18_clk_regs (net)
                 18.27    0.69 1096.01 ^ wr_local_data_q[87]$_SDFFE_PN0P_/CLK (DFFHQNx1_ASAP7_75t_R)
                        -60.00 1036.01   clock uncertainty
                          3.03 1039.04   clock reconvergence pessimism
                        -19.79 1019.25   library setup time
                               1019.25   data required time
-----------------------------------------------------------------------------
                               1019.25   data required time
                               -759.84   data arrival time
-----------------------------------------------------------------------------
                                259.40   slack (MET)



==========================================================================
finish report_check_types -max_slew -max_cap -max_fanout -violators
--------------------------------------------------------------------------
max fanout

Pin                                   Limit Fanout  Slack
---------------------------------------------------------
clkbuf_leaf_0_clk_regs/Y                 32     33        (VIOLATED)
clkbuf_leaf_1_clk_regs/Y                 32     33        (VIOLATED)
clkbuf_leaf_2_clk_regs/Y                 32     33        (VIOLATED)
clkbuf_leaf_3_clk_regs/Y                 32     33        (VIOLATED)
clkbuf_leaf_4_clk_regs/Y                 32     33        (VIOLATED)
clkbuf_leaf_6_clk_regs/Y                 32     33        (VIOLATED)
clkbuf_leaf_7_clk_regs/Y                 32     33        (VIOLATED)


==========================================================================
finish max_slew_check_slack
--------------------------------------------------------------------------
99.04898834228516

==========================================================================
finish max_slew_check_limit
--------------------------------------------------------------------------
320.0

==========================================================================
finish max_slew_check_slack_limit
--------------------------------------------------------------------------
0.3095

==========================================================================
finish max_fanout_check_slack
--------------------------------------------------------------------------
-1.0

==========================================================================
finish max_fanout_check_limit
--------------------------------------------------------------------------
32.0

==========================================================================
finish max_fanout_check_slack_limit
--------------------------------------------------------------------------
-0.0312

==========================================================================
finish max_capacitance_check_slack
--------------------------------------------------------------------------
33.98163986206055

==========================================================================
finish max_capacitance_check_limit
--------------------------------------------------------------------------
46.08000183105469

==========================================================================
finish max_capacitance_check_slack_limit
--------------------------------------------------------------------------
0.7374

==========================================================================
finish max_slew_violation_count
--------------------------------------------------------------------------
max slew violation count 0

==========================================================================
finish max_fanout_violation_count
--------------------------------------------------------------------------
max fanout violation count 7

==========================================================================
finish max_cap_violation_count
--------------------------------------------------------------------------
max cap violation count 0

==========================================================================
finish setup_violation_count
--------------------------------------------------------------------------
setup violation count 0

==========================================================================
finish hold_violation_count
--------------------------------------------------------------------------
hold violation count 18

==========================================================================
finish report_checks -path_delay max reg to reg
--------------------------------------------------------------------------
Startpoint: wr_group_q[1]$_SDFF_PN0_
            (rising edge-triggered flip-flop clocked by core_clk)
Endpoint: wr_local_data_q[87]$_SDFFE_PN0P_
          (rising edge-triggered flip-flop clocked by core_clk)
Path Group: core_clk
Path Type: max

  Delay    Time   Description
---------------------------------------------------------
   0.00    0.00   clock core_clk (rise edge)
   0.00    0.00   clock source latency
   0.00    0.00 ^ clk (in)
  25.24   25.24 ^ wire744/Y (BUFx16f_ASAP7_75t_R)
  33.34   58.58 ^ clkbuf_regs_0_core_clk/Y (BUFx24_ASAP7_75t_R)
  23.87   82.45 ^ clkbuf_0_clk_regs/Y (BUFx24_ASAP7_75t_R)
  29.68  112.13 ^ clkbuf_1_0_0_clk_regs/Y (BUFx24_ASAP7_75t_R)
  71.27  183.40 ^ clkbuf_leaf_5_clk_regs/Y (BUFx24_ASAP7_75t_R)
   2.61  186.01 ^ wr_group_q[1]$_SDFF_PN0_/CLK (DFFHQNx2_ASAP7_75t_R)
  88.01  274.02 v wr_group_q[1]$_SDFF_PN0_/QN (DFFHQNx2_ASAP7_75t_R)
  60.66  334.68 v place699/Y (BUFx3_ASAP7_75t_R)
 129.45  464.13 v place698/Y (BUFx3_ASAP7_75t_R)
  93.78  557.91 v place697/Y (BUFx3_ASAP7_75t_R)
 102.06  659.96 v place696/Y (BUFx3_ASAP7_75t_R)
  42.60  702.57 v _2912_/Y (AND4x1_ASAP7_75t_R)
  18.74  721.31 v _2913_/Y (AND3x1_ASAP7_75t_R)
  36.17  757.48 ^ _2914_/Y (AOI211x1_ASAP7_75t_R)
   2.36  759.84 ^ wr_local_data_q[87]$_SDFFE_PN0P_/D (DFFHQNx1_ASAP7_75t_R)
         759.84   data arrival time

 920.00  920.00   clock core_clk (rise edge)
   0.00  920.00   clock source latency
   0.00  920.00 ^ clk (in)
  24.16  944.16 ^ wire744/Y (BUFx16f_ASAP7_75t_R)
  31.75  975.91 ^ clkbuf_regs_0_core_clk/Y (BUFx24_ASAP7_75t_R)
  23.51  999.42 ^ clkbuf_0_clk_regs/Y (BUFx24_ASAP7_75t_R)
  27.86 1027.28 ^ clkbuf_1_1_0_clk_regs/Y (BUFx24_ASAP7_75t_R)
  68.04 1095.32 ^ clkbuf_leaf_18_clk_regs/Y (BUFx24_ASAP7_75t_R)
   0.69 1096.01 ^ wr_local_data_q[87]$_SDFFE_PN0P_/CLK (DFFHQNx1_ASAP7_75t_R)
 -60.00 1036.01   clock uncertainty
   3.03 1039.04   clock reconvergence pessimism
 -19.79 1019.25   library setup time
        1019.25   data required time
---------------------------------------------------------
        1019.25   data required time
        -759.84   data arrival time
---------------------------------------------------------
         259.40   slack (MET)



==========================================================================
finish report_checks -path_delay min reg to reg
--------------------------------------------------------------------------
Startpoint: rd_row_q[2]$_SDFF_PN0_
            (rising edge-triggered flip-flop clocked by core_clk)
Endpoint: u_sram (rising edge-triggered flip-flop clocked by core_clk)
Path Group: core_clk
Path Type: min

  Delay    Time   Description
---------------------------------------------------------
   0.00    0.00   clock core_clk (rise edge)
   0.00    0.00   clock source latency
   0.00    0.00 ^ clk (in)
  24.16   24.16 ^ wire744/Y (BUFx16f_ASAP7_75t_R)
  31.75   55.91 ^ clkbuf_regs_0_core_clk/Y (BUFx24_ASAP7_75t_R)
  23.51   79.42 ^ clkbuf_0_clk_regs/Y (BUFx24_ASAP7_75t_R)
  28.56  107.98 ^ clkbuf_1_0_0_clk_regs/Y (BUFx24_ASAP7_75t_R)
  61.44  169.42 ^ clkbuf_leaf_3_clk_regs/Y (BUFx24_ASAP7_75t_R)
   2.22  171.65 ^ rd_row_q[2]$_SDFF_PN0_/CLK (DFFHQNx1_ASAP7_75t_R)
  54.36  226.00 ^ rd_row_q[2]$_SDFF_PN0_/QN (DFFHQNx1_ASAP7_75t_R)
  22.06  248.07 ^ hold765/Y (BUFx2_ASAP7_75t_R)
   8.86  256.93 v _2278_/Y (INVx1_ASAP7_75t_R)
   0.14  257.06 v u_sram/r_addr_in[2] (ot_sram_1r1w_512x128_m4_r2c2)
         257.06   data arrival time

   0.00    0.00   clock core_clk (rise edge)
   0.00    0.00   clock source latency
   0.00    0.00 ^ clk (in)
  25.24   25.24 ^ wire744/Y (BUFx16f_ASAP7_75t_R)
  30.97   56.21 ^ delaybuf_0_core_clk/Y (BUFx24_ASAP7_75t_R)
  26.11   82.32 ^ delaybuf_1_core_clk/Y (BUFx24_ASAP7_75t_R)
  25.29  107.61 ^ delaybuf_2_core_clk/Y (BUFx24_ASAP7_75t_R)
  25.72  133.33 ^ delaybuf_3_core_clk/Y (BUFx24_ASAP7_75t_R)
  24.80  158.13 ^ clkbuf_0_clk/Y (BUFx24_ASAP7_75t_R)
  24.23  182.36 ^ clkbuf_1_0__f_clk/Y (BUFx24_ASAP7_75t_R)
   1.43  183.79 ^ u_sram/clk (ot_sram_1r1w_512x128_m4_r2c2)
  60.00  243.79   clock uncertainty
  -1.08  242.71   clock reconvergence pessimism
  21.18  263.89   library hold time
         263.89   data required time
---------------------------------------------------------
         263.89   data required time
        -257.06   data arrival time
---------------------------------------------------------
          -6.83   slack (VIOLATED)



==========================================================================
finish critical path target clock latency max path
--------------------------------------------------------------------------
0

==========================================================================
finish critical path target clock latency min path
--------------------------------------------------------------------------
0

==========================================================================
finish critical path source clock latency min path
--------------------------------------------------------------------------
0

==========================================================================
finish critical path delay
--------------------------------------------------------------------------
759.8411

==========================================================================
finish critical path slack
--------------------------------------------------------------------------
259.4047

==========================================================================
finish slack div critical path delay
--------------------------------------------------------------------------
34.139335

==========================================================================
finish report_power
--------------------------------------------------------------------------
Group                  Internal  Switching    Leakage      Total
                          Power      Power      Power      Power (Watts)
----------------------------------------------------------------
Sequential             8.81e-04   4.84e-05   1.55e-07   9.30e-04  39.3%
Combinational          8.85e-05   1.63e-04   1.71e-07   2.52e-04  10.6%
Clock                  3.71e-04   3.06e-04   2.46e-08   6.78e-04  28.6%
Macro                  4.82e-04   0.00e+00   2.59e-05   5.08e-04  21.4%
Pad                    0.00e+00   0.00e+00   0.00e+00   0.00e+00   0.0%
----------------------------------------------------------------
Total                  1.82e-03   5.18e-04   2.62e-05   2.37e-03 100.0%
                          77.0%      21.9%       1.1%
