images loaded in 4.1 s
stream: total_words=483 preroll=1779 ctl_cycles; words_ready_at_start=69/69
models constructed in 12.6 s (tiles/die=1536 nodes/die=1488)
progress tick=0 cyc=1 pc_base=0/0 me_busy=1/1 wall=1s passes=3
progress tick=4096 cyc=4097 pc_base=0/0 me_busy=1022/1022 wall=647s passes=9150
progress tick=8192 cyc=8193 pc_base=0/0 me_busy=3289/3289 wall=1872s passes=20719
progress tick=12288 cyc=12289 pc_base=69/69 me_busy=4735/4735 wall=2744s passes=30628
STAGE L0 done cycles=16044 start_cyc=7 end_cyc=16051 me_busy=5393/5393 next_token=0/0 next_val=00000000/00000000 seq_fault=0 core_fault=0 coll_fault=0 me_writes=21504 su_writes=382976 wall=3235s
HBMSTAT L0 die0 hbm_wait=2465 kv_wait=8 matmul=3401 attention=648 collective=2764 stream_unit=6711 other=48 ctl_cycles=14840 rd=1483776 room_block=83270 desc_gap=1536 words_done=483 last_wread_cyc=13865 hbm_fault=0 wst_fault=0
HBMSTAT L0 die1 hbm_wait=2465 kv_wait=8 matmul=3401 attention=648 collective=2764 stream_unit=6711 other=48 ctl_cycles=14840 rd=1483776 room_block=83270 desc_gap=1536 words_done=483 last_wread_cyc=13865 hbm_fault=0 wst_fault=0
HBMSTAT L0 die2 hbm_wait=2465 kv_wait=8 matmul=3401 attention=648 collective=2764 stream_unit=6711 other=48 ctl_cycles=14840 rd=1483776 room_block=83270 desc_gap=1536 words_done=483 last_wread_cyc=13865 hbm_fault=0 wst_fault=0
HBMSTAT L0 die3 hbm_wait=2465 kv_wait=8 matmul=3401 attention=648 collective=2764 stream_unit=6711 other=48 ctl_cycles=14840 rd=1483776 room_block=83270 desc_gap=1536 words_done=483 last_wread_cyc=13865 hbm_fault=0 wst_fault=0
VPSTAT L0 die0 nuse=4 hbm_code_reads=1760 rel_fault=0
VPSTAT L0 die1 nuse=4 hbm_code_reads=1760 rel_fault=0
VPSTAT L0 die2 nuse=4 hbm_code_reads=1760 rel_fault=0
VPSTAT L0 die3 nuse=4 hbm_code_reads=1760 rel_fault=0
VERIFY_TOKENS die=0 n=0
VERIFY_TOKENS die=1 n=0
VERIFY_TOKENS die=2 n=0
VERIFY_TOKENS die=3 n=0
QWEN_HBMACC_TOKEN PASS stages=1 token=0 val=00000000 die1_token=0 cycles=16051 edges=16051 settle_max=2 wall_s=3234.8 RSS_KiB=1481252 threads=4 ctl_cycles=14841 preroll=1779
