%Warning-TIMESCALEMOD: rtl/gpu/w6/ot_gpu_w6_secded_pkg.sv:2:9: Timescale missing on this module as other modules have it (IEEE 1800-2023 3.14.2.3)
    2 | package ot_gpu_w6_secded_pkg;
      |         ^~~~~~~~~~~~~~~~~~~~
                       rtl/hdc/ot_hdc_accept.sv:27:8: ... Location of module with timescale
   27 | module ot_hdc_accept #(
      |        ^~~~~~~~~~~~~
                       ... For warning description see https://verilator.org/warn/TIMESCALEMOD?v=5.050
                       ... Use "/* verilator lint_off TIMESCALEMOD */" and lint_on around source to disable this message.
%Warning-WIDTHEXPAND: rtl/experimental/ds_mtp_accept_20261003/ot_hdc_mtp_accept_guarded.sv:40:90: Bit extraction of array[23:0] requires 5 bit index, not 3 bits.
                                                                                                : ... note: In instance 'tb.dut'
   40 |  if(tokx_v&&base_s)if(tokx_lease!=key||tokx_slot==0||tokx_slot>gamma||tokx_tok>=129280||d[tokx_slot][21])bad=1;
      |                                                                                          ^
                      ... For warning description see https://verilator.org/warn/WIDTHEXPAND?v=5.050
                      ... Use "/* verilator lint_off WIDTHEXPAND */" and lint_on around source to disable this message.
%Warning-WIDTHEXPAND: rtl/experimental/ds_mtp_accept_20261003/ot_hdc_mtp_accept_guarded.sv:48:113: Bit extraction of array[23:0] requires 5 bit index, not 3 bits.
                                                                                                 : ... note: In instance 'tb.dut'
   48 |  if(d[SQ][49])if(phase!=COLLECT||d[SQ][24:0]!=key||d[SQ][25+:3]==0||d[SQ][25+:3]>gamma||d[SQ][28+:21]>=129280||d[d[SQ][25+:3]][21])bad=1;
      |                                                                                                                 ^
%Warning-WIDTHEXPAND: rtl/experimental/ds_mtp_accept_20261003/ot_hdc_mtp_accept_guarded.sv:63:22: Bit extraction of array[23:0] requires 5 bit index, not 3 bits.
                                                                                                : ... note: In instance 'tb.dut'
   63 |  if(d[SQ][49])begin n[d[SQ][25+:3]]=0;n[d[SQ][25+:3]][20:0]=d[SQ][28+:21];n[d[SQ][25+:3]][21]=1;n[SQ][49]=0;end
      |                      ^
%Warning-WIDTHEXPAND: rtl/experimental/ds_mtp_accept_20261003/ot_hdc_mtp_accept_guarded.sv:63:40: Bit extraction of array[23:0] requires 5 bit index, not 3 bits.
                                                                                                : ... note: In instance 'tb.dut'
   63 |  if(d[SQ][49])begin n[d[SQ][25+:3]]=0;n[d[SQ][25+:3]][20:0]=d[SQ][28+:21];n[d[SQ][25+:3]][21]=1;n[SQ][49]=0;end
      |                                        ^
%Warning-WIDTHEXPAND: rtl/experimental/ds_mtp_accept_20261003/ot_hdc_mtp_accept_guarded.sv:63:76: Bit extraction of array[23:0] requires 5 bit index, not 3 bits.
                                                                                                : ... note: In instance 'tb.dut'
   63 |  if(d[SQ][49])begin n[d[SQ][25+:3]]=0;n[d[SQ][25+:3]][20:0]=d[SQ][28+:21];n[d[SQ][25+:3]][21]=1;n[SQ][49]=0;end
      |                                                                            ^
%Warning-PROCASSINIT: rtl/test/ds_mtp_accept_20261003/tb.sv:4:10: Procedural assignment to declaration with initial value: 'clk'
                                                                : ... note: In instance 'tb'
                                                                : ... Location of variable initialization
    4 |  reg clk=0;always #5 clk=~clk;
      |          ^
                      rtl/test/ds_mtp_accept_20261003/tb.sv:4:22: ... Location of variable process write
                                                                : ... Perhaps should initialize instead using a reset in this process
    4 |  reg clk=0;always #5 clk=~clk;
      |                      ^~~
                      ... For warning description see https://verilator.org/warn/PROCASSINIT?v=5.050
                      ... Use "/* verilator lint_off PROCASSINIT */" and lint_on around source to disable this message.
%Warning-UNUSEDSIGNAL: rtl/test/ds_mtp_accept_20261003/tb.sv:7:42: Signal is not used: 'aa'
                                                                 : ... note: In instance 'tb'
    7 |  reg ovready=0;reg[24:0]ack=0;wire ov,ad,aa;wire[2:0]a;wire[3:0]n;wire[20:0]bonus;wire[167:0]s,t;
      |                                          ^~
                       ... For warning description see https://verilator.org/warn/UNUSEDSIGNAL?v=5.050
                       ... Use "/* verilator lint_off UNUSEDSIGNAL */" and lint_on around source to disable this message.
%Warning-UNUSEDSIGNAL: rtl/test/ds_mtp_accept_20261003/tb.sv:8:70: Signal is not used: 'ce'
                                                                 : ... note: In instance 'tb'
    8 |  reg fv=0,frearm=0;reg[24:0]fkey=0;reg[5:0]receipts=63;wire fr,fault,ce;
      |                                                                      ^~
%Warning-UNUSEDSIGNAL: rtl/test/ds_mtp_accept_20261003/tb.sv:24:7: Signal is not used: 'gd'
                                                                 : ... note: In instance 'tb'
   24 |  wire gd,gany;wire[2:0]gout;wire[3:0]gn;wire[20:0]gb;
      |       ^~
%Warning-UNUSEDSIGNAL: rtl/test/ds_mtp_accept_20261003/tb.sv:24:10: Signal is not used: 'gany'
                                                                  : ... note: In instance 'tb'
   24 |  wire gd,gany;wire[2:0]gout;wire[3:0]gn;wire[20:0]gb;
      |          ^~~~
%Warning-UNUSEDSIGNAL: rtl/test/ds_mtp_accept_20261003/tb.sv:28:43: Signal is not driven, nor used: 'desired'
                                                                  : ... note: In instance 'tb'
   28 |  integer cycles=0,which=-1,cohort=0,k,x,y,desired,expected_gen;reg[71:0]before_q;reg[167:0]holdt;
      |                                           ^~~~~~~
%Warning-UNUSEDSIGNAL: rtl/test/ds_mtp_accept_20261003/tb.sv:28:51: Bits of signal are not used: 'expected_gen'[31:4]
                                                                  : ... note: In instance 'tb'
   28 |  integer cycles=0,which=-1,cohort=0,k,x,y,desired,expected_gen;reg[71:0]before_q;reg[167:0]holdt;
      |                                                   ^~~~~~~~~~~~
%Warning-UNUSEDSIGNAL: rtl/test/ds_mtp_accept_20261003/tb.sv:31:27: Bits of function variable are not used: 'gamma'[31:3]
                                                                  : ... note: In instance 'tb'
   31 |  task start(input integer gamma);begin
      |                           ^~~~~
%Warning-UNUSEDSIGNAL: rtl/test/ds_mtp_accept_20261003/tb.sv:36:49: Bits of function variable are not used: 'slot'[31:3]
                                                                  : ... note: In instance 'tb'
   36 |  task producer(input integer kind,input integer slot,input integer tok);
      |                                                 ^~~~
%Warning-UNUSEDSIGNAL: rtl/test/ds_mtp_accept_20261003/tb.sv:36:68: Bits of function variable are not used: 'tok'[31:21]
                                                                  : ... note: In instance 'tb'
   36 |  task producer(input integer kind,input integer slot,input integer tok);
      |                                                                    ^~~
%Warning-CMPCONST: rtl/experimental/ds_mtp_accept_20261003/ot_hdc_mtp_accept_guarded.sv:39:35: Comparison is constant due to limited range
                                                                                             : ... note: In instance 'tb.dut'
   39 |  if(start_v&&base_start)if(start_g>7||start_tok>=129280||({1'b0,start_pos}+{19'b0,start_g}>22'd2097151))bad=1;
      |                                   ^
                   ... For warning description see https://verilator.org/warn/CMPCONST?v=5.050
                   ... Use "/* verilator lint_off CMPCONST */" and lint_on around source to disable this message.
%Warning-CMPCONST: rtl/experimental/ds_mtp_accept_20261003/ot_hdc_mtp_source_holders.sv:20:46: Comparison is constant due to limited range
                                                                                             : ... note: In instance 'tb.holder'
   20 |  if((i==0&&p_slot[3*i+:3]==0)||p_slot[3*i+:3]>7)bad=1;
      |                                              ^
%Warning-UNOPTFLAT: rtl/experimental/ds_mtp_accept_20261003/ot_hdc_mtp_accept_guarded.sv:25:11: Signal unoptimizable: Circular combinational logic: 'tb.dut.g_enabled.phase'
   25 |  wire[2:0]phase=d[H][28+:3];wire[2:0]gamma=d[H][25+:3];wire[24:0]key=d[H][24:0];
      |           ^~~~~
                    ... For warning description see https://verilator.org/warn/UNOPTFLAT?v=5.050
                    ... Use "/* verilator lint_off UNOPTFLAT */" and lint_on around source to disable this message.
                    rtl/experimental/ds_mtp_accept_20261003/ot_hdc_mtp_accept_guarded.sv:25:11:      Example path: tb.dut.g_enabled.phase
                    rtl/experimental/ds_mtp_accept_20261003/ot_hdc_mtp_accept_guarded.sv:26:2:      Example path: ALWAYS
                    rtl/experimental/ds_mtp_accept_20261003/ot_hdc_mtp_accept_guarded.sv:21:8:      Example path: tb.dut.g_enabled.bad
                    rtl/test/ds_mtp_accept_20261003/tb.sv:11:11:      Example path: ASSIGNW
                    rtl/test/ds_mtp_accept_20261003/tb.sv:10:17:      Example path: tb.rr
                    rtl/experimental/ds_mtp_accept_20261003/ot_hdc_mtp_source_holders.sv:13:2:      Example path: ALWAYS
                    rtl/experimental/ds_mtp_accept_20261003/ot_hdc_mtp_source_holders.sv:11:31:      Example path: tb.holder.g_enabled.d
                    rtl/experimental/ds_mtp_accept_20261003/ot_hdc_mtp_accept_guarded.sv:26:2:      Example path: ALWAYS
%Warning-UNOPTFLAT: rtl/experimental/ds_mtp_accept_20261003/ot_hdc_mtp_accept_guarded.sv:25:38: Signal unoptimizable: Circular combinational logic: 'tb.dut.g_enabled.gamma'
   25 |  wire[2:0]phase=d[H][28+:3];wire[2:0]gamma=d[H][25+:3];wire[24:0]key=d[H][24:0];
      |                                      ^~~~~
                    rtl/experimental/ds_mtp_accept_20261003/ot_hdc_mtp_accept_guarded.sv:25:38:      Example path: tb.dut.g_enabled.gamma
                    rtl/experimental/ds_mtp_accept_20261003/ot_hdc_mtp_accept_guarded.sv:26:2:      Example path: ALWAYS
                    rtl/experimental/ds_mtp_accept_20261003/ot_hdc_mtp_accept_guarded.sv:21:8:      Example path: tb.dut.g_enabled.bad
                    rtl/test/ds_mtp_accept_20261003/tb.sv:11:11:      Example path: ASSIGNW
                    rtl/test/ds_mtp_accept_20261003/tb.sv:10:17:      Example path: tb.rr
                    rtl/experimental/ds_mtp_accept_20261003/ot_hdc_mtp_source_holders.sv:13:2:      Example path: ALWAYS
                    rtl/experimental/ds_mtp_accept_20261003/ot_hdc_mtp_source_holders.sv:11:31:      Example path: tb.holder.g_enabled.d
                    rtl/experimental/ds_mtp_accept_20261003/ot_hdc_mtp_accept_guarded.sv:26:2:      Example path: ALWAYS
%Warning-UNOPTFLAT: rtl/experimental/ds_mtp_accept_20261003/ot_hdc_mtp_accept_guarded.sv:25:66: Signal unoptimizable: Circular combinational logic: 'tb.dut.g_enabled.key'
   25 |  wire[2:0]phase=d[H][28+:3];wire[2:0]gamma=d[H][25+:3];wire[24:0]key=d[H][24:0];
      |                                                                  ^~~
                    rtl/experimental/ds_mtp_accept_20261003/ot_hdc_mtp_accept_guarded.sv:25:66:      Example path: tb.dut.g_enabled.key
                    rtl/experimental/ds_mtp_accept_20261003/ot_hdc_mtp_accept_guarded.sv:26:2:      Example path: ALWAYS
                    rtl/experimental/ds_mtp_accept_20261003/ot_hdc_mtp_accept_guarded.sv:21:8:      Example path: tb.dut.g_enabled.bad
                    rtl/test/ds_mtp_accept_20261003/tb.sv:11:11:      Example path: ASSIGNW
                    rtl/test/ds_mtp_accept_20261003/tb.sv:10:17:      Example path: tb.rr
                    rtl/experimental/ds_mtp_accept_20261003/ot_hdc_mtp_source_holders.sv:13:2:      Example path: ALWAYS
                    rtl/experimental/ds_mtp_accept_20261003/ot_hdc_mtp_source_holders.sv:11:31:      Example path: tb.holder.g_enabled.d
                    rtl/experimental/ds_mtp_accept_20261003/ot_hdc_mtp_accept_guarded.sv:26:2:      Example path: ALWAYS
%Warning-UNOPTFLAT: rtl/test/ds_mtp_accept_20261003/tb.sv:10:14: Signal unoptimizable: Circular combinational logic: 'tb.rv'
   10 |  wire[1:0]pr,rv,rr;wire[49:0]rk;wire[5:0]rs;wire[41:0]rt;wire cb,tr,mr;
      |              ^~
                    rtl/test/ds_mtp_accept_20261003/tb.sv:10:14:      Example path: tb.rv
                    rtl/experimental/ds_mtp_accept_20261003/ot_hdc_mtp_source_holders.sv:13:2:      Example path: ALWAYS
                    rtl/experimental/ds_mtp_accept_20261003/ot_hdc_mtp_source_holders.sv:11:31:      Example path: tb.holder.g_enabled.d
                    rtl/experimental/ds_mtp_accept_20261003/ot_hdc_mtp_accept_guarded.sv:26:2:      Example path: ALWAYS
                    rtl/experimental/ds_mtp_accept_20261003/ot_hdc_mtp_accept_guarded.sv:21:8:      Example path: tb.dut.g_enabled.bad
                    rtl/test/ds_mtp_accept_20261003/tb.sv:11:11:      Example path: ASSIGNW
                    rtl/test/ds_mtp_accept_20261003/tb.sv:10:17:      Example path: tb.rr
                    rtl/experimental/ds_mtp_accept_20261003/ot_hdc_mtp_source_holders.sv:13:2:      Example path: ALWAYS
%Warning-UNOPTFLAT: rtl/test/ds_mtp_accept_20261003/tb.sv:10:17: Signal unoptimizable: Circular combinational logic: 'tb.rr'
   10 |  wire[1:0]pr,rv,rr;wire[49:0]rk;wire[5:0]rs;wire[41:0]rt;wire cb,tr,mr;
      |                 ^~
                    rtl/test/ds_mtp_accept_20261003/tb.sv:10:17:      Example path: tb.rr
                    rtl/experimental/ds_mtp_accept_20261003/ot_hdc_mtp_source_holders.sv:13:2:      Example path: ALWAYS
                    rtl/experimental/ds_mtp_accept_20261003/ot_hdc_mtp_source_holders.sv:11:31:      Example path: tb.holder.g_enabled.d
                    rtl/experimental/ds_mtp_accept_20261003/ot_hdc_mtp_accept_guarded.sv:26:2:      Example path: ALWAYS
                    rtl/experimental/ds_mtp_accept_20261003/ot_hdc_mtp_accept_guarded.sv:21:8:      Example path: tb.dut.g_enabled.bad
                    rtl/test/ds_mtp_accept_20261003/tb.sv:11:11:      Example path: ASSIGNW
                    rtl/test/ds_mtp_accept_20261003/tb.sv:10:17:      Example path: tb.rr
- V e r i l a t i o n   R e p o r t: Verilator 5.050 2026-07-01 rev v5.050
- Verilator: Built from 0.145 MB sources in 6 modules, into 1.617 MB in 5 C++ files needing 0.000 MB
- Verilator: Walltime 7.287 s (elab=0.020, cvt=7.060, bld=0.000); cpu 2.790 s on 1 threads; allocated 57.148 MB
