
==========================================================================
finish report_tns
--------------------------------------------------------------------------
tns max 0.00

==========================================================================
finish report_wns
--------------------------------------------------------------------------
wns max 0.00

==========================================================================
finish report_worst_slack
--------------------------------------------------------------------------
worst slack max 9.23

==========================================================================
finish report_clock_min_period
--------------------------------------------------------------------------
core_clk period_min = 910.77 fmax = 1097.98

==========================================================================
finish report_clock_skew
--------------------------------------------------------------------------
Clock core_clk
 153.30 source latency g_lv[3].pend_d[4][27]$_DFFE_PP_/CLK ^
-128.82 target latency g_lv[3].u_add.u.s1_code[21]$_DFF_PN0_/CLK ^
  -1.39 CRPR
--------------
  23.09 setup skew


==========================================================================
finish report_checks -path_delay min
--------------------------------------------------------------------------
Startpoint: g_lv[4].u_meta.genblk1.g_line.line[17]$_DFF_P_
            (rising edge-triggered flip-flop clocked by core_clk)
Endpoint: g_lv[4].u_meta.genblk1.g_line.line[33]$_DFF_P_
          (rising edge-triggered flip-flop clocked by core_clk)
Path Group: core_clk
Path Type: min

Fanout     Cap    Slew   Delay    Time   Description
-----------------------------------------------------------------------------
                          0.00    0.00   clock core_clk (rise edge)
                          0.00    0.00   clock source latency
     1   10.87    0.00    0.00    0.00 ^ clk (in)
                                         clk (net)
                 19.71    6.22    6.22 ^ clkbuf_0_clk/A (BUFx24_ASAP7_75t_R)
     4   16.01   16.51   27.94   34.15 ^ clkbuf_0_clk/Y (BUFx24_ASAP7_75t_R)
                                         clknet_0_clk (net)
                 19.67    3.68   37.83 ^ clkbuf_2_3_0_clk/A (BUFx24_ASAP7_75t_R)
     4   12.80   14.53   27.43   65.27 ^ clkbuf_2_3_0_clk/Y (BUFx24_ASAP7_75t_R)
                                         clknet_2_3_0_clk (net)
                 17.44    3.33   68.60 ^ clkbuf_4_13__f_clk/A (BUFx24_ASAP7_75t_R)
    15   38.79   29.95   32.16  100.75 ^ clkbuf_4_13__f_clk/Y (BUFx24_ASAP7_75t_R)
                                         clknet_4_13__leaf_clk (net)
                 32.22    4.37  105.12 ^ clkbuf_leaf_94_clk/A (BUFx24_ASAP7_75t_R)
    21    9.98   13.02   31.31  136.43 ^ clkbuf_leaf_94_clk/Y (BUFx24_ASAP7_75t_R)
                                         clknet_leaf_94_clk (net)
                 13.79    1.58  138.01 ^ g_lv[4].u_meta.genblk1.g_line.line[17]$_DFF_P_/CLK (DFFHQNx1_ASAP7_75t_R)
     1    0.46   15.09   48.11  186.12 ^ g_lv[4].u_meta.genblk1.g_line.line[17]$_DFF_P_/QN (DFFHQNx1_ASAP7_75t_R)
                                         _01677_ (net)
                 15.09    0.02  186.13 ^ _20797_/A (INVx1_ASAP7_75t_R)
     1    0.53    7.82    8.16  194.30 v _20797_/Y (INVx1_ASAP7_75t_R)
                                         g_lv[4].u_meta.genblk1.g_line.line[17] (net)
                  7.82    0.04  194.34 v g_lv[4].u_meta.genblk1.g_line.line[33]$_DFF_P_/D (DFFHQNx1_ASAP7_75t_R)
                                194.34   data arrival time

                          0.00    0.00   clock core_clk (rise edge)
                          0.00    0.00   clock source latency
     1   11.46    0.00    0.00    0.00 ^ clk (in)
                                         clk (net)
                 21.42    6.76    6.76 ^ clkbuf_0_clk/A (BUFx24_ASAP7_75t_R)
     4   18.36   18.05   28.78   35.54 ^ clkbuf_0_clk/Y (BUFx24_ASAP7_75t_R)
                                         clknet_0_clk (net)
                 21.89    4.26   39.81 ^ clkbuf_2_3_0_clk/A (BUFx24_ASAP7_75t_R)
     4   15.15   16.07   28.50   68.31 ^ clkbuf_2_3_0_clk/Y (BUFx24_ASAP7_75t_R)
                                         clknet_2_3_0_clk (net)
                 19.24    3.65   71.96 ^ clkbuf_4_15__f_clk/A (BUFx24_ASAP7_75t_R)
    18   51.97   37.44   33.64  105.60 ^ clkbuf_4_15__f_clk/Y (BUFx24_ASAP7_75t_R)
                                         clknet_4_15__leaf_clk (net)
                 46.62    9.60  115.19 ^ clkbuf_leaf_102_clk/A (BUFx24_ASAP7_75t_R)
    20   13.00   15.11   36.03  151.22 ^ clkbuf_leaf_102_clk/Y (BUFx24_ASAP7_75t_R)
                                         clknet_leaf_102_clk (net)
                 16.61    2.39  153.61 ^ g_lv[4].u_meta.genblk1.g_line.line[33]$_DFF_P_/CLK (DFFHQNx1_ASAP7_75t_R)
                         -3.04  150.57   clock reconvergence pessimism
                         13.91  164.49   library hold time
                                164.49   data required time
-----------------------------------------------------------------------------
                                164.49   data required time
                               -194.34   data arrival time
-----------------------------------------------------------------------------
                                 29.85   slack (MET)



==========================================================================
finish report_checks -path_delay max
--------------------------------------------------------------------------
Startpoint: g_lv[3].u_meta.genblk1.g_line.line[76]$_DFF_P_
            (rising edge-triggered flip-flop clocked by core_clk)
Endpoint: g_lv[4].u_add.u.s1_dist[6]$_DFF_PN0_
          (rising edge-triggered flip-flop clocked by core_clk)
Path Group: core_clk
Path Type: max

Fanout     Cap    Slew   Delay    Time   Description
-----------------------------------------------------------------------------
                          0.00    0.00   clock core_clk (rise edge)
                          0.00    0.00   clock source latency
     1   11.46    0.00    0.00    0.00 ^ clk (in)
                                         clk (net)
                 21.42    6.76    6.76 ^ clkbuf_0_clk/A (BUFx24_ASAP7_75t_R)
     4   18.36   18.05   28.78   35.54 ^ clkbuf_0_clk/Y (BUFx24_ASAP7_75t_R)
                                         clknet_0_clk (net)
                 21.89    4.26   39.81 ^ clkbuf_2_3_0_clk/A (BUFx24_ASAP7_75t_R)
     4   15.15   16.07   28.50   68.31 ^ clkbuf_2_3_0_clk/Y (BUFx24_ASAP7_75t_R)
                                         clknet_2_3_0_clk (net)
                 19.24    3.65   71.96 ^ clkbuf_4_15__f_clk/A (BUFx24_ASAP7_75t_R)
    18   51.97   37.44   33.64  105.60 ^ clkbuf_4_15__f_clk/Y (BUFx24_ASAP7_75t_R)
                                         clknet_4_15__leaf_clk (net)
                 45.62    9.05  114.65 ^ clkbuf_leaf_101_clk/A (BUFx24_ASAP7_75t_R)
    17   14.04   15.80   35.99  150.63 ^ clkbuf_leaf_101_clk/Y (BUFx24_ASAP7_75t_R)
                                         clknet_leaf_101_clk (net)
                 16.68    1.86  152.49 ^ g_lv[3].u_meta.genblk1.g_line.line[76]$_DFF_P_/CLK (DFFHQNx1_ASAP7_75t_R)
     3    2.66   33.86   61.54  214.03 v g_lv[3].u_meta.genblk1.g_line.line[76]$_DFF_P_/QN (DFFHQNx1_ASAP7_75t_R)
                                         _03815_ (net)
                 33.87    0.16  214.19 v place3894/A (BUFx3_ASAP7_75t_R)
     4    3.03   12.35   28.75  242.94 v place3894/Y (BUFx3_ASAP7_75t_R)
                                         net3893 (net)
                 12.36    0.18  243.12 v _18464_/B (OR3x1_ASAP7_75t_R)
     2    1.97   21.32   34.81  277.92 v _18464_/Y (OR3x1_ASAP7_75t_R)
                                         _17526_ (net)
                 21.32    0.17  278.10 v _19971_/A2 (OA22x2_ASAP7_75t_R)
     1    0.71    9.60   27.76  305.86 v _19971_/Y (OA22x2_ASAP7_75t_R)
                                         _07800_ (net)
                  9.61    0.08  305.94 v _19973_/B (OA211x2_ASAP7_75t_R)
     1    0.52   12.33   34.10  340.04 v _19973_/Y (OA211x2_ASAP7_75t_R)
                                         _07802_ (net)
                 12.33    0.04  340.09 v _19975_/B (OA211x2_ASAP7_75t_R)
     2    1.37   15.04   37.37  377.46 v _19975_/Y (OA211x2_ASAP7_75t_R)
                                         _07804_ (net)
                 15.05    0.11  377.57 v _19976_/B (OR2x2_ASAP7_75t_R)
     2    1.27   11.54   25.31  402.88 v _19976_/Y (OR2x2_ASAP7_75t_R)
                                         _07805_ (net)
                 11.54    0.04  402.92 v _19984_/A (AND4x1_ASAP7_75t_R)
     1    1.10   11.16   17.79  420.71 v _19984_/Y (AND4x1_ASAP7_75t_R)
                                         _07812_ (net)
                 11.16    0.09  420.80 v _19986_/B (NAND2x1_ASAP7_75t_R)
     2    2.72   31.54   18.52  439.32 ^ _19986_/Y (NAND2x1_ASAP7_75t_R)
                                         _07814_ (net)
                 31.59    0.65  439.98 ^ _19987_/A (INVx1_ASAP7_75t_R)
     2    1.77   19.67   17.29  457.27 v _19987_/Y (INVx1_ASAP7_75t_R)
                                         _04679_ (net)
                 19.67    0.07  457.34 v _34291_/A (HAxp5_ASAP7_75t_R)
     2    1.24   35.22   40.67  498.01 v _34291_/SN (HAxp5_ASAP7_75t_R)
                                         _04681_ (net)
                 35.22    0.12  498.13 v _18627_/B (OR2x2_ASAP7_75t_R)
     2    1.39   11.54   31.69  529.83 v _18627_/Y (OR2x2_ASAP7_75t_R)
                                         _17683_ (net)
                 11.54    0.14  529.96 v _18628_/C (OR4x1_ASAP7_75t_R)
     2    1.53   20.30   41.74  571.71 v _18628_/Y (OR4x1_ASAP7_75t_R)
                                         _17684_ (net)
                 20.31    0.19  571.90 v _18629_/A (OR3x1_ASAP7_75t_R)
     2    1.43   17.54   33.23  605.13 v _18629_/Y (OR3x1_ASAP7_75t_R)
                                         _17685_ (net)
                 17.55    0.16  605.29 v _18631_/D (OR4x1_ASAP7_75t_R)
     2    1.31   18.42   42.38  647.67 v _18631_/Y (OR4x1_ASAP7_75t_R)
                                         _17687_ (net)
                 18.43    0.08  647.74 v _18632_/A (OR3x1_ASAP7_75t_R)
     2    1.30   16.64   32.07  679.82 v _18632_/Y (OR3x1_ASAP7_75t_R)
                                         _17688_ (net)
                 16.65    0.09  679.91 v _18655_/A1 (OA211x2_ASAP7_75t_R)
     1    1.59   15.97   34.77  714.68 v _18655_/Y (OA211x2_ASAP7_75t_R)
                                         _17711_ (net)
                 15.99    0.28  714.96 v _18659_/A1 (OAI21x1_ASAP7_75t_R)
     1    0.87   16.74   14.34  729.30 ^ _18659_/Y (OAI21x1_ASAP7_75t_R)
                                         _17715_ (net)
                 16.74    0.11  729.41 ^ _18660_/B (OA21x2_ASAP7_75t_R)
     3    3.81   23.02   30.00  759.41 ^ _18660_/Y (OA21x2_ASAP7_75t_R)
                                         _17716_ (net)
                 23.05    0.44  759.85 ^ place3429/A (BUFx6f_ASAP7_75t_R)
    13   12.10   23.10   27.09  786.93 ^ place3429/Y (BUFx6f_ASAP7_75t_R)
                                         net3428 (net)
                 23.45    1.54  788.48 ^ place3428/A (BUFx6f_ASAP7_75t_R)
    16   13.50   25.49   28.00  816.47 ^ place3428/Y (BUFx6f_ASAP7_75t_R)
                                         net3427 (net)
                 25.73    1.36  817.83 ^ _22440_/A (NOR2x1_ASAP7_75t_R)
     1    0.63   13.57   14.55  832.38 v _22440_/Y (NOR2x1_ASAP7_75t_R)
                                         _09664_ (net)
                 13.57    0.05  832.43 v _22441_/B (AO21x1_ASAP7_75t_R)
     2    1.94   19.59   27.74  860.17 v _22441_/Y (AO21x1_ASAP7_75t_R)
                                         g_lv[4].u_add.u.big_exp[3] (net)
                 19.59    0.18  860.36 v _34326_/B (HAxp5_ASAP7_75t_R)
     2    1.38   38.37   42.95  903.30 v _34326_/SN (HAxp5_ASAP7_75t_R)
                                         _04735_ (net)
                 38.37    0.12  903.42 v place3383/A (BUFx3_ASAP7_75t_R)
     2    1.27    8.67   27.44  930.86 v place3383/Y (BUFx3_ASAP7_75t_R)
                                         net3382 (net)
                  8.67    0.03  930.89 v _20675_/A1 (OA21x2_ASAP7_75t_R)
     2    1.40   11.11   24.64  955.53 v _20675_/Y (OA21x2_ASAP7_75t_R)
                                         _08357_ (net)
                 11.12    0.12  955.65 v _20676_/A2 (OA21x2_ASAP7_75t_R)
     1    0.74    8.82   23.76  979.41 v _20676_/Y (OA21x2_ASAP7_75t_R)
                                         _08358_ (net)
                  8.82    0.07  979.48 v _20677_/A2 (OA21x2_ASAP7_75t_R)
     1    0.98    9.60   23.69 1003.17 v _20677_/Y (OA21x2_ASAP7_75t_R)
                                         _08359_ (net)
                  9.60    0.04 1003.21 v _20678_/B (XOR2x2_ASAP7_75t_R)
     1    0.69    9.69   32.16 1035.36 ^ _20678_/Y (XOR2x2_ASAP7_75t_R)
                                         _00149_ (net)
                  9.69    0.07 1035.43 ^ g_lv[4].u_add.u.s1_dist[6]$_DFF_PN0_/D (DFFASRHQNx1_ASAP7_75t_R)
                               1035.43   data arrival time

                        920.00  920.00   clock core_clk (rise edge)
                          0.00  920.00   clock source latency
     1   10.87    0.00    0.00  920.00 ^ clk (in)
                                         clk (net)
                 19.71    6.22  926.22 ^ clkbuf_0_clk/A (BUFx24_ASAP7_75t_R)
     4   16.01   16.51   27.94  954.15 ^ clkbuf_0_clk/Y (BUFx24_ASAP7_75t_R)
                                         clknet_0_clk (net)
                 19.67    3.68  957.83 ^ clkbuf_2_3_0_clk/A (BUFx24_ASAP7_75t_R)
     4   12.80   14.53   27.43  985.27 ^ clkbuf_2_3_0_clk/Y (BUFx24_ASAP7_75t_R)
                                         clknet_2_3_0_clk (net)
                 16.61    2.75  988.02 ^ clkbuf_4_14__f_clk/A (BUFx24_ASAP7_75t_R)
    17   39.55   31.12   31.00 1019.01 ^ clkbuf_4_14__f_clk/Y (BUFx24_ASAP7_75t_R)
                                         clknet_4_14__leaf_clk (net)
                 32.39    3.45 1022.46 ^ clkbuf_leaf_117_clk/A (BUFx24_ASAP7_75t_R)
    21   10.77   13.29   31.31 1053.77 ^ clkbuf_leaf_117_clk/Y (BUFx24_ASAP7_75t_R)
                                         clknet_leaf_117_clk (net)
                 15.36    2.55 1056.32 ^ g_lv[4].u_add.u.s1_dist[6]$_DFF_PN0_/CLK (DFFASRHQNx1_ASAP7_75t_R)
                          3.04 1059.36   clock reconvergence pessimism
                        -14.69 1044.67   library setup time
                               1044.67   data required time
-----------------------------------------------------------------------------
                               1044.67   data required time
                               -1035.43   data arrival time
-----------------------------------------------------------------------------
                                  9.23   slack (MET)



==========================================================================
finish report_checks -unconstrained
--------------------------------------------------------------------------
Startpoint: g_lv[3].u_meta.genblk1.g_line.line[76]$_DFF_P_
            (rising edge-triggered flip-flop clocked by core_clk)
Endpoint: g_lv[4].u_add.u.s1_dist[6]$_DFF_PN0_
          (rising edge-triggered flip-flop clocked by core_clk)
Path Group: core_clk
Path Type: max

Fanout     Cap    Slew   Delay    Time   Description
-----------------------------------------------------------------------------
                          0.00    0.00   clock core_clk (rise edge)
                          0.00    0.00   clock source latency
     1   11.46    0.00    0.00    0.00 ^ clk (in)
                                         clk (net)
                 21.42    6.76    6.76 ^ clkbuf_0_clk/A (BUFx24_ASAP7_75t_R)
     4   18.36   18.05   28.78   35.54 ^ clkbuf_0_clk/Y (BUFx24_ASAP7_75t_R)
                                         clknet_0_clk (net)
                 21.89    4.26   39.81 ^ clkbuf_2_3_0_clk/A (BUFx24_ASAP7_75t_R)
     4   15.15   16.07   28.50   68.31 ^ clkbuf_2_3_0_clk/Y (BUFx24_ASAP7_75t_R)
                                         clknet_2_3_0_clk (net)
                 19.24    3.65   71.96 ^ clkbuf_4_15__f_clk/A (BUFx24_ASAP7_75t_R)
    18   51.97   37.44   33.64  105.60 ^ clkbuf_4_15__f_clk/Y (BUFx24_ASAP7_75t_R)
                                         clknet_4_15__leaf_clk (net)
                 45.62    9.05  114.65 ^ clkbuf_leaf_101_clk/A (BUFx24_ASAP7_75t_R)
    17   14.04   15.80   35.99  150.63 ^ clkbuf_leaf_101_clk/Y (BUFx24_ASAP7_75t_R)
                                         clknet_leaf_101_clk (net)
                 16.68    1.86  152.49 ^ g_lv[3].u_meta.genblk1.g_line.line[76]$_DFF_P_/CLK (DFFHQNx1_ASAP7_75t_R)
     3    2.66   33.86   61.54  214.03 v g_lv[3].u_meta.genblk1.g_line.line[76]$_DFF_P_/QN (DFFHQNx1_ASAP7_75t_R)
                                         _03815_ (net)
                 33.87    0.16  214.19 v place3894/A (BUFx3_ASAP7_75t_R)
     4    3.03   12.35   28.75  242.94 v place3894/Y (BUFx3_ASAP7_75t_R)
                                         net3893 (net)
                 12.36    0.18  243.12 v _18464_/B (OR3x1_ASAP7_75t_R)
     2    1.97   21.32   34.81  277.92 v _18464_/Y (OR3x1_ASAP7_75t_R)
                                         _17526_ (net)
                 21.32    0.17  278.10 v _19971_/A2 (OA22x2_ASAP7_75t_R)
     1    0.71    9.60   27.76  305.86 v _19971_/Y (OA22x2_ASAP7_75t_R)
                                         _07800_ (net)
                  9.61    0.08  305.94 v _19973_/B (OA211x2_ASAP7_75t_R)
     1    0.52   12.33   34.10  340.04 v _19973_/Y (OA211x2_ASAP7_75t_R)
                                         _07802_ (net)
                 12.33    0.04  340.09 v _19975_/B (OA211x2_ASAP7_75t_R)
     2    1.37   15.04   37.37  377.46 v _19975_/Y (OA211x2_ASAP7_75t_R)
                                         _07804_ (net)
                 15.05    0.11  377.57 v _19976_/B (OR2x2_ASAP7_75t_R)
     2    1.27   11.54   25.31  402.88 v _19976_/Y (OR2x2_ASAP7_75t_R)
                                         _07805_ (net)
                 11.54    0.04  402.92 v _19984_/A (AND4x1_ASAP7_75t_R)
     1    1.10   11.16   17.79  420.71 v _19984_/Y (AND4x1_ASAP7_75t_R)
                                         _07812_ (net)
                 11.16    0.09  420.80 v _19986_/B (NAND2x1_ASAP7_75t_R)
     2    2.72   31.54   18.52  439.32 ^ _19986_/Y (NAND2x1_ASAP7_75t_R)
                                         _07814_ (net)
                 31.59    0.65  439.98 ^ _19987_/A (INVx1_ASAP7_75t_R)
     2    1.77   19.67   17.29  457.27 v _19987_/Y (INVx1_ASAP7_75t_R)
                                         _04679_ (net)
                 19.67    0.07  457.34 v _34291_/A (HAxp5_ASAP7_75t_R)
     2    1.24   35.22   40.67  498.01 v _34291_/SN (HAxp5_ASAP7_75t_R)
                                         _04681_ (net)
                 35.22    0.12  498.13 v _18627_/B (OR2x2_ASAP7_75t_R)
     2    1.39   11.54   31.69  529.83 v _18627_/Y (OR2x2_ASAP7_75t_R)
                                         _17683_ (net)
                 11.54    0.14  529.96 v _18628_/C (OR4x1_ASAP7_75t_R)
     2    1.53   20.30   41.74  571.71 v _18628_/Y (OR4x1_ASAP7_75t_R)
                                         _17684_ (net)
                 20.31    0.19  571.90 v _18629_/A (OR3x1_ASAP7_75t_R)
     2    1.43   17.54   33.23  605.13 v _18629_/Y (OR3x1_ASAP7_75t_R)
                                         _17685_ (net)
                 17.55    0.16  605.29 v _18631_/D (OR4x1_ASAP7_75t_R)
     2    1.31   18.42   42.38  647.67 v _18631_/Y (OR4x1_ASAP7_75t_R)
                                         _17687_ (net)
                 18.43    0.08  647.74 v _18632_/A (OR3x1_ASAP7_75t_R)
     2    1.30   16.64   32.07  679.82 v _18632_/Y (OR3x1_ASAP7_75t_R)
                                         _17688_ (net)
                 16.65    0.09  679.91 v _18655_/A1 (OA211x2_ASAP7_75t_R)
     1    1.59   15.97   34.77  714.68 v _18655_/Y (OA211x2_ASAP7_75t_R)
                                         _17711_ (net)
                 15.99    0.28  714.96 v _18659_/A1 (OAI21x1_ASAP7_75t_R)
     1    0.87   16.74   14.34  729.30 ^ _18659_/Y (OAI21x1_ASAP7_75t_R)
                                         _17715_ (net)
                 16.74    0.11  729.41 ^ _18660_/B (OA21x2_ASAP7_75t_R)
     3    3.81   23.02   30.00  759.41 ^ _18660_/Y (OA21x2_ASAP7_75t_R)
                                         _17716_ (net)
                 23.05    0.44  759.85 ^ place3429/A (BUFx6f_ASAP7_75t_R)
    13   12.10   23.10   27.09  786.93 ^ place3429/Y (BUFx6f_ASAP7_75t_R)
                                         net3428 (net)
                 23.45    1.54  788.48 ^ place3428/A (BUFx6f_ASAP7_75t_R)
    16   13.50   25.49   28.00  816.47 ^ place3428/Y (BUFx6f_ASAP7_75t_R)
                                         net3427 (net)
                 25.73    1.36  817.83 ^ _22440_/A (NOR2x1_ASAP7_75t_R)
     1    0.63   13.57   14.55  832.38 v _22440_/Y (NOR2x1_ASAP7_75t_R)
                                         _09664_ (net)
                 13.57    0.05  832.43 v _22441_/B (AO21x1_ASAP7_75t_R)
     2    1.94   19.59   27.74  860.17 v _22441_/Y (AO21x1_ASAP7_75t_R)
                                         g_lv[4].u_add.u.big_exp[3] (net)
                 19.59    0.18  860.36 v _34326_/B (HAxp5_ASAP7_75t_R)
     2    1.38   38.37   42.95  903.30 v _34326_/SN (HAxp5_ASAP7_75t_R)
                                         _04735_ (net)
                 38.37    0.12  903.42 v place3383/A (BUFx3_ASAP7_75t_R)
     2    1.27    8.67   27.44  930.86 v place3383/Y (BUFx3_ASAP7_75t_R)
                                         net3382 (net)
                  8.67    0.03  930.89 v _20675_/A1 (OA21x2_ASAP7_75t_R)
     2    1.40   11.11   24.64  955.53 v _20675_/Y (OA21x2_ASAP7_75t_R)
                                         _08357_ (net)
                 11.12    0.12  955.65 v _20676_/A2 (OA21x2_ASAP7_75t_R)
     1    0.74    8.82   23.76  979.41 v _20676_/Y (OA21x2_ASAP7_75t_R)
                                         _08358_ (net)
                  8.82    0.07  979.48 v _20677_/A2 (OA21x2_ASAP7_75t_R)
     1    0.98    9.60   23.69 1003.17 v _20677_/Y (OA21x2_ASAP7_75t_R)
                                         _08359_ (net)
                  9.60    0.04 1003.21 v _20678_/B (XOR2x2_ASAP7_75t_R)
     1    0.69    9.69   32.16 1035.36 ^ _20678_/Y (XOR2x2_ASAP7_75t_R)
                                         _00149_ (net)
                  9.69    0.07 1035.43 ^ g_lv[4].u_add.u.s1_dist[6]$_DFF_PN0_/D (DFFASRHQNx1_ASAP7_75t_R)
                               1035.43   data arrival time

                        920.00  920.00   clock core_clk (rise edge)
                          0.00  920.00   clock source latency
     1   10.87    0.00    0.00  920.00 ^ clk (in)
                                         clk (net)
                 19.71    6.22  926.22 ^ clkbuf_0_clk/A (BUFx24_ASAP7_75t_R)
     4   16.01   16.51   27.94  954.15 ^ clkbuf_0_clk/Y (BUFx24_ASAP7_75t_R)
                                         clknet_0_clk (net)
                 19.67    3.68  957.83 ^ clkbuf_2_3_0_clk/A (BUFx24_ASAP7_75t_R)
     4   12.80   14.53   27.43  985.27 ^ clkbuf_2_3_0_clk/Y (BUFx24_ASAP7_75t_R)
                                         clknet_2_3_0_clk (net)
                 16.61    2.75  988.02 ^ clkbuf_4_14__f_clk/A (BUFx24_ASAP7_75t_R)
    17   39.55   31.12   31.00 1019.01 ^ clkbuf_4_14__f_clk/Y (BUFx24_ASAP7_75t_R)
                                         clknet_4_14__leaf_clk (net)
                 32.39    3.45 1022.46 ^ clkbuf_leaf_117_clk/A (BUFx24_ASAP7_75t_R)
    21   10.77   13.29   31.31 1053.77 ^ clkbuf_leaf_117_clk/Y (BUFx24_ASAP7_75t_R)
                                         clknet_leaf_117_clk (net)
                 15.36    2.55 1056.32 ^ g_lv[4].u_add.u.s1_dist[6]$_DFF_PN0_/CLK (DFFASRHQNx1_ASAP7_75t_R)
                          3.04 1059.36   clock reconvergence pessimism
                        -14.69 1044.67   library setup time
                               1044.67   data required time
-----------------------------------------------------------------------------
                               1044.67   data required time
                               -1035.43   data arrival time
-----------------------------------------------------------------------------
                                  9.23   slack (MET)



==========================================================================
finish report_check_types -max_slew -max_cap -max_fanout -violators
--------------------------------------------------------------------------

==========================================================================
finish max_slew_check_slack
--------------------------------------------------------------------------
82.310546875

==========================================================================
finish max_slew_check_limit
--------------------------------------------------------------------------
320.0

==========================================================================
finish max_slew_check_slack_limit
--------------------------------------------------------------------------
0.2572

==========================================================================
finish max_fanout_check_slack
--------------------------------------------------------------------------
0.0

==========================================================================
finish max_fanout_check_limit
--------------------------------------------------------------------------
32.0

==========================================================================
finish max_fanout_check_slack_limit
--------------------------------------------------------------------------
0.0000

==========================================================================
finish max_capacitance_check_slack
--------------------------------------------------------------------------
8.267529487609863

==========================================================================
finish max_capacitance_check_limit
--------------------------------------------------------------------------
23.040000915527344

==========================================================================
finish max_capacitance_check_slack_limit
--------------------------------------------------------------------------
0.3588

==========================================================================
finish max_slew_violation_count
--------------------------------------------------------------------------
max slew violation count 0

==========================================================================
finish max_fanout_violation_count
--------------------------------------------------------------------------
max fanout violation count 0

==========================================================================
finish max_cap_violation_count
--------------------------------------------------------------------------
max cap violation count 0

==========================================================================
finish setup_violation_count
--------------------------------------------------------------------------
setup violation count 0

==========================================================================
finish hold_violation_count
--------------------------------------------------------------------------
hold violation count 0

==========================================================================
finish report_checks -path_delay max reg to reg
--------------------------------------------------------------------------
Startpoint: g_lv[3].u_meta.genblk1.g_line.line[76]$_DFF_P_
            (rising edge-triggered flip-flop clocked by core_clk)
Endpoint: g_lv[4].u_add.u.s1_dist[6]$_DFF_PN0_
          (rising edge-triggered flip-flop clocked by core_clk)
Path Group: core_clk
Path Type: max

  Delay    Time   Description
---------------------------------------------------------
   0.00    0.00   clock core_clk (rise edge)
   0.00    0.00   clock source latency
   0.00    0.00 ^ clk (in)
  35.54   35.54 ^ clkbuf_0_clk/Y (BUFx24_ASAP7_75t_R)
  32.76   68.31 ^ clkbuf_2_3_0_clk/Y (BUFx24_ASAP7_75t_R)
  37.29  105.60 ^ clkbuf_4_15__f_clk/Y (BUFx24_ASAP7_75t_R)
  45.04  150.63 ^ clkbuf_leaf_101_clk/Y (BUFx24_ASAP7_75t_R)
   1.86  152.49 ^ g_lv[3].u_meta.genblk1.g_line.line[76]$_DFF_P_/CLK (DFFHQNx1_ASAP7_75t_R)
  61.54  214.03 v g_lv[3].u_meta.genblk1.g_line.line[76]$_DFF_P_/QN (DFFHQNx1_ASAP7_75t_R)
  28.91  242.94 v place3894/Y (BUFx3_ASAP7_75t_R)
  34.98  277.92 v _18464_/Y (OR3x1_ASAP7_75t_R)
  27.93  305.86 v _19971_/Y (OA22x2_ASAP7_75t_R)
  34.19  340.04 v _19973_/Y (OA211x2_ASAP7_75t_R)
  37.42  377.46 v _19975_/Y (OA211x2_ASAP7_75t_R)
  25.42  402.88 v _19976_/Y (OR2x2_ASAP7_75t_R)
  17.83  420.71 v _19984_/Y (AND4x1_ASAP7_75t_R)
  18.61  439.32 ^ _19986_/Y (NAND2x1_ASAP7_75t_R)
  17.94  457.27 v _19987_/Y (INVx1_ASAP7_75t_R)
  40.74  498.01 v _34291_/SN (HAxp5_ASAP7_75t_R)
  31.82  529.83 v _18627_/Y (OR2x2_ASAP7_75t_R)
  41.88  571.71 v _18628_/Y (OR4x1_ASAP7_75t_R)
  33.42  605.13 v _18629_/Y (OR3x1_ASAP7_75t_R)
  42.54  647.67 v _18631_/Y (OR4x1_ASAP7_75t_R)
  32.15  679.82 v _18632_/Y (OR3x1_ASAP7_75t_R)
  34.86  714.68 v _18655_/Y (OA211x2_ASAP7_75t_R)
  14.62  729.30 ^ _18659_/Y (OAI21x1_ASAP7_75t_R)
  30.11  759.41 ^ _18660_/Y (OA21x2_ASAP7_75t_R)
  27.53  786.93 ^ place3429/Y (BUFx6f_ASAP7_75t_R)
  29.54  816.47 ^ place3428/Y (BUFx6f_ASAP7_75t_R)
  15.91  832.38 v _22440_/Y (NOR2x1_ASAP7_75t_R)
  27.79  860.17 v _22441_/Y (AO21x1_ASAP7_75t_R)
  43.13  903.30 v _34326_/SN (HAxp5_ASAP7_75t_R)
  27.56  930.86 v place3383/Y (BUFx3_ASAP7_75t_R)
  24.67  955.53 v _20675_/Y (OA21x2_ASAP7_75t_R)
  23.88  979.41 v _20676_/Y (OA21x2_ASAP7_75t_R)
  23.75 1003.17 v _20677_/Y (OA21x2_ASAP7_75t_R)
  32.20 1035.36 ^ _20678_/Y (XOR2x2_ASAP7_75t_R)
   0.07 1035.43 ^ g_lv[4].u_add.u.s1_dist[6]$_DFF_PN0_/D (DFFASRHQNx1_ASAP7_75t_R)
        1035.43   data arrival time

 920.00  920.00   clock core_clk (rise edge)
   0.00  920.00   clock source latency
   0.00  920.00 ^ clk (in)
  34.15  954.15 ^ clkbuf_0_clk/Y (BUFx24_ASAP7_75t_R)
  31.11  985.27 ^ clkbuf_2_3_0_clk/Y (BUFx24_ASAP7_75t_R)
  33.75 1019.01 ^ clkbuf_4_14__f_clk/Y (BUFx24_ASAP7_75t_R)
  34.76 1053.77 ^ clkbuf_leaf_117_clk/Y (BUFx24_ASAP7_75t_R)
   2.55 1056.32 ^ g_lv[4].u_add.u.s1_dist[6]$_DFF_PN0_/CLK (DFFASRHQNx1_ASAP7_75t_R)
   3.04 1059.36   clock reconvergence pessimism
 -14.69 1044.67   library setup time
        1044.67   data required time
---------------------------------------------------------
        1044.67   data required time
        -1035.43   data arrival time
---------------------------------------------------------
           9.23   slack (MET)



==========================================================================
finish report_checks -path_delay min reg to reg
--------------------------------------------------------------------------
Startpoint: g_lv[4].u_meta.genblk1.g_line.line[17]$_DFF_P_
            (rising edge-triggered flip-flop clocked by core_clk)
Endpoint: g_lv[4].u_meta.genblk1.g_line.line[33]$_DFF_P_
          (rising edge-triggered flip-flop clocked by core_clk)
Path Group: core_clk
Path Type: min

  Delay    Time   Description
---------------------------------------------------------
   0.00    0.00   clock core_clk (rise edge)
   0.00    0.00   clock source latency
   0.00    0.00 ^ clk (in)
  34.15   34.15 ^ clkbuf_0_clk/Y (BUFx24_ASAP7_75t_R)
  31.11   65.27 ^ clkbuf_2_3_0_clk/Y (BUFx24_ASAP7_75t_R)
  35.48  100.75 ^ clkbuf_4_13__f_clk/Y (BUFx24_ASAP7_75t_R)
  35.68  136.43 ^ clkbuf_leaf_94_clk/Y (BUFx24_ASAP7_75t_R)
   1.58  138.01 ^ g_lv[4].u_meta.genblk1.g_line.line[17]$_DFF_P_/CLK (DFFHQNx1_ASAP7_75t_R)
  48.11  186.12 ^ g_lv[4].u_meta.genblk1.g_line.line[17]$_DFF_P_/QN (DFFHQNx1_ASAP7_75t_R)
   8.18  194.30 v _20797_/Y (INVx1_ASAP7_75t_R)
   0.04  194.34 v g_lv[4].u_meta.genblk1.g_line.line[33]$_DFF_P_/D (DFFHQNx1_ASAP7_75t_R)
         194.34   data arrival time

   0.00    0.00   clock core_clk (rise edge)
   0.00    0.00   clock source latency
   0.00    0.00 ^ clk (in)
  35.54   35.54 ^ clkbuf_0_clk/Y (BUFx24_ASAP7_75t_R)
  32.76   68.31 ^ clkbuf_2_3_0_clk/Y (BUFx24_ASAP7_75t_R)
  37.29  105.60 ^ clkbuf_4_15__f_clk/Y (BUFx24_ASAP7_75t_R)
  45.62  151.22 ^ clkbuf_leaf_102_clk/Y (BUFx24_ASAP7_75t_R)
   2.39  153.61 ^ g_lv[4].u_meta.genblk1.g_line.line[33]$_DFF_P_/CLK (DFFHQNx1_ASAP7_75t_R)
  -3.04  150.57   clock reconvergence pessimism
  13.91  164.49   library hold time
         164.49   data required time
---------------------------------------------------------
         164.49   data required time
        -194.34   data arrival time
---------------------------------------------------------
          29.85   slack (MET)



==========================================================================
finish critical path target clock latency max path
--------------------------------------------------------------------------
0

==========================================================================
finish critical path target clock latency min path
--------------------------------------------------------------------------
0

==========================================================================
finish critical path source clock latency min path
--------------------------------------------------------------------------
0

==========================================================================
finish critical path delay
--------------------------------------------------------------------------
1035.4326

==========================================================================
finish critical path slack
--------------------------------------------------------------------------
9.2342

==========================================================================
finish slack div critical path delay
--------------------------------------------------------------------------
0.891820

==========================================================================
finish report_power
--------------------------------------------------------------------------
Group                  Internal  Switching    Leakage      Total
                          Power      Power      Power      Power (Watts)
----------------------------------------------------------------
Sequential             6.66e-03   1.47e-03   7.06e-07   8.13e-03  34.4%
Combinational          5.34e-03   5.61e-03   1.33e-06   1.09e-02  46.3%
Clock                  2.80e-03   1.78e-03   1.94e-07   4.57e-03  19.3%
Macro                  0.00e+00   0.00e+00   0.00e+00   0.00e+00   0.0%
Pad                    0.00e+00   0.00e+00   0.00e+00   0.00e+00   0.0%
----------------------------------------------------------------
Total                  1.48e-02   8.86e-03   2.23e-06   2.37e-02 100.0%
                          62.5%      37.4%       0.0%
