Command exited with non-zero status 1
	Command being timed: "bash physical/hbm_generic/argmax18/run_bench.sh out5 5"
	User time (seconds): 60.01
	System time (seconds): 0.49
	Percent of CPU this job got: 99%
	Elapsed (wall clock) time (h:mm:ss or m:ss): 1:00.51
	Average shared text size (kbytes): 0
	Average unshared data size (kbytes): 0
	Average stack size (kbytes): 0
	Average total size (kbytes): 0
	Maximum resident set size (kbytes): 315152
	Average resident set size (kbytes): 0
	Major (requiring I/O) page faults: 0
	Minor (reclaiming a frame) page faults: 102555
	Voluntary context switches: 31
	Involuntary context switches: 223
	Swaps: 0
	File system inputs: 0
	File system outputs: 43152
	Socket messages sent: 0
	Socket messages received: 0
	Signals delivered: 0
	Page size (bytes): 4096
	Exit status: 1
