OpenROAD 26Q3-1510-g6cb3f2b704 
Features included (+) or not (-): +GPU +GUI +Python
This program is licensed under the BSD-3 license. See the LICENSE file for details.
Components of this program may be licensed under more restrictive licenses which must be honored.
[INFO ORD-0030] Using 16 thread(s).
source /OpenROAD-flow-scripts/flow/platforms/asap7/liberty_suppressions.tcl
read_liberty -corner WC /OpenROAD-flow-scripts/flow/platforms/asap7/lib/NLDM/asap7sc7p5t_AO_RVT_SS_nldm_211120.lib.gz
read_liberty -corner WC /OpenROAD-flow-scripts/flow/platforms/asap7/lib/NLDM/asap7sc7p5t_INVBUF_RVT_SS_nldm_220122.lib.gz
read_liberty -corner WC /OpenROAD-flow-scripts/flow/platforms/asap7/lib/NLDM/asap7sc7p5t_OA_RVT_SS_nldm_211120.lib.gz
read_liberty -corner WC /OpenROAD-flow-scripts/flow/platforms/asap7/lib/NLDM/asap7sc7p5t_SEQ_RVT_SS_nldm_220123.lib
read_liberty -corner WC /OpenROAD-flow-scripts/flow/platforms/asap7/lib/NLDM/asap7sc7p5t_SIMPLE_RVT_SS_nldm_211120.lib.gz
read_liberty -corner WC /src/physical/asap7_memory_macros/ot_rom_4096x266_m8/ot_rom_4096x266_m8_ss.lib
read_liberty -corner BC /OpenROAD-flow-scripts/flow/platforms/asap7/lib/NLDM/asap7sc7p5t_AO_RVT_FF_nldm_211120.lib.gz
read_liberty -corner BC /OpenROAD-flow-scripts/flow/platforms/asap7/lib/NLDM/asap7sc7p5t_INVBUF_RVT_FF_nldm_220122.lib.gz
read_liberty -corner BC /OpenROAD-flow-scripts/flow/platforms/asap7/lib/NLDM/asap7sc7p5t_OA_RVT_FF_nldm_211120.lib.gz
read_liberty -corner BC /OpenROAD-flow-scripts/flow/platforms/asap7/lib/NLDM/asap7sc7p5t_SIMPLE_RVT_FF_nldm_211120.lib.gz
read_liberty -corner BC /OpenROAD-flow-scripts/flow/platforms/asap7/lib/NLDM/asap7sc7p5t_SEQ_RVT_FF_nldm_220123.lib
read_liberty -corner BC /src/physical/asap7_memory_macros/ot_rom_4096x266_m8/ot_rom_4096x266_m8_ff.lib
read_db /work/results/asap7/opentallas_ot_qwen_slab_port_group_capture_asap7_qss_fanout_capture_685_l7/base/2_1_floorplan.odb
read_sdc /work/results/asap7/opentallas_ot_qwen_slab_port_group_capture_asap7_qss_fanout_capture_685_l7/base/2_1_floorplan.sdc
source /OpenROAD-flow-scripts/flow/platforms/asap7/setRC.tcl
source /repair/capture_api_r2_685.tcl
[INFO MPL-0035] Macro g_col\[0\].g_bank\[0\].u_rom placed. Bounding box (37.800um, 64.800um), (159.624um, 127.710um). Orientation R0
[INFO MPL-0035] Macro g_col\[0\].g_bank\[1\].u_rom placed. Bounding box (37.800um, 192.240um), (159.624um, 255.150um). Orientation R0
[INFO MPL-0035] Macro g_col\[0\].g_bank\[2\].u_rom placed. Bounding box (37.800um, 427.680um), (159.624um, 490.590um). Orientation R0
[INFO MPL-0035] Macro g_col\[0\].g_bank\[3\].u_rom placed. Bounding box (37.800um, 555.120um), (159.624um, 618.030um). Orientation R0
[INFO MPL-0035] Macro g_col\[1\].g_bank\[0\].u_rom placed. Bounding box (231.120um, 64.800um), (352.944um, 127.710um). Orientation R0
[INFO MPL-0035] Macro g_col\[1\].g_bank\[1\].u_rom placed. Bounding box (231.120um, 192.240um), (352.944um, 255.150um). Orientation R0
[INFO MPL-0035] Macro g_col\[1\].g_bank\[2\].u_rom placed. Bounding box (231.120um, 427.680um), (352.944um, 490.590um). Orientation R0
[INFO MPL-0035] Macro g_col\[1\].g_bank\[3\].u_rom placed. Bounding box (231.120um, 555.120um), (352.944um, 618.030um). Orientation R0
[INFO MPL-0035] Macro g_col\[2\].g_bank\[0\].u_rom placed. Bounding box (424.440um, 64.800um), (546.264um, 127.710um). Orientation R0
[INFO MPL-0035] Macro g_col\[2\].g_bank\[1\].u_rom placed. Bounding box (424.440um, 192.240um), (546.264um, 255.150um). Orientation R0
[INFO MPL-0035] Macro g_col\[2\].g_bank\[2\].u_rom placed. Bounding box (424.440um, 427.680um), (546.264um, 490.590um). Orientation R0
[INFO MPL-0035] Macro g_col\[2\].g_bank\[3\].u_rom placed. Bounding box (424.440um, 555.120um), (546.264um, 618.030um). Orientation R0
[INFO MPL-0035] Macro g_col\[3\].g_bank\[0\].u_rom placed. Bounding box (617.760um, 64.800um), (739.584um, 127.710um). Orientation R0
[INFO MPL-0035] Macro g_col\[3\].g_bank\[1\].u_rom placed. Bounding box (617.760um, 192.240um), (739.584um, 255.150um). Orientation R0
[INFO MPL-0035] Macro g_col\[3\].g_bank\[2\].u_rom placed. Bounding box (617.760um, 427.680um), (739.584um, 490.590um). Orientation R0
[INFO MPL-0035] Macro g_col\[3\].g_bank\[3\].u_rom placed. Bounding box (617.760um, 555.120um), (739.584um, 618.030um). Orientation R0
ITEM7_CAPTURE_GROUPS 4 FF_ENDPOINTS 512
CAPTURE_API_GROUP 0 TYPE EXCLUSIVE FF 128
CAPTURE_API_GROUP 1 TYPE EXCLUSIVE FF 128
CAPTURE_API_GROUP 2 TYPE EXCLUSIVE FF 128
CAPTURE_API_GROUP 3 TYPE EXCLUSIVE FF 128
CAPTURE_API_MEMBERSHIP_PASS 4 EXCLUSIVE_GROUPS 512 UNIQUE_FF
[INFO GPL-0022] Initialize gpl and calculate uniform density.
Placement density is 0.10750000070780515, computed from PLACE_DENSITY_LB_ADDON  0.05 and lower bound 0.05000000074505806
rtl_macro_placer -max_num_level 2 -halo_width 2.16 -halo_height 2.16 -min_ar 0.33 -area_weight 0.1 -wirelength_weight 100.0 -outline_weight 100.0 -boundary_weight 50.0 -notch_weight 50.0 -report_directory /work/objects/asap7/opentallas_ot_qwen_slab_port_group_capture_asap7_qss_fanout_capture_685_l7/base/rtlmp -fence_lx 0.0 -fence_ly 0.0 -fence_ux 0.0 -fence_uy 0.0 -target_util 0.10750000070780515
[WARNING MPL-0074] -halo_width/-halo_height are deprecated, use the set_macro_base_halo command instead.
[INFO MPL-0062] Found fixed macro g_col\[0\].g_bank\[0\].u_rom.
[INFO MPL-0062] Found fixed macro g_col\[0\].g_bank\[1\].u_rom.
[INFO MPL-0062] Found fixed macro g_col\[0\].g_bank\[2\].u_rom.
[INFO MPL-0062] Found fixed macro g_col\[0\].g_bank\[3\].u_rom.
[INFO MPL-0062] Found fixed macro g_col\[1\].g_bank\[0\].u_rom.
[INFO MPL-0062] Found fixed macro g_col\[1\].g_bank\[1\].u_rom.
[INFO MPL-0062] Found fixed macro g_col\[1\].g_bank\[2\].u_rom.
[INFO MPL-0062] Found fixed macro g_col\[1\].g_bank\[3\].u_rom.
[INFO MPL-0062] Found fixed macro g_col\[2\].g_bank\[0\].u_rom.
[INFO MPL-0062] Found fixed macro g_col\[2\].g_bank\[1\].u_rom.
[INFO MPL-0062] Found fixed macro g_col\[2\].g_bank\[2\].u_rom.
[INFO MPL-0062] Found fixed macro g_col\[2\].g_bank\[3\].u_rom.
[INFO MPL-0062] Found fixed macro g_col\[3\].g_bank\[0\].u_rom.
[INFO MPL-0062] Found fixed macro g_col\[3\].g_bank\[1\].u_rom.
[INFO MPL-0062] Found fixed macro g_col\[3\].g_bank\[2\].u_rom.
[INFO MPL-0062] Found fixed macro g_col\[3\].g_bank\[3\].u_rom.
[INFO MPL-0017] No unfixed macros.
[INFO MPL-0013] Skipping macro placement.
[INFO MPL-0500] Runtime: 0.01s
Design area 139605 um^2 27% utilization.
write_db /work/results/asap7/opentallas_ot_qwen_slab_port_group_capture_asap7_qss_fanout_capture_685_l7/base/2_2_floorplan_macro.odb
Elapsed time: 0:05.39[h:]min:sec. CPU time: user 8.60 sys 0.39 (166%). Peak memory: 1233288KB.
Log                       Ext     Elapsed/s Peak Memory/MB sha1sum result [0:20)
2_2_floorplan_macro       .odb            5           1204 0c2b17a936819b4899ed
