
==========================================================================
finish report_tns
--------------------------------------------------------------------------
tns max 0.00

==========================================================================
finish report_wns
--------------------------------------------------------------------------
wns max 0.00

==========================================================================
finish report_worst_slack
--------------------------------------------------------------------------
worst slack max 5.26

==========================================================================
finish report_clock_min_period
--------------------------------------------------------------------------
core_clk period_min = 6.74 fmax = 148.45

==========================================================================
finish report_clock_skew
--------------------------------------------------------------------------
Clock core_clk
   0.80 source latency elements_issued[4]$_DFFE_PN0P_/CLK ^
  -0.89 target latency u_code_fetch.next_addr[12]$_DFFE_PN0P_/CLK ^
   0.00 CRPR
--------------
  -0.08 setup skew


==========================================================================
finish report_checks -path_delay min
--------------------------------------------------------------------------
Startpoint: rst_n (input port clocked by core_clk)
Endpoint: g_lane[0].u_lane.s5_sticky$_DFF_PN0_
          (removal check against rising-edge clock core_clk)
Path Group: asynchronous
Path Type: min

Fanout     Cap    Slew   Delay    Time   Description
-----------------------------------------------------------------------------
                          0.00    0.00   clock core_clk (rise edge)
                          0.00    0.00   clock network delay (propagated)
                          2.40    2.40 ^ input external delay
     1    0.00    0.00    0.00    2.40 ^ rst_n (in)
                                         rst_n (net)
                  0.00    0.00    2.40 ^ input294/A (sky130_fd_sc_hd__buf_2)
    20    0.12    0.57    0.44    2.84 ^ input294/X (sky130_fd_sc_hd__buf_2)
                                         net293 (net)
                  0.57    0.01    2.86 ^ g_lane[0].u_lane.s5_sticky$_DFF_PN0_/RESET_B (sky130_fd_sc_hd__dfrtp_1)
                                  2.86   data arrival time

                          0.00    0.00   clock core_clk (rise edge)
                          0.00    0.00   clock source latency
     2    0.08    0.00    0.00    0.00 ^ clk (in)
                                         clk (net)
                  0.01    0.00    0.00 ^ clkbuf_0_clk/A (sky130_fd_sc_hd__clkbuf_16)
    16    0.33    0.33    0.32    0.32 ^ clkbuf_0_clk/X (sky130_fd_sc_hd__clkbuf_16)
                                         clknet_0_clk (net)
                  0.33    0.01    0.33 ^ clkbuf_4_5_0_clk/A (sky130_fd_sc_hd__clkbuf_16)
     9    0.14    0.15    0.30    0.63 ^ clkbuf_4_5_0_clk/X (sky130_fd_sc_hd__clkbuf_16)
                                         clknet_4_5_0_clk (net)
                  0.15    0.00    0.64 ^ clkbuf_leaf_132_clk/A (sky130_fd_sc_hd__clkbuf_16)
     7    0.04    0.06    0.18    0.81 ^ clkbuf_leaf_132_clk/X (sky130_fd_sc_hd__clkbuf_16)
                                         clknet_leaf_132_clk (net)
                  0.06    0.00    0.82 ^ g_lane[0].u_lane.s5_sticky$_DFF_PN0_/CLK (sky130_fd_sc_hd__dfrtp_1)
                          0.00    0.82   clock reconvergence pessimism
                          0.47    1.28   library removal time
                                  1.28   data required time
-----------------------------------------------------------------------------
                                  1.28   data required time
                                 -2.86   data arrival time
-----------------------------------------------------------------------------
                                  1.57   slack (MET)


Startpoint: g_lane[2].u_lane.s3_sign$_DFF_PN0_
            (rising edge-triggered flip-flop clocked by core_clk)
Endpoint: g_lane[2].u_lane.s4_sign$_DFF_PN0_
          (rising edge-triggered flip-flop clocked by core_clk)
Path Group: core_clk
Path Type: min

Fanout     Cap    Slew   Delay    Time   Description
-----------------------------------------------------------------------------
                          0.00    0.00   clock core_clk (rise edge)
                          0.00    0.00   clock source latency
     2    0.08    0.00    0.00    0.00 ^ clk (in)
                                         clk (net)
                  0.01    0.00    0.00 ^ clkbuf_0_clk/A (sky130_fd_sc_hd__clkbuf_16)
    16    0.33    0.33    0.32    0.32 ^ clkbuf_0_clk/X (sky130_fd_sc_hd__clkbuf_16)
                                         clknet_0_clk (net)
                  0.33    0.01    0.33 ^ clkbuf_4_9_0_clk/A (sky130_fd_sc_hd__clkbuf_16)
    10    0.16    0.18    0.31    0.65 ^ clkbuf_4_9_0_clk/X (sky130_fd_sc_hd__clkbuf_16)
                                         clknet_4_9_0_clk (net)
                  0.18    0.01    0.65 ^ clkbuf_leaf_58_clk/A (sky130_fd_sc_hd__clkbuf_16)
     8    0.03    0.05    0.18    0.83 ^ clkbuf_leaf_58_clk/X (sky130_fd_sc_hd__clkbuf_16)
                                         clknet_leaf_58_clk (net)
                  0.05    0.00    0.83 ^ g_lane[2].u_lane.s3_sign$_DFF_PN0_/CLK (sky130_fd_sc_hd__dfrtp_1)
     1    0.00    0.04    0.31    1.15 ^ g_lane[2].u_lane.s3_sign$_DFF_PN0_/Q (sky130_fd_sc_hd__dfrtp_1)
                                         g_lane[2].u_lane.s3_sign (net)
                  0.04    0.00    1.15 ^ g_lane[2].u_lane.s4_sign$_DFF_PN0_/D (sky130_fd_sc_hd__dfrtp_1)
                                  1.15   data arrival time

                          0.00    0.00   clock core_clk (rise edge)
                          0.00    0.00   clock source latency
     2    0.08    0.00    0.00    0.00 ^ clk (in)
                                         clk (net)
                  0.01    0.00    0.00 ^ clkbuf_0_clk/A (sky130_fd_sc_hd__clkbuf_16)
    16    0.33    0.33    0.32    0.32 ^ clkbuf_0_clk/X (sky130_fd_sc_hd__clkbuf_16)
                                         clknet_0_clk (net)
                  0.33    0.01    0.33 ^ clkbuf_4_12_0_clk/A (sky130_fd_sc_hd__clkbuf_16)
    12    0.19    0.20    0.33    0.66 ^ clkbuf_4_12_0_clk/X (sky130_fd_sc_hd__clkbuf_16)
                                         clknet_4_12_0_clk (net)
                  0.20    0.01    0.67 ^ clkbuf_leaf_110_clk/A (sky130_fd_sc_hd__clkbuf_16)
    11    0.05    0.07    0.20    0.87 ^ clkbuf_leaf_110_clk/X (sky130_fd_sc_hd__clkbuf_16)
                                         clknet_leaf_110_clk (net)
                  0.07    0.00    0.87 ^ g_lane[2].u_lane.s4_sign$_DFF_PN0_/CLK (sky130_fd_sc_hd__dfrtp_1)
                          0.00    0.87   clock reconvergence pessimism
                         -0.03    0.84   library hold time
                                  0.84   data required time
-----------------------------------------------------------------------------
                                  0.84   data required time
                                 -1.15   data arrival time
-----------------------------------------------------------------------------
                                  0.31   slack (MET)



==========================================================================
finish report_checks -path_delay max
--------------------------------------------------------------------------
Startpoint: rst_n (input port clocked by core_clk)
Endpoint: out_count[13]$_DFFE_PN0P_
          (recovery check against rising-edge clock core_clk)
Path Group: asynchronous
Path Type: max

Fanout     Cap    Slew   Delay    Time   Description
-----------------------------------------------------------------------------
                          0.00    0.00   clock core_clk (rise edge)
                          0.00    0.00   clock network delay (propagated)
                          2.40    2.40 ^ input external delay
     1    0.00    0.00    0.00    2.40 ^ rst_n (in)
                                         rst_n (net)
                  0.00    0.00    2.40 ^ input294/A (sky130_fd_sc_hd__buf_2)
    20    0.12    0.57    0.44    2.84 ^ input294/X (sky130_fd_sc_hd__buf_2)
                                         net293 (net)
                  0.57    0.02    2.86 ^ place1186/A (sky130_fd_sc_hd__buf_4)
    17    0.10    0.28    0.39    3.25 ^ place1186/X (sky130_fd_sc_hd__buf_4)
                                         net1183 (net)
                  0.28    0.01    3.26 ^ place1185/A (sky130_fd_sc_hd__buf_4)
    25    0.11    0.31    0.37    3.63 ^ place1185/X (sky130_fd_sc_hd__buf_4)
                                         net1182 (net)
                  0.31    0.02    3.65 ^ place1184/A (sky130_fd_sc_hd__buf_4)
    32    0.14    0.39    0.43    4.08 ^ place1184/X (sky130_fd_sc_hd__buf_4)
                                         net1181 (net)
                  0.39    0.01    4.09 ^ place1183/A (sky130_fd_sc_hd__buf_4)
    31    0.16    0.42    0.46    4.55 ^ place1183/X (sky130_fd_sc_hd__buf_4)
                                         net1180 (net)
                  0.43    0.02    4.57 ^ place1182/A (sky130_fd_sc_hd__buf_4)
    28    0.14    0.38    0.43    5.00 ^ place1182/X (sky130_fd_sc_hd__buf_4)
                                         net1179 (net)
                  0.38    0.01    5.01 ^ place1181/A (sky130_fd_sc_hd__buf_4)
    23    0.12    0.32    0.39    5.41 ^ place1181/X (sky130_fd_sc_hd__buf_4)
                                         net1178 (net)
                  0.32    0.01    5.42 ^ out_count[13]$_DFFE_PN0P_/RESET_B (sky130_fd_sc_hd__dfrtp_1)
                                  5.42   data arrival time

                         12.00   12.00   clock core_clk (rise edge)
                          0.00   12.00   clock source latency
     2    0.08    0.00    0.00   12.00 ^ clk (in)
                                         clk (net)
                  0.01    0.00   12.00 ^ clkbuf_0_clk/A (sky130_fd_sc_hd__clkbuf_16)
    16    0.33    0.33    0.32   12.32 ^ clkbuf_0_clk/X (sky130_fd_sc_hd__clkbuf_16)
                                         clknet_0_clk (net)
                  0.33    0.01   12.33 ^ clkbuf_4_15_0_clk/A (sky130_fd_sc_hd__clkbuf_16)
    15    0.18    0.20    0.33   12.66 ^ clkbuf_4_15_0_clk/X (sky130_fd_sc_hd__clkbuf_16)
                                         clknet_4_15_0_clk (net)
                  0.20    0.01   12.67 ^ clkbuf_leaf_80_clk/A (sky130_fd_sc_hd__clkbuf_16)
    12    0.04    0.06    0.19   12.86 ^ clkbuf_leaf_80_clk/X (sky130_fd_sc_hd__clkbuf_16)
                                         clknet_leaf_80_clk (net)
                  0.06    0.00   12.87 ^ out_count[13]$_DFFE_PN0P_/CLK (sky130_fd_sc_hd__dfrtp_1)
                          0.00   12.87   clock reconvergence pessimism
                          0.16   13.03   library recovery time
                                 13.03   data required time
-----------------------------------------------------------------------------
                                 13.03   data required time
                                 -5.42   data arrival time
-----------------------------------------------------------------------------
                                  7.61   slack (MET)


Startpoint: cfg_count[0] (input port clocked by core_clk)
Endpoint: scale_words[6]$_DFFE_PN0P_
          (rising edge-triggered flip-flop clocked by core_clk)
Path Group: core_clk
Path Type: max

Fanout     Cap    Slew   Delay    Time   Description
-----------------------------------------------------------------------------
                          0.00    0.00   clock core_clk (rise edge)
                          0.00    0.00   clock network delay (propagated)
                          2.40    2.40 ^ input external delay
     1    0.00    0.00    0.00    2.40 ^ cfg_count[0] (in)
                                         cfg_count[0] (net)
                  0.00    0.00    2.40 ^ input70/A (sky130_fd_sc_hd__clkdlybuf4s50_1)
     3    0.01    0.12    0.51    2.91 ^ input70/X (sky130_fd_sc_hd__clkdlybuf4s50_1)
                                         net69 (net)
                  0.12    0.00    2.91 ^ _08426_/A (sky130_fd_sc_hd__inv_1)
     1    0.00    0.04    0.06    2.97 v _08426_/Y (sky130_fd_sc_hd__inv_1)
                                         _00177_ (net)
                  0.04    0.00    2.97 v _15519_/A (sky130_fd_sc_hd__ha_1)
     2    0.01    0.07    0.22    3.19 v _15519_/COUT (sky130_fd_sc_hd__ha_1)
                                         _00021_ (net)
                  0.07    0.00    3.19 v _15451_/CIN (sky130_fd_sc_hd__fa_1)
     2    0.01    0.10    0.41    3.60 v _15451_/COUT (sky130_fd_sc_hd__fa_1)
                                         _00022_ (net)
                  0.10    0.00    3.60 v _11788_/A_N (sky130_fd_sc_hd__nand2b_1)
     2    0.01    0.08    0.19    3.79 v _11788_/Y (sky130_fd_sc_hd__nand2b_1)
                                         _06107_ (net)
                  0.08    0.00    3.79 v _11791_/A2 (sky130_fd_sc_hd__a21oi_1)
     6    0.03    0.64    0.54    4.33 ^ _11791_/Y (sky130_fd_sc_hd__a21oi_1)
                                         _06110_ (net)
                  0.64    0.00    4.34 ^ _12005_/A1 (sky130_fd_sc_hd__o21ai_1)
     5    0.02    0.21    0.29    4.63 v _12005_/Y (sky130_fd_sc_hd__o21ai_1)
                                         _06274_ (net)
                  0.21    0.00    4.63 v _12130_/A1 (sky130_fd_sc_hd__a21boi_1)
     3    0.01    0.26    0.29    4.92 ^ _12130_/Y (sky130_fd_sc_hd__a21boi_1)
                                         _06399_ (net)
                  0.26    0.00    4.92 ^ _12152_/B (sky130_fd_sc_hd__nor3_1)
     1    0.00    0.06    0.08    5.01 v _12152_/Y (sky130_fd_sc_hd__nor3_1)
                                         _06421_ (net)
                  0.06    0.00    5.01 v _12158_/A2 (sky130_fd_sc_hd__a2111oi_0)
     1    0.01    0.50    0.52    5.52 ^ _12158_/Y (sky130_fd_sc_hd__a2111oi_0)
                                         _06427_ (net)
                  0.50    0.00    5.52 ^ _12159_/D (sky130_fd_sc_hd__nand4_1)
     1    0.01    0.16    0.22    5.74 v _12159_/Y (sky130_fd_sc_hd__nand4_1)
                                         _06428_ (net)
                  0.16    0.00    5.74 v _12174_/C (sky130_fd_sc_hd__nor4_4)
     1    0.02    0.31    0.34    6.09 ^ _12174_/Y (sky130_fd_sc_hd__nor4_4)
                                         _06443_ (net)
                  0.31    0.00    6.09 ^ place1057/A (sky130_fd_sc_hd__buf_4)
    25    0.09    0.26    0.34    6.43 ^ place1057/X (sky130_fd_sc_hd__buf_4)
                                         net1054 (net)
                  0.26    0.01    6.43 ^ place1056/A (sky130_fd_sc_hd__buf_4)
    21    0.08    0.22    0.30    6.74 ^ place1056/X (sky130_fd_sc_hd__buf_4)
                                         net1053 (net)
                  0.22    0.00    6.74 ^ _12175_/C (sky130_fd_sc_hd__and3_2)
    22    0.08    0.41    0.49    7.23 ^ _12175_/X (sky130_fd_sc_hd__and3_2)
                                         _06444_ (net)
                  0.41    0.00    7.24 ^ _12211_/A1 (sky130_fd_sc_hd__o21ai_0)
     1    0.00    0.11    0.17    7.41 v _12211_/Y (sky130_fd_sc_hd__o21ai_0)
                                         _01275_ (net)
                  0.11    0.00    7.41 v scale_words[6]$_DFFE_PN0P_/D (sky130_fd_sc_hd__dfrtp_1)
                                  7.41   data arrival time

                         12.00   12.00   clock core_clk (rise edge)
                          0.00   12.00   clock source latency
     2    0.08    0.00    0.00   12.00 ^ clk (in)
                                         clk (net)
                  0.01    0.00   12.00 ^ clkbuf_0_clk/A (sky130_fd_sc_hd__clkbuf_16)
    16    0.33    0.33    0.32   12.32 ^ clkbuf_0_clk/X (sky130_fd_sc_hd__clkbuf_16)
                                         clknet_0_clk (net)
                  0.33    0.01   12.33 ^ clkbuf_4_3_0_clk/A (sky130_fd_sc_hd__clkbuf_16)
     7    0.13    0.14    0.29   12.62 ^ clkbuf_4_3_0_clk/X (sky130_fd_sc_hd__clkbuf_16)
                                         clknet_4_3_0_clk (net)
                  0.14    0.00   12.63 ^ clkbuf_leaf_14_clk/A (sky130_fd_sc_hd__clkbuf_16)
     8    0.04    0.06    0.18   12.81 ^ clkbuf_leaf_14_clk/X (sky130_fd_sc_hd__clkbuf_16)
                                         clknet_leaf_14_clk (net)
                  0.06    0.00   12.81 ^ scale_words[6]$_DFFE_PN0P_/CLK (sky130_fd_sc_hd__dfrtp_1)
                          0.00   12.81   clock reconvergence pessimism
                         -0.14   12.67   library setup time
                                 12.67   data required time
-----------------------------------------------------------------------------
                                 12.67   data required time
                                 -7.41   data arrival time
-----------------------------------------------------------------------------
                                  5.26   slack (MET)



==========================================================================
finish report_checks -unconstrained
--------------------------------------------------------------------------
Startpoint: rst_n (input port clocked by core_clk)
Endpoint: out_count[13]$_DFFE_PN0P_
          (recovery check against rising-edge clock core_clk)
Path Group: asynchronous
Path Type: max

Fanout     Cap    Slew   Delay    Time   Description
-----------------------------------------------------------------------------
                          0.00    0.00   clock core_clk (rise edge)
                          0.00    0.00   clock network delay (propagated)
                          2.40    2.40 ^ input external delay
     1    0.00    0.00    0.00    2.40 ^ rst_n (in)
                                         rst_n (net)
                  0.00    0.00    2.40 ^ input294/A (sky130_fd_sc_hd__buf_2)
    20    0.12    0.57    0.44    2.84 ^ input294/X (sky130_fd_sc_hd__buf_2)
                                         net293 (net)
                  0.57    0.02    2.86 ^ place1186/A (sky130_fd_sc_hd__buf_4)
    17    0.10    0.28    0.39    3.25 ^ place1186/X (sky130_fd_sc_hd__buf_4)
                                         net1183 (net)
                  0.28    0.01    3.26 ^ place1185/A (sky130_fd_sc_hd__buf_4)
    25    0.11    0.31    0.37    3.63 ^ place1185/X (sky130_fd_sc_hd__buf_4)
                                         net1182 (net)
                  0.31    0.02    3.65 ^ place1184/A (sky130_fd_sc_hd__buf_4)
    32    0.14    0.39    0.43    4.08 ^ place1184/X (sky130_fd_sc_hd__buf_4)
                                         net1181 (net)
                  0.39    0.01    4.09 ^ place1183/A (sky130_fd_sc_hd__buf_4)
    31    0.16    0.42    0.46    4.55 ^ place1183/X (sky130_fd_sc_hd__buf_4)
                                         net1180 (net)
                  0.43    0.02    4.57 ^ place1182/A (sky130_fd_sc_hd__buf_4)
    28    0.14    0.38    0.43    5.00 ^ place1182/X (sky130_fd_sc_hd__buf_4)
                                         net1179 (net)
                  0.38    0.01    5.01 ^ place1181/A (sky130_fd_sc_hd__buf_4)
    23    0.12    0.32    0.39    5.41 ^ place1181/X (sky130_fd_sc_hd__buf_4)
                                         net1178 (net)
                  0.32    0.01    5.42 ^ out_count[13]$_DFFE_PN0P_/RESET_B (sky130_fd_sc_hd__dfrtp_1)
                                  5.42   data arrival time

                         12.00   12.00   clock core_clk (rise edge)
                          0.00   12.00   clock source latency
     2    0.08    0.00    0.00   12.00 ^ clk (in)
                                         clk (net)
                  0.01    0.00   12.00 ^ clkbuf_0_clk/A (sky130_fd_sc_hd__clkbuf_16)
    16    0.33    0.33    0.32   12.32 ^ clkbuf_0_clk/X (sky130_fd_sc_hd__clkbuf_16)
                                         clknet_0_clk (net)
                  0.33    0.01   12.33 ^ clkbuf_4_15_0_clk/A (sky130_fd_sc_hd__clkbuf_16)
    15    0.18    0.20    0.33   12.66 ^ clkbuf_4_15_0_clk/X (sky130_fd_sc_hd__clkbuf_16)
                                         clknet_4_15_0_clk (net)
                  0.20    0.01   12.67 ^ clkbuf_leaf_80_clk/A (sky130_fd_sc_hd__clkbuf_16)
    12    0.04    0.06    0.19   12.86 ^ clkbuf_leaf_80_clk/X (sky130_fd_sc_hd__clkbuf_16)
                                         clknet_leaf_80_clk (net)
                  0.06    0.00   12.87 ^ out_count[13]$_DFFE_PN0P_/CLK (sky130_fd_sc_hd__dfrtp_1)
                          0.00   12.87   clock reconvergence pessimism
                          0.16   13.03   library recovery time
                                 13.03   data required time
-----------------------------------------------------------------------------
                                 13.03   data required time
                                 -5.42   data arrival time
-----------------------------------------------------------------------------
                                  7.61   slack (MET)


Startpoint: cfg_count[0] (input port clocked by core_clk)
Endpoint: scale_words[6]$_DFFE_PN0P_
          (rising edge-triggered flip-flop clocked by core_clk)
Path Group: core_clk
Path Type: max

Fanout     Cap    Slew   Delay    Time   Description
-----------------------------------------------------------------------------
                          0.00    0.00   clock core_clk (rise edge)
                          0.00    0.00   clock network delay (propagated)
                          2.40    2.40 ^ input external delay
     1    0.00    0.00    0.00    2.40 ^ cfg_count[0] (in)
                                         cfg_count[0] (net)
                  0.00    0.00    2.40 ^ input70/A (sky130_fd_sc_hd__clkdlybuf4s50_1)
     3    0.01    0.12    0.51    2.91 ^ input70/X (sky130_fd_sc_hd__clkdlybuf4s50_1)
                                         net69 (net)
                  0.12    0.00    2.91 ^ _08426_/A (sky130_fd_sc_hd__inv_1)
     1    0.00    0.04    0.06    2.97 v _08426_/Y (sky130_fd_sc_hd__inv_1)
                                         _00177_ (net)
                  0.04    0.00    2.97 v _15519_/A (sky130_fd_sc_hd__ha_1)
     2    0.01    0.07    0.22    3.19 v _15519_/COUT (sky130_fd_sc_hd__ha_1)
                                         _00021_ (net)
                  0.07    0.00    3.19 v _15451_/CIN (sky130_fd_sc_hd__fa_1)
     2    0.01    0.10    0.41    3.60 v _15451_/COUT (sky130_fd_sc_hd__fa_1)
                                         _00022_ (net)
                  0.10    0.00    3.60 v _11788_/A_N (sky130_fd_sc_hd__nand2b_1)
     2    0.01    0.08    0.19    3.79 v _11788_/Y (sky130_fd_sc_hd__nand2b_1)
                                         _06107_ (net)
                  0.08    0.00    3.79 v _11791_/A2 (sky130_fd_sc_hd__a21oi_1)
     6    0.03    0.64    0.54    4.33 ^ _11791_/Y (sky130_fd_sc_hd__a21oi_1)
                                         _06110_ (net)
                  0.64    0.00    4.34 ^ _12005_/A1 (sky130_fd_sc_hd__o21ai_1)
     5    0.02    0.21    0.29    4.63 v _12005_/Y (sky130_fd_sc_hd__o21ai_1)
                                         _06274_ (net)
                  0.21    0.00    4.63 v _12130_/A1 (sky130_fd_sc_hd__a21boi_1)
     3    0.01    0.26    0.29    4.92 ^ _12130_/Y (sky130_fd_sc_hd__a21boi_1)
                                         _06399_ (net)
                  0.26    0.00    4.92 ^ _12152_/B (sky130_fd_sc_hd__nor3_1)
     1    0.00    0.06    0.08    5.01 v _12152_/Y (sky130_fd_sc_hd__nor3_1)
                                         _06421_ (net)
                  0.06    0.00    5.01 v _12158_/A2 (sky130_fd_sc_hd__a2111oi_0)
     1    0.01    0.50    0.52    5.52 ^ _12158_/Y (sky130_fd_sc_hd__a2111oi_0)
                                         _06427_ (net)
                  0.50    0.00    5.52 ^ _12159_/D (sky130_fd_sc_hd__nand4_1)
     1    0.01    0.16    0.22    5.74 v _12159_/Y (sky130_fd_sc_hd__nand4_1)
                                         _06428_ (net)
                  0.16    0.00    5.74 v _12174_/C (sky130_fd_sc_hd__nor4_4)
     1    0.02    0.31    0.34    6.09 ^ _12174_/Y (sky130_fd_sc_hd__nor4_4)
                                         _06443_ (net)
                  0.31    0.00    6.09 ^ place1057/A (sky130_fd_sc_hd__buf_4)
    25    0.09    0.26    0.34    6.43 ^ place1057/X (sky130_fd_sc_hd__buf_4)
                                         net1054 (net)
                  0.26    0.01    6.43 ^ place1056/A (sky130_fd_sc_hd__buf_4)
    21    0.08    0.22    0.30    6.74 ^ place1056/X (sky130_fd_sc_hd__buf_4)
                                         net1053 (net)
                  0.22    0.00    6.74 ^ _12175_/C (sky130_fd_sc_hd__and3_2)
    22    0.08    0.41    0.49    7.23 ^ _12175_/X (sky130_fd_sc_hd__and3_2)
                                         _06444_ (net)
                  0.41    0.00    7.24 ^ _12211_/A1 (sky130_fd_sc_hd__o21ai_0)
     1    0.00    0.11    0.17    7.41 v _12211_/Y (sky130_fd_sc_hd__o21ai_0)
                                         _01275_ (net)
                  0.11    0.00    7.41 v scale_words[6]$_DFFE_PN0P_/D (sky130_fd_sc_hd__dfrtp_1)
                                  7.41   data arrival time

                         12.00   12.00   clock core_clk (rise edge)
                          0.00   12.00   clock source latency
     2    0.08    0.00    0.00   12.00 ^ clk (in)
                                         clk (net)
                  0.01    0.00   12.00 ^ clkbuf_0_clk/A (sky130_fd_sc_hd__clkbuf_16)
    16    0.33    0.33    0.32   12.32 ^ clkbuf_0_clk/X (sky130_fd_sc_hd__clkbuf_16)
                                         clknet_0_clk (net)
                  0.33    0.01   12.33 ^ clkbuf_4_3_0_clk/A (sky130_fd_sc_hd__clkbuf_16)
     7    0.13    0.14    0.29   12.62 ^ clkbuf_4_3_0_clk/X (sky130_fd_sc_hd__clkbuf_16)
                                         clknet_4_3_0_clk (net)
                  0.14    0.00   12.63 ^ clkbuf_leaf_14_clk/A (sky130_fd_sc_hd__clkbuf_16)
     8    0.04    0.06    0.18   12.81 ^ clkbuf_leaf_14_clk/X (sky130_fd_sc_hd__clkbuf_16)
                                         clknet_leaf_14_clk (net)
                  0.06    0.00   12.81 ^ scale_words[6]$_DFFE_PN0P_/CLK (sky130_fd_sc_hd__dfrtp_1)
                          0.00   12.81   clock reconvergence pessimism
                         -0.14   12.67   library setup time
                                 12.67   data required time
-----------------------------------------------------------------------------
                                 12.67   data required time
                                 -7.41   data arrival time
-----------------------------------------------------------------------------
                                  5.26   slack (MET)



==========================================================================
finish report_check_types -max_slew -max_cap -max_fanout -violators
--------------------------------------------------------------------------

==========================================================================
finish max_slew_check_slack
--------------------------------------------------------------------------
0.531436026096344

==========================================================================
finish max_slew_check_limit
--------------------------------------------------------------------------
1.4944789409637451

==========================================================================
finish max_slew_check_slack_limit
--------------------------------------------------------------------------
0.3556

==========================================================================
finish max_fanout_check_slack
--------------------------------------------------------------------------
0.0

==========================================================================
finish max_fanout_check_limit
--------------------------------------------------------------------------
32.0

==========================================================================
finish max_fanout_check_slack_limit
--------------------------------------------------------------------------
0.0000

==========================================================================
finish max_capacitance_check_slack
--------------------------------------------------------------------------
0.010894669219851494

==========================================================================
finish max_capacitance_check_limit
--------------------------------------------------------------------------
0.021067000925540924

==========================================================================
finish max_capacitance_check_slack_limit
--------------------------------------------------------------------------
0.5171

==========================================================================
finish max_slew_violation_count
--------------------------------------------------------------------------
max slew violation count 0

==========================================================================
finish max_fanout_violation_count
--------------------------------------------------------------------------
max fanout violation count 0

==========================================================================
finish max_cap_violation_count
--------------------------------------------------------------------------
max cap violation count 0

==========================================================================
finish setup_violation_count
--------------------------------------------------------------------------
setup violation count 0

==========================================================================
finish hold_violation_count
--------------------------------------------------------------------------
hold violation count 0

==========================================================================
finish report_checks -path_delay max reg to reg
--------------------------------------------------------------------------
Startpoint: group_position[4]$_DFFE_PN0P_
            (rising edge-triggered flip-flop clocked by core_clk)
Endpoint: u_scale_fetch.next_addr[21]$_DFFE_PN0P_
          (rising edge-triggered flip-flop clocked by core_clk)
Path Group: core_clk
Path Type: max

  Delay    Time   Description
---------------------------------------------------------
   0.00    0.00   clock core_clk (rise edge)
   0.00    0.00   clock source latency
   0.00    0.00 ^ clk (in)
   0.32    0.32 ^ clkbuf_0_clk/X (sky130_fd_sc_hd__clkbuf_16)
   0.33    0.65 ^ clkbuf_4_1_0_clk/X (sky130_fd_sc_hd__clkbuf_16)
   0.19    0.84 ^ clkbuf_leaf_163_clk/X (sky130_fd_sc_hd__clkbuf_16)
   0.00    0.84 ^ group_position[4]$_DFFE_PN0P_/CLK (sky130_fd_sc_hd__dfrtp_1)
   0.42    1.26 ^ group_position[4]$_DFFE_PN0P_/Q (sky130_fd_sc_hd__dfrtp_1)
   0.19    1.45 ^ _08156_/X (sky130_fd_sc_hd__and3_1)
   0.28    1.72 ^ _08468_/X (sky130_fd_sc_hd__and3_1)
   0.12    1.85 v _08475_/Y (sky130_fd_sc_hd__nand3_1)
   0.22    2.07 ^ _08476_/Y (sky130_fd_sc_hd__xnor2_1)
   0.28    2.35 v _15769_/SUM (sky130_fd_sc_hd__ha_1)
   0.28    2.63 v _08149_/X (sky130_fd_sc_hd__a211o_1)
   0.19    2.82 ^ _08150_/Y (sky130_fd_sc_hd__a211oi_1)
   0.15    2.97 v _08151_/Y (sky130_fd_sc_hd__o21ai_0)
   0.39    3.36 ^ _08162_/Y (sky130_fd_sc_hd__a21oi_1)
   0.29    3.65 ^ _08163_/Y (sky130_fd_sc_hd__nand2b_1)
   0.35    4.01 ^ _08183_/X (sky130_fd_sc_hd__o41a_1)
   0.08    4.09 v _08184_/Y (sky130_fd_sc_hd__nor2_2)
   0.06    4.15 ^ _08186_/Y (sky130_fd_sc_hd__inv_1)
   0.22    4.37 v _15601_/SUM (sky130_fd_sc_hd__ha_1)
   0.13    4.50 ^ _08039_/Y (sky130_fd_sc_hd__inv_1)
   0.27    4.77 v _15682_/SUM (sky130_fd_sc_hd__ha_1)
   0.21    4.98 v _15547_/COUT (sky130_fd_sc_hd__ha_1)
   0.47    5.44 v _15459_/SUM (sky130_fd_sc_hd__fa_1)
   0.36    5.81 ^ _13630_/Y (sky130_fd_sc_hd__nor2_1)
   0.35    6.16 ^ _13710_/X (sky130_fd_sc_hd__o21a_1)
   0.53    6.69 ^ place1034/X (sky130_fd_sc_hd__buf_4)
   0.34    7.03 ^ _13881_/X (sky130_fd_sc_hd__and2_1)
   0.09    7.12 v _13917_/Y (sky130_fd_sc_hd__nand2_1)
   0.14    7.26 ^ _13918_/Y (sky130_fd_sc_hd__xnor2_1)
   0.05    7.31 v _13919_/Y (sky130_fd_sc_hd__nor2_1)
   0.11    7.43 ^ _13920_/Y (sky130_fd_sc_hd__a21oi_1)
   0.00    7.43 ^ u_scale_fetch.next_addr[21]$_DFFE_PN0P_/D (sky130_fd_sc_hd__dfrtp_1)
           7.43   data arrival time

  12.00   12.00   clock core_clk (rise edge)
   0.00   12.00   clock source latency
   0.00   12.00 ^ clk (in)
   0.32   12.32 ^ clkbuf_0_clk/X (sky130_fd_sc_hd__clkbuf_16)
   0.35   12.67 ^ clkbuf_4_11_0_clk/X (sky130_fd_sc_hd__clkbuf_16)
   0.20   12.87 ^ clkbuf_leaf_48_clk/X (sky130_fd_sc_hd__clkbuf_16)
   0.00   12.87 ^ u_scale_fetch.next_addr[21]$_DFFE_PN0P_/CLK (sky130_fd_sc_hd__dfrtp_1)
   0.00   12.87   clock reconvergence pessimism
  -0.07   12.80   library setup time
          12.80   data required time
---------------------------------------------------------
          12.80   data required time
          -7.43   data arrival time
---------------------------------------------------------
           5.37   slack (MET)



==========================================================================
finish report_checks -path_delay min reg to reg
--------------------------------------------------------------------------
Startpoint: g_lane[2].u_lane.s3_sign$_DFF_PN0_
            (rising edge-triggered flip-flop clocked by core_clk)
Endpoint: g_lane[2].u_lane.s4_sign$_DFF_PN0_
          (rising edge-triggered flip-flop clocked by core_clk)
Path Group: core_clk
Path Type: min

  Delay    Time   Description
---------------------------------------------------------
   0.00    0.00   clock core_clk (rise edge)
   0.00    0.00   clock source latency
   0.00    0.00 ^ clk (in)
   0.32    0.32 ^ clkbuf_0_clk/X (sky130_fd_sc_hd__clkbuf_16)
   0.32    0.65 ^ clkbuf_4_9_0_clk/X (sky130_fd_sc_hd__clkbuf_16)
   0.19    0.83 ^ clkbuf_leaf_58_clk/X (sky130_fd_sc_hd__clkbuf_16)
   0.00    0.83 ^ g_lane[2].u_lane.s3_sign$_DFF_PN0_/CLK (sky130_fd_sc_hd__dfrtp_1)
   0.31    1.15 ^ g_lane[2].u_lane.s3_sign$_DFF_PN0_/Q (sky130_fd_sc_hd__dfrtp_1)
   0.00    1.15 ^ g_lane[2].u_lane.s4_sign$_DFF_PN0_/D (sky130_fd_sc_hd__dfrtp_1)
           1.15   data arrival time

   0.00    0.00   clock core_clk (rise edge)
   0.00    0.00   clock source latency
   0.00    0.00 ^ clk (in)
   0.32    0.32 ^ clkbuf_0_clk/X (sky130_fd_sc_hd__clkbuf_16)
   0.34    0.66 ^ clkbuf_4_12_0_clk/X (sky130_fd_sc_hd__clkbuf_16)
   0.20    0.87 ^ clkbuf_leaf_110_clk/X (sky130_fd_sc_hd__clkbuf_16)
   0.00    0.87 ^ g_lane[2].u_lane.s4_sign$_DFF_PN0_/CLK (sky130_fd_sc_hd__dfrtp_1)
   0.00    0.87   clock reconvergence pessimism
  -0.03    0.84   library hold time
           0.84   data required time
---------------------------------------------------------
           0.84   data required time
          -1.15   data arrival time
---------------------------------------------------------
           0.31   slack (MET)



==========================================================================
finish critical path target clock latency max path
--------------------------------------------------------------------------
0.8653

==========================================================================
finish critical path target clock latency min path
--------------------------------------------------------------------------
0.8158

==========================================================================
finish critical path source clock latency min path
--------------------------------------------------------------------------
0.0000

==========================================================================
finish critical path delay
--------------------------------------------------------------------------
7.4084

==========================================================================
finish critical path slack
--------------------------------------------------------------------------
5.2639

==========================================================================
finish slack div critical path delay
--------------------------------------------------------------------------
71.053129

==========================================================================
finish report_power
--------------------------------------------------------------------------
Group                  Internal  Switching    Leakage      Total
                          Power      Power      Power      Power (Watts)
----------------------------------------------------------------
Sequential             7.28e-03   1.47e-03   2.04e-08   8.75e-03  33.7%
Combinational          4.34e-03   6.60e-03   2.32e-08   1.09e-02  42.2%
Clock                  3.72e-03   2.54e-03   3.32e-09   6.25e-03  24.1%
Macro                  0.00e+00   0.00e+00   0.00e+00   0.00e+00   0.0%
Pad                    0.00e+00   0.00e+00   0.00e+00   0.00e+00   0.0%
----------------------------------------------------------------
Total                  1.53e-02   1.06e-02   4.69e-08   2.59e-02 100.0%
                          59.1%      40.9%       0.0%
