[INFO GPL-0058] White space area:              764.240 um^2 (+0.00%)
[INFO GPL-0059] Movable instances area:        221.630 um^2 (+0.00%)
[INFO GPL-0060] Total filler area:             190.041 um^2 (+0.00%)
[INFO GPL-0061] Total non-inflated area:       221.450 um^2 (+0.00%)
[INFO GPL-0062] Total inflated area:           221.450 um^2 (+0.00%)
[INFO GPL-0063] New Target Density:             0.2900
[INFO GPL-0058] White space area:              752.284 um^2 (+0.00%)
[INFO GPL-0059] Movable instances area:        218.162 um^2 (+0.00%)
[INFO GPL-0060] Total filler area:             185.120 um^2 (+0.00%)
[INFO GPL-0061] Total non-inflated area:       218.023 um^2 (+0.00%)
[INFO GPL-0062] Total inflated area:           218.023 um^2 (+0.00%)
[INFO GPL-0063] New Target Density:             0.2900
[INFO GPL-0058] White space area:              764.211 um^2 (+0.00%)
[INFO GPL-0059] Movable instances area:        221.621 um^2 (+0.00%)
[INFO GPL-0060] Total filler area:             220.783 um^2 (+0.00%)
[INFO GPL-0061] Total non-inflated area:       220.899 um^2 (+0.00%)
[INFO GPL-0062] Total inflated area:           220.899 um^2 (+0.00%)
[INFO GPL-0063] New Target Density:             0.2900
[INFO GPL-0058] White space area:              750.564 um^2 (+0.00%)
[INFO GPL-0059] Movable instances area:        217.664 um^2 (+0.00%)
[INFO GPL-0060] Total filler area:             184.780 um^2 (+0.00%)
[INFO GPL-0061] Total non-inflated area:       217.490 um^2 (+0.00%)
[INFO GPL-0062] Total inflated area:           217.490 um^2 (+0.00%)
[INFO GPL-0063] New Target Density:             0.2900
[INFO GPL-0087] Routability end iteration: increase inflation and revert back to snapshot.
Iteration | Overflow |     HPWL (um) |  HPWL(%) |   Penalty | Group
---------------------------------------------------------------
      940 |   0.3698 |  4.181083e+06 |   -4.60% |  8.14e-09 |      
      940 |   0.5860 |  4.181083e+06 |   -4.60% |  3.54e-08 |  (fh_lane_0)
      940 |   0.6571 |  4.181083e+06 |   -4.60% |  3.28e-08 |  (fh_lane_10)
