OpenROAD v2.0-17598-ga008522d8 
Features included (+) or not (-): +Charts +GPU +GUI +Python : None
This program is licensed under the BSD-3 license. See the LICENSE file for details.
Components of this program may be licensed under more restrictive licenses which must be honored.
[INFO ODB-0227] LEF file: /tmp/bf_phase_sta_fixture/asap7_tech_1x_201209.lef, created 30 layers, 9 vias
[INFO ODB-0227] LEF file: /tmp/bf_phase_sta_fixture/asap7sc7p5t_28_R_1x_220121a.lef, created 212 library cells
Startpoint: din (input port clocked by clk)
Endpoint: ff (rising edge-triggered flip-flop clocked by clk)
Path Group: clk
Path Type: min

      Delay        Time   Description
-----------------------------------------------------------------
   0.000000    0.000000   clock clk (rise edge)
   0.000000    0.000000   clock network delay (ideal)
   0.000000    0.000000 ^ input external delay
   0.000000    0.000000 ^ din (in)
  16.888109   16.888109 ^ original_input/Y (BUFx2_ASAP7_75t_R)
  40.647892   57.535999 ^ h0/Y (HB4xp67_ASAP7_75t_R)
  44.484352  102.020348 ^ h1/Y (HB4xp67_ASAP7_75t_R)
  44.711277  146.731628 ^ h2/Y (HB4xp67_ASAP7_75t_R)
   0.000000  146.731628 ^ ff/D (DFFHQNx1_ASAP7_75t_R)
             146.731628   data arrival time

   0.000000    0.000000   clock clk (rise edge)
   0.000000    0.000000   clock network delay (ideal)
   0.000000    0.000000   clock reconvergence pessimism
               0.000000 ^ ff/CLK (DFFHQNx1_ASAP7_75t_R)
  -2.336700   -2.336700   library hold time
              -2.336700   data required time
-----------------------------------------------------------------
              -2.336700   data required time
            -146.731628   data arrival time
-----------------------------------------------------------------
             149.068329   slack (MET)


Startpoint: din (input port clocked by clk)
Endpoint: ff (rising edge-triggered flip-flop clocked by clk)
Path Group: clk
Path Type: max

      Delay        Time   Description
-----------------------------------------------------------------
   0.000000    0.000000   clock clk (rise edge)
   0.000000    0.000000   clock network delay (ideal)
   0.000000    0.000000 v input external delay
   0.000000    0.000000 v din (in)
  18.376411   18.376411 v original_input/Y (BUFx2_ASAP7_75t_R)
  49.619446   67.995857 v h0/Y (HB4xp67_ASAP7_75t_R)
  53.537605  121.533463 v h1/Y (HB4xp67_ASAP7_75t_R)
  52.617176  174.150635 v h2/Y (HB4xp67_ASAP7_75t_R)
   0.000000  174.150635 v ff/D (DFFHQNx1_ASAP7_75t_R)
             174.150635   data arrival time

 833.333008  833.333008   clock clk (rise edge)
   0.000000  833.333008   clock network delay (ideal)
   0.000000  833.333008   clock reconvergence pessimism
             833.333008 ^ ff/CLK (DFFHQNx1_ASAP7_75t_R)
 -13.026580  820.306458   library setup time
             820.306458   data required time
-----------------------------------------------------------------
             820.306458   data required time
            -174.150635   data arrival time
-----------------------------------------------------------------
             646.155823   slack (MET)


