OpenROAD v2.0-17598-ga008522d8 
Features included (+) or not (-): +Charts +GPU +GUI +Python : None
This program is licensed under the BSD-3 license. See the LICENSE file for details.
Components of this program may be licensed under more restrictive licenses which must be honored.
[INFO ODB-0227] LEF file: /tmp/bf_phase_sta_fixture/asap7_tech_1x_201209.lef, created 30 layers, 9 vias
[INFO ODB-0227] LEF file: /tmp/bf_phase_sta_fixture/asap7sc7p5t_28_R_1x_220121a.lef, created 212 library cells
Startpoint: din (input port clocked by clk)
Endpoint: ff (rising edge-triggered flip-flop clocked by clk)
Path Group: clk
Path Type: min

      Delay        Time   Description
-----------------------------------------------------------------
   0.000000    0.000000   clock clk (rise edge)
   0.000000    0.000000   clock network delay (ideal)
   0.000000    0.000000 ^ input external delay
   0.000000    0.000000 ^ din (in)
  21.307829   21.307829 ^ original_input/Y (BUFx2_ASAP7_75t_R)
  73.119324   94.427155 ^ h0/Y (HB4xp67_ASAP7_75t_R)
  80.369583  174.796738 ^ h1/Y (HB4xp67_ASAP7_75t_R)
  81.222473  256.019196 ^ h2/Y (HB4xp67_ASAP7_75t_R)
   0.000000  256.019196 ^ ff/D (DFFHQNx1_ASAP7_75t_R)
             256.019196   data arrival time

   0.000000    0.000000   clock clk (rise edge)
   0.000000    0.000000   clock network delay (ideal)
   0.000000    0.000000   clock reconvergence pessimism
               0.000000 ^ ff/CLK (DFFHQNx1_ASAP7_75t_R)
 -13.469891  -13.469891   library hold time
             -13.469891   data required time
-----------------------------------------------------------------
             -13.469891   data required time
            -256.019196   data arrival time
-----------------------------------------------------------------
             269.489105   slack (MET)


Startpoint: din (input port clocked by clk)
Endpoint: ff (rising edge-triggered flip-flop clocked by clk)
Path Group: clk
Path Type: max

      Delay        Time   Description
-----------------------------------------------------------------
   0.000000    0.000000   clock clk (rise edge)
   0.000000    0.000000   clock network delay (ideal)
   0.000000    0.000000 v input external delay
   0.000000    0.000000 v din (in)
  25.830654   25.830654 v original_input/Y (BUFx2_ASAP7_75t_R)
 101.966003  127.796661 v h0/Y (HB4xp67_ASAP7_75t_R)
 109.169563  236.966232 v h1/Y (HB4xp67_ASAP7_75t_R)
 107.287682  344.253906 v h2/Y (HB4xp67_ASAP7_75t_R)
   0.000000  344.253906 v ff/D (DFFHQNx1_ASAP7_75t_R)
             344.253906   data arrival time

 833.333008  833.333008   clock clk (rise edge)
   0.000000  833.333008   clock network delay (ideal)
   0.000000  833.333008   clock reconvergence pessimism
             833.333008 ^ ff/CLK (DFFHQNx1_ASAP7_75t_R)
 -10.873736  822.459290   library setup time
             822.459290   data required time
-----------------------------------------------------------------
             822.459290   data required time
            -344.253906   data arrival time
-----------------------------------------------------------------
             478.205353   slack (MET)


