OpenROAD v2.0-17598-ga008522d8 
Features included (+) or not (-): +Charts +GPU +GUI +Python : None
This program is licensed under the BSD-3 license. See the LICENSE file for details.
Components of this program may be licensed under more restrictive licenses which must be honored.
[INFO ODB-0227] LEF file: /tmp/bf_phase_sta_fixture/asap7_tech_1x_201209.lef, created 30 layers, 9 vias
[INFO ODB-0227] LEF file: /tmp/bf_phase_sta_fixture/asap7sc7p5t_28_R_1x_220121a.lef, created 212 library cells
Startpoint: din (input port clocked by clk)
Endpoint: ff (rising edge-triggered flip-flop clocked by clk)
Path Group: clk
Path Type: min

      Delay        Time   Description
-----------------------------------------------------------------
   0.000000    0.000000   clock clk (rise edge)
   0.000000    0.000000   clock network delay (ideal)
   0.000000    0.000000 ^ input external delay
   0.000000    0.000000 ^ din (in)
  15.964742   15.964742 ^ original_input/Y (BUFx2_ASAP7_75t_R)
  36.717518   52.682262 ^ h0/Y (HB4xp67_ASAP7_75t_R)
  39.438938   92.121201 ^ h1/Y (HB4xp67_ASAP7_75t_R)
  39.438190  131.559387 ^ h2/Y (HB4xp67_ASAP7_75t_R)
  39.676319  171.235703 ^ h3/Y (HB4xp67_ASAP7_75t_R)
   0.000000  171.235703 ^ ff/D (DFFHQNx1_ASAP7_75t_R)
             171.235703   data arrival time

   0.000000    0.000000   clock clk (rise edge)
   0.000000    0.000000   clock network delay (ideal)
   0.000000    0.000000   clock reconvergence pessimism
               0.000000 ^ ff/CLK (DFFHQNx1_ASAP7_75t_R)
  -1.509485   -1.509485   library hold time
              -1.509485   data required time
-----------------------------------------------------------------
              -1.509485   data required time
            -171.235703   data arrival time
-----------------------------------------------------------------
             172.745193   slack (MET)


Startpoint: din (input port clocked by clk)
Endpoint: ff (rising edge-triggered flip-flop clocked by clk)
Path Group: clk
Path Type: max

      Delay        Time   Description
-----------------------------------------------------------------
   0.000000    0.000000   clock clk (rise edge)
   0.000000    0.000000   clock network delay (ideal)
   0.000000    0.000000 v input external delay
   0.000000    0.000000 v din (in)
  17.481924   17.481924 v original_input/Y (BUFx2_ASAP7_75t_R)
  45.996429   63.478355 v h0/Y (HB4xp67_ASAP7_75t_R)
  48.915184  112.393539 v h1/Y (HB4xp67_ASAP7_75t_R)
  48.919773  161.313309 v h2/Y (HB4xp67_ASAP7_75t_R)
  47.838413  209.151718 v h3/Y (HB4xp67_ASAP7_75t_R)
   0.000000  209.151718 v ff/D (DFFHQNx1_ASAP7_75t_R)
             209.151718   data arrival time

 833.333008  833.333008   clock clk (rise edge)
   0.000000  833.333008   clock network delay (ideal)
   0.000000  833.333008   clock reconvergence pessimism
             833.333008 ^ ff/CLK (DFFHQNx1_ASAP7_75t_R)
 -12.162673  821.170349   library setup time
             821.170349   data required time
-----------------------------------------------------------------
             821.170349   data required time
            -209.151718   data arrival time
-----------------------------------------------------------------
             612.018677   slack (MET)


