OpenROAD 26Q3-1510-g6cb3f2b704 
Features included (+) or not (-): +GPU +GUI +Python
This program is licensed under the BSD-3 license. See the LICENSE file for details.
Components of this program may be licensed under more restrictive licenses which must be honored.
[INFO ORD-0030] Using 4 thread(s).
source /OpenROAD-flow-scripts/flow/platforms/asap7/liberty_suppressions.tcl
read_liberty /OpenROAD-flow-scripts/flow/platforms/asap7/lib/NLDM/asap7sc7p5t_AO_RVT_TT_nldm_211120.lib.gz
read_liberty /OpenROAD-flow-scripts/flow/platforms/asap7/lib/NLDM/asap7sc7p5t_INVBUF_RVT_TT_nldm_220122.lib.gz
read_liberty /OpenROAD-flow-scripts/flow/platforms/asap7/lib/NLDM/asap7sc7p5t_OA_RVT_TT_nldm_211120.lib.gz
read_liberty /OpenROAD-flow-scripts/flow/platforms/asap7/lib/NLDM/asap7sc7p5t_SEQ_RVT_TT_nldm_220123.lib
read_liberty /OpenROAD-flow-scripts/flow/platforms/asap7/lib/NLDM/asap7sc7p5t_SIMPLE_RVT_TT_nldm_211120.lib.gz
read_db /work/results/asap7/opentallas_ot_chip_v41x_hbm_karb_pc_local_asap7_codex_v41x_karb_pc_local_power_m9/base/2_3_floorplan_tapcell.odb
read_sdc /work/results/asap7/opentallas_ot_chip_v41x_hbm_karb_pc_local_asap7_codex_v41x_karb_pc_local_power_m9/base/2_1_floorplan.sdc
source /OpenROAD-flow-scripts/flow/platforms/asap7/setRC.tcl
[INFO PDN-0001] Inserting grid: top
[INFO PDN-0500] Runtime: 0.10s
Design area 441 um^2 9% utilization.
write_db /work/results/asap7/opentallas_ot_chip_v41x_hbm_karb_pc_local_asap7_codex_v41x_karb_pc_local_power_m9/base/2_4_floorplan_pdn.odb
Elapsed time: 0:02.01[h:]min:sec. CPU time: user 1.85 sys 0.15 (99%). Peak memory: 209968KB.
Log                       Ext     Elapsed/s Peak Memory/MB sha1sum result [0:20)
2_4_floorplan_pdn         .odb            2            205 a6080abdf8338009ef97
