[WARNING STA-1212] /OpenROAD-flow-scripts/flow/platforms/asap7/lib/NLDM/asap7sc7p5t_SIMPLE_RVT_SS_nldm_211120.lib.gz line 13156, timing group from output port.
[WARNING STA-1212] /OpenROAD-flow-scripts/flow/platforms/asap7/lib/NLDM/asap7sc7p5t_SIMPLE_RVT_SS_nldm_211120.lib.gz line 13189, timing group from output port.
[WARNING STA-1212] /OpenROAD-flow-scripts/flow/platforms/asap7/lib/NLDM/asap7sc7p5t_SIMPLE_RVT_SS_nldm_211120.lib.gz line 13222, timing group from output port.
[WARNING STA-1212] /OpenROAD-flow-scripts/flow/platforms/asap7/lib/NLDM/asap7sc7p5t_SIMPLE_RVT_SS_nldm_211120.lib.gz line 13255, timing group from output port.
[WARNING STA-1212] /OpenROAD-flow-scripts/flow/platforms/asap7/lib/NLDM/asap7sc7p5t_SIMPLE_RVT_SS_nldm_211120.lib.gz line 13288, timing group from output port.
[WARNING STA-1212] /OpenROAD-flow-scripts/flow/platforms/asap7/lib/NLDM/asap7sc7p5t_SIMPLE_RVT_SS_nldm_211120.lib.gz line 13321, timing group from output port.
[WARNING STA-1212] /OpenROAD-flow-scripts/flow/platforms/asap7/lib/NLDM/asap7sc7p5t_SIMPLE_RVT_SS_nldm_211120.lib.gz line 13354, timing group from output port.
[WARNING STA-1212] /OpenROAD-flow-scripts/flow/platforms/asap7/lib/NLDM/asap7sc7p5t_SIMPLE_RVT_SS_nldm_211120.lib.gz line 14748, timing group from output port.
[WARNING STA-1212] /OpenROAD-flow-scripts/flow/platforms/asap7/lib/NLDM/asap7sc7p5t_SIMPLE_RVT_SS_nldm_211120.lib.gz line 14781, timing group from output port.
[WARNING STA-1212] /OpenROAD-flow-scripts/flow/platforms/asap7/lib/NLDM/asap7sc7p5t_SIMPLE_RVT_SS_nldm_211120.lib.gz line 14814, timing group from output port.
[WARNING ORD-2056] The following 9 liberty cell(s) do not have LEF masters and will be marked as dont-use:
  DFFHQNH2V2Xx1_ASAP7_75t_R
  DFFHQNH2V2Xx2_ASAP7_75t_R
  DFFHQNH2V2Xx3_ASAP7_75t_R
  DFFHQNV2Xx1_ASAP7_75t_R
  DFFHQNV2Xx2_ASAP7_75t_R
  DFFHQNV2Xx3_ASAP7_75t_R
  DFFHQNV4Xx1_ASAP7_75t_R
  DFFHQNV4Xx2_ASAP7_75t_R
  DFFHQNV4Xx3_ASAP7_75t_R
 time 1ps
 capacitance 1fF
 resistance 1kohm
 voltage 1v
 current 1mA
 power 1pW
 distance 1um
RC setup
worst slack max -8.97
RC hold
worst slack min 38.79
RC failing setup 13 hold 0 of 53950
RC group dr_ready_in max
Startpoint: u_l.q[0]$_DFF_P_
            (rising edge-triggered flip-flop clocked by core_clk)
Endpoint: u_dut.hoh[114]$_SDFFE_PP0P_
          (rising edge-triggered flip-flop clocked by core_clk)
Path Group: core_clk
Path Type: max

  Delay    Time   Description
---------------------------------------------------------
   0.00    0.00   clock core_clk (rise edge)
 474.54  474.54   clock network delay (propagated)
   0.00  474.54 ^ u_l.q[0]$_DFF_P_/CLK (DFFHQNx1_ASAP7_75t_R)
  92.93  567.47 ^ u_l.q[0]$_DFF_P_/QN (DFFHQNx1_ASAP7_75t_R)
  39.31  606.78 v _231923_/Y (INVx3_ASAP7_75t_R)
 183.57  790.35 v place27335/Y (BUFx5_ASAP7_75t_R)
  89.78  880.13 v u_dut.g_head_local[7].u_select/_106_/Y (AND2x4_ASAP7_75t_R)
  62.16  942.29 v u_dut.g_head_local[7].u_select/_188_/Y (OA211x2_ASAP7_75t_R)
  23.29  965.58 ^ u_dut.g_head_local[7].u_select/_189_/Y (AOI21x1_ASAP7_75t_R)
  33.57  999.15 ^ _245064_/Y (OR2x2_ASAP7_75t_R)
  39.71 1038.87 ^ _245065_/Y (OA211x2_ASAP7_75t_R)
   0.06 1038.93 ^ u_dut.hoh[114]$_SDFFE_PP0P_/D (DFFHQNx1_ASAP7_75t_R)
        1038.93   data arrival time

 833.00  833.00   clock core_clk (rise edge)
 450.88 1283.88   clock network delay (propagated)
 -60.00 1223.88   clock uncertainty
   5.19 1229.07   clock reconvergence pessimism
        1229.07 ^ u_dut.hoh[114]$_SDFFE_PP0P_/CLK (DFFHQNx1_ASAP7_75t_R)
 -16.79 1212.28   library setup time
        1212.28   data required time
---------------------------------------------------------
        1212.28   data required time
        -1038.93   data arrival time
---------------------------------------------------------
         173.35   slack (MET)


RC group dr_ready_in min
Startpoint: u_l.q[0]$_DFF_P_
            (rising edge-triggered flip-flop clocked by core_clk)
Endpoint: u_l.q[0]$_DFF_P_ (rising edge-triggered flip-flop clocked by core_clk)
Path Group: core_clk
Path Type: min

  Delay    Time   Description
---------------------------------------------------------
   0.00    0.00   clock core_clk (rise edge)
 451.67  451.67   clock network delay (propagated)
   0.00  451.67 ^ u_l.q[0]$_DFF_P_/CLK (DFFHQNx1_ASAP7_75t_R)
  88.25  539.92 v u_l.q[0]$_DFF_P_/QN (DFFHQNx1_ASAP7_75t_R)
  47.76  587.67 v _402681_/Y (XNOR2x2_ASAP7_75t_R)
   0.04  587.72 v u_l.q[0]$_DFF_P_/D (DFFHQNx1_ASAP7_75t_R)
         587.72   data arrival time

   0.00    0.00   clock core_clk (rise edge)
 474.54  474.54   clock network delay (propagated)
  25.00  499.54   clock uncertainty
 -22.87  476.67   clock reconvergence pessimism
         476.67 ^ u_l.q[0]$_DFF_P_/CLK (DFFHQNx1_ASAP7_75t_R)
  19.51  496.18   library hold time
         496.18   data required time
---------------------------------------------------------
         496.18   data required time
        -587.72   data arrival time
---------------------------------------------------------
          91.54   slack (MET)


RC group req_rdy_in max
Startpoint: u_l.q[688]$_DFF_P_
            (rising edge-triggered flip-flop clocked by core_clk)
Endpoint: u_dut.fq_n[15][1]$_SDFFE_PN0P_
          (rising edge-triggered flip-flop clocked by core_clk)
Path Group: core_clk
Path Type: max

  Delay    Time   Description
---------------------------------------------------------
   0.00    0.00   clock core_clk (rise edge)
 476.75  476.75   clock network delay (propagated)
   0.00  476.75 ^ u_l.q[688]$_DFF_P_/CLK (DFFHQNx1_ASAP7_75t_R)
  86.88  563.63 v u_l.q[688]$_DFF_P_/QN (DFFHQNx1_ASAP7_75t_R)
  70.72  634.35 v place28029/Y (BUFx2_ASAP7_75t_R)
  83.07  717.42 v _237409_/Y (AND2x2_ASAP7_75t_R)
  99.78  817.20 v _237912_/Y (OR4x1_ASAP7_75t_R)
  61.52  878.72 v _285371_/Y (AND2x2_ASAP7_75t_R)
  39.70  918.42 v _285373_/Y (AO21x1_ASAP7_75t_R)
  36.99  955.41 v _285389_/Y (OA21x2_ASAP7_75t_R)
  43.50  998.91 v _285390_/Y (AO32x1_ASAP7_75t_R)
  32.77 1031.67 v _285391_/Y (AO21x1_ASAP7_75t_R)
  46.50 1078.17 v _285394_/Y (AO221x1_ASAP7_75t_R)
  14.63 1092.81 ^ _285395_/Y (INVx1_ASAP7_75t_R)
   0.05 1092.86 ^ u_dut.fq_n[15][1]$_SDFFE_PN0P_/D (DFFHQNx1_ASAP7_75t_R)
        1092.86   data arrival time

 833.00  833.00   clock core_clk (rise edge)
 452.00 1285.00   clock network delay (propagated)
 -60.00 1225.00   clock uncertainty
   4.01 1229.00   clock reconvergence pessimism
        1229.00 ^ u_dut.fq_n[15][1]$_SDFFE_PN0P_/CLK (DFFHQNx1_ASAP7_75t_R)
 -15.55 1213.45   library setup time
        1213.45   data required time
---------------------------------------------------------
        1213.45   data required time
        -1092.86   data arrival time
---------------------------------------------------------
         120.60   slack (MET)


RC group req_rdy_in min
Startpoint: u_l.q[688]$_DFF_P_
            (rising edge-triggered flip-flop clocked by core_clk)
Endpoint: u_l.q[688]$_DFF_P_
          (rising edge-triggered flip-flop clocked by core_clk)
Path Group: core_clk
Path Type: min

  Delay    Time   Description
---------------------------------------------------------
   0.00    0.00   clock core_clk (rise edge)
 453.34  453.34   clock network delay (propagated)
   0.00  453.34 ^ u_l.q[688]$_DFF_P_/CLK (DFFHQNx1_ASAP7_75t_R)
  83.68  537.01 v u_l.q[688]$_DFF_P_/QN (DFFHQNx1_ASAP7_75t_R)
  46.26  583.28 v _403138_/Y (XNOR2x2_ASAP7_75t_R)
   0.02  583.30 v u_l.q[688]$_DFF_P_/D (DFFHQNx1_ASAP7_75t_R)
         583.30   data arrival time

   0.00    0.00   clock core_clk (rise edge)
 476.75  476.75   clock network delay (propagated)
  25.00  501.75   clock uncertainty
 -23.41  478.34   clock reconvergence pessimism
         478.34 ^ u_l.q[688]$_DFF_P_/CLK (DFFHQNx1_ASAP7_75t_R)
  20.22  498.56   library hold time
         498.56   data required time
---------------------------------------------------------
         498.56   data required time
        -583.30   data arrival time
---------------------------------------------------------
          84.74   slack (MET)


RC group lr_data_in max
Startpoint: u_l.q[760]$_DFF_P_
            (rising edge-triggered flip-flop clocked by core_clk)
Endpoint: u_dut.e1_blk[1][12]$_DFF_P_
          (rising edge-triggered flip-flop clocked by core_clk)
Path Group: core_clk
Path Type: max

  Delay    Time   Description
---------------------------------------------------------
   0.00    0.00   clock core_clk (rise edge)
 464.69  464.69   clock network delay (propagated)
   0.00  464.69 ^ u_l.q[760]$_DFF_P_/CLK (DFFHQNx1_ASAP7_75t_R)
  83.57  548.26 v u_l.q[760]$_DFF_P_/QN (DFFHQNx1_ASAP7_75t_R)
  37.67  585.94 v hold31531/Y (BUFx2_ASAP7_75t_R)
  10.97  596.90 ^ _229548_/Y (INVx1_ASAP7_75t_R)
  24.15  621.05 ^ hold31532/Y (BUFx2_ASAP7_75t_R)
   0.06  621.11 ^ u_dut.e1_blk[1][12]$_DFF_P_/D (DFFHQNx1_ASAP7_75t_R)
         621.11   data arrival time

 833.00  833.00   clock core_clk (rise edge)
 454.22 1287.22   clock network delay (propagated)
 -60.00 1227.22   clock uncertainty
  10.43 1237.65   clock reconvergence pessimism
        1237.65 ^ u_dut.e1_blk[1][12]$_DFF_P_/CLK (DFFHQNx1_ASAP7_75t_R)
 -14.38 1223.27   library setup time
        1223.27   data required time
---------------------------------------------------------
        1223.27   data required time
        -621.11   data arrival time
---------------------------------------------------------
         602.15   slack (MET)


RC group lr_data_in min
Startpoint: u_l.q[756]$_DFF_P_
            (rising edge-triggered flip-flop clocked by core_clk)
Endpoint: u_dut.e1_blk[1][8]$_DFF_P_
          (rising edge-triggered flip-flop clocked by core_clk)
Path Group: core_clk
Path Type: min

  Delay    Time   Description
---------------------------------------------------------
   0.00    0.00   clock core_clk (rise edge)
 454.06  454.06   clock network delay (propagated)
   0.00  454.06 ^ u_l.q[756]$_DFF_P_/CLK (DFFHQNx1_ASAP7_75t_R)
  82.66  536.72 ^ u_l.q[756]$_DFF_P_/QN (DFFHQNx1_ASAP7_75t_R)
  16.62  553.34 v _229552_/Y (INVx1_ASAP7_75t_R)
   0.04  553.38 v u_dut.e1_blk[1][8]$_DFF_P_/D (DFFHQNx1_ASAP7_75t_R)
         553.38   data arrival time

   0.00    0.00   clock core_clk (rise edge)
 478.31  478.31   clock network delay (propagated)
  25.00  503.31   clock uncertainty
 -18.42  484.89   clock reconvergence pessimism
         484.89 ^ u_dut.e1_blk[1][8]$_DFF_P_/CLK (DFFHQNx1_ASAP7_75t_R)
  19.26  504.14   library hold time
         504.14   data required time
---------------------------------------------------------
         504.14   data required time
        -553.38   data arrival time
---------------------------------------------------------
          49.24   slack (MET)


RC group lr_port_out max
Startpoint: u_dut.run$_SDFF_PN0_
            (rising edge-triggered flip-flop clocked by core_clk)
Endpoint: u_c.q[1683]$_DFF_P_
          (rising edge-triggered flip-flop clocked by core_clk)
Path Group: core_clk
Path Type: max

  Delay    Time   Description
---------------------------------------------------------
   0.00    0.00   clock core_clk (rise edge)
 477.39  477.39   clock network delay (propagated)
   0.00  477.39 ^ u_dut.run$_SDFF_PN0_/CLK (DFFHQNx3_ASAP7_75t_R)
 110.32  587.70 v u_dut.run$_SDFF_PN0_/QN (DFFHQNx3_ASAP7_75t_R)
  65.02  652.72 v place28415/Y (BUFx5_ASAP7_75t_R)
  56.68  709.40 v place28414/Y (BUFx6f_ASAP7_75t_R)
  73.26  782.66 v _224748_/Y (OR3x1_ASAP7_75t_R)
  28.10  810.75 ^ _224749_/Y (NOR2x1_ASAP7_75t_R)
  56.35  867.10 v _224750_/Y (OAI21x1_ASAP7_75t_R)
  58.30  925.40 v place20813/Y (BUFx2_ASAP7_75t_R)
  25.09  950.49 ^ _224752_/Y (INVx1_ASAP7_75t_R)
   0.15  950.64 ^ u_c.q[1683]$_DFF_P_/D (DFFHQNx1_ASAP7_75t_R)
         950.64   data arrival time

 833.00  833.00   clock core_clk (rise edge)
 451.44 1284.44   clock network delay (propagated)
 -60.00 1224.44   clock uncertainty
  12.76 1237.21   clock reconvergence pessimism
        1237.21 ^ u_c.q[1683]$_DFF_P_/CLK (DFFHQNx1_ASAP7_75t_R)
 -20.49 1216.72   library setup time
        1216.72   data required time
---------------------------------------------------------
        1216.72   data required time
        -950.64   data arrival time
---------------------------------------------------------
         266.08   slack (MET)


RC group lr_port_out min
Startpoint: u_dut.n[8]$_DFFE_PP_
            (rising edge-triggered flip-flop clocked by core_clk)
Endpoint: u_c.q[1683]$_DFF_P_
          (rising edge-triggered flip-flop clocked by core_clk)
Path Group: core_clk
Path Type: min

  Delay    Time   Description
---------------------------------------------------------
   0.00    0.00   clock core_clk (rise edge)
 451.28  451.28   clock network delay (propagated)
   0.00  451.28 ^ u_dut.n[8]$_DFFE_PP_/CLK (DFFHQNx1_ASAP7_75t_R)
  75.00  526.28 ^ u_dut.n[8]$_DFFE_PP_/QN (DFFHQNx1_ASAP7_75t_R)
  20.72  547.00 v _224712_/Y (INVx1_ASAP7_75t_R)
  20.64  567.64 ^ _224715_/Y (AOI21x1_ASAP7_75t_R)
  13.78  581.42 v _224716_/Y (NAND2x1_ASAP7_75t_R)
  62.65  644.07 ^ _224750_/Y (OAI21x1_ASAP7_75t_R)
  45.23  689.30 ^ place20813/Y (BUFx2_ASAP7_75t_R)
  19.61  708.91 v _224752_/Y (INVx1_ASAP7_75t_R)
   0.13  709.04 v u_c.q[1683]$_DFF_P_/D (DFFHQNx1_ASAP7_75t_R)
         709.04   data arrival time

   0.00    0.00   clock core_clk (rise edge)
 474.27  474.27   clock network delay (propagated)
  25.00  499.27   clock uncertainty
 -12.76  486.51   clock reconvergence pessimism
         486.51 ^ u_c.q[1683]$_DFF_P_/CLK (DFFHQNx1_ASAP7_75t_R)
  17.86  504.37   library hold time
         504.37   data required time
---------------------------------------------------------
         504.37   data required time
        -709.04   data arrival time
---------------------------------------------------------
         204.67   slack (MET)


RC end
