src/ot_hbm_integrated_su_cp_bind.sv:206: warning: Extra digits given for sized binary constant.
src/ot_hbm_integrated_su_cp_bind.sv:206: syntax error
src/ot_hbm_integrated_su_cp_bind.sv:206: error: Malformed statement
Command exited with non-zero status 2
	Command being timed: "iverilog -g2012 -s tb_su_cp_registered_boundary -o sim src/ot_gpu_w6_secded_pkg.sv src/ot_hbm_integrated_header_decode.sv src/ot_hbm_integrated_su_cp_bind.sv src/ot_hbm_integrated_cp_reset.sv src/ot_ds_hbm_cmdproc20.sv src/tb_su_cp_registered_boundary.sv"
	User time (seconds): 0.00
	System time (seconds): 0.00
	Percent of CPU this job got: 110%
	Elapsed (wall clock) time (h:mm:ss or m:ss): 0:00.01
	Average shared text size (kbytes): 0
	Average unshared data size (kbytes): 0
	Average stack size (kbytes): 0
	Average total size (kbytes): 0
	Maximum resident set size (kbytes): 6396
	Average resident set size (kbytes): 0
	Major (requiring I/O) page faults: 1
	Minor (reclaiming a frame) page faults: 797
	Voluntary context switches: 9
	Involuntary context switches: 0
	Swaps: 0
	File system inputs: 8
	File system outputs: 8
	Socket messages sent: 0
	Socket messages received: 0
	Signals delivered: 0
	Page size (bytes): 4096
	Exit status: 2
