usage: run_abi3_physical.py [-h] --view {asap7,sky130hd}
                            [--block {add_bf16_sram_engine,matmul_bf16_sram_engine,reduction_s8_g2}]
                            [--top TOP] [--source SOURCE] [--param PARAM]
                            [--clock-port CLOCK_PORT]
                            [--ingress-clock-port INGRESS_CLOCK_PORT]
                            [--ingress-input-port INGRESS_INPUT_PORT]
                            [--ingress-input-delay-min-ns INGRESS_INPUT_DELAY_MIN_NS]
                            [--ingress-input-delay-max-ns INGRESS_INPUT_DELAY_MAX_NS]
                            [--core-input-delay-min-ns CORE_INPUT_DELAY_MIN_NS]
                            [--core-input-delay-max-ns CORE_INPUT_DELAY_MAX_NS]
                            [--core-input-port CORE_INPUT_PORT]
                            [--false-path-from FALSE_PATH_FROM]
                            [--false-path-io]
                            [--io-delay-fraction IO_DELAY_FRACTION]
                            [--corner CORNER]
                            --clock-period-ns CLOCK_PERIOD_NS
                            [--clock-uncertainty-ns CLOCK_UNCERTAINTY_NS]
                            [--clock-uncertainty-hold-ns CLOCK_UNCERTAINTY_HOLD_NS]
                            [--clock-uncertainty-setup-only]
                            [--output-delay-min-ns OUTPUT_DELAY_MIN_NS]
                            [--output-delay-max-ns OUTPUT_DELAY_MAX_NS]
                            [--stages STAGES]
                            [--preserve-w11-controller-endpoints]
                            [--fmax-search]
                            [--core-utilization CORE_UTILIZATION] [--vt VT]
                            [--place-density PLACE_DENSITY]
                            [--cts-cluster-size CTS_CLUSTER_SIZE]
                            [--keep-heavy-artifacts]
                            [--max-transition-ns [NS]] [--max-fanout [N]]
                            [--slew-margin-percent PCT] [--hold-margin-ns NS]
                            [--clock-gating] [--orfs-corner {BC,TC,WC}]
                            [--hold-corners C1,C2] [--orfs-var KEY=VALUE]
                            [--asap7-adder-map]
                            [--pnr-stop-after {finish,cts,floorplan}]
                            [--memory-macro NAME] [--macro-view NAME=DIR]
                            [--macro-place-halo X_UM Y_UM] [--source-root DIR]
                            [--purpose {characterization,signoff_target}]
                            [--expected-not-met] [--die-area X0 Y0 X1 Y1]
                            [--core-area X0 Y0 X1 Y1]
                            [--pin-region REGEX=EDGE]
                            [--routing-layers MIN MAX] [--step-tcl HOOK=FILE]
                            [--dft {none,scan}] [--scan-chains N]
                            [--scan-max-length L]
                            [--scan-clock-mixing {no_mix,mix}] --output OUTPUT
                            [--force] [--keep-workdir KEEP_WORKDIR]
                            [--nickname-tag NICKNAME_TAG] [--lanes LANES]
                            [--mac-per-cycle MAC_PER_CYCLE]
                            [--mac-rate-evidence MAC_RATE_EVIDENCE]
                            [--lane-instance-regex LANE_INSTANCE_REGEX]
run_abi3_physical.py: error: unrecognized arguments: --sdc-append physical/abi3/w10_wake_pp_multicycle.sdc
