Startpoint: u_ld.g_qualify.u_low.u_latch
            (negative level-sensitive latch clocked by core_clk)
Endpoint: u_ld.g_protected.u_freeze.u_icg
          (rising clock gating-check end-point clocked by core_clk)
Path Group: core_clk
Path Type: max

Fanout         Cap        Slew       Delay        Time   Description
---------------------------------------------------------------------------------------------
                                  0.416667    0.416667   clock core_clk (fall edge)
                                  0.000000    0.416667   clock source latency
     1   20.084242    0.000000    0.000000    0.416667 v clk (in)
                                                         clk (net)
                      0.064830    0.020452    0.437118 v wire95643/A (BUFx12f_ASAP7_75t_R)
     1   18.608027    0.011009    0.026368    0.463487 v wire95643/Y (BUFx12f_ASAP7_75t_R)
                                                         net95642 (net)
                      0.060983    0.018834    0.482321 v wire95642/A (BUFx24_ASAP7_75t_R)
     2   36.784573    0.011879    0.033764    0.516085 v wire95642/Y (BUFx24_ASAP7_75t_R)
                                                         net95641 (net)
                      0.190449    0.060228    0.576313 v clkbuf_regs_0_core_clk/A (BUFx24_ASAP7_75t_R)
     1    2.799929    0.013709    0.051635    0.627948 v clkbuf_regs_0_core_clk/Y (BUFx24_ASAP7_75t_R)
                                                         clk_regs (net)
                      0.013710    0.000149    0.628098 v clkbuf_0_clk_regs/A (BUFx24_ASAP7_75t_R)
     2   12.386163    0.009449    0.020703    0.648801 v clkbuf_0_clk_regs/Y (BUFx24_ASAP7_75t_R)
                                                         clknet_0_clk_regs (net)
                      0.017961    0.004772    0.653573 v clkbuf_1_0_0_clk_regs/A (BUFx24_ASAP7_75t_R)
     1    9.443570    0.008640    0.021933    0.675506 v clkbuf_1_0_0_clk_regs/Y (BUFx24_ASAP7_75t_R)
                                                         clknet_1_0_0_clk_regs (net)
                      0.017726    0.005047    0.680553 v clkbuf_1_0_1_clk_regs/A (BUFx24_ASAP7_75t_R)
     1    9.443570    0.008638    0.021856    0.702409 v clkbuf_1_0_1_clk_regs/Y (BUFx24_ASAP7_75t_R)
                                                         clknet_1_0_1_clk_regs (net)
                      0.017725    0.005047    0.707456 v clkbuf_1_0_2_clk_regs/A (BUFx24_ASAP7_75t_R)
     1    4.496178    0.007619    0.021464    0.728920 v clkbuf_1_0_2_clk_regs/Y (BUFx24_ASAP7_75t_R)
                                                         clknet_1_0_2_clk_regs (net)
                      0.007985    0.001071    0.729991 v clkbuf_1_0_3_clk_regs/A (BUFx24_ASAP7_75t_R)
     1    2.807782    0.006924    0.017982    0.747973 v clkbuf_1_0_3_clk_regs/Y (BUFx24_ASAP7_75t_R)
                                                         clknet_1_0_3_clk_regs (net)
                      0.006926    0.000153    0.748126 v clkbuf_1_0_4_clk_regs/A (BUFx24_ASAP7_75t_R)
     2   12.315049    0.010208    0.018897    0.767023 v clkbuf_1_0_4_clk_regs/Y (BUFx24_ASAP7_75t_R)
                                                         clknet_1_0_4_clk_regs (net)
                      0.012715    0.002548    0.769570 v clkbuf_2_0_0_clk_regs/A (BUFx24_ASAP7_75t_R)
     2    8.867144    0.008641    0.020175    0.789745 v clkbuf_2_0_0_clk_regs/Y (BUFx24_ASAP7_75t_R)
                                                         clknet_2_0_0_clk_regs (net)
                      0.013535    0.003480    0.793225 v clkbuf_3_1_0_clk_regs/A (BUFx24_ASAP7_75t_R)
     1    9.482836    0.008608    0.020473    0.813698 v clkbuf_3_1_0_clk_regs/Y (BUFx24_ASAP7_75t_R)
                                                         clknet_3_1_0_clk_regs (net)
                      0.017822    0.005080    0.818778 v clkbuf_3_1_1_clk_regs/A (BUFx24_ASAP7_75t_R)
     1    8.414826    0.008487    0.021824    0.840602 v clkbuf_3_1_1_clk_regs/Y (BUFx24_ASAP7_75t_R)
                                                         clknet_3_1_1_clk_regs (net)
                      0.014905    0.004129    0.844731 v clkbuf_3_1_2_clk_regs/A (BUFx24_ASAP7_75t_R)
     1    4.928093    0.007733    0.020580    0.865311 v clkbuf_3_1_2_clk_regs/Y (BUFx24_ASAP7_75t_R)
                                                         clknet_3_1_2_clk_regs (net)
                      0.008393    0.001361    0.866672 v clkbuf_4_2_0_clk_regs/A (BUFx24_ASAP7_75t_R)
     2   12.315049    0.010013    0.019383    0.886056 v clkbuf_4_2_0_clk_regs/Y (BUFx24_ASAP7_75t_R)
                                                         clknet_4_2_0_clk_regs (net)
                      0.010849    0.001298    0.887354 v clkbuf_5_5_0_clk_regs/A (BUFx24_ASAP7_75t_R)
     2    6.134734    0.008152    0.019522    0.906876 v clkbuf_5_5_0_clk_regs/Y (BUFx24_ASAP7_75t_R)
                                                         clknet_5_5_0_clk_regs (net)
                      0.008161    0.000287    0.907163 v clkbuf_6_10_0_clk_regs/A (BUFx24_ASAP7_75t_R)
     2   10.470030    0.009091    0.018775    0.925938 v clkbuf_6_10_0_clk_regs/Y (BUFx24_ASAP7_75t_R)
                                                         clknet_6_10_0_clk_regs (net)
                      0.014538    0.003675    0.929613 v clkbuf_7_21_0_clk_regs/A (BUFx24_ASAP7_75t_R)
     2    6.677028    0.008366    0.020758    0.950371 v clkbuf_7_21_0_clk_regs/Y (BUFx24_ASAP7_75t_R)
                                                         clknet_7_21_0_clk_regs (net)
                      0.008821    0.001090    0.951461 v clkbuf_8_42__f_clk_regs/A (BUFx24_ASAP7_75t_R)
     2   19.179010    0.009699    0.019356    0.970817 v clkbuf_8_42__f_clk_regs/Y (BUFx24_ASAP7_75t_R)
                                                         clknet_8_42__leaf_clk_regs (net)
                      0.018941    0.004835    0.975652 v clkbuf_leaf_84_clk_regs/A (BUFx24_ASAP7_75t_R)
    19   24.340683    0.014493    0.024649    1.000301 v clkbuf_leaf_84_clk_regs/Y (BUFx24_ASAP7_75t_R)
                                                         clknet_leaf_84_clk_regs (net)
                      0.025607    0.006995    1.007296 v u_ld.g_qualify.u_low.u_latch/CLK (DLLx1_ASAP7_75t_R)
     1    3.589120    0.023107    0.043027    1.050323 v u_ld.g_qualify.u_low.u_latch/Q (DLLx1_ASAP7_75t_R)
                                                         u_ld.g_qualify.u_low.settled (net)
                      0.023232    0.000951    1.051274 v _235755_/A (INVx2_ASAP7_75t_R)
     1    6.807048    0.026299    0.017034    1.068308 ^ _235755_/Y (INVx2_ASAP7_75t_R)
                                                         _091018_ (net)
                      0.028021    0.003557    1.071866 ^ place86523/A (BUFx6f_ASAP7_75t_R)
     1    2.963097    0.007060    0.016608    1.088473 ^ place86523/Y (BUFx6f_ASAP7_75t_R)
                                                         net86522 (net)
                      0.007345    0.000710    1.089183 ^ _235756_/C (AND3x2_ASAP7_75t_R)
     4    3.694607    0.017348    0.025416    1.114599 ^ _235756_/Y (AND3x2_ASAP7_75t_R)
                                                         _091019_ (net)
                      0.017352    0.000125    1.114725 ^ place86196/A (BUFx2_ASAP7_75t_R)
     4    3.777080    0.014715    0.019878    1.134603 ^ place86196/Y (BUFx2_ASAP7_75t_R)
                                                         net86195 (net)
                      0.014721    0.000140    1.134743 ^ _385675_/A (INVx1_ASAP7_75t_R)
     2    1.769164    0.012466    0.009824    1.144567 v _385675_/Y (INVx1_ASAP7_75t_R)
                                                         _065531_ (net)
                      0.012467    0.000064    1.144631 v _386946_/B (NAND2x1_ASAP7_75t_R)
     1    1.633737    0.020008    0.011145    1.155777 ^ _386946_/Y (NAND2x1_ASAP7_75t_R)
                                                         u_ld.g_protected.u_freeze.en (net)
                      0.020010    0.000111    1.155887 ^ place74996/A (BUFx6f_ASAP7_75t_R)
     1   12.870293    0.014536    0.018258    1.174145 ^ place74996/Y (BUFx6f_ASAP7_75t_R)
                                                         net74995 (net)
                      0.037071    0.010670    1.184816 ^ u_ld.g_protected.u_freeze.u_icg/ENA (ICGx1_ASAP7_75t_R)
                                              1.184816   data arrival time

                                  0.833333    0.833333   clock core_clk (rise edge)
                                  0.000000    0.833333   clock source latency
     1   19.554710    0.000000    0.000000    0.833333 ^ clk (in)
                                                         clk (net)
                      0.061803    0.019497    0.852830 ^ wire95643/A (BUFx12f_ASAP7_75t_R)
     1   18.010456    0.011508    0.022968    0.875798 ^ wire95643/Y (BUFx12f_ASAP7_75t_R)
                                                         net95642 (net)
                      0.058002    0.017839    0.893636 ^ wire95642/A (BUFx24_ASAP7_75t_R)
     2   35.589436    0.011875    0.029813    0.923449 ^ wire95642/Y (BUFx24_ASAP7_75t_R)
                                                         net95641 (net)
                      0.142394    0.044477    0.967926 ^ clkbuf_0_clk/A (BUFx24_ASAP7_75t_R)
     2    8.709037    0.013868    0.039819    1.007745 ^ clkbuf_0_clk/Y (BUFx24_ASAP7_75t_R)
                                                         clknet_0_clk (net)
                      0.014197    0.001443    1.009188 ^ clkbuf_1_0__f_clk/A (BUFx24_ASAP7_75t_R)
     2   14.312737    0.011176    0.020156    1.029344 ^ clkbuf_1_0__f_clk/Y (BUFx24_ASAP7_75t_R)
                                                         clknet_1_0__leaf_clk (net)
                      0.015754    0.003564    1.032908 ^ u_ld.g_protected.u_freeze.u_icg/CLK (ICGx1_ASAP7_75t_R)
                                 -0.060000    0.972908   clock uncertainty
                                  0.002948    0.975856   clock reconvergence pessimism
                                 -0.031913    0.943943   library setup time
                                              0.943943   data required time
---------------------------------------------------------------------------------------------
                                              0.943943   data required time
                                             -1.184816   data arrival time
---------------------------------------------------------------------------------------------
                                             -0.240873   slack (VIOLATED)


