Startpoint: u_stage.g_el[0].u_elem.g_mac[0].g_pp.u_rom0
            (rising edge-triggered flip-flop clocked by w5_domain)
Endpoint: u_stage.g_el[0].u_elem.g_mac[0].g_pp.cap0[30]$_DFFE_PP_
          (rising edge-triggered flip-flop clocked by w5_domain)
Path Group: w5_domain
Path Type: min

Fanout         Cap        Slew       Delay        Time   Description
---------------------------------------------------------------------------------------------
                                  0.000000    0.000000   clock w5_domain (rise edge)
                                  0.000000    0.000000   clock source latency
     1   19.554710    0.000000    0.000000    0.000000 ^ clk (in)
                                                         clk (net)
                      0.061803    0.019497    0.019497 ^ wire95643/A (BUFx12f_ASAP7_75t_R)
     1   18.010456    0.011508    0.022968    0.042464 ^ wire95643/Y (BUFx12f_ASAP7_75t_R)
                                                         net95642 (net)
                      0.058002    0.017838    0.060303 ^ wire95642/A (BUFx24_ASAP7_75t_R)
     2   35.589436    0.011875    0.029813    0.090116 ^ wire95642/Y (BUFx24_ASAP7_75t_R)
                                                         net95641 (net)
                      0.142394    0.044477    0.134593 ^ clkbuf_0_clk/A (BUFx24_ASAP7_75t_R)
     2    8.709037    0.013868    0.039819    0.174412 ^ clkbuf_0_clk/Y (BUFx24_ASAP7_75t_R)
                                                         clknet_0_clk (net)
                      0.014001    0.001045    0.175457 ^ clkbuf_1_1__f_clk/A (BUFx24_ASAP7_75t_R)
     2    6.437993    0.008494    0.019330    0.194787 ^ clkbuf_1_1__f_clk/Y (BUFx24_ASAP7_75t_R)
                                                         clknet_1_1__leaf_clk (net)
                      0.009326    0.001552    0.196339 ^ u_stage.u_ao.u_p.u_ctl.u_spine_cg.u_icg/CLK (ICGx1_ASAP7_75t_R)
     1   12.963521    0.085781    0.038939    0.235278 ^ u_stage.u_ao.u_p.u_ctl.u_spine_cg.u_icg/GCLK (ICGx1_ASAP7_75t_R)
                                                         u_stage.u_ao.s_clk_p (net)
                      0.091591    0.011864    0.247141 ^ u_stage.u_ao.u_fault_spine.u_icg/CLK (ICGx1_ASAP7_75t_R)
     2    7.285874    0.048350    0.033843    0.280985 ^ u_stage.u_ao.u_fault_spine.u_icg/GCLK (ICGx1_ASAP7_75t_R)
                                                         u_stage.g_el[0].u_dif.e_clk (net)
                      0.048562    0.001811    0.282796 ^ wire95738/A (BUFx12f_ASAP7_75t_R)
     1   15.503579    0.010589    0.021096    0.303891 ^ wire95738/Y (BUFx12f_ASAP7_75t_R)
                                                         net95737 (net)
                      0.043943    0.013332    0.317223 ^ wire95737/A (BUFx12f_ASAP7_75t_R)
     1   15.057727    0.010365    0.020519    0.337742 ^ wire95737/Y (BUFx12f_ASAP7_75t_R)
                                                         net95736 (net)
                      0.041668    0.012609    0.350351 ^ clkbuf_0_u_stage.g_el[0].u_dif.e_clk/A (BUFx24_ASAP7_75t_R)
     1    2.642127    0.008005    0.025700    0.376050 ^ clkbuf_0_u_stage.g_el[0].u_dif.e_clk/Y (BUFx24_ASAP7_75t_R)
                                                         clknet_0_u_stage.g_el[0].u_dif.e_clk (net)
                      0.008012    0.000279    0.376329 ^ clkbuf_1_0__f_u_stage.g_el[0].u_dif.e_clk/A (BUFx24_ASAP7_75t_R)
     1    1.906926    0.006654    0.016782    0.393111 ^ clkbuf_1_0__f_u_stage.g_el[0].u_dif.e_clk/Y (BUFx24_ASAP7_75t_R)
                                                         clknet_1_0__leaf_u_stage.g_el[0].u_dif.e_clk (net)
                      0.006655    0.000119    0.393230 ^ u_stage.g_el[0].u_elem.g_cg.u_cg.u_icg/CLK (ICGx1_ASAP7_75t_R)
     2    4.386104    0.029163    0.019889    0.413119 ^ u_stage.g_el[0].u_elem.g_cg.u_cg.u_icg/GCLK (ICGx1_ASAP7_75t_R)
                                                         u_stage.g_el[0].u_elem.g_cg.u_cg.gclk (net)
                      0.029168    0.000230    0.413349 ^ delaybuf_0_w5_domain/A (BUFx24_ASAP7_75t_R)
     1    2.296595    0.007337    0.022696    0.436045 ^ delaybuf_0_w5_domain/Y (BUFx24_ASAP7_75t_R)
                                                         delaynet_0_w5_domain (net)
                      0.007338    0.000149    0.436194 ^ delaybuf_1_w5_domain/A (BUFx24_ASAP7_75t_R)
     1    2.304448    0.006816    0.016643    0.452837 ^ delaybuf_1_w5_domain/Y (BUFx24_ASAP7_75t_R)
                                                         delaynet_1_w5_domain (net)
                      0.006818    0.000152    0.452989 ^ delaybuf_2_w5_domain/A (BUFx24_ASAP7_75t_R)
     1    2.335860    0.006827    0.016486    0.469474 ^ delaybuf_2_w5_domain/Y (BUFx24_ASAP7_75t_R)
                                                         delaynet_2_w5_domain (net)
                      0.006829    0.000163    0.469637 ^ delaybuf_3_w5_domain/A (BUFx24_ASAP7_75t_R)
     1    2.218065    0.006777    0.016469    0.486106 ^ delaybuf_3_w5_domain/Y (BUFx24_ASAP7_75t_R)
                                                         delaynet_3_w5_domain (net)
                      0.006779    0.000122    0.486228 ^ delaybuf_4_w5_domain/A (BUFx24_ASAP7_75t_R)
     1    2.257330    0.006794    0.016460    0.502688 ^ delaybuf_4_w5_domain/Y (BUFx24_ASAP7_75t_R)
                                                         delaynet_4_w5_domain (net)
                      0.006795    0.000135    0.502823 ^ delaybuf_5_w5_domain/A (BUFx24_ASAP7_75t_R)
     1    1.351457    0.006423    0.016300    0.519123 ^ delaybuf_5_w5_domain/Y (BUFx24_ASAP7_75t_R)
                                                         delaynet_5_w5_domain (net)
                      0.006424    0.000085    0.519208 ^ wire95736/A (BUFx6f_ASAP7_75t_R)
     1    8.239551    0.012330    0.013341    0.532549 ^ wire95736/Y (BUFx6f_ASAP7_75t_R)
                                                         net95735 (net)
                      0.017735    0.004173    0.536722 ^ wire95735/A (BUFx12f_ASAP7_75t_R)
     1   18.628237    0.010579    0.016678    0.553400 ^ wire95735/Y (BUFx12f_ASAP7_75t_R)
                                                         net95734 (net)
                      0.061668    0.019119    0.572520 ^ wire95734/A (BUFx12_ASAP7_75t_R)
     1   15.387407    0.013302    0.030906    0.603426 ^ wire95734/Y (BUFx12_ASAP7_75t_R)
                                                         net95733 (net)
                      0.044547    0.013275    0.616700 ^ clkbuf_0_u_stage.g_el[0].u_elem.g_cg.u_cg.gclk/A (BUFx24_ASAP7_75t_R)
     2   14.261111    0.012280    0.027866    0.644567 ^ clkbuf_0_u_stage.g_el[0].u_elem.g_cg.u_cg.gclk/Y (BUFx24_ASAP7_75t_R)
                                                         clknet_0_u_stage.g_el[0].u_elem.g_cg.u_cg.gclk (net)
                      0.016172    0.003552    0.648119 ^ clkbuf_1_0_0_u_stage.g_el[0].u_elem.g_cg.u_cg.gclk/A (BUFx24_ASAP7_75t_R)
     1    8.924531    0.008852    0.020042    0.668160 ^ clkbuf_1_0_0_u_stage.g_el[0].u_elem.g_cg.u_cg.gclk/Y (BUFx24_ASAP7_75t_R)
                                                         clknet_1_0_0_u_stage.g_el[0].u_elem.g_cg.u_cg.gclk (net)
                      0.016810    0.004732    0.672893 ^ clkbuf_1_0_1_u_stage.g_el[0].u_elem.g_cg.u_cg.gclk/A (BUFx24_ASAP7_75t_R)
     1    8.688940    0.008805    0.020216    0.693108 ^ clkbuf_1_0_1_u_stage.g_el[0].u_elem.g_cg.u_cg.gclk/Y (BUFx24_ASAP7_75t_R)
                                                         clknet_1_0_1_u_stage.g_el[0].u_elem.g_cg.u_cg.gclk (net)
                      0.016167    0.004524    0.697633 ^ clkbuf_1_0_2_u_stage.g_el[0].u_elem.g_cg.u_cg.gclk/A (BUFx24_ASAP7_75t_R)
     2   62.756927    0.011122    0.021182    0.718815 ^ clkbuf_1_0_2_u_stage.g_el[0].u_elem.g_cg.u_cg.gclk/Y (BUFx24_ASAP7_75t_R)
                                                         clknet_1_0_2_u_stage.g_el[0].u_elem.g_cg.u_cg.gclk (net)
                      0.460004    0.145149    0.863963 ^ u_stage.g_el[0].u_elem.g_mac[0].g_pp.u_rom0/clk (ot_rom_4096x274_m8)
     1   12.923072    0.030078    0.586306    1.450269 v u_stage.g_el[0].u_elem.g_mac[0].g_pp.u_rom0/rd_out[30] (ot_rom_4096x274_m8)
                                                         u_stage.g_el[0].u_elem.g_mac[0].g_pp.rd0[30] (net)
                      0.043229    0.012112    1.462381 v _317138_/A1 (AO21x1_ASAP7_75t_R)
     1    0.596744    0.005980    0.022929    1.485310 v _317138_/Y (AO21x1_ASAP7_75t_R)
                                                         _046763_ (net)
                      0.005981    0.000020    1.485329 v u_stage.g_el[0].u_elem.g_mac[0].g_pp.cap0[30]$_DFFE_PP_/D (DFFHQNx1_ASAP7_75t_R)
                                              1.485329   data arrival time

                                  0.000000    0.000000   clock w5_domain (rise edge)
                                  0.000000    0.000000   clock source latency
     1   20.089085    0.000000    0.000000    0.000000 ^ clk (in)
                                                         clk (net)
                      0.064857    0.020460    0.020460 ^ wire95643/A (BUFx12f_ASAP7_75t_R)
     1   18.611336    0.011616    0.023320    0.043780 ^ wire95643/Y (BUFx12f_ASAP7_75t_R)
                                                         net95642 (net)
                      0.061343    0.018897    0.062678 ^ wire95642/A (BUFx24_ASAP7_75t_R)
     2   36.791195    0.012036    0.030386    0.093063 ^ wire95642/Y (BUFx24_ASAP7_75t_R)
                                                         net95641 (net)
                      0.148824    0.046488    0.139551 ^ clkbuf_0_clk/A (BUFx24_ASAP7_75t_R)
     2    9.910797    0.014510    0.040704    0.180255 ^ clkbuf_0_clk/Y (BUFx24_ASAP7_75t_R)
                                                         clknet_0_clk (net)
                      0.014735    0.001246    0.181502 ^ clkbuf_1_1__f_clk/A (BUFx24_ASAP7_75t_R)
     2    7.639373    0.008920    0.019723    0.201225 ^ clkbuf_1_1__f_clk/Y (BUFx24_ASAP7_75t_R)
                                                         clknet_1_1__leaf_clk (net)
                      0.010202    0.001876    0.203101 ^ u_stage.u_ao.u_p.u_ctl.u_spine_cg.u_icg/CLK (ICGx1_ASAP7_75t_R)
     1   13.669390    0.090677    0.040366    0.243467 ^ u_stage.u_ao.u_p.u_ctl.u_spine_cg.u_icg/GCLK (ICGx1_ASAP7_75t_R)
                                                         u_stage.u_ao.s_clk_p (net)
                      0.097274    0.012970    0.256437 ^ u_stage.u_ao.u_fault_spine.u_icg/CLK (ICGx1_ASAP7_75t_R)
     2    8.421124    0.055460    0.036957    0.293394 ^ u_stage.u_ao.u_fault_spine.u_icg/GCLK (ICGx1_ASAP7_75t_R)
                                                         u_stage.g_el[0].u_dif.e_clk (net)
                      0.055703    0.002080    0.295474 ^ wire95738/A (BUFx12f_ASAP7_75t_R)
     1   16.037949    0.010823    0.021912    0.317386 ^ wire95738/Y (BUFx12f_ASAP7_75t_R)
                                                         net95737 (net)
                      0.046509    0.014132    0.331518 ^ wire95737/A (BUFx12f_ASAP7_75t_R)
     1   15.658607    0.010461    0.020820    0.352338 ^ wire95737/Y (BUFx12f_ASAP7_75t_R)
                                                         net95736 (net)
                      0.044414    0.013480    0.365818 ^ clkbuf_0_u_stage.g_el[0].u_dif.e_clk/A (BUFx24_ASAP7_75t_R)
     1    3.243007    0.008355    0.026264    0.392082 ^ clkbuf_0_u_stage.g_el[0].u_dif.e_clk/Y (BUFx24_ASAP7_75t_R)
                                                         clknet_0_u_stage.g_el[0].u_dif.e_clk (net)
                      0.008368    0.000351    0.392433 ^ clkbuf_1_0__f_u_stage.g_el[0].u_dif.e_clk/A (BUFx24_ASAP7_75t_R)
     1    2.612796    0.006947    0.017021    0.409454 ^ clkbuf_1_0__f_u_stage.g_el[0].u_dif.e_clk/Y (BUFx24_ASAP7_75t_R)
                                                         clknet_1_0__leaf_u_stage.g_el[0].u_dif.e_clk (net)
                      0.006950    0.000166    0.409620 ^ u_stage.g_el[0].u_elem.g_cg.u_cg.u_icg/CLK (ICGx1_ASAP7_75t_R)
     2    5.587863    0.036567    0.023096    0.432716 ^ u_stage.g_el[0].u_elem.g_cg.u_cg.u_icg/GCLK (ICGx1_ASAP7_75t_R)
                                                         u_stage.g_el[0].u_elem.g_cg.u_cg.gclk (net)
                      0.036576    0.000351    0.433067 ^ clkbuf_regs_3_w5_domain/A (BUFx24_ASAP7_75t_R)
     1    3.007417    0.007941    0.024646    0.457713 ^ clkbuf_regs_3_w5_domain/Y (BUFx24_ASAP7_75t_R)
                                                         u_stage.g_el[0].u_elem.g_cg.u_cg.gclk_regs (net)
                      0.007946    0.000240    0.457953 ^ clkbuf_0_u_stage.g_el[0].u_elem.g_cg.u_cg.gclk_regs/A (BUFx24_ASAP7_75t_R)
     2   15.737726    0.011951    0.018505    0.476458 ^ clkbuf_0_u_stage.g_el[0].u_elem.g_cg.u_cg.gclk_regs/Y (BUFx24_ASAP7_75t_R)
                                                         clknet_0_u_stage.g_el[0].u_elem.g_cg.u_cg.gclk_regs (net)
                      0.018001    0.004410    0.480868 ^ clkbuf_1_0_0_u_stage.g_el[0].u_elem.g_cg.u_cg.gclk_regs/A (BUFx24_ASAP7_75t_R)
     1    9.761001    0.008991    0.020625    0.501493 ^ clkbuf_1_0_0_u_stage.g_el[0].u_elem.g_cg.u_cg.gclk_regs/Y (BUFx24_ASAP7_75t_R)
                                                         clknet_1_0_0_u_stage.g_el[0].u_elem.g_cg.u_cg.gclk_regs (net)
                      0.018916    0.005384    0.506877 ^ clkbuf_1_0_1_u_stage.g_el[0].u_elem.g_cg.u_cg.gclk_regs/A (BUFx24_ASAP7_75t_R)
     1    9.486146    0.008964    0.020878    0.527755 ^ clkbuf_1_0_1_u_stage.g_el[0].u_elem.g_cg.u_cg.gclk_regs/Y (BUFx24_ASAP7_75t_R)
                                                         clknet_1_0_1_u_stage.g_el[0].u_elem.g_cg.u_cg.gclk_regs (net)
                      0.018089    0.005121    0.532875 ^ clkbuf_1_0_2_u_stage.g_el[0].u_elem.g_cg.u_cg.gclk_regs/A (BUFx24_ASAP7_75t_R)
     1    9.486146    0.008953    0.020633    0.553508 ^ clkbuf_1_0_2_u_stage.g_el[0].u_elem.g_cg.u_cg.gclk_regs/Y (BUFx24_ASAP7_75t_R)
                                                         clknet_1_0_2_u_stage.g_el[0].u_elem.g_cg.u_cg.gclk_regs (net)
                      0.018084    0.005120    0.558628 ^ clkbuf_1_0_3_u_stage.g_el[0].u_elem.g_cg.u_cg.gclk_regs/A (BUFx24_ASAP7_75t_R)
     1    9.407616    0.008942    0.020626    0.579254 ^ clkbuf_1_0_3_u_stage.g_el[0].u_elem.g_cg.u_cg.gclk_regs/Y (BUFx24_ASAP7_75t_R)
                                                         clknet_1_0_3_u_stage.g_el[0].u_elem.g_cg.u_cg.gclk_regs (net)
                      0.017854    0.005045    0.584298 ^ clkbuf_1_0_4_u_stage.g_el[0].u_elem.g_cg.u_cg.gclk_regs/A (BUFx24_ASAP7_75t_R)
     2   12.258844    0.010682    0.021280    0.605578 ^ clkbuf_1_0_4_u_stage.g_el[0].u_elem.g_cg.u_cg.gclk_regs/Y (BUFx24_ASAP7_75t_R)
                                                         clknet_1_0_4_u_stage.g_el[0].u_elem.g_cg.u_cg.gclk_regs (net)
                      0.012226    0.001928    0.607506 ^ clkbuf_2_0_0_u_stage.g_el[0].u_elem.g_cg.u_cg.gclk_regs/A (BUFx24_ASAP7_75t_R)
     2   10.751069    0.009116    0.018922    0.626429 ^ clkbuf_2_0_0_u_stage.g_el[0].u_elem.g_cg.u_cg.gclk_regs/Y (BUFx24_ASAP7_75t_R)
                                                         clknet_2_0_0_u_stage.g_el[0].u_elem.g_cg.u_cg.gclk_regs (net)
                      0.018612    0.005131    0.631559 ^ clkbuf_3_0_0_u_stage.g_el[0].u_elem.g_cg.u_cg.gclk_regs/A (BUFx24_ASAP7_75t_R)
     1    9.446880    0.008954    0.020785    0.652345 ^ clkbuf_3_0_0_u_stage.g_el[0].u_elem.g_cg.u_cg.gclk_regs/Y (BUFx24_ASAP7_75t_R)
                                                         clknet_3_0_0_u_stage.g_el[0].u_elem.g_cg.u_cg.gclk_regs (net)
                      0.017972    0.005083    0.657427 ^ clkbuf_3_0_1_u_stage.g_el[0].u_elem.g_cg.u_cg.gclk_regs/A (BUFx24_ASAP7_75t_R)
     1    9.446880    0.008946    0.020595    0.678023 ^ clkbuf_3_0_1_u_stage.g_el[0].u_elem.g_cg.u_cg.gclk_regs/Y (BUFx24_ASAP7_75t_R)
                                                         clknet_3_0_1_u_stage.g_el[0].u_elem.g_cg.u_cg.gclk_regs (net)
                      0.017968    0.005082    0.683105 ^ clkbuf_3_0_2_u_stage.g_el[0].u_elem.g_cg.u_cg.gclk_regs/A (BUFx24_ASAP7_75t_R)
     2    9.369376    0.009245    0.020653    0.703758 ^ clkbuf_3_0_2_u_stage.g_el[0].u_elem.g_cg.u_cg.gclk_regs/Y (BUFx24_ASAP7_75t_R)
                                                         clknet_3_0_2_u_stage.g_el[0].u_elem.g_cg.u_cg.gclk_regs (net)
                      0.012597    0.002795    0.706554 ^ clkbuf_4_0_0_u_stage.g_el[0].u_elem.g_cg.u_cg.gclk_regs/A (BUFx24_ASAP7_75t_R)
     2   14.308478    0.010909    0.019299    0.725853 ^ clkbuf_4_0_0_u_stage.g_el[0].u_elem.g_cg.u_cg.gclk_regs/Y (BUFx24_ASAP7_75t_R)
                                                         clknet_4_0_0_u_stage.g_el[0].u_elem.g_cg.u_cg.gclk_regs (net)
                      0.021127    0.005668    0.731520 ^ clkbuf_5_0_0_u_stage.g_el[0].u_elem.g_cg.u_cg.gclk_regs/A (BUFx24_ASAP7_75t_R)
     2   11.222249    0.009677    0.021627    0.753148 ^ clkbuf_5_0_0_u_stage.g_el[0].u_elem.g_cg.u_cg.gclk_regs/Y (BUFx24_ASAP7_75t_R)
                                                         clknet_5_0_0_u_stage.g_el[0].u_elem.g_cg.u_cg.gclk_regs (net)
                      0.014470    0.003388    0.756536 ^ clkbuf_6_1_0_u_stage.g_el[0].u_elem.g_cg.u_cg.gclk_regs/A (BUFx24_ASAP7_75t_R)
     2    9.478882    0.009105    0.019576    0.776112 ^ clkbuf_6_1_0_u_stage.g_el[0].u_elem.g_cg.u_cg.gclk_regs/Y (BUFx24_ASAP7_75t_R)
                                                         clknet_6_1_0_u_stage.g_el[0].u_elem.g_cg.u_cg.gclk_regs (net)
                      0.014668    0.003775    0.779886 ^ clkbuf_7_2__f_u_stage.g_el[0].u_elem.g_cg.u_cg.gclk_regs/A (BUFx24_ASAP7_75t_R)
     7   50.245670    0.018141    0.023714    0.803600 ^ clkbuf_7_2__f_u_stage.g_el[0].u_elem.g_cg.u_cg.gclk_regs/Y (BUFx24_ASAP7_75t_R)
                                                         clknet_7_2__leaf_u_stage.g_el[0].u_elem.g_cg.u_cg.gclk_regs (net)
                      0.154016    0.048474    0.852074 ^ clkbuf_leaf_11_u_stage.g_el[0].u_elem.g_cg.u_cg.gclk_regs/A (BUFx24_ASAP7_75t_R)
    12   13.261459    0.015841    0.041944    0.894018 ^ clkbuf_leaf_11_u_stage.g_el[0].u_elem.g_cg.u_cg.gclk_regs/Y (BUFx24_ASAP7_75t_R)
                                                         clknet_leaf_11_u_stage.g_el[0].u_elem.g_cg.u_cg.gclk_regs (net)
                      0.016103    0.001067    0.895085 ^ u_stage.g_el[0].u_elem.g_mac[0].g_pp.cap0[30]$_DFFE_PP_/CLK (DFFHQNx1_ASAP7_75t_R)
                                  0.025000    0.920085   clock uncertainty
                                 -0.019597    0.900488   clock reconvergence pessimism
                                  0.012605    0.913093   library hold time
                                              0.913093   data required time
---------------------------------------------------------------------------------------------
                                              0.913093   data required time
                                             -1.485329   data arrival time
---------------------------------------------------------------------------------------------
                                              0.572237   slack (MET)


Startpoint: u_stage.g_el[0].u_elem.g_mac[0].g_pp.u_rom0
            (rising edge-triggered flip-flop clocked by w5_domain)
Endpoint: u_stage.g_el[0].u_elem.g_mac[0].g_pp.cap0[85]$_DFFE_PP_
          (rising edge-triggered flip-flop clocked by w5_domain)
Path Group: w5_domain
Path Type: max

Fanout         Cap        Slew       Delay        Time   Description
---------------------------------------------------------------------------------------------
                                  0.000000    0.000000   clock w5_domain (rise edge)
                                  0.000000    0.000000   clock source latency
     1   20.089085    0.000000    0.000000    0.000000 ^ clk (in)
                                                         clk (net)
                      0.064857    0.020460    0.020460 ^ wire95643/A (BUFx12f_ASAP7_75t_R)
     1   18.611336    0.011616    0.023320    0.043780 ^ wire95643/Y (BUFx12f_ASAP7_75t_R)
                                                         net95642 (net)
                      0.061343    0.018897    0.062678 ^ wire95642/A (BUFx24_ASAP7_75t_R)
     2   36.791195    0.012036    0.030386    0.093063 ^ wire95642/Y (BUFx24_ASAP7_75t_R)
                                                         net95641 (net)
                      0.148824    0.046488    0.139551 ^ clkbuf_0_clk/A (BUFx24_ASAP7_75t_R)
     2    9.910797    0.014510    0.040704    0.180255 ^ clkbuf_0_clk/Y (BUFx24_ASAP7_75t_R)
                                                         clknet_0_clk (net)
                      0.014735    0.001246    0.181502 ^ clkbuf_1_1__f_clk/A (BUFx24_ASAP7_75t_R)
     2    7.639373    0.008920    0.019723    0.201225 ^ clkbuf_1_1__f_clk/Y (BUFx24_ASAP7_75t_R)
                                                         clknet_1_1__leaf_clk (net)
                      0.010202    0.001876    0.203101 ^ u_stage.u_ao.u_p.u_ctl.u_spine_cg.u_icg/CLK (ICGx1_ASAP7_75t_R)
     1   13.669390    0.090677    0.040366    0.243467 ^ u_stage.u_ao.u_p.u_ctl.u_spine_cg.u_icg/GCLK (ICGx1_ASAP7_75t_R)
                                                         u_stage.u_ao.s_clk_p (net)
                      0.097274    0.012970    0.256437 ^ u_stage.u_ao.u_fault_spine.u_icg/CLK (ICGx1_ASAP7_75t_R)
     2    8.421124    0.055460    0.036957    0.293394 ^ u_stage.u_ao.u_fault_spine.u_icg/GCLK (ICGx1_ASAP7_75t_R)
                                                         u_stage.g_el[0].u_dif.e_clk (net)
                      0.055703    0.002080    0.295474 ^ wire95738/A (BUFx12f_ASAP7_75t_R)
     1   16.037949    0.010823    0.021912    0.317386 ^ wire95738/Y (BUFx12f_ASAP7_75t_R)
                                                         net95737 (net)
                      0.046509    0.014132    0.331518 ^ wire95737/A (BUFx12f_ASAP7_75t_R)
     1   15.658607    0.010461    0.020820    0.352338 ^ wire95737/Y (BUFx12f_ASAP7_75t_R)
                                                         net95736 (net)
                      0.044414    0.013480    0.365818 ^ clkbuf_0_u_stage.g_el[0].u_dif.e_clk/A (BUFx24_ASAP7_75t_R)
     1    3.243007    0.008355    0.026264    0.392082 ^ clkbuf_0_u_stage.g_el[0].u_dif.e_clk/Y (BUFx24_ASAP7_75t_R)
                                                         clknet_0_u_stage.g_el[0].u_dif.e_clk (net)
                      0.008368    0.000351    0.392433 ^ clkbuf_1_0__f_u_stage.g_el[0].u_dif.e_clk/A (BUFx24_ASAP7_75t_R)
     1    2.612796    0.006947    0.017021    0.409454 ^ clkbuf_1_0__f_u_stage.g_el[0].u_dif.e_clk/Y (BUFx24_ASAP7_75t_R)
                                                         clknet_1_0__leaf_u_stage.g_el[0].u_dif.e_clk (net)
                      0.006950    0.000166    0.409620 ^ u_stage.g_el[0].u_elem.g_cg.u_cg.u_icg/CLK (ICGx1_ASAP7_75t_R)
     2    5.587863    0.036567    0.023096    0.432716 ^ u_stage.g_el[0].u_elem.g_cg.u_cg.u_icg/GCLK (ICGx1_ASAP7_75t_R)
                                                         u_stage.g_el[0].u_elem.g_cg.u_cg.gclk (net)
                      0.036573    0.000295    0.433011 ^ delaybuf_0_w5_domain/A (BUFx24_ASAP7_75t_R)
     1    2.897475    0.007895    0.024628    0.457639 ^ delaybuf_0_w5_domain/Y (BUFx24_ASAP7_75t_R)
                                                         delaynet_0_w5_domain (net)
                      0.007898    0.000190    0.457830 ^ delaybuf_1_w5_domain/A (BUFx24_ASAP7_75t_R)
     1    2.905328    0.007065    0.016926    0.474755 ^ delaybuf_1_w5_domain/Y (BUFx24_ASAP7_75t_R)
                                                         delaynet_1_w5_domain (net)
                      0.007069    0.000194    0.474949 ^ delaybuf_2_w5_domain/A (BUFx24_ASAP7_75t_R)
     1    2.936740    0.007075    0.016672    0.491621 ^ delaybuf_2_w5_domain/Y (BUFx24_ASAP7_75t_R)
                                                         delaynet_2_w5_domain (net)
                      0.007080    0.000208    0.491829 ^ delaybuf_3_w5_domain/A (BUFx24_ASAP7_75t_R)
     1    2.818945    0.007025    0.016657    0.508485 ^ delaybuf_3_w5_domain/Y (BUFx24_ASAP7_75t_R)
                                                         delaynet_3_w5_domain (net)
                      0.007028    0.000156    0.508642 ^ delaybuf_4_w5_domain/A (BUFx24_ASAP7_75t_R)
     1    2.858210    0.007042    0.016646    0.525288 ^ delaybuf_4_w5_domain/Y (BUFx24_ASAP7_75t_R)
                                                         delaynet_4_w5_domain (net)
                      0.007045    0.000173    0.525462 ^ delaybuf_5_w5_domain/A (BUFx24_ASAP7_75t_R)
     1    1.630847    0.006535    0.016429    0.541891 ^ delaybuf_5_w5_domain/Y (BUFx24_ASAP7_75t_R)
                                                         delaynet_5_w5_domain (net)
                      0.006536    0.000104    0.541995 ^ wire95736/A (BUFx6f_ASAP7_75t_R)
     1    8.773920    0.012993    0.013443    0.555438 ^ wire95736/Y (BUFx6f_ASAP7_75t_R)
                                                         net95735 (net)
                      0.019105    0.004571    0.560009 ^ wire95735/A (BUFx12f_ASAP7_75t_R)
     1   18.931356    0.010640    0.017027    0.577036 ^ wire95735/Y (BUFx12f_ASAP7_75t_R)
                                                         net95734 (net)
                      0.063512    0.019703    0.596740 ^ wire95734/A (BUFx12_ASAP7_75t_R)
     1   15.988289    0.013406    0.031228    0.627968 ^ wire95734/Y (BUFx12_ASAP7_75t_R)
                                                         net95733 (net)
                      0.047339    0.014161    0.642129 ^ clkbuf_0_u_stage.g_el[0].u_elem.g_cg.u_cg.gclk/A (BUFx24_ASAP7_75t_R)
     2   15.462871    0.012810    0.028445    0.670574 ^ clkbuf_0_u_stage.g_el[0].u_elem.g_cg.u_cg.gclk/Y (BUFx24_ASAP7_75t_R)
                                                         clknet_0_u_stage.g_el[0].u_elem.g_cg.u_cg.gclk (net)
                      0.017484    0.003963    0.674537 ^ clkbuf_1_0_0_u_stage.g_el[0].u_elem.g_cg.u_cg.gclk/A (BUFx24_ASAP7_75t_R)
     1    9.525411    0.008951    0.020456    0.694992 ^ clkbuf_1_0_0_u_stage.g_el[0].u_elem.g_cg.u_cg.gclk/Y (BUFx24_ASAP7_75t_R)
                                                         clknet_1_0_0_u_stage.g_el[0].u_elem.g_cg.u_cg.gclk (net)
                      0.018196    0.005156    0.700149 ^ clkbuf_1_0_1_u_stage.g_el[0].u_elem.g_cg.u_cg.gclk/A (BUFx24_ASAP7_75t_R)
     1    9.289821    0.008926    0.020651    0.720800 ^ clkbuf_1_0_1_u_stage.g_el[0].u_elem.g_cg.u_cg.gclk/Y (BUFx24_ASAP7_75t_R)
                                                         clknet_1_0_1_u_stage.g_el[0].u_elem.g_cg.u_cg.gclk (net)
                      0.017514    0.004936    0.725736 ^ clkbuf_1_0_2_u_stage.g_el[0].u_elem.g_cg.u_cg.gclk/A (BUFx24_ASAP7_75t_R)
     2   62.756927    0.011138    0.021581    0.747318 ^ clkbuf_1_0_2_u_stage.g_el[0].u_elem.g_cg.u_cg.gclk/Y (BUFx24_ASAP7_75t_R)
                                                         clknet_1_0_2_u_stage.g_el[0].u_elem.g_cg.u_cg.gclk (net)
                      0.460004    0.145148    0.892466 ^ u_stage.g_el[0].u_elem.g_mac[0].g_pp.u_rom0/clk (ot_rom_4096x274_m8)
     1   12.364301    0.028400    0.586199    1.478665 v u_stage.g_el[0].u_elem.g_mac[0].g_pp.u_rom0/rd_out[85] (ot_rom_4096x274_m8)
                                                         u_stage.g_el[0].u_elem.g_mac[0].g_pp.rd0[85] (net)
                      0.041305    0.011268    1.489933 v place82704/A (BUFx3_ASAP7_75t_R)
     1    4.790810    0.013498    0.024761    1.514694 v place82704/Y (BUFx3_ASAP7_75t_R)
                                                         net82703 (net)
                      0.013966    0.001366    1.516060 v wire95232/A (BUFx12f_ASAP7_75t_R)
     1   25.256447    0.010638    0.017268    1.533328 v wire95232/Y (BUFx12f_ASAP7_75t_R)
                                                         net95231 (net)
                      0.117762    0.037060    1.570387 v _317017_/A1 (AO21x1_ASAP7_75t_R)
     1    0.687064    0.009360    0.032935    1.603323 v _317017_/Y (AO21x1_ASAP7_75t_R)
                                                         _046708_ (net)
                      0.009360    0.000024    1.603347 v u_stage.g_el[0].u_elem.g_mac[0].g_pp.cap0[85]$_DFFE_PP_/D (DFFHQNx1_ASAP7_75t_R)
                                              1.603347   data arrival time

                                  1.666667    1.666667   clock w5_domain (rise edge)
                                  0.000000    1.666667   clock source latency
     1   19.554710    0.000000    0.000000    1.666667 ^ clk (in)
                                                         clk (net)
                      0.061803    0.019497    1.686163 ^ wire95643/A (BUFx12f_ASAP7_75t_R)
     1   18.010456    0.011508    0.022968    1.709131 ^ wire95643/Y (BUFx12f_ASAP7_75t_R)
                                                         net95642 (net)
                      0.058002    0.017839    1.726969 ^ wire95642/A (BUFx24_ASAP7_75t_R)
     2   35.589436    0.011875    0.029813    1.756782 ^ wire95642/Y (BUFx24_ASAP7_75t_R)
                                                         net95641 (net)
                      0.142394    0.044477    1.801260 ^ clkbuf_0_clk/A (BUFx24_ASAP7_75t_R)
     2    8.709037    0.013868    0.039819    1.841079 ^ clkbuf_0_clk/Y (BUFx24_ASAP7_75t_R)
                                                         clknet_0_clk (net)
                      0.014001    0.001045    1.842124 ^ clkbuf_1_1__f_clk/A (BUFx24_ASAP7_75t_R)
     2    6.437993    0.008494    0.019330    1.861454 ^ clkbuf_1_1__f_clk/Y (BUFx24_ASAP7_75t_R)
                                                         clknet_1_1__leaf_clk (net)
                      0.009326    0.001552    1.863006 ^ u_stage.u_ao.u_p.u_ctl.u_spine_cg.u_icg/CLK (ICGx1_ASAP7_75t_R)
     1   12.963521    0.085781    0.038939    1.901945 ^ u_stage.u_ao.u_p.u_ctl.u_spine_cg.u_icg/GCLK (ICGx1_ASAP7_75t_R)
                                                         u_stage.u_ao.s_clk_p (net)
                      0.091591    0.011864    1.913808 ^ u_stage.u_ao.u_fault_spine.u_icg/CLK (ICGx1_ASAP7_75t_R)
     2    7.285874    0.048350    0.033843    1.947651 ^ u_stage.u_ao.u_fault_spine.u_icg/GCLK (ICGx1_ASAP7_75t_R)
                                                         u_stage.g_el[0].u_dif.e_clk (net)
                      0.048562    0.001811    1.949462 ^ wire95738/A (BUFx12f_ASAP7_75t_R)
     1   15.503579    0.010589    0.021096    1.970558 ^ wire95738/Y (BUFx12f_ASAP7_75t_R)
                                                         net95737 (net)
                      0.043943    0.013332    1.983890 ^ wire95737/A (BUFx12f_ASAP7_75t_R)
     1   15.057727    0.010365    0.020518    2.004409 ^ wire95737/Y (BUFx12f_ASAP7_75t_R)
                                                         net95736 (net)
                      0.041668    0.012609    2.017018 ^ clkbuf_0_u_stage.g_el[0].u_dif.e_clk/A (BUFx24_ASAP7_75t_R)
     1    2.642127    0.008005    0.025700    2.042717 ^ clkbuf_0_u_stage.g_el[0].u_dif.e_clk/Y (BUFx24_ASAP7_75t_R)
                                                         clknet_0_u_stage.g_el[0].u_dif.e_clk (net)
                      0.008012    0.000279    2.042996 ^ clkbuf_1_0__f_u_stage.g_el[0].u_dif.e_clk/A (BUFx24_ASAP7_75t_R)
     1    1.906926    0.006654    0.016782    2.059778 ^ clkbuf_1_0__f_u_stage.g_el[0].u_dif.e_clk/Y (BUFx24_ASAP7_75t_R)
                                                         clknet_1_0__leaf_u_stage.g_el[0].u_dif.e_clk (net)
                      0.006655    0.000119    2.059897 ^ u_stage.g_el[0].u_elem.g_cg.u_cg.u_icg/CLK (ICGx1_ASAP7_75t_R)
     2    4.386104    0.029163    0.019889    2.079786 ^ u_stage.g_el[0].u_elem.g_cg.u_cg.u_icg/GCLK (ICGx1_ASAP7_75t_R)
                                                         u_stage.g_el[0].u_elem.g_cg.u_cg.gclk (net)
                      0.029170    0.000273    2.080059 ^ clkbuf_regs_3_w5_domain/A (BUFx24_ASAP7_75t_R)
     1    2.406537    0.007383    0.022715    2.102774 ^ clkbuf_regs_3_w5_domain/Y (BUFx24_ASAP7_75t_R)
                                                         u_stage.g_el[0].u_elem.g_cg.u_cg.gclk_regs (net)
                      0.007386    0.000189    2.102962 ^ clkbuf_0_u_stage.g_el[0].u_elem.g_cg.u_cg.gclk_regs/A (BUFx24_ASAP7_75t_R)
     2   14.535966    0.011436    0.018245    2.121207 ^ clkbuf_0_u_stage.g_el[0].u_elem.g_cg.u_cg.gclk_regs/Y (BUFx24_ASAP7_75t_R)
                                                         clknet_0_u_stage.g_el[0].u_elem.g_cg.u_cg.gclk_regs (net)
                      0.016635    0.003993    2.125200 ^ clkbuf_1_0_0_u_stage.g_el[0].u_elem.g_cg.u_cg.gclk_regs/A (BUFx24_ASAP7_75t_R)
     1    9.160121    0.008896    0.020196    2.145396 ^ clkbuf_1_0_0_u_stage.g_el[0].u_elem.g_cg.u_cg.gclk_regs/Y (BUFx24_ASAP7_75t_R)
                                                         clknet_1_0_0_u_stage.g_el[0].u_elem.g_cg.u_cg.gclk_regs (net)
                      0.017472    0.004945    2.150341 ^ clkbuf_1_0_1_u_stage.g_el[0].u_elem.g_cg.u_cg.gclk_regs/A (BUFx24_ASAP7_75t_R)
     1    8.885265    0.008863    0.020425    2.170766 ^ clkbuf_1_0_1_u_stage.g_el[0].u_elem.g_cg.u_cg.gclk_regs/Y (BUFx24_ASAP7_75t_R)
                                                         clknet_1_0_1_u_stage.g_el[0].u_elem.g_cg.u_cg.gclk_regs (net)
                      0.016710    0.004699    2.175465 ^ clkbuf_1_0_2_u_stage.g_el[0].u_elem.g_cg.u_cg.gclk_regs/A (BUFx24_ASAP7_75t_R)
     1    8.885265    0.008853    0.020199    2.195664 ^ clkbuf_1_0_2_u_stage.g_el[0].u_elem.g_cg.u_cg.gclk_regs/Y (BUFx24_ASAP7_75t_R)
                                                         clknet_1_0_2_u_stage.g_el[0].u_elem.g_cg.u_cg.gclk_regs (net)
                      0.016705    0.004698    2.200362 ^ clkbuf_1_0_3_u_stage.g_el[0].u_elem.g_cg.u_cg.gclk_regs/A (BUFx24_ASAP7_75t_R)
     1    8.806735    0.008823    0.020193    2.220555 ^ clkbuf_1_0_3_u_stage.g_el[0].u_elem.g_cg.u_cg.gclk_regs/Y (BUFx24_ASAP7_75t_R)
                                                         clknet_1_0_3_u_stage.g_el[0].u_elem.g_cg.u_cg.gclk_regs (net)
                      0.016483    0.004627    2.225182 ^ clkbuf_1_0_4_u_stage.g_el[0].u_elem.g_cg.u_cg.gclk_regs/A (BUFx24_ASAP7_75t_R)
     2   11.057084    0.010217    0.020735    2.245918 ^ clkbuf_1_0_4_u_stage.g_el[0].u_elem.g_cg.u_cg.gclk_regs/Y (BUFx24_ASAP7_75t_R)
                                                         clknet_1_0_4_u_stage.g_el[0].u_elem.g_cg.u_cg.gclk_regs (net)
                      0.011390    0.001661    2.247579 ^ clkbuf_2_0_0_u_stage.g_el[0].u_elem.g_cg.u_cg.gclk_regs/A (BUFx24_ASAP7_75t_R)
     2    9.549307    0.008918    0.018620    2.266199 ^ clkbuf_2_0_0_u_stage.g_el[0].u_elem.g_cg.u_cg.gclk_regs/Y (BUFx24_ASAP7_75t_R)
                                                         clknet_2_0_0_u_stage.g_el[0].u_elem.g_cg.u_cg.gclk_regs (net)
                      0.016483    0.004498    2.270697 ^ clkbuf_3_0_0_u_stage.g_el[0].u_elem.g_cg.u_cg.gclk_regs/A (BUFx24_ASAP7_75t_R)
     1    8.846001    0.008826    0.020130    2.290828 ^ clkbuf_3_0_0_u_stage.g_el[0].u_elem.g_cg.u_cg.gclk_regs/Y (BUFx24_ASAP7_75t_R)
                                                         clknet_3_0_0_u_stage.g_el[0].u_elem.g_cg.u_cg.gclk_regs (net)
                      0.016588    0.004661    2.295489 ^ clkbuf_3_0_1_u_stage.g_el[0].u_elem.g_cg.u_cg.gclk_regs/A (BUFx24_ASAP7_75t_R)
     1    8.846001    0.008827    0.020161    2.315650 ^ clkbuf_3_0_1_u_stage.g_el[0].u_elem.g_cg.u_cg.gclk_regs/Y (BUFx24_ASAP7_75t_R)
                                                         clknet_3_0_1_u_stage.g_el[0].u_elem.g_cg.u_cg.gclk_regs (net)
                      0.016589    0.004661    2.320312 ^ clkbuf_3_0_2_u_stage.g_el[0].u_elem.g_cg.u_cg.gclk_regs/A (BUFx24_ASAP7_75t_R)
     2    8.167616    0.008906    0.020144    2.340456 ^ clkbuf_3_0_2_u_stage.g_el[0].u_elem.g_cg.u_cg.gclk_regs/Y (BUFx24_ASAP7_75t_R)
                                                         clknet_3_0_2_u_stage.g_el[0].u_elem.g_cg.u_cg.gclk_regs (net)
                      0.012574    0.003037    2.343493 ^ clkbuf_4_1_0_u_stage.g_el[0].u_elem.g_cg.u_cg.gclk_regs/A (BUFx24_ASAP7_75t_R)
     2   13.240221    0.010580    0.019280    2.362773 ^ clkbuf_4_1_0_u_stage.g_el[0].u_elem.g_cg.u_cg.gclk_regs/Y (BUFx24_ASAP7_75t_R)
                                                         clknet_4_1_0_u_stage.g_el[0].u_elem.g_cg.u_cg.gclk_regs (net)
                      0.019080    0.005019    2.367792 ^ clkbuf_5_2_0_u_stage.g_el[0].u_elem.g_cg.u_cg.gclk_regs/A (BUFx24_ASAP7_75t_R)
     2    9.446783    0.009077    0.020916    2.388708 ^ clkbuf_5_2_0_u_stage.g_el[0].u_elem.g_cg.u_cg.gclk_regs/Y (BUFx24_ASAP7_75t_R)
                                                         clknet_5_2_0_u_stage.g_el[0].u_elem.g_cg.u_cg.gclk_regs (net)
                      0.015814    0.004236    2.392944 ^ clkbuf_6_4_0_u_stage.g_el[0].u_elem.g_cg.u_cg.gclk_regs/A (BUFx24_ASAP7_75t_R)
     2   10.884318    0.010064    0.020304    2.413247 ^ clkbuf_6_4_0_u_stage.g_el[0].u_elem.g_cg.u_cg.gclk_regs/Y (BUFx24_ASAP7_75t_R)
                                                         clknet_6_4_0_u_stage.g_el[0].u_elem.g_cg.u_cg.gclk_regs (net)
                      0.013253    0.002852    2.416100 ^ clkbuf_7_9__f_u_stage.g_el[0].u_elem.g_cg.u_cg.gclk_regs/A (BUFx24_ASAP7_75t_R)
     7   28.968012    0.018484    0.021855    2.437954 ^ clkbuf_7_9__f_u_stage.g_el[0].u_elem.g_cg.u_cg.gclk_regs/Y (BUFx24_ASAP7_75t_R)
                                                         clknet_7_9__leaf_u_stage.g_el[0].u_elem.g_cg.u_cg.gclk_regs (net)
                      0.019267    0.001957    2.439911 ^ clkbuf_leaf_195_u_stage.g_el[0].u_elem.g_cg.u_cg.gclk_regs/A (BUFx24_ASAP7_75t_R)
    19   13.535728    0.011458    0.022207    2.462118 ^ clkbuf_leaf_195_u_stage.g_el[0].u_elem.g_cg.u_cg.gclk_regs/Y (BUFx24_ASAP7_75t_R)
                                                         clknet_leaf_195_u_stage.g_el[0].u_elem.g_cg.u_cg.gclk_regs (net)
                      0.011567    0.000528    2.462646 ^ u_stage.g_el[0].u_elem.g_mac[0].g_pp.cap0[85]$_DFFE_PP_/CLK (DFFHQNx1_ASAP7_75t_R)
                                 -0.060000    2.402647   clock uncertainty
                                  0.019597    2.422244   clock reconvergence pessimism
                                 -0.000120    2.422124   library setup time
                                              2.422124   data required time
---------------------------------------------------------------------------------------------
                                              2.422124   data required time
                                             -1.603347   data arrival time
---------------------------------------------------------------------------------------------
                                              0.818777   slack (MET)


