Startpoint: u_return.u_n.bw[3]$_DFFE_PN0P_
            (rising edge-triggered flip-flop clocked by core_clk)
Endpoint: u_return.u_n.bd[19][26]$_DFFE_PP_
          (rising edge-triggered flip-flop clocked by core_clk)
Path Group: core_clk
Path Type: min

Fanout         Cap        Slew       Delay        Time   Description
---------------------------------------------------------------------------------------------
                                  0.000000    0.000000   clock core_clk (rise edge)
                                  0.000000    0.000000   clock source latency
     1   19.554710    0.000000    0.000000    0.000000 ^ clk (in)
                                                         clk (net)
                      0.061803    0.019497    0.019497 ^ wire95643/A (BUFx12f_ASAP7_75t_R)
     1   18.010456    0.011508    0.022968    0.042464 ^ wire95643/Y (BUFx12f_ASAP7_75t_R)
                                                         net95642 (net)
                      0.058002    0.017838    0.060303 ^ wire95642/A (BUFx24_ASAP7_75t_R)
     2   35.589436    0.011875    0.029813    0.090116 ^ wire95642/Y (BUFx24_ASAP7_75t_R)
                                                         net95641 (net)
                      0.182211    0.057619    0.147735 ^ clkbuf_regs_0_core_clk/A (BUFx24_ASAP7_75t_R)
     1    2.202359    0.012540    0.041921    0.189656 ^ clkbuf_regs_0_core_clk/Y (BUFx24_ASAP7_75t_R)
                                                         clk_regs (net)
                      0.012540    0.000116    0.189772 ^ clkbuf_0_clk_regs/A (BUFx24_ASAP7_75t_R)
     2   11.191023    0.009556    0.019118    0.208891 ^ clkbuf_0_clk_regs/Y (BUFx24_ASAP7_75t_R)
                                                         clknet_0_clk_regs (net)
                      0.016866    0.004421    0.213312 ^ clkbuf_1_1_0_clk_regs/A (BUFx24_ASAP7_75t_R)
     1    8.517047    0.008778    0.020219    0.233531 ^ clkbuf_1_1_0_clk_regs/Y (BUFx24_ASAP7_75t_R)
                                                         clknet_1_1_0_clk_regs (net)
                      0.015714    0.004376    0.237907 ^ clkbuf_1_1_1_clk_regs/A (BUFx24_ASAP7_75t_R)
     1    8.517047    0.008763    0.019877    0.257784 ^ clkbuf_1_1_1_clk_regs/Y (BUFx24_ASAP7_75t_R)
                                                         clknet_1_1_1_clk_regs (net)
                      0.015706    0.004374    0.262158 ^ clkbuf_1_1_2_clk_regs/A (BUFx24_ASAP7_75t_R)
     1    8.517047    0.008762    0.019875    0.282033 ^ clkbuf_1_1_2_clk_regs/Y (BUFx24_ASAP7_75t_R)
                                                         clknet_1_1_2_clk_regs (net)
                      0.015706    0.004374    0.286407 ^ clkbuf_1_1_3_clk_regs/A (BUFx24_ASAP7_75t_R)
     1    8.493487    0.008759    0.019873    0.306280 ^ clkbuf_1_1_3_clk_regs/Y (BUFx24_ASAP7_75t_R)
                                                         clknet_1_1_3_clk_regs (net)
                      0.015645    0.004354    0.310634 ^ clkbuf_1_1_4_clk_regs/A (BUFx24_ASAP7_75t_R)
     2    8.560266    0.008830    0.019837    0.330471 ^ clkbuf_1_1_4_clk_regs/Y (BUFx24_ASAP7_75t_R)
                                                         clknet_1_1_4_clk_regs (net)
                      0.014340    0.003792    0.334263 ^ clkbuf_2_2_0_clk_regs/A (BUFx24_ASAP7_75t_R)
     2    9.329861    0.008904    0.019488    0.353751 ^ clkbuf_2_2_0_clk_regs/Y (BUFx24_ASAP7_75t_R)
                                                         clknet_2_2_0_clk_regs (net)
                      0.016398    0.004502    0.358253 ^ clkbuf_3_5_0_clk_regs/A (BUFx24_ASAP7_75t_R)
     1    8.556312    0.008778    0.020083    0.378336 ^ clkbuf_3_5_0_clk_regs/Y (BUFx24_ASAP7_75t_R)
                                                         clknet_3_5_0_clk_regs (net)
                      0.015813    0.004409    0.382745 ^ clkbuf_3_5_1_clk_regs/A (BUFx24_ASAP7_75t_R)
     1    8.556312    0.008770    0.019910    0.402654 ^ clkbuf_3_5_1_clk_regs/Y (BUFx24_ASAP7_75t_R)
                                                         clknet_3_5_1_clk_regs (net)
                      0.015809    0.004408    0.407062 ^ clkbuf_3_5_2_clk_regs/A (BUFx24_ASAP7_75t_R)
     2    9.784898    0.009414    0.020080    0.427143 ^ clkbuf_3_5_2_clk_regs/Y (BUFx24_ASAP7_75t_R)
                                                         clknet_3_5_2_clk_regs (net)
                      0.014171    0.003508    0.430651 ^ clkbuf_4_10_0_clk_regs/A (BUFx24_ASAP7_75t_R)
     2   11.072791    0.009906    0.019971    0.450622 ^ clkbuf_4_10_0_clk_regs/Y (BUFx24_ASAP7_75t_R)
                                                         clknet_4_10_0_clk_regs (net)
                      0.014753    0.003766    0.454388 ^ clkbuf_5_21_0_clk_regs/A (BUFx24_ASAP7_75t_R)
     2    8.293264    0.008770    0.019561    0.473950 ^ clkbuf_5_21_0_clk_regs/Y (BUFx24_ASAP7_75t_R)
                                                         clknet_5_21_0_clk_regs (net)
                      0.013526    0.003483    0.477433 ^ clkbuf_6_43_0_clk_regs/A (BUFx24_ASAP7_75t_R)
     2   11.873797    0.010262    0.019570    0.497003 ^ clkbuf_6_43_0_clk_regs/Y (BUFx24_ASAP7_75t_R)
                                                         clknet_6_43_0_clk_regs (net)
                      0.016518    0.004211    0.501214 ^ clkbuf_7_86_0_clk_regs/A (BUFx24_ASAP7_75t_R)
     2    6.368842    0.008534    0.020113    0.521328 ^ clkbuf_7_86_0_clk_regs/Y (BUFx24_ASAP7_75t_R)
                                                         clknet_7_86_0_clk_regs (net)
                      0.008556    0.000444    0.521771 ^ clkbuf_8_172__f_clk_regs/A (BUFx24_ASAP7_75t_R)
     6   18.996145    0.013996    0.019600    0.541371 ^ clkbuf_8_172__f_clk_regs/Y (BUFx24_ASAP7_75t_R)
                                                         clknet_8_172__leaf_clk_regs (net)
                      0.016369    0.002998    0.544370 ^ clkbuf_leaf_401_clk_regs/A (BUFx24_ASAP7_75t_R)
    22   15.322002    0.012247    0.021590    0.565960 ^ clkbuf_leaf_401_clk_regs/Y (BUFx24_ASAP7_75t_R)
                                                         clknet_leaf_401_clk_regs (net)
                      0.012733    0.001237    0.567196 ^ u_return.u_n.bw[3]$_DFFE_PN0P_/CLK (DFFASRHQNx1_ASAP7_75t_R)
     6    4.051872    0.033801    0.052860    0.620056 v u_return.u_n.bw[3]$_DFFE_PN0P_/QN (DFFASRHQNx1_ASAP7_75t_R)
                                                         _024721_ (net)
                      0.033808    0.000217    0.620273 v hold102381/A (BUFx2_ASAP7_75t_R)
     4    2.349233    0.010177    0.022848    0.643121 v hold102381/Y (BUFx2_ASAP7_75t_R)
                                                         net102380 (net)
                      0.010184    0.000137    0.643258 v _366384_/B (AND3x1_ASAP7_75t_R)
     3    8.524101    0.047003    0.030271    0.673529 v _366384_/Y (AND3x1_ASAP7_75t_R)
                                                         _185311_ (net)
                      0.047409    0.002457    0.675985 v place86184/A (BUFx2_ASAP7_75t_R)
    18   20.013395    0.061532    0.038693    0.714679 v place86184/Y (BUFx2_ASAP7_75t_R)
                                                         net86183 (net)
                      0.065043    0.007780    0.722459 v _366468_/C (AND3x1_ASAP7_75t_R)
     1    0.578074    0.005685    0.023039    0.745498 v _366468_/Y (AND3x1_ASAP7_75t_R)
                                                         _185360_ (net)
                      0.005686    0.000021    0.745519 v _366469_/B (AO21x1_ASAP7_75t_R)
     1    0.641342    0.006170    0.012355    0.757874 v _366469_/Y (AO21x1_ASAP7_75t_R)
                                                         _057789_ (net)
                      0.006170    0.000025    0.757898 v u_return.u_n.bd[19][26]$_DFFE_PP_/D (DFFHQNx1_ASAP7_75t_R)
                                              0.757898   data arrival time

                                  0.000000    0.000000   clock core_clk (rise edge)
                                  0.000000    0.000000   clock source latency
     1   20.089085    0.000000    0.000000    0.000000 ^ clk (in)
                                                         clk (net)
                      0.064857    0.020460    0.020460 ^ wire95643/A (BUFx12f_ASAP7_75t_R)
     1   18.611336    0.011616    0.023320    0.043780 ^ wire95643/Y (BUFx12f_ASAP7_75t_R)
                                                         net95642 (net)
                      0.061343    0.018897    0.062678 ^ wire95642/A (BUFx24_ASAP7_75t_R)
     2   36.791195    0.012036    0.030386    0.093063 ^ wire95642/Y (BUFx24_ASAP7_75t_R)
                                                         net95641 (net)
                      0.190868    0.060361    0.153424 ^ clkbuf_regs_0_core_clk/A (BUFx24_ASAP7_75t_R)
     1    2.803239    0.012989    0.042595    0.196019 ^ clkbuf_regs_0_core_clk/Y (BUFx24_ASAP7_75t_R)
                                                         clk_regs (net)
                      0.012990    0.000150    0.196169 ^ clkbuf_0_clk_regs/A (BUFx24_ASAP7_75t_R)
     2   12.392783    0.010015    0.019312    0.215481 ^ clkbuf_0_clk_regs/Y (BUFx24_ASAP7_75t_R)
                                                         clknet_0_clk_regs (net)
                      0.018282    0.004803    0.220284 ^ clkbuf_1_0_0_clk_regs/A (BUFx24_ASAP7_75t_R)
     1    9.446880    0.008950    0.020687    0.240971 ^ clkbuf_1_0_0_clk_regs/Y (BUFx24_ASAP7_75t_R)
                                                         clknet_1_0_0_clk_regs (net)
                      0.017970    0.005082    0.246053 ^ clkbuf_1_0_1_clk_regs/A (BUFx24_ASAP7_75t_R)
     1    9.446880    0.008946    0.020595    0.266648 ^ clkbuf_1_0_1_clk_regs/Y (BUFx24_ASAP7_75t_R)
                                                         clknet_1_0_1_clk_regs (net)
                      0.017968    0.005082    0.271730 ^ clkbuf_1_0_2_clk_regs/A (BUFx24_ASAP7_75t_R)
     1    4.499488    0.007816    0.020171    0.291901 ^ clkbuf_1_0_2_clk_regs/Y (BUFx24_ASAP7_75t_R)
                                                         clknet_1_0_2_clk_regs (net)
                      0.008178    0.001073    0.292974 ^ clkbuf_1_0_3_clk_regs/A (BUFx24_ASAP7_75t_R)
     1    2.811092    0.007027    0.016999    0.309973 ^ clkbuf_1_0_3_clk_regs/Y (BUFx24_ASAP7_75t_R)
                                                         clknet_1_0_3_clk_regs (net)
                      0.007029    0.000153    0.310126 ^ clkbuf_1_0_4_clk_regs/A (BUFx24_ASAP7_75t_R)
     2   12.321670    0.010647    0.018020    0.328146 ^ clkbuf_1_0_4_clk_regs/Y (BUFx24_ASAP7_75t_R)
                                                         clknet_1_0_4_clk_regs (net)
                      0.012706    0.002298    0.330444 ^ clkbuf_2_1_0_clk_regs/A (BUFx24_ASAP7_75t_R)
     2    6.762178    0.008571    0.018934    0.349378 ^ clkbuf_2_1_0_clk_regs/Y (BUFx24_ASAP7_75t_R)
                                                         clknet_2_1_0_clk_regs (net)
                      0.009445    0.001442    0.350820 ^ clkbuf_3_2_0_clk_regs/A (BUFx24_ASAP7_75t_R)
     1    9.157192    0.008794    0.018035    0.368855 ^ clkbuf_3_2_0_clk_regs/Y (BUFx24_ASAP7_75t_R)
                                                         clknet_3_2_0_clk_regs (net)
                      0.017083    0.004802    0.373657 ^ clkbuf_3_2_1_clk_regs/A (BUFx24_ASAP7_75t_R)
     1    4.838039    0.007923    0.019949    0.393606 ^ clkbuf_3_2_1_clk_regs/Y (BUFx24_ASAP7_75t_R)
                                                         clknet_3_2_1_clk_regs (net)
                      0.008506    0.001299    0.394905 ^ clkbuf_3_2_2_clk_regs/A (BUFx24_ASAP7_75t_R)
     2    7.052739    0.008621    0.017679    0.412584 ^ clkbuf_3_2_2_clk_regs/Y (BUFx24_ASAP7_75t_R)
                                                         clknet_3_2_2_clk_regs (net)
                      0.009881    0.001718    0.414302 ^ clkbuf_4_4_0_clk_regs/A (BUFx24_ASAP7_75t_R)
     2    9.149491    0.008921    0.018173    0.432475 ^ clkbuf_4_4_0_clk_regs/Y (BUFx24_ASAP7_75t_R)
                                                         clknet_4_4_0_clk_regs (net)
                      0.014468    0.003758    0.436234 ^ clkbuf_5_9_0_clk_regs/A (BUFx24_ASAP7_75t_R)
     2    9.997616    0.009046    0.019562    0.455796 ^ clkbuf_5_9_0_clk_regs/Y (BUFx24_ASAP7_75t_R)
                                                         clknet_5_9_0_clk_regs (net)
                      0.016915    0.004601    0.460396 ^ clkbuf_6_19_0_clk_regs/A (BUFx24_ASAP7_75t_R)
     2   10.280325    0.009106    0.020298    0.480695 ^ clkbuf_6_19_0_clk_regs/Y (BUFx24_ASAP7_75t_R)
                                                         clknet_6_19_0_clk_regs (net)
                      0.017715    0.004856    0.485551 ^ clkbuf_7_38_0_clk_regs/A (BUFx24_ASAP7_75t_R)
     2    6.605118    0.008600    0.020418    0.505969 ^ clkbuf_7_38_0_clk_regs/Y (BUFx24_ASAP7_75t_R)
                                                         clknet_7_38_0_clk_regs (net)
                      0.009246    0.001264    0.507232 ^ clkbuf_8_76__f_clk_regs/A (BUFx24_ASAP7_75t_R)
     1   29.865564    0.012127    0.019606    0.526838 ^ clkbuf_8_76__f_clk_regs/Y (BUFx24_ASAP7_75t_R)
                                                         clknet_8_76__leaf_clk_regs (net)
                      0.149023    0.046934    0.573772 ^ wire95702/A (BUFx24_ASAP7_75t_R)
     2   33.163979    0.016302    0.041676    0.615448 ^ wire95702/Y (BUFx24_ASAP7_75t_R)
                                                         net95701 (net)
                      0.171210    0.053831    0.669279 ^ clkbuf_leaf_484_clk_regs/A (BUFx24_ASAP7_75t_R)
    19   17.124252    0.017641    0.043999    0.713278 ^ clkbuf_leaf_484_clk_regs/Y (BUFx24_ASAP7_75t_R)
                                                         clknet_leaf_484_clk_regs (net)
                      0.018478    0.001797    0.715075 ^ u_return.u_n.bd[19][26]$_DFFE_PP_/CLK (DFFHQNx1_ASAP7_75t_R)
                                  0.025000    0.740075   clock uncertainty
                                 -0.006590    0.733485   clock reconvergence pessimism
                                  0.013159    0.746644   library hold time
                                              0.746644   data required time
---------------------------------------------------------------------------------------------
                                              0.746644   data required time
                                             -0.757898   data arrival time
---------------------------------------------------------------------------------------------
                                              0.011255   slack (MET)


