Startpoint: u_return.u_n.bt[36][9]$_DFFE_PP_
            (rising edge-triggered flip-flop clocked by core_clk)
Endpoint: u_return.u_n.by_t[6]$_DFF_P_
          (rising edge-triggered flip-flop clocked by core_clk)
Path Group: core_clk
Path Type: max

Fanout         Cap        Slew       Delay        Time   Description
---------------------------------------------------------------------------------------------
                                  0.000000    0.000000   clock core_clk (rise edge)
                                  0.000000    0.000000   clock source latency
     1   20.089085    0.000000    0.000000    0.000000 ^ clk (in)
                                                         clk (net)
                      0.064857    0.020460    0.020460 ^ wire95643/A (BUFx12f_ASAP7_75t_R)
     1   18.611336    0.011616    0.023320    0.043780 ^ wire95643/Y (BUFx12f_ASAP7_75t_R)
                                                         net95642 (net)
                      0.061343    0.018897    0.062678 ^ wire95642/A (BUFx24_ASAP7_75t_R)
     2   36.791195    0.012036    0.030386    0.093063 ^ wire95642/Y (BUFx24_ASAP7_75t_R)
                                                         net95641 (net)
                      0.190868    0.060361    0.153424 ^ clkbuf_regs_0_core_clk/A (BUFx24_ASAP7_75t_R)
     1    2.803239    0.012989    0.042595    0.196019 ^ clkbuf_regs_0_core_clk/Y (BUFx24_ASAP7_75t_R)
                                                         clk_regs (net)
                      0.012990    0.000150    0.196169 ^ clkbuf_0_clk_regs/A (BUFx24_ASAP7_75t_R)
     2   12.392783    0.010015    0.019312    0.215481 ^ clkbuf_0_clk_regs/Y (BUFx24_ASAP7_75t_R)
                                                         clknet_0_clk_regs (net)
                      0.018282    0.004803    0.220284 ^ clkbuf_1_0_0_clk_regs/A (BUFx24_ASAP7_75t_R)
     1    9.446880    0.008950    0.020687    0.240971 ^ clkbuf_1_0_0_clk_regs/Y (BUFx24_ASAP7_75t_R)
                                                         clknet_1_0_0_clk_regs (net)
                      0.017970    0.005082    0.246053 ^ clkbuf_1_0_1_clk_regs/A (BUFx24_ASAP7_75t_R)
     1    9.446880    0.008946    0.020595    0.266648 ^ clkbuf_1_0_1_clk_regs/Y (BUFx24_ASAP7_75t_R)
                                                         clknet_1_0_1_clk_regs (net)
                      0.017968    0.005082    0.271730 ^ clkbuf_1_0_2_clk_regs/A (BUFx24_ASAP7_75t_R)
     1    4.499488    0.007816    0.020171    0.291901 ^ clkbuf_1_0_2_clk_regs/Y (BUFx24_ASAP7_75t_R)
                                                         clknet_1_0_2_clk_regs (net)
                      0.008178    0.001073    0.292974 ^ clkbuf_1_0_3_clk_regs/A (BUFx24_ASAP7_75t_R)
     1    2.811092    0.007027    0.016999    0.309973 ^ clkbuf_1_0_3_clk_regs/Y (BUFx24_ASAP7_75t_R)
                                                         clknet_1_0_3_clk_regs (net)
                      0.007029    0.000153    0.310126 ^ clkbuf_1_0_4_clk_regs/A (BUFx24_ASAP7_75t_R)
     2   12.321670    0.010647    0.018020    0.328146 ^ clkbuf_1_0_4_clk_regs/Y (BUFx24_ASAP7_75t_R)
                                                         clknet_1_0_4_clk_regs (net)
                      0.012706    0.002298    0.330444 ^ clkbuf_2_1_0_clk_regs/A (BUFx24_ASAP7_75t_R)
     2    6.762178    0.008571    0.018934    0.349378 ^ clkbuf_2_1_0_clk_regs/Y (BUFx24_ASAP7_75t_R)
                                                         clknet_2_1_0_clk_regs (net)
                      0.009445    0.001442    0.350820 ^ clkbuf_3_2_0_clk_regs/A (BUFx24_ASAP7_75t_R)
     1    9.157192    0.008794    0.018035    0.368855 ^ clkbuf_3_2_0_clk_regs/Y (BUFx24_ASAP7_75t_R)
                                                         clknet_3_2_0_clk_regs (net)
                      0.017083    0.004802    0.373657 ^ clkbuf_3_2_1_clk_regs/A (BUFx24_ASAP7_75t_R)
     1    4.838039    0.007923    0.019949    0.393606 ^ clkbuf_3_2_1_clk_regs/Y (BUFx24_ASAP7_75t_R)
                                                         clknet_3_2_1_clk_regs (net)
                      0.008506    0.001299    0.394905 ^ clkbuf_3_2_2_clk_regs/A (BUFx24_ASAP7_75t_R)
     2    7.052739    0.008621    0.017679    0.412584 ^ clkbuf_3_2_2_clk_regs/Y (BUFx24_ASAP7_75t_R)
                                                         clknet_3_2_2_clk_regs (net)
                      0.009881    0.001718    0.414302 ^ clkbuf_4_4_0_clk_regs/A (BUFx24_ASAP7_75t_R)
     2    9.149491    0.008921    0.018173    0.432475 ^ clkbuf_4_4_0_clk_regs/Y (BUFx24_ASAP7_75t_R)
                                                         clknet_4_4_0_clk_regs (net)
                      0.014468    0.003758    0.436234 ^ clkbuf_5_9_0_clk_regs/A (BUFx24_ASAP7_75t_R)
     2    9.997616    0.009046    0.019562    0.455796 ^ clkbuf_5_9_0_clk_regs/Y (BUFx24_ASAP7_75t_R)
                                                         clknet_5_9_0_clk_regs (net)
                      0.016943    0.004611    0.460406 ^ clkbuf_6_18_0_clk_regs/A (BUFx24_ASAP7_75t_R)
     2   10.241059    0.009105    0.020305    0.480712 ^ clkbuf_6_18_0_clk_regs/Y (BUFx24_ASAP7_75t_R)
                                                         clknet_6_18_0_clk_regs (net)
                      0.017571    0.004810    0.485522 ^ clkbuf_7_36_0_clk_regs/A (BUFx24_ASAP7_75t_R)
     2    6.667943    0.008609    0.020373    0.505895 ^ clkbuf_7_36_0_clk_regs/Y (BUFx24_ASAP7_75t_R)
                                                         clknet_7_36_0_clk_regs (net)
                      0.009346    0.001340    0.507234 ^ clkbuf_8_72__f_clk_regs/A (BUFx24_ASAP7_75t_R)
     1   28.082932    0.011796    0.019480    0.526715 ^ clkbuf_8_72__f_clk_regs/Y (BUFx24_ASAP7_75t_R)
                                                         clknet_8_72__leaf_clk_regs (net)
                      0.132032    0.041561    0.568276 ^ wire95706/A (BUFx24_ASAP7_75t_R)
     2   28.656355    0.015601    0.039768    0.608044 ^ wire95706/Y (BUFx24_ASAP7_75t_R)
                                                         net95705 (net)
                      0.134507    0.042243    0.650287 ^ clkbuf_leaf_480_clk_regs/A (BUFx24_ASAP7_75t_R)
    22   18.265400    0.017162    0.040713    0.691001 ^ clkbuf_leaf_480_clk_regs/Y (BUFx24_ASAP7_75t_R)
                                                         clknet_leaf_480_clk_regs (net)
                      0.018105    0.001996    0.692997 ^ u_return.u_n.bt[36][9]$_DFFE_PP_/CLK (DFFHQNx1_ASAP7_75t_R)
     2    2.497131    0.023803    0.044689    0.737685 ^ u_return.u_n.bt[36][9]$_DFFE_PP_/QN (DFFHQNx1_ASAP7_75t_R)
                                                         _006635_ (net)
                      0.023806    0.000119    0.737804 ^ _221536_/A (NAND2x1_ASAP7_75t_R)
     1    0.497104    0.008285    0.007252    0.745057 v _221536_/Y (NAND2x1_ASAP7_75t_R)
                                                         _077959_ (net)
                      0.008285    0.000017    0.745074 v _221537_/B (OA211x2_ASAP7_75t_R)
     1    1.286675    0.010679    0.026278    0.771352 v _221537_/Y (OA211x2_ASAP7_75t_R)
                                                         _077960_ (net)
                      0.010685    0.000133    0.771485 v _221546_/A2 (OA33x2_ASAP7_75t_R)
     1    1.459519    0.011942    0.030293    0.801778 v _221546_/Y (OA33x2_ASAP7_75t_R)
                                                         _077969_ (net)
                      0.011953    0.000169    0.801946 v _221554_/B (AND4x2_ASAP7_75t_R)
     1    7.609858    0.023726    0.021528    0.823475 v _221554_/Y (AND4x2_ASAP7_75t_R)
                                                         _077977_ (net)
                      0.026777    0.004416    0.827891 v _221585_/B (OR3x1_ASAP7_75t_R)
     2    1.957525    0.015226    0.027752    0.855643 v _221585_/Y (OR3x1_ASAP7_75t_R)
                                                         _078008_ (net)
                      0.015230    0.000104    0.855746 v _221586_/B1 (AOI22x1_ASAP7_75t_R)
     1    4.637189    0.036378    0.021436    0.877182 ^ _221586_/Y (AOI22x1_ASAP7_75t_R)
                                                         _078009_ (net)
                      0.036627    0.001651    0.878833 ^ place71635/A (BUFx6f_ASAP7_75t_R)
     2    6.364642    0.011109    0.019457    0.898290 ^ place71635/Y (BUFx6f_ASAP7_75t_R)
                                                         net71634 (net)
                      0.013775    0.002778    0.901068 ^ rebuffer95747/A (BUFx2_ASAP7_75t_R)
     2    1.862641    0.008938    0.016055    0.917123 ^ rebuffer95747/Y (BUFx2_ASAP7_75t_R)
                                                         net95746 (net)
                      0.008941    0.000082    0.917205 ^ _233868_/A1 (AOI211x1_ASAP7_75t_R)
     1    1.328931    0.023732    0.014453    0.931658 v _233868_/Y (AOI211x1_ASAP7_75t_R)
                                                         _089238_ (net)
                      0.023733    0.000080    0.931738 v _233872_/A2 (OAI21x1_ASAP7_75t_R)
     4    4.024415    0.030759    0.020288    0.952026 ^ _233872_/Y (OAI21x1_ASAP7_75t_R)
                                                         _089242_ (net)
                      0.030795    0.000597    0.952623 ^ _233916_/A1 (AO221x1_ASAP7_75t_R)
     3    3.083765    0.023676    0.034454    0.987077 ^ _233916_/Y (AO221x1_ASAP7_75t_R)
                                                         _089284_ (net)
                      0.023688    0.000261    0.987337 ^ _233975_/B (OA21x2_ASAP7_75t_R)
     2    1.959270    0.010630    0.020329    1.007666 ^ _233975_/Y (OA21x2_ASAP7_75t_R)
                                                         _089343_ (net)
                      0.010635    0.000110    1.007776 ^ place62292/A (BUFx2_ASAP7_75t_R)
     2    2.523612    0.010911    0.016160    1.023936 ^ place62292/Y (BUFx2_ASAP7_75t_R)
                                                         net62291 (net)
                      0.010943    0.000318    1.024254 ^ _234033_/B (XNOR2x2_ASAP7_75t_R)
     2    2.775979    0.012861    0.024004    1.048258 ^ _234033_/Y (XNOR2x2_ASAP7_75t_R)
                                                         _089401_ (net)
                      0.012878    0.000246    1.048505 ^ _234035_/A1 (AO31x2_ASAP7_75t_R)
     2    1.829455    0.010954    0.018121    1.066625 ^ _234035_/Y (AO31x2_ASAP7_75t_R)
                                                         _089403_ (net)
                      0.010963    0.000154    1.066779 ^ place59666/A (BUFx2_ASAP7_75t_R)
     1    1.294542    0.007161    0.014373    1.081152 ^ place59666/Y (BUFx2_ASAP7_75t_R)
                                                         net59665 (net)
                      0.007170    0.000128    1.081280 ^ _234053_/D (AND4x1_ASAP7_75t_R)
     1    1.604806    0.016532    0.025177    1.106457 ^ _234053_/Y (AND4x1_ASAP7_75t_R)
                                                         _089421_ (net)
                      0.016542    0.000206    1.106664 ^ _234059_/A1 (AO222x2_ASAP7_75t_R)
     2    2.140530    0.012196    0.024668    1.131332 ^ _234059_/Y (AO222x2_ASAP7_75t_R)
                                                         _089427_ (net)
                      0.012204    0.000157    1.131489 ^ _234060_/A (XNOR2x2_ASAP7_75t_R)
     5    3.948132    0.015863    0.030473    1.161962 v _234060_/Y (XNOR2x2_ASAP7_75t_R)
                                                         _089428_ (net)
                      0.015866    0.000100    1.162062 v _234065_/A (OR4x1_ASAP7_75t_R)
     2    1.662878    0.015035    0.027886    1.189948 v _234065_/Y (OR4x1_ASAP7_75t_R)
                                                         _089433_ (net)
                      0.015039    0.000125    1.190073 v _234075_/A3 (AO32x1_ASAP7_75t_R)
     1    1.671306    0.013413    0.027271    1.217344 v _234075_/Y (AO32x1_ASAP7_75t_R)
                                                         _089443_ (net)
                      0.013422    0.000181    1.217525 v _234076_/C (OA221x2_ASAP7_75t_R)
     2    2.702362    0.013487    0.022584    1.240109 v _234076_/Y (OA221x2_ASAP7_75t_R)
                                                         _089444_ (net)
                      0.013503    0.000243    1.240352 v _234081_/B1 (AOI221x1_ASAP7_75t_R)
     1    1.657611    0.024477    0.015101    1.255453 ^ _234081_/Y (AOI221x1_ASAP7_75t_R)
                                                         _089449_ (net)
                      0.024479    0.000117    1.255571 ^ place54741/A (BUFx6f_ASAP7_75t_R)
     5    5.597064    0.009745    0.017400    1.272970 ^ place54741/Y (BUFx6f_ASAP7_75t_R)
                                                         net54740 (net)
                      0.009959    0.000772    1.273742 ^ place54740/A (BUFx6f_ASAP7_75t_R)
     2    2.262749    0.005561    0.012358    1.286100 ^ place54740/Y (BUFx6f_ASAP7_75t_R)
                                                         net54739 (net)
                      0.005568    0.000107    1.286207 ^ _234131_/B (NOR2x1_ASAP7_75t_R)
     3    2.774519    0.020853    0.010933    1.297140 v _234131_/Y (NOR2x1_ASAP7_75t_R)
                                                         _089499_ (net)
                      0.020854    0.000081    1.297220 v _234142_/A1 (AOI211x1_ASAP7_75t_R)
     4    3.178901    0.034844    0.021904    1.319124 ^ _234142_/Y (AOI211x1_ASAP7_75t_R)
                                                         _089510_ (net)
                      0.034851    0.000283    1.319407 ^ place54663/A (BUFx3_ASAP7_75t_R)
     5    5.057563    0.014495    0.022103    1.341509 ^ place54663/Y (BUFx3_ASAP7_75t_R)
                                                         net54662 (net)
                      0.014662    0.000847    1.342356 ^ place54662/A (BUFx2_ASAP7_75t_R)
     3    2.543647    0.010928    0.017358    1.359714 ^ place54662/Y (BUFx2_ASAP7_75t_R)
                                                         net54661 (net)
                      0.010933    0.000117    1.359831 ^ _234147_/A1 (OA31x2_ASAP7_75t_R)
     1    1.134335    0.009267    0.022041    1.381872 ^ _234147_/Y (OA31x2_ASAP7_75t_R)
                                                         _089515_ (net)
                      0.009269    0.000067    1.381939 ^ _234150_/B (AO211x2_ASAP7_75t_R)
     2    2.741041    0.013589    0.020746    1.402684 ^ _234150_/Y (AO211x2_ASAP7_75t_R)
                                                         _089518_ (net)
                      0.013608    0.000269    1.402954 ^ _234156_/A1 (AOI21x1_ASAP7_75t_R)
     2    2.572009    0.022794    0.012497    1.415451 v _234156_/Y (AOI21x1_ASAP7_75t_R)
                                                         _089524_ (net)
                      0.022802    0.000241    1.415691 v _234220_/A2 (OA31x2_ASAP7_75t_R)
     6    8.295364    0.028340    0.029838    1.445529 v _234220_/Y (OA31x2_ASAP7_75t_R)
                                                         _089588_ (net)
                      0.028538    0.001379    1.446908 v _234225_/A (XNOR2x1_ASAP7_75t_R)
     4    4.150033    0.025738    0.026013    1.472921 v _234225_/Y (XNOR2x1_ASAP7_75t_R)
                                                         _089593_ (net)
                      0.025750    0.000329    1.473250 v _234264_/C (OR3x1_ASAP7_75t_R)
     2    1.850776    0.015098    0.026808    1.500058 v _234264_/Y (OR3x1_ASAP7_75t_R)
                                                         _089632_ (net)
                      0.015105    0.000162    1.500221 v place54556/A (BUFx3_ASAP7_75t_R)
     1    0.996791    0.005282    0.014855    1.515076 v place54556/Y (BUFx3_ASAP7_75t_R)
                                                         net54555 (net)
                      0.005286    0.000074    1.515150 v _234271_/B (AND2x2_ASAP7_75t_R)
     1    1.863532    0.008470    0.014604    1.529753 v _234271_/Y (AND2x2_ASAP7_75t_R)
                                                         _089639_ (net)
                      0.008490    0.000224    1.529977 v _234272_/B (XOR2x2_ASAP7_75t_R)
     2    1.641398    0.009533    0.025237    1.555214 ^ _234272_/Y (XOR2x2_ASAP7_75t_R)
                                                         _089640_ (net)
                      0.009536    0.000070    1.555284 ^ _234273_/A (OR2x2_ASAP7_75t_R)
     2    2.047941    0.009725    0.016640    1.571924 ^ _234273_/Y (OR2x2_ASAP7_75t_R)
                                                         _089641_ (net)
                      0.009733    0.000139    1.572063 ^ _234303_/A1 (OA222x2_ASAP7_75t_R)
     3    2.637436    0.014814    0.027740    1.599803 ^ _234303_/Y (OA222x2_ASAP7_75t_R)
                                                         _089671_ (net)
                      0.014815    0.000048    1.599851 ^ _234324_/B (AND4x2_ASAP7_75t_R)
     4    3.509028    0.018636    0.031315    1.631166 ^ _234324_/Y (AND4x2_ASAP7_75t_R)
                                                         _089692_ (net)
                      0.018647    0.000225    1.631391 ^ _234345_/B (XNOR2x2_ASAP7_75t_R)
     5    5.388349    0.021213    0.029435    1.660825 ^ _234345_/Y (XNOR2x2_ASAP7_75t_R)
                                                         _089713_ (net)
                      0.021328    0.000869    1.661695 ^ rebuffer95743/A (BUFx3_ASAP7_75t_R)
     2    2.498543    0.008683    0.017258    1.678953 ^ rebuffer95743/Y (BUFx3_ASAP7_75t_R)
                                                         net95742 (net)
                      0.008686    0.000073    1.679025 ^ _234373_/B (NAND2x1_ASAP7_75t_R)
     1    0.569389    0.010726    0.005545    1.684570 v _234373_/Y (NAND2x1_ASAP7_75t_R)
                                                         _089741_ (net)
                      0.010726    0.000024    1.684595 v _234375_/B (OA211x2_ASAP7_75t_R)
     1    0.941285    0.009787    0.026375    1.710970 v _234375_/Y (OA211x2_ASAP7_75t_R)
                                                         _089743_ (net)
                      0.009789    0.000061    1.711031 v _234377_/B (OR3x1_ASAP7_75t_R)
     1    0.927927    0.009494    0.020947    1.731979 v _234377_/Y (OR3x1_ASAP7_75t_R)
                                                         _089745_ (net)
                      0.009496    0.000064    1.732043 v _234380_/A (AND2x2_ASAP7_75t_R)
     1    0.863033    0.005781    0.015404    1.747446 v _234380_/Y (AND2x2_ASAP7_75t_R)
                                                         _089748_ (net)
                      0.005783    0.000049    1.747496 v _234382_/B (OR3x1_ASAP7_75t_R)
     3    3.081711    0.020604    0.026589    1.774085 v _234382_/Y (OR3x1_ASAP7_75t_R)
                                                         _089750_ (net)
                      0.020614    0.000223    1.774308 v _234387_/B (OR3x1_ASAP7_75t_R)
     1    1.176206    0.010909    0.024177    1.798486 v _234387_/Y (OR3x1_ASAP7_75t_R)
                                                         _089754_ (net)
                      0.010911    0.000060    1.798546 v _234388_/A (XOR2x2_ASAP7_75t_R)
     1    0.742345    0.006847    0.023917    1.822463 ^ _234388_/Y (XOR2x2_ASAP7_75t_R)
                                                         _089755_ (net)
                      0.006848    0.000035    1.822498 ^ _234390_/B1 (AO221x1_ASAP7_75t_R)
     1    1.002870    0.012125    0.018438    1.840936 ^ _234390_/Y (AO221x1_ASAP7_75t_R)
                                                         u_return.u_n.nt[6] (net)
                      0.012127    0.000071    1.841007 ^ u_return.u_n.by_t[6]$_DFF_P_/D (DFFHQNx2_ASAP7_75t_R)
                                              1.841007   data arrival time

                                  0.833333    0.833333   clock core_clk (rise edge)
                                  0.000000    0.833333   clock source latency
     1   19.554710    0.000000    0.000000    0.833333 ^ clk (in)
                                                         clk (net)
                      0.061803    0.019497    0.852830 ^ wire95643/A (BUFx12f_ASAP7_75t_R)
     1   18.010456    0.011508    0.022968    0.875798 ^ wire95643/Y (BUFx12f_ASAP7_75t_R)
                                                         net95642 (net)
                      0.058002    0.017839    0.893636 ^ wire95642/A (BUFx24_ASAP7_75t_R)
     2   35.589436    0.011875    0.029813    0.923449 ^ wire95642/Y (BUFx24_ASAP7_75t_R)
                                                         net95641 (net)
                      0.182211    0.057619    0.981068 ^ clkbuf_regs_0_core_clk/A (BUFx24_ASAP7_75t_R)
     1    2.202359    0.012540    0.041921    1.022990 ^ clkbuf_regs_0_core_clk/Y (BUFx24_ASAP7_75t_R)
                                                         clk_regs (net)
                      0.012540    0.000116    1.023106 ^ clkbuf_0_clk_regs/A (BUFx24_ASAP7_75t_R)
     2   11.191023    0.009556    0.019118    1.042224 ^ clkbuf_0_clk_regs/Y (BUFx24_ASAP7_75t_R)
                                                         clknet_0_clk_regs (net)
                      0.016866    0.004421    1.046646 ^ clkbuf_1_1_0_clk_regs/A (BUFx24_ASAP7_75t_R)
     1    8.517047    0.008778    0.020219    1.066865 ^ clkbuf_1_1_0_clk_regs/Y (BUFx24_ASAP7_75t_R)
                                                         clknet_1_1_0_clk_regs (net)
                      0.015714    0.004376    1.071241 ^ clkbuf_1_1_1_clk_regs/A (BUFx24_ASAP7_75t_R)
     1    8.517047    0.008763    0.019877    1.091118 ^ clkbuf_1_1_1_clk_regs/Y (BUFx24_ASAP7_75t_R)
                                                         clknet_1_1_1_clk_regs (net)
                      0.015706    0.004374    1.095492 ^ clkbuf_1_1_2_clk_regs/A (BUFx24_ASAP7_75t_R)
     1    8.517047    0.008762    0.019875    1.115367 ^ clkbuf_1_1_2_clk_regs/Y (BUFx24_ASAP7_75t_R)
                                                         clknet_1_1_2_clk_regs (net)
                      0.015706    0.004374    1.119741 ^ clkbuf_1_1_3_clk_regs/A (BUFx24_ASAP7_75t_R)
     1    8.493487    0.008759    0.019873    1.139614 ^ clkbuf_1_1_3_clk_regs/Y (BUFx24_ASAP7_75t_R)
                                                         clknet_1_1_3_clk_regs (net)
                      0.015645    0.004354    1.143968 ^ clkbuf_1_1_4_clk_regs/A (BUFx24_ASAP7_75t_R)
     2    8.560266    0.008830    0.019837    1.163805 ^ clkbuf_1_1_4_clk_regs/Y (BUFx24_ASAP7_75t_R)
                                                         clknet_1_1_4_clk_regs (net)
                      0.014340    0.003792    1.167596 ^ clkbuf_2_2_0_clk_regs/A (BUFx24_ASAP7_75t_R)
     2    9.329861    0.008904    0.019488    1.187084 ^ clkbuf_2_2_0_clk_regs/Y (BUFx24_ASAP7_75t_R)
                                                         clknet_2_2_0_clk_regs (net)
                      0.016377    0.004494    1.191578 ^ clkbuf_3_4_0_clk_regs/A (BUFx24_ASAP7_75t_R)
     1    8.572019    0.008780    0.020078    1.211657 ^ clkbuf_3_4_0_clk_regs/Y (BUFx24_ASAP7_75t_R)
                                                         clknet_3_4_0_clk_regs (net)
                      0.015854    0.004422    1.216079 ^ clkbuf_3_4_1_clk_regs/A (BUFx24_ASAP7_75t_R)
     1    8.846001    0.008818    0.019944    1.236023 ^ clkbuf_3_4_1_clk_regs/Y (BUFx24_ASAP7_75t_R)
                                                         clknet_3_4_1_clk_regs (net)
                      0.016584    0.004660    1.240683 ^ clkbuf_3_4_2_clk_regs/A (BUFx24_ASAP7_75t_R)
     2   10.153989    0.009472    0.020309    1.260992 ^ clkbuf_3_4_2_clk_regs/Y (BUFx24_ASAP7_75t_R)
                                                         clknet_3_4_2_clk_regs (net)
                      0.014788    0.003716    1.264708 ^ clkbuf_4_8_0_clk_regs/A (BUFx24_ASAP7_75t_R)
     2   12.259031    0.009635    0.019784    1.284492 ^ clkbuf_4_8_0_clk_regs/Y (BUFx24_ASAP7_75t_R)
                                                         clknet_4_8_0_clk_regs (net)
                      0.019686    0.005345    1.289837 ^ clkbuf_5_16_0_clk_regs/A (BUFx24_ASAP7_75t_R)
     2    9.510042    0.009027    0.021083    1.310919 ^ clkbuf_5_16_0_clk_regs/Y (BUFx24_ASAP7_75t_R)
                                                         clknet_5_16_0_clk_regs (net)
                      0.016216    0.004394    1.315314 ^ clkbuf_6_32_0_clk_regs/A (BUFx24_ASAP7_75t_R)
     2   12.094118    0.010352    0.020369    1.335683 ^ clkbuf_6_32_0_clk_regs/Y (BUFx24_ASAP7_75t_R)
                                                         clknet_6_32_0_clk_regs (net)
                      0.016449    0.004139    1.339821 ^ clkbuf_7_65_0_clk_regs/A (BUFx24_ASAP7_75t_R)
     2    5.818695    0.008307    0.019938    1.359759 ^ clkbuf_7_65_0_clk_regs/Y (BUFx24_ASAP7_75t_R)
                                                         clknet_7_65_0_clk_regs (net)
                      0.008577    0.000878    1.360638 ^ clkbuf_8_131__f_clk_regs/A (BUFx24_ASAP7_75t_R)
     2    6.321288    0.008411    0.017663    1.378300 ^ clkbuf_8_131__f_clk_regs/Y (BUFx24_ASAP7_75t_R)
                                                         clknet_8_131__leaf_clk_regs (net)
                      0.008924    0.001142    1.379442 ^ clkbuf_leaf_444_clk_regs/A (BUFx24_ASAP7_75t_R)
    16   13.406263    0.011341    0.019052    1.398494 ^ clkbuf_leaf_444_clk_regs/Y (BUFx24_ASAP7_75t_R)
                                                         clknet_leaf_444_clk_regs (net)
                      0.011502    0.000669    1.399163 ^ u_return.u_n.by_t[6]$_DFF_P_/CLK (DFFHQNx2_ASAP7_75t_R)
                                 -0.060000    1.339162   clock uncertainty
                                  0.006590    1.345753   clock reconvergence pessimism
                                 -0.006877    1.338876   library setup time
                                              1.338876   data required time
---------------------------------------------------------------------------------------------
                                              1.338876   data required time
                                             -1.841007   data arrival time
---------------------------------------------------------------------------------------------
                                             -0.502132   slack (VIOLATED)


