Startpoint: por_n (input port clocked by core_clk)
Endpoint: u_stage.u_ao.g_checked.u_freeze.u_icg
          (rising clock gating-check end-point clocked by core_clk)
Path Group: core_clk
Path Type: min

Fanout         Cap        Slew       Delay        Time   Description
---------------------------------------------------------------------------------------------
                                  0.000000    0.000000   clock core_clk (rise edge)
                                  0.000000    0.000000   clock network delay (propagated)
                                  0.166667    0.166667 ^ input external delay
     1    0.601382    0.000000    0.000000    0.166667 ^ por_n (in)
                                                         por_n (net)
                      0.000059    0.000019    0.166685 ^ input2174/A (BUFx2_ASAP7_75t_R)
     1    1.216907    0.006844    0.010932    0.177617 ^ input2174/Y (BUFx2_ASAP7_75t_R)
                                                         net2173 (net)
                      0.006847    0.000060    0.177677 ^ place94594/A (BUFx6f_ASAP7_75t_R)
     1    9.589023    0.012919    0.013903    0.191580 ^ place94594/Y (BUFx6f_ASAP7_75t_R)
                                                         net94593 (net)
                      0.023411    0.006208    0.197788 ^ hold96894/A (BUFx2_ASAP7_75t_R)
     1    6.739923    0.024687    0.024415    0.222202 ^ hold96894/Y (BUFx2_ASAP7_75t_R)
                                                         net96893 (net)
                      0.026564    0.003578    0.225780 ^ hold97410/A (BUFx2_ASAP7_75t_R)
     1    3.593560    0.014658    0.021376    0.247156 ^ hold97410/Y (BUFx2_ASAP7_75t_R)
                                                         net97409 (net)
                      0.014919    0.001060    0.248216 ^ hold98115/A (BUFx2_ASAP7_75t_R)
     1    2.098465    0.009749    0.016670    0.264887 ^ hold98115/Y (BUFx2_ASAP7_75t_R)
                                                         net98114 (net)
                      0.009796    0.000369    0.265255 ^ hold98117/A (BUFx2_ASAP7_75t_R)
     1    1.265868    0.007042    0.014002    0.279258 ^ hold98117/Y (BUFx2_ASAP7_75t_R)
                                                         net98116 (net)
                      0.007053    0.000135    0.279392 ^ hold98137/A (BUFx2_ASAP7_75t_R)
     1    0.916714    0.006006    0.012613    0.292005 ^ hold98137/Y (BUFx2_ASAP7_75t_R)
                                                         net98136 (net)
                      0.006009    0.000069    0.292074 ^ hold98142/A (BUFx2_ASAP7_75t_R)
     1    0.630229    0.005217    0.011839    0.303914 ^ hold98142/Y (BUFx2_ASAP7_75t_R)
                                                         net98141 (net)
                      0.005218    0.000030    0.303944 ^ hold98151/A (BUFx2_ASAP7_75t_R)
     2    1.204255    0.006820    0.012506    0.316450 ^ hold98151/Y (BUFx2_ASAP7_75t_R)
                                                         net98150 (net)
                      0.006822    0.000045    0.316495 ^ hold98172/A (BUFx2_ASAP7_75t_R)
     1    4.242130    0.016477    0.017220    0.333715 ^ hold98172/Y (BUFx2_ASAP7_75t_R)
                                                         net98171 (net)
                      0.016919    0.001462    0.335178 ^ hold98185/A (BUFx2_ASAP7_75t_R)
     1    2.263592    0.010330    0.017463    0.352640 ^ hold98185/Y (BUFx2_ASAP7_75t_R)
                                                         net98184 (net)
                      0.010389    0.000428    0.353069 ^ hold98189/A (BUFx2_ASAP7_75t_R)
     2   20.286713    0.066350    0.033840    0.386909 ^ hold98189/Y (BUFx2_ASAP7_75t_R)
                                                         net98188 (net)
                      0.095551    0.022757    0.409666 ^ place94592/A (BUFx6f_ASAP7_75t_R)
     1    7.792724    0.014044    0.026334    0.436000 ^ place94592/Y (BUFx6f_ASAP7_75t_R)
                                                         net94591 (net)
                      0.018925    0.004225    0.440225 ^ wire95600/A (BUFx16f_ASAP7_75t_R)
     1   12.844808    0.008648    0.018053    0.458278 ^ wire95600/Y (BUFx16f_ASAP7_75t_R)
                                                         net95599 (net)
                      0.033150    0.010055    0.468333 ^ hold96895/A (BUFx2_ASAP7_75t_R)
     1    1.717480    0.009162    0.019940    0.488273 ^ hold96895/Y (BUFx2_ASAP7_75t_R)
                                                         net96894 (net)
                      0.009187    0.000248    0.488522 ^ hold98785/A (BUFx2_ASAP7_75t_R)
     1    7.335772    0.026455    0.021396    0.509917 ^ hold98785/Y (BUFx2_ASAP7_75t_R)
                                                         net98784 (net)
                      0.028885    0.004200    0.514117 ^ hold98921/A (BUFx2_ASAP7_75t_R)
     1    3.880045    0.015639    0.022173    0.536291 ^ hold98921/Y (BUFx2_ASAP7_75t_R)
                                                         net98920 (net)
                      0.015970    0.001231    0.537522 ^ hold99042/A (BUFx2_ASAP7_75t_R)
     2    4.533684    0.017650    0.020132    0.557653 ^ hold99042/Y (BUFx2_ASAP7_75t_R)
                                                         net99041 (net)
                      0.017859    0.001078    0.558732 ^ hold99045/A (BUFx2_ASAP7_75t_R)
     1    1.373300    0.007628    0.016381    0.575112 ^ hold99045/Y (BUFx2_ASAP7_75t_R)
                                                         net99044 (net)
                      0.007641    0.000159    0.575271 ^ hold100134/A (BUFx2_ASAP7_75t_R)
     1    0.898809    0.005958    0.012766    0.588038 ^ hold100134/Y (BUFx2_ASAP7_75t_R)
                                                         net100133 (net)
                      0.005961    0.000066    0.588104 ^ hold100138/A (BUFx2_ASAP7_75t_R)
     1    0.692898    0.005384    0.011923    0.600028 ^ hold100138/Y (BUFx2_ASAP7_75t_R)
                                                         net100137 (net)
                      0.005385    0.000037    0.600065 ^ hold100140/A (BUFx2_ASAP7_75t_R)
     1    0.585466    0.005098    0.011575    0.611640 ^ hold100140/Y (BUFx2_ASAP7_75t_R)
                                                         net100139 (net)
                      0.005099    0.000025    0.611665 ^ hold100155/A (BUFx2_ASAP7_75t_R)
     2   16.727289    0.055666    0.028951    0.640617 ^ hold100155/Y (BUFx2_ASAP7_75t_R)
                                                         net100154 (net)
                      0.055669    0.000276    0.640892 ^ place94591/A (BUFx6f_ASAP7_75t_R)
     2    2.513583    0.007466    0.020230    0.661123 ^ place94591/Y (BUFx6f_ASAP7_75t_R)
                                                         net94590 (net)
                      0.007546    0.000415    0.661537 ^ place94590/A (BUFx3_ASAP7_75t_R)
     6   13.288466    0.032560    0.021277    0.682814 ^ place94590/Y (BUFx3_ASAP7_75t_R)
                                                         net94589 (net)
                      0.033549    0.003166    0.685980 ^ place94587/A (BUFx3_ASAP7_75t_R)
     3    5.377686    0.015375    0.021940    0.707921 ^ place94587/Y (BUFx3_ASAP7_75t_R)
                                                         net94586 (net)
                      0.015880    0.001500    0.709421 ^ _394163_/A (NAND2x2_ASAP7_75t_R)
     2   14.696059    0.037831    0.018205    0.727626 v _394163_/Y (NAND2x2_ASAP7_75t_R)
                                                         u_stage.u_ao.g_checked.u_freeze.en (net)
                      0.037840    0.000382    0.728009 v u_stage.u_ao.g_checked.u_freeze.u_icg/ENA (ICGx1_ASAP7_75t_R)
                                              0.728009   data arrival time

                                  0.000000    0.000000   clock core_clk (rise edge)
                                  0.000000    0.000000   clock source latency
     1   20.089085    0.000000    0.000000    0.000000 ^ clk (in)
                                                         clk (net)
                      0.064857    0.020460    0.020460 ^ wire95643/A (BUFx12f_ASAP7_75t_R)
     1   18.611336    0.011616    0.023320    0.043780 ^ wire95643/Y (BUFx12f_ASAP7_75t_R)
                                                         net95642 (net)
                      0.061343    0.018897    0.062678 ^ wire95642/A (BUFx24_ASAP7_75t_R)
     2   36.791195    0.012036    0.030386    0.093063 ^ wire95642/Y (BUFx24_ASAP7_75t_R)
                                                         net95641 (net)
                      0.148824    0.046488    0.139551 ^ clkbuf_0_clk/A (BUFx24_ASAP7_75t_R)
     2    9.910797    0.014510    0.040704    0.180255 ^ clkbuf_0_clk/Y (BUFx24_ASAP7_75t_R)
                                                         clknet_0_clk (net)
                      0.015056    0.001696    0.181952 ^ clkbuf_1_0__f_clk/A (BUFx24_ASAP7_75t_R)
     2   15.724477    0.011733    0.020498    0.202450 ^ clkbuf_1_0__f_clk/Y (BUFx24_ASAP7_75t_R)
                                                         clknet_1_0__leaf_clk (net)
                      0.021221    0.005671    0.208121 ^ u_stage.u_ao.g_checked.u_freeze.u_icg/CLK (ICGx1_ASAP7_75t_R)
                                  0.025000    0.233121   clock uncertainty
                                  0.000000    0.233121   clock reconvergence pessimism
                                 -0.019096    0.214026   library hold time
                                              0.214026   data required time
---------------------------------------------------------------------------------------------
                                              0.214026   data required time
                                             -0.728009   data arrival time
---------------------------------------------------------------------------------------------
                                              0.513983   slack (MET)


Startpoint: u_stage.u_ao.g_checked.u_qualify.u_latch
            (negative level-sensitive latch clocked by core_clk)
Endpoint: u_stage.u_ao.g_checked.u_freeze.u_icg
          (rising clock gating-check end-point clocked by core_clk)
Path Group: core_clk
Path Type: max

Fanout         Cap        Slew       Delay        Time   Description
---------------------------------------------------------------------------------------------
                                  0.416667    0.416667   clock core_clk (fall edge)
                                  0.000000    0.416667   clock source latency
     1   19.513172    0.000000    0.000000    0.416667 v clk (in)
                                                         clk (net)
                      0.061565    0.019422    0.436088 v wire95643/A (BUFx12f_ASAP7_75t_R)
     1   18.017626    0.010864    0.025849    0.461938 v wire95643/Y (BUFx12f_ASAP7_75t_R)
                                                         net95642 (net)
                      0.057684    0.017792    0.479730 v wire95642/A (BUFx24_ASAP7_75t_R)
     2   35.603771    0.011675    0.033042    0.512771 v wire95642/Y (BUFx24_ASAP7_75t_R)
                                                         net95641 (net)
                      0.181944    0.057536    0.570307 v clkbuf_regs_0_core_clk/A (BUFx24_ASAP7_75t_R)
     1    2.209529    0.013254    0.050639    0.620946 v clkbuf_regs_0_core_clk/Y (BUFx24_ASAP7_75t_R)
                                                         clk_regs (net)
                      0.013254    0.000117    0.621063 v clkbuf_0_clk_regs/A (BUFx24_ASAP7_75t_R)
     2   11.205362    0.009177    0.020499    0.641562 v clkbuf_0_clk_regs/Y (BUFx24_ASAP7_75t_R)
                                                         clknet_0_clk_regs (net)
                      0.016329    0.004297    0.645859 v clkbuf_1_0_0_clk_regs/A (BUFx24_ASAP7_75t_R)
     1    8.853170    0.008540    0.021374    0.667233 v clkbuf_1_0_0_clk_regs/Y (BUFx24_ASAP7_75t_R)
                                                         clknet_1_0_0_clk_regs (net)
                      0.016380    0.004634    0.671867 v clkbuf_1_0_1_clk_regs/A (BUFx24_ASAP7_75t_R)
     1    8.853170    0.008541    0.021391    0.693257 v clkbuf_1_0_1_clk_regs/Y (BUFx24_ASAP7_75t_R)
                                                         clknet_1_0_1_clk_regs (net)
                      0.016381    0.004634    0.697891 v clkbuf_1_0_2_clk_regs/A (BUFx24_ASAP7_75t_R)
     1    3.905778    0.007400    0.020940    0.718831 v clkbuf_1_0_2_clk_regs/Y (BUFx24_ASAP7_75t_R)
                                                         clknet_1_0_2_clk_regs (net)
                      0.007615    0.000897    0.719729 v clkbuf_1_0_3_clk_regs/A (BUFx24_ASAP7_75t_R)
     1    2.217382    0.006701    0.017752    0.737480 v clkbuf_1_0_3_clk_regs/Y (BUFx24_ASAP7_75t_R)
                                                         clknet_1_0_3_clk_regs (net)
                      0.006702    0.000120    0.737600 v clkbuf_1_0_4_clk_regs/A (BUFx24_ASAP7_75t_R)
     2   11.134248    0.009799    0.018697    0.756297 v clkbuf_1_0_4_clk_regs/Y (BUFx24_ASAP7_75t_R)
                                                         clknet_1_0_4_clk_regs (net)
                      0.011459    0.002000    0.758297 v clkbuf_2_1_0_clk_regs/A (BUFx24_ASAP7_75t_R)
     2    5.574759    0.007945    0.019549    0.777846 v clkbuf_2_1_0_clk_regs/Y (BUFx24_ASAP7_75t_R)
                                                         clknet_2_1_0_clk_regs (net)
                      0.008444    0.001155    0.779001 v clkbuf_3_3_0_clk_regs/A (BUFx24_ASAP7_75t_R)
     1    8.563482    0.008443    0.018716    0.797717 v clkbuf_3_3_0_clk_regs/Y (BUFx24_ASAP7_75t_R)
                                                         clknet_3_3_0_clk_regs (net)
                      0.015577    0.004378    0.802095 v clkbuf_3_3_1_clk_regs/A (BUFx24_ASAP7_75t_R)
     1    3.561118    0.007268    0.020629    0.822724 v clkbuf_3_3_1_clk_regs/Y (BUFx24_ASAP7_75t_R)
                                                         clknet_3_3_1_clk_regs (net)
                      0.007370    0.000707    0.823431 v clkbuf_3_3_2_clk_regs/A (BUFx24_ASAP7_75t_R)
     2    5.943850    0.008034    0.018175    0.841606 v clkbuf_3_3_2_clk_regs/Y (BUFx24_ASAP7_75t_R)
                                                         clknet_3_3_2_clk_regs (net)
                      0.008869    0.001444    0.843050 v clkbuf_4_7_0_clk_regs/A (BUFx24_ASAP7_75t_R)
     2    8.417545    0.008427    0.018837    0.861887 v clkbuf_4_7_0_clk_regs/Y (BUFx24_ASAP7_75t_R)
                                                         clknet_4_7_0_clk_regs (net)
                      0.013671    0.003621    0.865508 v clkbuf_5_15_0_clk_regs/A (BUFx24_ASAP7_75t_R)
     2    8.998668    0.008580    0.020472    0.885981 v clkbuf_5_15_0_clk_regs/Y (BUFx24_ASAP7_75t_R)
                                                         clknet_5_15_0_clk_regs (net)
                      0.015225    0.004162    0.890143 v clkbuf_6_30_0_clk_regs/A (BUFx24_ASAP7_75t_R)
     2   11.864578    0.009933    0.021486    0.911629 v clkbuf_6_30_0_clk_regs/Y (BUFx24_ASAP7_75t_R)
                                                         clknet_6_30_0_clk_regs (net)
                      0.012752    0.002581    0.914210 v clkbuf_7_60_0_clk_regs/A (BUFx24_ASAP7_75t_R)
     2    6.327774    0.008210    0.020082    0.934292 v clkbuf_7_60_0_clk_regs/Y (BUFx24_ASAP7_75t_R)
                                                         clknet_7_60_0_clk_regs (net)
                      0.008838    0.001246    0.935539 v clkbuf_8_120__f_clk_regs/A (BUFx24_ASAP7_75t_R)
     1   21.205946    0.010198    0.019755    0.955293 v clkbuf_8_120__f_clk_regs/Y (BUFx24_ASAP7_75t_R)
                                                         clknet_8_120__leaf_clk_regs (net)
                      0.076401    0.023944    0.979237 v clkbuf_leaf_96_clk_regs/A (BUFx24_ASAP7_75t_R)
     5    3.715470    0.010023    0.035907    1.015144 v clkbuf_leaf_96_clk_regs/Y (BUFx24_ASAP7_75t_R)
                                                         clknet_leaf_96_clk_regs (net)
                      0.010025    0.000184    1.015329 v u_stage.u_ao.g_checked.u_qualify.u_latch/CLK (DLLx1_ASAP7_75t_R)
                                  0.316419    1.331748   time given to startpoint
                      0.020889    0.000000    1.331748 v u_stage.u_ao.g_checked.u_qualify.u_latch/D (DLLx1_ASAP7_75t_R)
     1    0.921790    0.009179    0.021869    1.353616 v u_stage.u_ao.g_checked.u_qualify.u_latch/Q (DLLx1_ASAP7_75t_R)
                                                         u_stage.u_ao.g_checked.settled_alarm (net)
                      0.009181    0.000052    1.353668 v _222004_/A (INVx1_ASAP7_75t_R)
     1    1.155017    0.009586    0.007640    1.361308 ^ _222004_/Y (INVx1_ASAP7_75t_R)
                                                         _078425_ (net)
                      0.009587    0.000043    1.361351 ^ _222005_/A (AND3x4_ASAP7_75t_R)
     3   28.111347    0.043845    0.029040    1.390391 ^ _222005_/Y (AND3x4_ASAP7_75t_R)
                                                         _078426_ (net)
                      0.144189    0.044219    1.434610 ^ place86215/A (BUFx12f_ASAP7_75t_R)
     2   23.635891    0.014221    0.030244    1.464853 ^ place86215/Y (BUFx12f_ASAP7_75t_R)
                                                         net86214 (net)
                      0.103307    0.032279    1.497132 ^ place86212/A (BUFx12f_ASAP7_75t_R)
     1    8.416846    0.011121    0.026010    1.523142 ^ place86212/Y (BUFx12f_ASAP7_75t_R)
                                                         net86211 (net)
                      0.011169    0.000376    1.523518 ^ _222006_/A (INVx13_ASAP7_75t_R)
     2    3.675387    0.004964    0.005638    1.529155 v _222006_/Y (INVx13_ASAP7_75t_R)
                                                         _065952_ (net)
                      0.005002    0.000237    1.529393 v place85008/A (BUFx12f_ASAP7_75t_R)
     1   29.481415    0.011054    0.014732    1.544125 v place85008/Y (BUFx12f_ASAP7_75t_R)
                                                         net85007 (net)
                      0.158559    0.049948    1.594073 v wire94847/A (BUFx12f_ASAP7_75t_R)
     2   22.000797    0.013972    0.037690    1.631763 v wire94847/Y (BUFx12f_ASAP7_75t_R)
                                                         net94846 (net)
                      0.089374    0.027745    1.659508 v rebuffer95749/A (BUFx12f_ASAP7_75t_R)
     2    4.555379    0.008648    0.027840    1.687347 v rebuffer95749/Y (BUFx12f_ASAP7_75t_R)
                                                         net95748 (net)
                      0.009051    0.000942    1.688290 v _394163_/B (NAND2x2_ASAP7_75t_R)
     2   14.977499    0.053257    0.022521    1.710811 ^ _394163_/Y (NAND2x2_ASAP7_75t_R)
                                                         u_stage.u_ao.g_checked.u_freeze.en (net)
                      0.053264    0.000416    1.711226 ^ u_stage.u_ao.g_checked.u_freeze.u_icg/ENA (ICGx1_ASAP7_75t_R)
                                              1.711226   data arrival time

                                  0.833333    0.833333   clock core_clk (rise edge)
                                  0.000000    0.833333   clock source latency
     1   19.554710    0.000000    0.000000    0.833333 ^ clk (in)
                                                         clk (net)
                      0.061803    0.019497    0.852830 ^ wire95643/A (BUFx12f_ASAP7_75t_R)
     1   18.010456    0.011508    0.022968    0.875798 ^ wire95643/Y (BUFx12f_ASAP7_75t_R)
                                                         net95642 (net)
                      0.058002    0.017839    0.893636 ^ wire95642/A (BUFx24_ASAP7_75t_R)
     2   35.589436    0.011875    0.029813    0.923449 ^ wire95642/Y (BUFx24_ASAP7_75t_R)
                                                         net95641 (net)
                      0.142394    0.044477    0.967926 ^ clkbuf_0_clk/A (BUFx24_ASAP7_75t_R)
     2    8.709037    0.013868    0.039819    1.007745 ^ clkbuf_0_clk/Y (BUFx24_ASAP7_75t_R)
                                                         clknet_0_clk (net)
                      0.014197    0.001443    1.009188 ^ clkbuf_1_0__f_clk/A (BUFx24_ASAP7_75t_R)
     2   14.312737    0.011176    0.020156    1.029344 ^ clkbuf_1_0__f_clk/Y (BUFx24_ASAP7_75t_R)
                                                         clknet_1_0__leaf_clk (net)
                      0.019227    0.005075    1.034419 ^ u_stage.u_ao.g_checked.u_freeze.u_icg/CLK (ICGx1_ASAP7_75t_R)
                                 -0.060000    0.974419   clock uncertainty
                                  0.000000    0.974419   clock reconvergence pessimism
                                 -0.034366    0.940053   library setup time
                                              0.940053   data required time
---------------------------------------------------------------------------------------------
                                              0.940053   data required time
                                             -1.711226   data arrival time
---------------------------------------------------------------------------------------------
                                             -0.771173   slack (VIOLATED)


